=== task 1: corpus=synth_clean_pose0 label=pose0 quota=0.3 ===
Wed Aug 19 01:18:23 2026       
+-----------------------------------------------------------------------------------------+
| NVIDIA-SMI 580.178.04             Driver Version: 580.178.04     CUDA Version: 13.0     |
+-----------------------------------------+------------------------+----------------------+
| GPU  Name                 Persistence-M | Bus-Id          Disp.A | Volatile Uncorr. ECC |
| Fan  Temp   Perf          Pwr:Usage/Cap |           Memory-Usage | GPU-Util  Compute M. |
|                                         |                        |               MIG M. |
|=========================================+========================+======================|
|   0  NVIDIA H100                    On  |   00000000:2C:00.0 Off |                    0 |
| N/A   44C    P0             74W /  600W |       0MiB /  95830MiB |      0%      Default |
|                                         |                        |             Disabled |
+-----------------------------------------+------------------------+----------------------+

+-----------------------------------------------------------------------------------------+
| Processes:                                                                              |
|  GPU   GI   CI              PID   Type   Process name                        GPU Memory |
|        ID   ID                                                               Usage      |
|=========================================================================================|
|  No running processes found                                                             |
+-----------------------------------------------------------------------------------------+
=== hierarchical placement, split_distal + distal_quota_protected=0.3 ===
[hier] 12 meshes
12 target meshes loaded.
[hier] anatomical groups (template vertices): {'body': 5526, 'l1d_l': 128, 'l1d_r': 128, 'l1p_l': 625, 'l1p_r': 628, 'l2d_l': 109, 'l2d_r': 109, 'l2p_l': 560, 'l2p_r': 560, 'l3d_l': 174, 'l3d_r': 174, 'l3p_l': 757, 'l3p_r': 757}
[hier] Rank 5 C5: leg-protected stratified target sampling, distal_quota_protected=0.3 (1632/20466 distal faces, 9408/20466 leg faces) -- H1/H2/H3 only, non-leg sampling density is invariant to this flag
[hier] 13 groups: ['body', 'l1d_l', 'l1d_r', 'l1p_l', 'l1p_r', 'l2d_l', 'l2d_r', 'l2p_l', 'l2p_r', 'l3d_l', 'l3d_r', 'l3p_l', 'l3p_r']
[hier] body stage moves ['body'], leg stage moves 12 leg groups
/home/nao48500/miniforge3/envs/pytorch3d/lib/python3.10/site-packages/pytorch3d/ops/laplacian_matrices.py:51: UserWarning: torch.sparse.SparseTensor(indices, values, shape, *, device=) is deprecated.  Please use torch.sparse_coo_tensor(indices, values, shape, dtype=, device=). (Triggered internally at /opt/conda/conda-bld/pytorch_1716905971132/work/torch/csrc/utils/tensor_new.cpp:621.)
  A = torch.sparse.FloatTensor(idx, ones, (V, V))
    [H0_body]    0/900 loss=0.002953  chamfer=0.00295  edge=0.00000  lap=0.00142  sym=0.00000  limit=0.00000  mid=0.00000
    [H0_body]  100/900 loss=0.001660  chamfer=0.00139  edge=0.00500  lap=0.00149  sym=0.00002  limit=0.00000  mid=0.00000
    [H0_body]  200/900 loss=0.001651  chamfer=0.00137  edge=0.00519  lap=0.00149  sym=0.00002  limit=0.00000  mid=0.00000
    [H0_body]  300/900 loss=0.001642  chamfer=0.00136  edge=0.00523  lap=0.00149  sym=0.00002  limit=0.00000  mid=0.00000
    [H0_body]  400/900 loss=0.001639  chamfer=0.00136  edge=0.00525  lap=0.00149  sym=0.00002  limit=0.00000  mid=0.00000
    [H0_body]  500/900 loss=0.001640  chamfer=0.00136  edge=0.00524  lap=0.00149  sym=0.00002  limit=0.00000  mid=0.00000
    [H0_body]  600/900 loss=0.001640  chamfer=0.00136  edge=0.00524  lap=0.00149  sym=0.00002  limit=0.00000  mid=0.00000
    [H0_body]  700/900 loss=0.001631  chamfer=0.00135  edge=0.00524  lap=0.00149  sym=0.00002  limit=0.00000  mid=0.00000
    [H0_body]  800/900 loss=0.001632  chamfer=0.00135  edge=0.00525  lap=0.00149  sym=0.00002  limit=0.00000  mid=0.00000
    [H0_body]  899/900 loss=0.001631  chamfer=0.00135  edge=0.00524  lap=0.00149  sym=0.00002  limit=0.00000  mid=0.00000
    [H1_legs]    0/1200 loss=0.001206  chamfer=0.00093  edge=0.00524  lap=0.00149  sym=0.00002  limit=0.00000  mid=0.00000
    [H1_legs]  100/1200 loss=0.000830  chamfer=0.00070  edge=0.00230  lap=0.00147  sym=0.00000  limit=0.00000  mid=0.00000  churn=0.004
    [H1_legs]  200/1200 loss=0.000811  chamfer=0.00070  edge=0.00200  lap=0.00147  sym=0.00000  limit=0.00000  mid=0.00000  churn=0.003
    [H1_legs]  300/1200 loss=0.000792  chamfer=0.00069  edge=0.00191  lap=0.00147  sym=0.00000  limit=0.00000  mid=0.00000  churn=0.003
    [H1_legs]  400/1200 loss=0.000790  chamfer=0.00069  edge=0.00181  lap=0.00147  sym=0.00000  limit=0.00000  mid=0.00000  churn=0.002
    [H1_legs]  500/1200 loss=0.000784  chamfer=0.00068  edge=0.00182  lap=0.00147  sym=0.00000  limit=0.00000  mid=0.00000  churn=0.003
    [H1_legs]  600/1200 loss=0.000784  chamfer=0.00068  edge=0.00179  lap=0.00147  sym=0.00000  limit=0.00000  mid=0.00000  churn=0.002
    [H1_legs]  700/1200 loss=0.000778  chamfer=0.00068  edge=0.00182  lap=0.00147  sym=0.00000  limit=0.00000  mid=0.00000  churn=0.002
    [H1_legs]  800/1200 loss=0.000782  chamfer=0.00068  edge=0.00180  lap=0.00147  sym=0.00000  limit=0.00000  mid=0.00000  churn=0.003
    [H1_legs]  900/1200 loss=0.000786  chamfer=0.00069  edge=0.00180  lap=0.00147  sym=0.00000  limit=0.00000  mid=0.00000  churn=0.003
    [H1_legs] 1000/1200 loss=0.000780  chamfer=0.00068  edge=0.00178  lap=0.00147  sym=0.00000  limit=0.00000  mid=0.00000  churn=0.002
    [H1_legs] 1100/1200 loss=0.000782  chamfer=0.00068  edge=0.00178  lap=0.00147  sym=0.00000  limit=0.00000  mid=0.00000  churn=0.001
    [H1_legs] 1199/1200 loss=0.000779  chamfer=0.00068  edge=0.00178  lap=0.00147  sym=0.00000  limit=0.00000  mid=0.00000  churn=0.001
    [H1_legs] partition churn: first 0.011 last 0.001 mean 0.003   (falling churn => the data term is settling)
    [H2_joint]    0/900 loss=0.000776  chamfer=0.00068  edge=0.00178  lap=0.00147  sym=0.00000  limit=0.00000  mid=0.00000
    [H2_joint]  100/900 loss=0.000767  chamfer=0.00068  edge=0.00149  lap=0.00146  sym=0.00000  limit=0.00000  mid=0.00000  churn=0.003
    [H2_joint]  200/900 loss=0.000763  chamfer=0.00068  edge=0.00145  lap=0.00146  sym=0.00000  limit=0.00000  mid=0.00000  churn=0.003
    [H2_joint]  300/900 loss=0.000760  chamfer=0.00068  edge=0.00144  lap=0.00146  sym=0.00000  limit=0.00000  mid=0.00000  churn=0.003
    [H2_joint]  400/900 loss=0.000767  chamfer=0.00069  edge=0.00144  lap=0.00146  sym=0.00000  limit=0.00000  mid=0.00000  churn=0.002
    [H2_joint]  500/900 loss=0.000767  chamfer=0.00068  edge=0.00146  lap=0.00146  sym=0.00000  limit=0.00000  mid=0.00000  churn=0.002
    [H2_joint]  600/900 loss=0.000767  chamfer=0.00069  edge=0.00144  lap=0.00146  sym=0.00000  limit=0.00000  mid=0.00000  churn=0.003
    [H2_joint]  700/900 loss=0.000769  chamfer=0.00069  edge=0.00145  lap=0.00146  sym=0.00000  limit=0.00000  mid=0.00000  churn=0.002
    [H2_joint]  800/900 loss=0.000764  chamfer=0.00068  edge=0.00145  lap=0.00146  sym=0.00000  limit=0.00000  mid=0.00000  churn=0.002
    [H2_joint]  899/900 loss=0.000765  chamfer=0.00068  edge=0.00145  lap=0.00146  sym=0.00000  limit=0.00000  mid=0.00000  churn=0.001
    [H2_joint] partition churn: first 0.002 last 0.001 mean 0.002   (falling churn => the data term is settling)
    [H3_deform]    0/600 loss=0.000767  chamfer=0.00068  edge=0.00145  lap=0.00146  sym=0.00000  mid=0.00000  off=0.00000
    [H3_deform]  100/600 loss=0.000695  chamfer=0.00060  edge=0.00117  lap=0.00150  sym=0.00001  mid=0.00000  off=0.00000  churn=0.005
    [H3_deform]  200/600 loss=0.000698  chamfer=0.00060  edge=0.00120  lap=0.00150  sym=0.00001  mid=0.00000  off=0.00000  churn=0.003
    [H3_deform]  300/600 loss=0.000702  chamfer=0.00060  edge=0.00123  lap=0.00151  sym=0.00001  mid=0.00000  off=0.00000  churn=0.003
    [H3_deform]  400/600 loss=0.000703  chamfer=0.00060  edge=0.00124  lap=0.00151  sym=0.00001  mid=0.00000  off=0.00000  churn=0.003
    [H3_deform]  500/600 loss=0.000696  chamfer=0.00059  edge=0.00125  lap=0.00151  sym=0.00001  mid=0.00000  off=0.00000  churn=0.002
    [H3_deform]  599/600 loss=0.000679  chamfer=0.00058  edge=0.00123  lap=0.00150  sym=0.00001  mid=0.00000  off=0.00000  churn=0.002
    [H3_deform] partition churn: first 0.005 last 0.002 mean 0.003   (falling churn => the data term is settling)
[hier] done
=== moonshot handoff, yaml=D1_low.yaml (baseline, unmodified) ===
[moonshot] 12 meshes from /rwthfs/rz/cluster/home/nao48500/SMILify/diagnostics/moonshot/synth_clean_pose0
12 target meshes loaded.
[moonshot] initialised pose/shape from diagnostics/overnight_20260818/runs/hier_SYN_clean_pose0_c5protected_w5/H2_joint.npz
[moonshot] running 2 stages
    [Stage_2_deform_coarse] it    0/1000  loss=0.002375   chamfer=0.00193  edge=0.00021  normal=0.05289  laplacian=0.00146  offset=0.00000  sym=0.00000  mid=0.00000  limit=0.00000
    [Stage_2_deform_coarse] it   50/1000  loss=0.001337   chamfer=0.00061  edge=0.00025  normal=0.05920  laplacian=0.00248  offset=0.00004  sym=0.00000  mid=0.00000  limit=0.00000
    [Stage_2_deform_coarse] it  100/1000  loss=0.001208   chamfer=0.00053  edge=0.00026  normal=0.05779  laplacian=0.00246  offset=0.00003  sym=0.00000  mid=0.00000  limit=0.00000
    [Stage_2_deform_coarse] it  150/1000  loss=0.001181   chamfer=0.00049  edge=0.00026  normal=0.06119  laplacian=0.00257  offset=0.00003  sym=0.00000  mid=0.00000  limit=0.00000
    [Stage_2_deform_coarse] it  200/1000  loss=0.001151   chamfer=0.00046  edge=0.00027  normal=0.06255  laplacian=0.00264  offset=0.00003  sym=0.00000  mid=0.00000  limit=0.00000
    [Stage_2_deform_coarse] it  250/1000  loss=0.001138   chamfer=0.00044  edge=0.00027  normal=0.06418  laplacian=0.00271  offset=0.00003  sym=0.00000  mid=0.00000  limit=0.00000
    [Stage_2_deform_coarse] it  300/1000  loss=0.001126   chamfer=0.00042  edge=0.00028  normal=0.06543  laplacian=0.00275  offset=0.00002  sym=0.00000  mid=0.00000  limit=0.00000
    [Stage_2_deform_coarse] it  350/1000  loss=0.001114   chamfer=0.00041  edge=0.00028  normal=0.06545  laplacian=0.00276  offset=0.00002  sym=0.00000  mid=0.00000  limit=0.00000
    [Stage_2_deform_coarse] it  400/1000  loss=0.001113   chamfer=0.00041  edge=0.00028  normal=0.06667  laplacian=0.00280  offset=0.00002  sym=0.00000  mid=0.00000  limit=0.00000
    [Stage_2_deform_coarse] it  450/1000  loss=0.001110   chamfer=0.00040  edge=0.00028  normal=0.06738  laplacian=0.00283  offset=0.00002  sym=0.00000  mid=0.00000  limit=0.00000
    [Stage_2_deform_coarse] it  500/1000  loss=0.001095   chamfer=0.00039  edge=0.00028  normal=0.06687  laplacian=0.00284  offset=0.00002  sym=0.00000  mid=0.00000  limit=0.00000
    [Stage_2_deform_coarse] it  550/1000  loss=0.001113   chamfer=0.00039  edge=0.00029  normal=0.06925  laplacian=0.00291  offset=0.00002  sym=0.00000  mid=0.00000  limit=0.00000
    [Stage_2_deform_coarse] it  600/1000  loss=0.001094   chamfer=0.00038  edge=0.00029  normal=0.06861  laplacian=0.00289  offset=0.00002  sym=0.00000  mid=0.00000  limit=0.00000
    [Stage_2_deform_coarse] it  650/1000  loss=0.001085   chamfer=0.00037  edge=0.00029  normal=0.06763  laplacian=0.00289  offset=0.00002  sym=0.00000  mid=0.00000  limit=0.00000
    [Stage_2_deform_coarse] it  700/1000  loss=0.001086   chamfer=0.00037  edge=0.00029  normal=0.06781  laplacian=0.00290  offset=0.00002  sym=0.00000  mid=0.00000  limit=0.00000
    [Stage_2_deform_coarse] it  750/1000  loss=0.001078   chamfer=0.00037  edge=0.00029  normal=0.06792  laplacian=0.00290  offset=0.00002  sym=0.00000  mid=0.00000  limit=0.00000
    [Stage_2_deform_coarse] it  800/1000  loss=0.001074   chamfer=0.00036  edge=0.00029  normal=0.06784  laplacian=0.00290  offset=0.00002  sym=0.00000  mid=0.00000  limit=0.00000
    [Stage_2_deform_coarse] it  850/1000  loss=0.001069   chamfer=0.00036  edge=0.00029  normal=0.06742  laplacian=0.00290  offset=0.00002  sym=0.00000  mid=0.00000  limit=0.00000
    [Stage_2_deform_coarse] it  900/1000  loss=0.001070   chamfer=0.00036  edge=0.00029  normal=0.06811  laplacian=0.00292  offset=0.00002  sym=0.00000  mid=0.00000  limit=0.00000
    [Stage_2_deform_coarse] it  950/1000  loss=0.001062   chamfer=0.00036  edge=0.00029  normal=0.06750  laplacian=0.00291  offset=0.00002  sym=0.00000  mid=0.00000  limit=0.00000
    [Stage_2_deform_coarse] it  999/1000  loss=0.001072   chamfer=0.00035  edge=0.00029  normal=0.06872  laplacian=0.00295  offset=0.00002  sym=0.00001  mid=0.00000  limit=0.00000
    [Stage_3_deform_fine] it    0/1000  loss=0.000424   chamfer=0.00035  edge=0.00029  normal=0.06880  laplacian=0.00295  offset=0.00002  sym=0.00001  mid=0.00000  limit=0.00000
    [Stage_3_deform_fine] it   50/1000  loss=0.000365   chamfer=0.00034  edge=0.00029  normal=0.05215  laplacian=0.00275  offset=0.00001  sym=0.00000  mid=0.00000  limit=0.00000
    [Stage_3_deform_fine] it  100/1000  loss=0.000362   chamfer=0.00034  edge=0.00030  normal=0.05113  laplacian=0.00275  offset=0.00001  sym=0.00000  mid=0.00000  limit=0.00000
    [Stage_3_deform_fine] it  150/1000  loss=0.000362   chamfer=0.00034  edge=0.00030  normal=0.05107  laplacian=0.00277  offset=0.00001  sym=0.00000  mid=0.00000  limit=0.00000
    [Stage_3_deform_fine] it  200/1000  loss=0.000363   chamfer=0.00034  edge=0.00030  normal=0.05111  laplacian=0.00278  offset=0.00001  sym=0.00000  mid=0.00000  limit=0.00000
    [Stage_3_deform_fine] it  250/1000  loss=0.000362   chamfer=0.00033  edge=0.00030  normal=0.05128  laplacian=0.00280  offset=0.00001  sym=0.00000  mid=0.00000  limit=0.00000
    [Stage_3_deform_fine] it  300/1000  loss=0.000358   chamfer=0.00033  edge=0.00030  normal=0.05117  laplacian=0.00280  offset=0.00001  sym=0.00000  mid=0.00000  limit=0.00000
    [Stage_3_deform_fine] it  350/1000  loss=0.000359   chamfer=0.00033  edge=0.00030  normal=0.05116  laplacian=0.00281  offset=0.00001  sym=0.00000  mid=0.00000  limit=0.00000
    [Stage_3_deform_fine] it  400/1000  loss=0.000361   chamfer=0.00033  edge=0.00030  normal=0.05134  laplacian=0.00282  offset=0.00001  sym=0.00000  mid=0.00000  limit=0.00000
    [Stage_3_deform_fine] it  450/1000  loss=0.000359   chamfer=0.00033  edge=0.00030  normal=0.05125  laplacian=0.00283  offset=0.00001  sym=0.00000  mid=0.00000  limit=0.00000
    [Stage_3_deform_fine] it  500/1000  loss=0.000358   chamfer=0.00032  edge=0.00030  normal=0.05149  laplacian=0.00284  offset=0.00001  sym=0.00000  mid=0.00000  limit=0.00000
    [Stage_3_deform_fine] it  550/1000  loss=0.000360   chamfer=0.00033  edge=0.00030  normal=0.05157  laplacian=0.00284  offset=0.00001  sym=0.00000  mid=0.00000  limit=0.00000
    [Stage_3_deform_fine] it  600/1000  loss=0.000358   chamfer=0.00032  edge=0.00030  normal=0.05159  laplacian=0.00285  offset=0.00001  sym=0.00000  mid=0.00000  limit=0.00000
    [Stage_3_deform_fine] it  650/1000  loss=0.000358   chamfer=0.00032  edge=0.00030  normal=0.05162  laplacian=0.00285  offset=0.00001  sym=0.00000  mid=0.00000  limit=0.00000
    [Stage_3_deform_fine] it  700/1000  loss=0.000358   chamfer=0.00032  edge=0.00030  normal=0.05194  laplacian=0.00286  offset=0.00001  sym=0.00000  mid=0.00000  limit=0.00000
    [Stage_3_deform_fine] it  750/1000  loss=0.000359   chamfer=0.00032  edge=0.00030  normal=0.05195  laplacian=0.00286  offset=0.00001  sym=0.00000  mid=0.00000  limit=0.00000
    [Stage_3_deform_fine] it  800/1000  loss=0.000359   chamfer=0.00032  edge=0.00030  normal=0.05211  laplacian=0.00287  offset=0.00001  sym=0.00000  mid=0.00000  limit=0.00000
    [Stage_3_deform_fine] it  850/1000  loss=0.000358   chamfer=0.00032  edge=0.00030  normal=0.05192  laplacian=0.00287  offset=0.00001  sym=0.00000  mid=0.00000  limit=0.00000
    [Stage_3_deform_fine] it  900/1000  loss=0.000359   chamfer=0.00032  edge=0.00031  normal=0.05206  laplacian=0.00287  offset=0.00001  sym=0.00000  mid=0.00000  limit=0.00000
    [Stage_3_deform_fine] it  950/1000  loss=0.000356   chamfer=0.00032  edge=0.00031  normal=0.05224  laplacian=0.00287  offset=0.00001  sym=0.00000  mid=0.00000  limit=0.00000
    [Stage_3_deform_fine] it  999/1000  loss=0.000358   chamfer=0.00032  edge=0.00031  normal=0.05234  laplacian=0.00288  offset=0.00001  sym=0.00000  mid=0.00000  limit=0.00000
  eval 10/12
[moonshot] wrote diagnostics/moonshot/runs/SYN_clean_pose0_c5protected_w5/metrics.csv

  ---- summary ----
    chamfer_l2                       0.000129
    fscore@0.01                      0.842217
    fscore@0.02                      0.982619
    hausdorff_95                     0.016487
    normal_consistency               0.882812
    edge_logratio_absmean            0.143104
    tri_quality_mean                 0.747119
    deform_mag_mean                  0.002806
    midline_dev_mean                 0.001982
    part_leg_distal_dist_mean        0.005229
    part_leg_dist_mean               0.006128
    part_body_dist_mean              0.006396
=== task 1 DONE ===
