=== task 0: schedule=fast ===
Wed Aug 19 01:09:34 2026       
+-----------------------------------------------------------------------------------------+
| NVIDIA-SMI 580.178.04             Driver Version: 580.178.04     CUDA Version: 13.0     |
+-----------------------------------------+------------------------+----------------------+
| GPU  Name                 Persistence-M | Bus-Id          Disp.A | Volatile Uncorr. ECC |
| Fan  Temp   Perf          Pwr:Usage/Cap |           Memory-Usage | GPU-Util  Compute M. |
|                                         |                        |               MIG M. |
|=========================================+========================+======================|
|   0  NVIDIA H100                    On  |   00000000:2C:00.0 Off |                    0 |
| N/A   46C    P0             74W /  600W |       0MiB /  95830MiB |      0%      Default |
|                                         |                        |             Disabled |
+-----------------------------------------+------------------------+----------------------+

+-----------------------------------------------------------------------------------------+
| Processes:                                                                              |
|  GPU   GI   CI              PID   Type   Process name                        GPU Memory |
|        ID   ID                                                               Usage      |
|=========================================================================================|
|  No running processes found                                                             |
+-----------------------------------------------------------------------------------------+
=== hierarchical placement (IDENTICAL to the SYN_clean_w5 baseline recipe, zero-init) ===
[hier] 12 meshes
12 target meshes loaded.
[hier] anatomical groups (template vertices): {'body': 5526, 'l1_l': 753, 'l1_r': 756, 'l2_l': 669, 'l2_r': 669, 'l3_l': 931, 'l3_r': 931}
[hier] 7 groups: ['body', 'l1_l', 'l1_r', 'l2_l', 'l2_r', 'l3_l', 'l3_r']
[hier] body stage moves ['body'], leg stage moves 6 leg groups
/home/nao48500/miniforge3/envs/pytorch3d/lib/python3.10/site-packages/pytorch3d/ops/laplacian_matrices.py:51: UserWarning: torch.sparse.SparseTensor(indices, values, shape, *, device=) is deprecated.  Please use torch.sparse_coo_tensor(indices, values, shape, dtype=, device=). (Triggered internally at /opt/conda/conda-bld/pytorch_1716905971132/work/torch/csrc/utils/tensor_new.cpp:621.)
  A = torch.sparse.FloatTensor(idx, ones, (V, V))
    [H0_body]    0/900 loss=0.010913  chamfer=0.01091  edge=0.00000  lap=0.00142  sym=0.00000  limit=0.00000  mid=0.00000
    [H0_body]  100/900 loss=0.004957  chamfer=0.00375  edge=0.01769  lap=0.00160  sym=0.00022  limit=0.00000  mid=0.00010
    [H0_body]  200/900 loss=0.004846  chamfer=0.00361  edge=0.01827  lap=0.00160  sym=0.00023  limit=0.00000  mid=0.00010
    [H0_body]  300/900 loss=0.004815  chamfer=0.00359  edge=0.01823  lap=0.00160  sym=0.00022  limit=0.00000  mid=0.00010
    [H0_body]  400/900 loss=0.004788  chamfer=0.00355  edge=0.01834  lap=0.00160  sym=0.00023  limit=0.00000  mid=0.00010
    [H0_body]  500/900 loss=0.004794  chamfer=0.00356  edge=0.01832  lap=0.00160  sym=0.00022  limit=0.00000  mid=0.00010
    [H0_body]  600/900 loss=0.004776  chamfer=0.00355  edge=0.01830  lap=0.00160  sym=0.00022  limit=0.00000  mid=0.00010
    [H0_body]  700/900 loss=0.004772  chamfer=0.00354  edge=0.01830  lap=0.00160  sym=0.00022  limit=0.00000  mid=0.00010
    [H0_body]  800/900 loss=0.004761  chamfer=0.00353  edge=0.01828  lap=0.00160  sym=0.00022  limit=0.00000  mid=0.00010
    [H0_body]  899/900 loss=0.004778  chamfer=0.00355  edge=0.01829  lap=0.00160  sym=0.00022  limit=0.00000  mid=0.00010
    [H1_legs]    0/1200 loss=0.011350  chamfer=0.01012  edge=0.01829  lap=0.00160  sym=0.00022  limit=0.00000  mid=0.00010
    [H1_legs]  100/1200 loss=0.002857  chamfer=0.00222  edge=0.01023  lap=0.00154  sym=0.00004  limit=0.00001  mid=0.00005  churn=0.028
    [H1_legs]  200/1200 loss=0.002522  chamfer=0.00196  edge=0.00895  lap=0.00154  sym=0.00003  limit=0.00001  mid=0.00005  churn=0.011
    [H1_legs]  300/1200 loss=0.002385  chamfer=0.00186  edge=0.00839  lap=0.00154  sym=0.00003  limit=0.00000  mid=0.00004  churn=0.006
    [H1_legs]  400/1200 loss=0.002360  chamfer=0.00185  edge=0.00798  lap=0.00154  sym=0.00002  limit=0.00000  mid=0.00004  churn=0.007
    [H1_legs]  500/1200 loss=0.002344  chamfer=0.00184  edge=0.00783  lap=0.00154  sym=0.00002  limit=0.00000  mid=0.00004  churn=0.006
    [H1_legs]  600/1200 loss=0.002278  chamfer=0.00179  edge=0.00766  lap=0.00154  sym=0.00002  limit=0.00000  mid=0.00004  churn=0.006
    [H1_legs]  700/1200 loss=0.002273  chamfer=0.00178  edge=0.00770  lap=0.00154  sym=0.00002  limit=0.00000  mid=0.00004  churn=0.004
    [H1_legs]  800/1200 loss=0.002291  chamfer=0.00180  edge=0.00771  lap=0.00154  sym=0.00002  limit=0.00000  mid=0.00004  churn=0.005
    [H1_legs]  900/1200 loss=0.002295  chamfer=0.00180  edge=0.00766  lap=0.00154  sym=0.00002  limit=0.00000  mid=0.00004  churn=0.005
    [H1_legs] 1000/1200 loss=0.002267  chamfer=0.00177  edge=0.00773  lap=0.00154  sym=0.00002  limit=0.00000  mid=0.00004  churn=0.004
    [H1_legs] 1100/1200 loss=0.002270  chamfer=0.00178  edge=0.00770  lap=0.00154  sym=0.00002  limit=0.00000  mid=0.00004  churn=0.003
    [H1_legs] 1199/1200 loss=0.002301  chamfer=0.00181  edge=0.00771  lap=0.00154  sym=0.00002  limit=0.00000  mid=0.00004  churn=0.003
    [H1_legs] partition churn: first 0.050 last 0.003 mean 0.009   (falling churn => the data term is settling)
    [H2_joint]    0/900 loss=0.002298  chamfer=0.00180  edge=0.00771  lap=0.00154  sym=0.00002  limit=0.00000  mid=0.00004
    [H2_joint]  100/900 loss=0.002125  chamfer=0.00175  edge=0.00707  lap=0.00153  sym=0.00002  limit=0.00000  mid=0.00000  churn=0.007
    [H2_joint]  200/900 loss=0.002140  chamfer=0.00177  edge=0.00683  lap=0.00153  sym=0.00002  limit=0.00000  mid=0.00000  churn=0.006
    [H2_joint]  300/900 loss=0.002101  chamfer=0.00174  edge=0.00683  lap=0.00153  sym=0.00002  limit=0.00000  mid=0.00000  churn=0.006
    [H2_joint]  400/900 loss=0.002165  chamfer=0.00180  edge=0.00676  lap=0.00153  sym=0.00002  limit=0.00000  mid=0.00000  churn=0.005
    [H2_joint]  500/900 loss=0.002129  chamfer=0.00176  edge=0.00683  lap=0.00153  sym=0.00002  limit=0.00000  mid=0.00000  churn=0.006
    [H2_joint]  600/900 loss=0.002142  chamfer=0.00178  edge=0.00678  lap=0.00153  sym=0.00002  limit=0.00000  mid=0.00000  churn=0.006
    [H2_joint]  700/900 loss=0.002130  chamfer=0.00176  edge=0.00691  lap=0.00153  sym=0.00002  limit=0.00000  mid=0.00000  churn=0.004
    [H2_joint]  800/900 loss=0.002139  chamfer=0.00177  edge=0.00695  lap=0.00153  sym=0.00002  limit=0.00000  mid=0.00000  churn=0.004
    [H2_joint]  899/900 loss=0.002140  chamfer=0.00177  edge=0.00691  lap=0.00153  sym=0.00002  limit=0.00000  mid=0.00000  churn=0.004
    [H2_joint] partition churn: first 0.009 last 0.004 mean 0.006   (falling churn => the data term is settling)
    [H3_deform]    0/600 loss=0.002138  chamfer=0.00177  edge=0.00691  lap=0.00153  sym=0.00002  mid=0.00000  off=0.00000
    [H3_deform]  100/600 loss=0.001740  chamfer=0.00140  edge=0.00421  lap=0.00166  sym=0.00003  mid=0.00000  off=0.00000  churn=0.013
    [H3_deform]  200/600 loss=0.001727  chamfer=0.00138  edge=0.00429  lap=0.00167  sym=0.00003  mid=0.00000  off=0.00000  churn=0.008
    [H3_deform]  300/600 loss=0.001720  chamfer=0.00137  edge=0.00437  lap=0.00167  sym=0.00003  mid=0.00000  off=0.00000  churn=0.008
    [H3_deform]  400/600 loss=0.001709  chamfer=0.00135  edge=0.00439  lap=0.00168  sym=0.00003  mid=0.00000  off=0.00000  churn=0.007
    [H3_deform]  500/600 loss=0.001697  chamfer=0.00134  edge=0.00440  lap=0.00168  sym=0.00003  mid=0.00000  off=0.00000  churn=0.005
    [H3_deform]  599/600 loss=0.001673  chamfer=0.00132  edge=0.00438  lap=0.00167  sym=0.00002  mid=0.00000  off=0.00000  churn=0.005
    [H3_deform] partition churn: first 0.013 last 0.005 mean 0.008   (falling churn => the data term is settling)
[hier] done
=== moonshot handoff, yaml=gnc_fast.yaml (only difference from baseline) ===
[moonshot] 12 meshes from /rwthfs/rz/cluster/home/nao48500/SMILify/diagnostics/moonshot/synth_clean
12 target meshes loaded.
[moonshot] initialised pose/shape from diagnostics/overnight_20260818/runs/hier_GNC_fast/H2_joint.npz
[moonshot] running 2 stages
    [Stage_2_deform_coarse] it    0/1000  loss=0.003239   chamfer=0.00274  edge=0.00021  normal=0.05890  laplacian=0.00153  offset=0.00000  sym=0.00002  mid=0.00000  limit=0.00000
    [Stage_2_deform_coarse] it   50/1000  loss=0.001746   chamfer=0.00086  edge=0.00027  normal=0.06322  laplacian=0.00279  offset=0.00006  sym=0.00003  mid=0.00000  limit=0.00035
    [Stage_2_deform_coarse] it  100/1000  loss=0.001569   chamfer=0.00073  edge=0.00028  normal=0.06161  laplacian=0.00274  offset=0.00005  sym=0.00002  mid=0.00000  limit=0.00025
    [Stage_2_deform_coarse] it  150/1000  loss=0.001491   chamfer=0.00066  edge=0.00028  normal=0.06233  laplacian=0.00280  offset=0.00005  sym=0.00002  mid=0.00000  limit=0.00020
    [Stage_2_deform_coarse] it  200/1000  loss=0.001454   chamfer=0.00062  edge=0.00029  normal=0.06407  laplacian=0.00285  offset=0.00005  sym=0.00001  mid=0.00000  limit=0.00017
    [Stage_2_deform_coarse] it  250/1000  loss=0.001435   chamfer=0.00060  edge=0.00029  normal=0.06503  laplacian=0.00289  offset=0.00005  sym=0.00001  mid=0.00000  limit=0.00015
    [Stage_2_deform_coarse] it  300/1000  loss=0.001411   chamfer=0.00059  edge=0.00029  normal=0.06569  laplacian=0.00291  offset=0.00004  sym=0.00001  mid=0.00000  limit=0.00015
    [Stage_2_deform_coarse] it  350/1000  loss=0.001409   chamfer=0.00058  edge=0.00029  normal=0.06654  laplacian=0.00294  offset=0.00004  sym=0.00001  mid=0.00000  limit=0.00013
    [Stage_2_deform_coarse] it  400/1000  loss=0.001386   chamfer=0.00056  edge=0.00029  normal=0.06694  laplacian=0.00294  offset=0.00004  sym=0.00001  mid=0.00000  limit=0.00013
    [Stage_2_deform_coarse] it  450/1000  loss=0.001377   chamfer=0.00055  edge=0.00029  normal=0.06824  laplacian=0.00297  offset=0.00004  sym=0.00001  mid=0.00000  limit=0.00012
    [Stage_2_deform_coarse] it  500/1000  loss=0.001366   chamfer=0.00055  edge=0.00029  normal=0.06891  laplacian=0.00298  offset=0.00004  sym=0.00001  mid=0.00000  limit=0.00010
    [Stage_2_deform_coarse] it  550/1000  loss=0.001345   chamfer=0.00054  edge=0.00029  normal=0.06844  laplacian=0.00295  offset=0.00004  sym=0.00001  mid=0.00000  limit=0.00008
    [Stage_2_deform_coarse] it  600/1000  loss=0.001302   chamfer=0.00052  edge=0.00029  normal=0.06755  laplacian=0.00291  offset=0.00004  sym=0.00001  mid=0.00000  limit=0.00007
    [Stage_2_deform_coarse] it  650/1000  loss=0.001289   chamfer=0.00052  edge=0.00029  normal=0.06687  laplacian=0.00290  offset=0.00003  sym=0.00001  mid=0.00000  limit=0.00005
    [Stage_2_deform_coarse] it  700/1000  loss=0.001267   chamfer=0.00050  edge=0.00028  normal=0.06747  laplacian=0.00287  offset=0.00003  sym=0.00001  mid=0.00000  limit=0.00003
    [Stage_2_deform_coarse] it  750/1000  loss=0.001244   chamfer=0.00050  edge=0.00028  normal=0.06744  laplacian=0.00284  offset=0.00003  sym=0.00001  mid=0.00000  limit=0.00002
    [Stage_2_deform_coarse] it  800/1000  loss=0.001206   chamfer=0.00048  edge=0.00027  normal=0.06648  laplacian=0.00278  offset=0.00003  sym=0.00001  mid=0.00000  limit=0.00000
    [Stage_2_deform_coarse] it  850/1000  loss=0.001162   chamfer=0.00046  edge=0.00027  normal=0.06558  laplacian=0.00270  offset=0.00002  sym=0.00000  mid=0.00000  limit=0.00000
    [Stage_2_deform_coarse] it  900/1000  loss=0.001115   chamfer=0.00044  edge=0.00026  normal=0.06433  laplacian=0.00261  offset=0.00002  sym=0.00000  mid=0.00000  limit=0.00000
    [Stage_2_deform_coarse] it  950/1000  loss=0.001061   chamfer=0.00042  edge=0.00025  normal=0.06283  laplacian=0.00253  offset=0.00002  sym=0.00000  mid=0.00000  limit=0.00000
    [Stage_2_deform_coarse] it  999/1000  loss=0.001022   chamfer=0.00039  edge=0.00025  normal=0.06293  laplacian=0.00248  offset=0.00002  sym=0.00000  mid=0.00000  limit=0.00000
    [Stage_3_deform_fine] it    0/1000  loss=0.000414   chamfer=0.00039  edge=0.00025  normal=0.06309  laplacian=0.00248  offset=0.00002  sym=0.00000  mid=0.00000  limit=0.00000
    [Stage_3_deform_fine] it   50/1000  loss=0.000360   chamfer=0.00036  edge=0.00025  normal=0.04964  laplacian=0.00238  offset=0.00001  sym=0.00000  mid=0.00000  limit=0.00000
    [Stage_3_deform_fine] it  100/1000  loss=0.000349   chamfer=0.00035  edge=0.00025  normal=0.04862  laplacian=0.00235  offset=0.00001  sym=0.00000  mid=0.00000  limit=0.00000
    [Stage_3_deform_fine] it  150/1000  loss=0.000340   chamfer=0.00034  edge=0.00025  normal=0.04851  laplacian=0.00234  offset=0.00001  sym=0.00000  mid=0.00000  limit=0.00000
    [Stage_3_deform_fine] it  200/1000  loss=0.000332   chamfer=0.00032  edge=0.00025  normal=0.04839  laplacian=0.00232  offset=0.00001  sym=0.00000  mid=0.00000  limit=0.00000
    [Stage_3_deform_fine] it  250/1000  loss=0.000322   chamfer=0.00031  edge=0.00024  normal=0.04817  laplacian=0.00230  offset=0.00001  sym=0.00000  mid=0.00000  limit=0.00000
    [Stage_3_deform_fine] it  300/1000  loss=0.000313   chamfer=0.00029  edge=0.00024  normal=0.04801  laplacian=0.00227  offset=0.00001  sym=0.00000  mid=0.00000  limit=0.00000
    [Stage_3_deform_fine] it  350/1000  loss=0.000305   chamfer=0.00028  edge=0.00024  normal=0.04789  laplacian=0.00224  offset=0.00001  sym=0.00000  mid=0.00000  limit=0.00000
    [Stage_3_deform_fine] it  400/1000  loss=0.000296   chamfer=0.00027  edge=0.00024  normal=0.04759  laplacian=0.00221  offset=0.00001  sym=0.00000  mid=0.00000  limit=0.00000
    [Stage_3_deform_fine] it  450/1000  loss=0.000288   chamfer=0.00026  edge=0.00023  normal=0.04757  laplacian=0.00218  offset=0.00001  sym=0.00000  mid=0.00000  limit=0.00000
    [Stage_3_deform_fine] it  500/1000  loss=0.000279   chamfer=0.00024  edge=0.00023  normal=0.04719  laplacian=0.00214  offset=0.00001  sym=0.00000  mid=0.00000  limit=0.00000
    [Stage_3_deform_fine] it  550/1000  loss=0.000271   chamfer=0.00023  edge=0.00023  normal=0.04711  laplacian=0.00210  offset=0.00001  sym=0.00000  mid=0.00000  limit=0.00000
    [Stage_3_deform_fine] it  600/1000  loss=0.000263   chamfer=0.00022  edge=0.00022  normal=0.04717  laplacian=0.00207  offset=0.00001  sym=0.00000  mid=0.00000  limit=0.00000
    [Stage_3_deform_fine] it  650/1000  loss=0.000256   chamfer=0.00021  edge=0.00022  normal=0.04708  laplacian=0.00204  offset=0.00001  sym=0.00000  mid=0.00000  limit=0.00000
    [Stage_3_deform_fine] it  700/1000  loss=0.000249   chamfer=0.00020  edge=0.00022  normal=0.04713  laplacian=0.00200  offset=0.00001  sym=0.00000  mid=0.00000  limit=0.00000
    [Stage_3_deform_fine] it  750/1000  loss=0.000241   chamfer=0.00018  edge=0.00021  normal=0.04705  laplacian=0.00196  offset=0.00001  sym=0.00000  mid=0.00000  limit=0.00000
    [Stage_3_deform_fine] it  800/1000  loss=0.000233   chamfer=0.00017  edge=0.00021  normal=0.04662  laplacian=0.00192  offset=0.00001  sym=0.00000  mid=0.00000  limit=0.00000
    [Stage_3_deform_fine] it  850/1000  loss=0.000226   chamfer=0.00016  edge=0.00020  normal=0.04642  laplacian=0.00188  offset=0.00000  sym=0.00000  mid=0.00000  limit=0.00000
    [Stage_3_deform_fine] it  900/1000  loss=0.000220   chamfer=0.00015  edge=0.00020  normal=0.04650  laplacian=0.00184  offset=0.00000  sym=0.00000  mid=0.00000  limit=0.00000
    [Stage_3_deform_fine] it  950/1000  loss=0.000213   chamfer=0.00014  edge=0.00019  normal=0.04651  laplacian=0.00180  offset=0.00000  sym=0.00000  mid=0.00000  limit=0.00000
    [Stage_3_deform_fine] it  999/1000  loss=0.000206   chamfer=0.00013  edge=0.00019  normal=0.04628  laplacian=0.00176  offset=0.00000  sym=0.00000  mid=0.00000  limit=0.00000
  eval 10/12
[moonshot] wrote diagnostics/moonshot/runs/GNC_fast/metrics.csv

  ---- summary ----
    chamfer_l2                       0.003018
    fscore@0.01                      0.429755
    fscore@0.02                      0.680455
    hausdorff_95                     0.100644
    normal_consistency               0.739808
    edge_logratio_absmean            0.097460
    tri_quality_mean                 0.777384
    deform_mag_mean                  0.001370
    midline_dev_mean                 0.025847
    part_leg_distal_dist_mean        0.008504
    part_leg_dist_mean               0.009623
    part_body_dist_mean              0.013560
=== task 0 DONE ===
