=== task 1: schedule=medium ===
Wed Aug 19 01:12:13 2026       
+-----------------------------------------------------------------------------------------+
| NVIDIA-SMI 580.178.04             Driver Version: 580.178.04     CUDA Version: 13.0     |
+-----------------------------------------+------------------------+----------------------+
| GPU  Name                 Persistence-M | Bus-Id          Disp.A | Volatile Uncorr. ECC |
| Fan  Temp   Perf          Pwr:Usage/Cap |           Memory-Usage | GPU-Util  Compute M. |
|                                         |                        |               MIG M. |
|=========================================+========================+======================|
|   0  NVIDIA H100                    On  |   00000000:9D:00.0 Off |                    0 |
| N/A   41C    P0             74W /  600W |       0MiB /  95830MiB |      0%      Default |
|                                         |                        |             Disabled |
+-----------------------------------------+------------------------+----------------------+

+-----------------------------------------------------------------------------------------+
| Processes:                                                                              |
|  GPU   GI   CI              PID   Type   Process name                        GPU Memory |
|        ID   ID                                                               Usage      |
|=========================================================================================|
|  No running processes found                                                             |
+-----------------------------------------------------------------------------------------+
=== hierarchical placement (IDENTICAL to the SYN_clean_w5 baseline recipe, zero-init) ===
[hier] 12 meshes
12 target meshes loaded.
[hier] anatomical groups (template vertices): {'body': 5526, 'l1_l': 753, 'l1_r': 756, 'l2_l': 669, 'l2_r': 669, 'l3_l': 931, 'l3_r': 931}
[hier] 7 groups: ['body', 'l1_l', 'l1_r', 'l2_l', 'l2_r', 'l3_l', 'l3_r']
[hier] body stage moves ['body'], leg stage moves 6 leg groups
/home/nao48500/miniforge3/envs/pytorch3d/lib/python3.10/site-packages/pytorch3d/ops/laplacian_matrices.py:51: UserWarning: torch.sparse.SparseTensor(indices, values, shape, *, device=) is deprecated.  Please use torch.sparse_coo_tensor(indices, values, shape, dtype=, device=). (Triggered internally at /opt/conda/conda-bld/pytorch_1716905971132/work/torch/csrc/utils/tensor_new.cpp:621.)
  A = torch.sparse.FloatTensor(idx, ones, (V, V))
    [H0_body]    0/900 loss=0.010913  chamfer=0.01091  edge=0.00000  lap=0.00142  sym=0.00000  limit=0.00000  mid=0.00000
    [H0_body]  100/900 loss=0.004959  chamfer=0.00376  edge=0.01769  lap=0.00160  sym=0.00022  limit=0.00000  mid=0.00010
    [H0_body]  200/900 loss=0.004853  chamfer=0.00362  edge=0.01825  lap=0.00160  sym=0.00023  limit=0.00000  mid=0.00010
    [H0_body]  300/900 loss=0.004804  chamfer=0.00358  edge=0.01821  lap=0.00160  sym=0.00022  limit=0.00000  mid=0.00010
    [H0_body]  400/900 loss=0.004786  chamfer=0.00355  edge=0.01832  lap=0.00160  sym=0.00022  limit=0.00000  mid=0.00010
    [H0_body]  500/900 loss=0.004794  chamfer=0.00356  edge=0.01829  lap=0.00160  sym=0.00022  limit=0.00000  mid=0.00010
    [H0_body]  600/900 loss=0.004782  chamfer=0.00355  edge=0.01830  lap=0.00160  sym=0.00022  limit=0.00000  mid=0.00010
    [H0_body]  700/900 loss=0.004778  chamfer=0.00355  edge=0.01829  lap=0.00160  sym=0.00022  limit=0.00000  mid=0.00010
    [H0_body]  800/900 loss=0.004757  chamfer=0.00353  edge=0.01827  lap=0.00160  sym=0.00022  limit=0.00000  mid=0.00010
    [H0_body]  899/900 loss=0.004781  chamfer=0.00355  edge=0.01828  lap=0.00160  sym=0.00022  limit=0.00000  mid=0.00010
    [H1_legs]    0/1200 loss=0.011345  chamfer=0.01011  edge=0.01828  lap=0.00160  sym=0.00022  limit=0.00000  mid=0.00010
    [H1_legs]  100/1200 loss=0.002855  chamfer=0.00222  edge=0.01021  lap=0.00154  sym=0.00004  limit=0.00000  mid=0.00005  churn=0.028
    [H1_legs]  200/1200 loss=0.002517  chamfer=0.00196  edge=0.00896  lap=0.00154  sym=0.00003  limit=0.00000  mid=0.00005  churn=0.010
    [H1_legs]  300/1200 loss=0.002382  chamfer=0.00185  edge=0.00837  lap=0.00154  sym=0.00003  limit=0.00000  mid=0.00004  churn=0.007
    [H1_legs]  400/1200 loss=0.002352  chamfer=0.00184  edge=0.00798  lap=0.00154  sym=0.00002  limit=0.00000  mid=0.00004  churn=0.007
    [H1_legs]  500/1200 loss=0.002341  chamfer=0.00184  edge=0.00783  lap=0.00154  sym=0.00002  limit=0.00000  mid=0.00004  churn=0.006
    [H1_legs]  600/1200 loss=0.002277  chamfer=0.00178  edge=0.00766  lap=0.00154  sym=0.00002  limit=0.00000  mid=0.00004  churn=0.006
    [H1_legs]  700/1200 loss=0.002270  chamfer=0.00178  edge=0.00769  lap=0.00154  sym=0.00002  limit=0.00000  mid=0.00004  churn=0.004
    [H1_legs]  800/1200 loss=0.002292  chamfer=0.00180  edge=0.00768  lap=0.00154  sym=0.00002  limit=0.00000  mid=0.00004  churn=0.005
    [H1_legs]  900/1200 loss=0.002295  chamfer=0.00180  edge=0.00764  lap=0.00154  sym=0.00002  limit=0.00000  mid=0.00004  churn=0.005
    [H1_legs] 1000/1200 loss=0.002267  chamfer=0.00177  edge=0.00771  lap=0.00154  sym=0.00002  limit=0.00000  mid=0.00004  churn=0.004
    [H1_legs] 1100/1200 loss=0.002268  chamfer=0.00178  edge=0.00768  lap=0.00154  sym=0.00002  limit=0.00000  mid=0.00004  churn=0.003
    [H1_legs] 1199/1200 loss=0.002302  chamfer=0.00181  edge=0.00770  lap=0.00154  sym=0.00002  limit=0.00000  mid=0.00004  churn=0.002
    [H1_legs] partition churn: first 0.050 last 0.002 mean 0.009   (falling churn => the data term is settling)
    [H2_joint]    0/900 loss=0.002296  chamfer=0.00180  edge=0.00770  lap=0.00154  sym=0.00002  limit=0.00000  mid=0.00004
    [H2_joint]  100/900 loss=0.002124  chamfer=0.00175  edge=0.00706  lap=0.00153  sym=0.00002  limit=0.00000  mid=0.00000  churn=0.008
    [H2_joint]  200/900 loss=0.002139  chamfer=0.00177  edge=0.00682  lap=0.00153  sym=0.00002  limit=0.00000  mid=0.00000  churn=0.006
    [H2_joint]  300/900 loss=0.002100  chamfer=0.00173  edge=0.00683  lap=0.00153  sym=0.00002  limit=0.00000  mid=0.00000  churn=0.006
    [H2_joint]  400/900 loss=0.002163  chamfer=0.00180  edge=0.00675  lap=0.00153  sym=0.00002  limit=0.00000  mid=0.00000  churn=0.005
    [H2_joint]  500/900 loss=0.002129  chamfer=0.00176  edge=0.00681  lap=0.00153  sym=0.00002  limit=0.00000  mid=0.00000  churn=0.006
    [H2_joint]  600/900 loss=0.002142  chamfer=0.00178  edge=0.00677  lap=0.00153  sym=0.00002  limit=0.00000  mid=0.00000  churn=0.006
    [H2_joint]  700/900 loss=0.002130  chamfer=0.00176  edge=0.00690  lap=0.00153  sym=0.00002  limit=0.00000  mid=0.00000  churn=0.004
    [H2_joint]  800/900 loss=0.002141  chamfer=0.00177  edge=0.00694  lap=0.00153  sym=0.00002  limit=0.00000  mid=0.00000  churn=0.003
    [H2_joint]  899/900 loss=0.002142  chamfer=0.00177  edge=0.00690  lap=0.00153  sym=0.00002  limit=0.00000  mid=0.00000  churn=0.003
    [H2_joint] partition churn: first 0.009 last 0.003 mean 0.006   (falling churn => the data term is settling)
    [H3_deform]    0/600 loss=0.002138  chamfer=0.00177  edge=0.00690  lap=0.00153  sym=0.00002  mid=0.00000  off=0.00000
    [H3_deform]  100/600 loss=0.001741  chamfer=0.00140  edge=0.00422  lap=0.00166  sym=0.00003  mid=0.00000  off=0.00000  churn=0.014
    [H3_deform]  200/600 loss=0.001728  chamfer=0.00138  edge=0.00429  lap=0.00167  sym=0.00003  mid=0.00000  off=0.00000  churn=0.009
    [H3_deform]  300/600 loss=0.001720  chamfer=0.00137  edge=0.00438  lap=0.00167  sym=0.00003  mid=0.00000  off=0.00000  churn=0.008
    [H3_deform]  400/600 loss=0.001710  chamfer=0.00136  edge=0.00439  lap=0.00168  sym=0.00003  mid=0.00000  off=0.00000  churn=0.007
    [H3_deform]  500/600 loss=0.001698  chamfer=0.00134  edge=0.00440  lap=0.00168  sym=0.00003  mid=0.00000  off=0.00000  churn=0.005
    [H3_deform]  599/600 loss=0.001673  chamfer=0.00132  edge=0.00438  lap=0.00167  sym=0.00002  mid=0.00000  off=0.00000  churn=0.005
    [H3_deform] partition churn: first 0.014 last 0.005 mean 0.008   (falling churn => the data term is settling)
[hier] done
=== moonshot handoff, yaml=gnc_medium.yaml (only difference from baseline) ===
[moonshot] 12 meshes from /rwthfs/rz/cluster/home/nao48500/SMILify/diagnostics/moonshot/synth_clean
12 target meshes loaded.
[moonshot] initialised pose/shape from diagnostics/overnight_20260818/runs/hier_GNC_medium/H2_joint.npz
[moonshot] running 2 stages
    [Stage_2_deform_coarse] it    0/1000  loss=0.003058   chamfer=0.00256  edge=0.00021  normal=0.05893  laplacian=0.00153  offset=0.00000  sym=0.00002  mid=0.00000  limit=0.00000
    [Stage_2_deform_coarse] it   50/1000  loss=0.001699   chamfer=0.00083  edge=0.00026  normal=0.06267  laplacian=0.00276  offset=0.00006  sym=0.00002  mid=0.00000  limit=0.00028
    [Stage_2_deform_coarse] it  100/1000  loss=0.001544   chamfer=0.00072  edge=0.00027  normal=0.06193  laplacian=0.00273  offset=0.00005  sym=0.00002  mid=0.00000  limit=0.00020
    [Stage_2_deform_coarse] it  150/1000  loss=0.001484   chamfer=0.00067  edge=0.00028  normal=0.06275  laplacian=0.00278  offset=0.00005  sym=0.00001  mid=0.00000  limit=0.00018
    [Stage_2_deform_coarse] it  200/1000  loss=0.001438   chamfer=0.00062  edge=0.00028  normal=0.06389  laplacian=0.00283  offset=0.00005  sym=0.00001  mid=0.00000  limit=0.00015
    [Stage_2_deform_coarse] it  250/1000  loss=0.001423   chamfer=0.00060  edge=0.00029  normal=0.06540  laplacian=0.00288  offset=0.00004  sym=0.00001  mid=0.00000  limit=0.00013
    [Stage_2_deform_coarse] it  300/1000  loss=0.001412   chamfer=0.00059  edge=0.00029  normal=0.06690  laplacian=0.00292  offset=0.00004  sym=0.00001  mid=0.00000  limit=0.00010
    [Stage_2_deform_coarse] it  350/1000  loss=0.001398   chamfer=0.00058  edge=0.00029  normal=0.06748  laplacian=0.00293  offset=0.00004  sym=0.00001  mid=0.00000  limit=0.00009
    [Stage_2_deform_coarse] it  400/1000  loss=0.001381   chamfer=0.00056  edge=0.00029  normal=0.06824  laplacian=0.00295  offset=0.00004  sym=0.00001  mid=0.00000  limit=0.00008
    [Stage_2_deform_coarse] it  450/1000  loss=0.001365   chamfer=0.00056  edge=0.00029  normal=0.06761  laplacian=0.00294  offset=0.00004  sym=0.00001  mid=0.00000  limit=0.00007
    [Stage_2_deform_coarse] it  500/1000  loss=0.001346   chamfer=0.00055  edge=0.00029  normal=0.06688  laplacian=0.00293  offset=0.00004  sym=0.00001  mid=0.00000  limit=0.00006
    [Stage_2_deform_coarse] it  550/1000  loss=0.001354   chamfer=0.00055  edge=0.00029  normal=0.06852  laplacian=0.00296  offset=0.00004  sym=0.00001  mid=0.00000  limit=0.00006
    [Stage_2_deform_coarse] it  600/1000  loss=0.001329   chamfer=0.00053  edge=0.00029  normal=0.06827  laplacian=0.00296  offset=0.00004  sym=0.00001  mid=0.00000  limit=0.00005
    [Stage_2_deform_coarse] it  650/1000  loss=0.001306   chamfer=0.00052  edge=0.00029  normal=0.06749  laplacian=0.00292  offset=0.00004  sym=0.00001  mid=0.00000  limit=0.00003
    [Stage_2_deform_coarse] it  700/1000  loss=0.001300   chamfer=0.00052  edge=0.00029  normal=0.06784  laplacian=0.00292  offset=0.00004  sym=0.00001  mid=0.00000  limit=0.00002
    [Stage_2_deform_coarse] it  750/1000  loss=0.001290   chamfer=0.00051  edge=0.00028  normal=0.06795  laplacian=0.00291  offset=0.00003  sym=0.00001  mid=0.00000  limit=0.00001
    [Stage_2_deform_coarse] it  800/1000  loss=0.001260   chamfer=0.00050  edge=0.00028  normal=0.06718  laplacian=0.00287  offset=0.00003  sym=0.00001  mid=0.00000  limit=0.00000
    [Stage_2_deform_coarse] it  850/1000  loss=0.001249   chamfer=0.00050  edge=0.00028  normal=0.06682  laplacian=0.00285  offset=0.00003  sym=0.00001  mid=0.00000  limit=0.00000
    [Stage_2_deform_coarse] it  900/1000  loss=0.001223   chamfer=0.00049  edge=0.00028  normal=0.06599  laplacian=0.00281  offset=0.00003  sym=0.00001  mid=0.00000  limit=0.00000
    [Stage_2_deform_coarse] it  950/1000  loss=0.001210   chamfer=0.00048  edge=0.00028  normal=0.06652  laplacian=0.00281  offset=0.00003  sym=0.00001  mid=0.00000  limit=0.00000
    [Stage_2_deform_coarse] it  999/1000  loss=0.001196   chamfer=0.00047  edge=0.00027  normal=0.06717  laplacian=0.00279  offset=0.00003  sym=0.00000  mid=0.00000  limit=0.00000
    [Stage_3_deform_fine] it    0/1000  loss=0.000488   chamfer=0.00047  edge=0.00027  normal=0.06727  laplacian=0.00279  offset=0.00003  sym=0.00000  mid=0.00000  limit=0.00000
    [Stage_3_deform_fine] it   50/1000  loss=0.000428   chamfer=0.00044  edge=0.00028  normal=0.05175  laplacian=0.00267  offset=0.00002  sym=0.00000  mid=0.00000  limit=0.00000
    [Stage_3_deform_fine] it  100/1000  loss=0.000421   chamfer=0.00043  edge=0.00028  normal=0.05059  laplacian=0.00266  offset=0.00002  sym=0.00000  mid=0.00000  limit=0.00000
    [Stage_3_deform_fine] it  150/1000  loss=0.000415   chamfer=0.00042  edge=0.00028  normal=0.05048  laplacian=0.00266  offset=0.00002  sym=0.00000  mid=0.00000  limit=0.00000
    [Stage_3_deform_fine] it  200/1000  loss=0.000410   chamfer=0.00041  edge=0.00028  normal=0.05045  laplacian=0.00266  offset=0.00002  sym=0.00000  mid=0.00000  limit=0.00000
    [Stage_3_deform_fine] it  250/1000  loss=0.000405   chamfer=0.00041  edge=0.00028  normal=0.05058  laplacian=0.00266  offset=0.00002  sym=0.00000  mid=0.00000  limit=0.00000
    [Stage_3_deform_fine] it  300/1000  loss=0.000399   chamfer=0.00040  edge=0.00028  normal=0.05050  laplacian=0.00265  offset=0.00002  sym=0.00000  mid=0.00000  limit=0.00000
    [Stage_3_deform_fine] it  350/1000  loss=0.000394   chamfer=0.00039  edge=0.00028  normal=0.05044  laplacian=0.00264  offset=0.00002  sym=0.00000  mid=0.00000  limit=0.00000
    [Stage_3_deform_fine] it  400/1000  loss=0.000387   chamfer=0.00039  edge=0.00027  normal=0.05038  laplacian=0.00262  offset=0.00002  sym=0.00000  mid=0.00000  limit=0.00000
    [Stage_3_deform_fine] it  450/1000  loss=0.000380   chamfer=0.00038  edge=0.00027  normal=0.05018  laplacian=0.00260  offset=0.00002  sym=0.00000  mid=0.00000  limit=0.00000
    [Stage_3_deform_fine] it  500/1000  loss=0.000372   chamfer=0.00037  edge=0.00027  normal=0.04978  laplacian=0.00257  offset=0.00002  sym=0.00000  mid=0.00000  limit=0.00000
    [Stage_3_deform_fine] it  550/1000  loss=0.000365   chamfer=0.00036  edge=0.00027  normal=0.04968  laplacian=0.00255  offset=0.00001  sym=0.00000  mid=0.00000  limit=0.00000
    [Stage_3_deform_fine] it  600/1000  loss=0.000359   chamfer=0.00035  edge=0.00027  normal=0.04964  laplacian=0.00253  offset=0.00001  sym=0.00000  mid=0.00000  limit=0.00000
    [Stage_3_deform_fine] it  650/1000  loss=0.000352   chamfer=0.00034  edge=0.00026  normal=0.04958  laplacian=0.00251  offset=0.00001  sym=0.00000  mid=0.00000  limit=0.00000
    [Stage_3_deform_fine] it  700/1000  loss=0.000345   chamfer=0.00033  edge=0.00026  normal=0.04952  laplacian=0.00249  offset=0.00001  sym=0.00000  mid=0.00000  limit=0.00000
    [Stage_3_deform_fine] it  750/1000  loss=0.000338   chamfer=0.00032  edge=0.00026  normal=0.04927  laplacian=0.00246  offset=0.00001  sym=0.00000  mid=0.00000  limit=0.00000
    [Stage_3_deform_fine] it  800/1000  loss=0.000331   chamfer=0.00031  edge=0.00026  normal=0.04907  laplacian=0.00243  offset=0.00001  sym=0.00000  mid=0.00000  limit=0.00000
    [Stage_3_deform_fine] it  850/1000  loss=0.000324   chamfer=0.00030  edge=0.00025  normal=0.04900  laplacian=0.00240  offset=0.00001  sym=0.00000  mid=0.00000  limit=0.00000
    [Stage_3_deform_fine] it  900/1000  loss=0.000318   chamfer=0.00029  edge=0.00025  normal=0.04870  laplacian=0.00237  offset=0.00001  sym=0.00000  mid=0.00000  limit=0.00000
    [Stage_3_deform_fine] it  950/1000  loss=0.000311   chamfer=0.00028  edge=0.00025  normal=0.04888  laplacian=0.00234  offset=0.00001  sym=0.00000  mid=0.00000  limit=0.00000
    [Stage_3_deform_fine] it  999/1000  loss=0.000304   chamfer=0.00027  edge=0.00025  normal=0.04878  laplacian=0.00231  offset=0.00001  sym=0.00000  mid=0.00000  limit=0.00000
  eval 10/12
[moonshot] wrote diagnostics/moonshot/runs/GNC_medium/metrics.csv

  ---- summary ----
    chamfer_l2                       0.001537
    fscore@0.01                      0.592958
    fscore@0.02                      0.836578
    hausdorff_95                     0.065543
    normal_consistency               0.793835
    edge_logratio_absmean            0.120722
    tri_quality_mean                 0.762269
    deform_mag_mean                  0.002186
    midline_dev_mean                 0.023571
    part_leg_distal_dist_mean        0.008122
    part_leg_dist_mean               0.008287
    part_body_dist_mean              0.010978
=== task 1 DONE ===
