=== task 2: schedule=slow ===
Wed Aug 19 01:18:23 2026       
+-----------------------------------------------------------------------------------------+
| NVIDIA-SMI 580.178.04             Driver Version: 580.178.04     CUDA Version: 13.0     |
+-----------------------------------------+------------------------+----------------------+
| GPU  Name                 Persistence-M | Bus-Id          Disp.A | Volatile Uncorr. ECC |
| Fan  Temp   Perf          Pwr:Usage/Cap |           Memory-Usage | GPU-Util  Compute M. |
|                                         |                        |               MIG M. |
|=========================================+========================+======================|
|   0  NVIDIA H100                    On  |   00000000:AD:00.0 Off |                    0 |
| N/A   47C    P0             73W /  600W |       0MiB /  95830MiB |      0%      Default |
|                                         |                        |             Disabled |
+-----------------------------------------+------------------------+----------------------+

+-----------------------------------------------------------------------------------------+
| Processes:                                                                              |
|  GPU   GI   CI              PID   Type   Process name                        GPU Memory |
|        ID   ID                                                               Usage      |
|=========================================================================================|
|  No running processes found                                                             |
+-----------------------------------------------------------------------------------------+
=== hierarchical placement (IDENTICAL to the SYN_clean_w5 baseline recipe, zero-init) ===
[hier] 12 meshes
12 target meshes loaded.
[hier] anatomical groups (template vertices): {'body': 5526, 'l1_l': 753, 'l1_r': 756, 'l2_l': 669, 'l2_r': 669, 'l3_l': 931, 'l3_r': 931}
[hier] 7 groups: ['body', 'l1_l', 'l1_r', 'l2_l', 'l2_r', 'l3_l', 'l3_r']
[hier] body stage moves ['body'], leg stage moves 6 leg groups
/home/nao48500/miniforge3/envs/pytorch3d/lib/python3.10/site-packages/pytorch3d/ops/laplacian_matrices.py:51: UserWarning: torch.sparse.SparseTensor(indices, values, shape, *, device=) is deprecated.  Please use torch.sparse_coo_tensor(indices, values, shape, dtype=, device=). (Triggered internally at /opt/conda/conda-bld/pytorch_1716905971132/work/torch/csrc/utils/tensor_new.cpp:621.)
  A = torch.sparse.FloatTensor(idx, ones, (V, V))
    [H0_body]    0/900 loss=0.010913  chamfer=0.01091  edge=0.00000  lap=0.00142  sym=0.00000  limit=0.00000  mid=0.00000
    [H0_body]  100/900 loss=0.004953  chamfer=0.00375  edge=0.01770  lap=0.00160  sym=0.00023  limit=0.00000  mid=0.00010
    [H0_body]  200/900 loss=0.004848  chamfer=0.00362  edge=0.01817  lap=0.00160  sym=0.00022  limit=0.00000  mid=0.00010
    [H0_body]  300/900 loss=0.004811  chamfer=0.00359  edge=0.01816  lap=0.00160  sym=0.00022  limit=0.00000  mid=0.00010
    [H0_body]  400/900 loss=0.004792  chamfer=0.00355  edge=0.01835  lap=0.00160  sym=0.00023  limit=0.00000  mid=0.00010
    [H0_body]  500/900 loss=0.004790  chamfer=0.00356  edge=0.01831  lap=0.00160  sym=0.00022  limit=0.00000  mid=0.00010
    [H0_body]  600/900 loss=0.004774  chamfer=0.00354  edge=0.01829  lap=0.00160  sym=0.00022  limit=0.00000  mid=0.00010
    [H0_body]  700/900 loss=0.004777  chamfer=0.00355  edge=0.01827  lap=0.00160  sym=0.00022  limit=0.00000  mid=0.00010
    [H0_body]  800/900 loss=0.004762  chamfer=0.00353  edge=0.01827  lap=0.00160  sym=0.00022  limit=0.00000  mid=0.00010
    [H0_body]  899/900 loss=0.004780  chamfer=0.00355  edge=0.01828  lap=0.00160  sym=0.00022  limit=0.00000  mid=0.00010
    [H1_legs]    0/1200 loss=0.011352  chamfer=0.01012  edge=0.01828  lap=0.00160  sym=0.00022  limit=0.00000  mid=0.00010
    [H1_legs]  100/1200 loss=0.002851  chamfer=0.00222  edge=0.01023  lap=0.00154  sym=0.00004  limit=0.00000  mid=0.00005  churn=0.028
    [H1_legs]  200/1200 loss=0.002512  chamfer=0.00195  edge=0.00893  lap=0.00154  sym=0.00003  limit=0.00000  mid=0.00004  churn=0.011
    [H1_legs]  300/1200 loss=0.002390  chamfer=0.00186  edge=0.00841  lap=0.00154  sym=0.00003  limit=0.00000  mid=0.00004  churn=0.007
    [H1_legs]  400/1200 loss=0.002365  chamfer=0.00185  edge=0.00804  lap=0.00154  sym=0.00002  limit=0.00000  mid=0.00004  churn=0.007
    [H1_legs]  500/1200 loss=0.002353  chamfer=0.00185  edge=0.00787  lap=0.00154  sym=0.00002  limit=0.00000  mid=0.00004  churn=0.006
    [H1_legs]  600/1200 loss=0.002290  chamfer=0.00180  edge=0.00769  lap=0.00154  sym=0.00002  limit=0.00000  mid=0.00004  churn=0.006
    [H1_legs]  700/1200 loss=0.002281  chamfer=0.00179  edge=0.00771  lap=0.00154  sym=0.00002  limit=0.00000  mid=0.00004  churn=0.005
    [H1_legs]  800/1200 loss=0.002300  chamfer=0.00181  edge=0.00771  lap=0.00154  sym=0.00002  limit=0.00000  mid=0.00004  churn=0.005
    [H1_legs]  900/1200 loss=0.002308  chamfer=0.00182  edge=0.00767  lap=0.00154  sym=0.00002  limit=0.00000  mid=0.00004  churn=0.005
    [H1_legs] 1000/1200 loss=0.002276  chamfer=0.00178  edge=0.00774  lap=0.00154  sym=0.00002  limit=0.00000  mid=0.00004  churn=0.004
    [H1_legs] 1100/1200 loss=0.002280  chamfer=0.00179  edge=0.00771  lap=0.00154  sym=0.00002  limit=0.00000  mid=0.00004  churn=0.003
    [H1_legs] 1199/1200 loss=0.002313  chamfer=0.00182  edge=0.00772  lap=0.00154  sym=0.00002  limit=0.00000  mid=0.00004  churn=0.003
    [H1_legs] partition churn: first 0.051 last 0.003 mean 0.009   (falling churn => the data term is settling)
    [H2_joint]    0/900 loss=0.002310  chamfer=0.00182  edge=0.00772  lap=0.00154  sym=0.00002  limit=0.00000  mid=0.00004
    [H2_joint]  100/900 loss=0.002143  chamfer=0.00176  edge=0.00709  lap=0.00153  sym=0.00002  limit=0.00000  mid=0.00000  churn=0.007
    [H2_joint]  200/900 loss=0.002150  chamfer=0.00178  edge=0.00682  lap=0.00153  sym=0.00002  limit=0.00000  mid=0.00000  churn=0.007
    [H2_joint]  300/900 loss=0.002112  chamfer=0.00175  edge=0.00681  lap=0.00153  sym=0.00002  limit=0.00000  mid=0.00000  churn=0.006
    [H2_joint]  400/900 loss=0.002170  chamfer=0.00181  edge=0.00671  lap=0.00153  sym=0.00002  limit=0.00000  mid=0.00000  churn=0.006
    [H2_joint]  500/900 loss=0.002137  chamfer=0.00177  edge=0.00679  lap=0.00153  sym=0.00002  limit=0.00000  mid=0.00000  churn=0.006
    [H2_joint]  600/900 loss=0.002157  chamfer=0.00180  edge=0.00674  lap=0.00153  sym=0.00002  limit=0.00000  mid=0.00000  churn=0.006
    [H2_joint]  700/900 loss=0.002144  chamfer=0.00178  edge=0.00687  lap=0.00153  sym=0.00002  limit=0.00000  mid=0.00000  churn=0.005
    [H2_joint]  800/900 loss=0.002152  chamfer=0.00178  edge=0.00692  lap=0.00153  sym=0.00002  limit=0.00000  mid=0.00000  churn=0.003
    [H2_joint]  899/900 loss=0.002157  chamfer=0.00179  edge=0.00687  lap=0.00153  sym=0.00002  limit=0.00000  mid=0.00000  churn=0.004
    [H2_joint] partition churn: first 0.009 last 0.004 mean 0.006   (falling churn => the data term is settling)
    [H3_deform]    0/600 loss=0.002152  chamfer=0.00178  edge=0.00687  lap=0.00153  sym=0.00002  mid=0.00000  off=0.00000
    [H3_deform]  100/600 loss=0.001757  chamfer=0.00142  edge=0.00425  lap=0.00166  sym=0.00003  mid=0.00000  off=0.00000  churn=0.013
    [H3_deform]  200/600 loss=0.001740  chamfer=0.00139  edge=0.00434  lap=0.00167  sym=0.00003  mid=0.00000  off=0.00000  churn=0.009
    [H3_deform]  300/600 loss=0.001733  chamfer=0.00138  edge=0.00442  lap=0.00168  sym=0.00003  mid=0.00000  off=0.00000  churn=0.007
    [H3_deform]  400/600 loss=0.001720  chamfer=0.00136  edge=0.00444  lap=0.00168  sym=0.00003  mid=0.00000  off=0.00000  churn=0.006
    [H3_deform]  500/600 loss=0.001709  chamfer=0.00135  edge=0.00445  lap=0.00168  sym=0.00003  mid=0.00000  off=0.00000  churn=0.005
    [H3_deform]  599/600 loss=0.001684  chamfer=0.00133  edge=0.00443  lap=0.00168  sym=0.00002  mid=0.00000  off=0.00000  churn=0.005
    [H3_deform] partition churn: first 0.013 last 0.005 mean 0.008   (falling churn => the data term is settling)
[hier] done
=== moonshot handoff, yaml=gnc_slow.yaml (only difference from baseline) ===
[moonshot] 12 meshes from /rwthfs/rz/cluster/home/nao48500/SMILify/diagnostics/moonshot/synth_clean
12 target meshes loaded.
[moonshot] initialised pose/shape from diagnostics/overnight_20260818/runs/hier_GNC_slow/H2_joint.npz
[moonshot] running 2 stages
    [Stage_2_deform_coarse] it    0/1000  loss=0.002732   chamfer=0.00224  edge=0.00021  normal=0.05894  laplacian=0.00153  offset=0.00000  sym=0.00002  mid=0.00000  limit=0.00000
    [Stage_2_deform_coarse] it   50/1000  loss=0.001620   chamfer=0.00079  edge=0.00026  normal=0.06208  laplacian=0.00270  offset=0.00005  sym=0.00002  mid=0.00000  limit=0.00023
    [Stage_2_deform_coarse] it  100/1000  loss=0.001493   chamfer=0.00070  edge=0.00027  normal=0.06125  laplacian=0.00269  offset=0.00005  sym=0.00001  mid=0.00000  limit=0.00013
    [Stage_2_deform_coarse] it  150/1000  loss=0.001438   chamfer=0.00065  edge=0.00027  normal=0.06240  laplacian=0.00275  offset=0.00004  sym=0.00001  mid=0.00000  limit=0.00009
    [Stage_2_deform_coarse] it  200/1000  loss=0.001404   chamfer=0.00061  edge=0.00028  normal=0.06378  laplacian=0.00280  offset=0.00004  sym=0.00001  mid=0.00000  limit=0.00006
    [Stage_2_deform_coarse] it  250/1000  loss=0.001389   chamfer=0.00060  edge=0.00028  normal=0.06403  laplacian=0.00282  offset=0.00004  sym=0.00001  mid=0.00000  limit=0.00004
    [Stage_2_deform_coarse] it  300/1000  loss=0.001370   chamfer=0.00058  edge=0.00028  normal=0.06536  laplacian=0.00285  offset=0.00004  sym=0.00001  mid=0.00000  limit=0.00003
    [Stage_2_deform_coarse] it  350/1000  loss=0.001369   chamfer=0.00057  edge=0.00028  normal=0.06675  laplacian=0.00289  offset=0.00004  sym=0.00001  mid=0.00000  limit=0.00002
    [Stage_2_deform_coarse] it  400/1000  loss=0.001357   chamfer=0.00056  edge=0.00029  normal=0.06729  laplacian=0.00291  offset=0.00004  sym=0.00001  mid=0.00000  limit=0.00001
    [Stage_2_deform_coarse] it  450/1000  loss=0.001356   chamfer=0.00055  edge=0.00029  normal=0.06833  laplacian=0.00295  offset=0.00004  sym=0.00001  mid=0.00000  limit=0.00001
    [Stage_2_deform_coarse] it  500/1000  loss=0.001341   chamfer=0.00054  edge=0.00029  normal=0.06793  laplacian=0.00294  offset=0.00004  sym=0.00001  mid=0.00000  limit=0.00000
    [Stage_2_deform_coarse] it  550/1000  loss=0.001336   chamfer=0.00055  edge=0.00029  normal=0.06694  laplacian=0.00293  offset=0.00004  sym=0.00001  mid=0.00000  limit=0.00000
    [Stage_2_deform_coarse] it  600/1000  loss=0.001319   chamfer=0.00053  edge=0.00029  normal=0.06750  laplacian=0.00292  offset=0.00004  sym=0.00001  mid=0.00000  limit=0.00000
    [Stage_2_deform_coarse] it  650/1000  loss=0.001316   chamfer=0.00053  edge=0.00029  normal=0.06739  laplacian=0.00293  offset=0.00004  sym=0.00001  mid=0.00000  limit=0.00000
    [Stage_2_deform_coarse] it  700/1000  loss=0.001302   chamfer=0.00052  edge=0.00029  normal=0.06661  laplacian=0.00292  offset=0.00004  sym=0.00001  mid=0.00000  limit=0.00000
    [Stage_2_deform_coarse] it  750/1000  loss=0.001308   chamfer=0.00052  edge=0.00029  normal=0.06743  laplacian=0.00293  offset=0.00004  sym=0.00001  mid=0.00000  limit=0.00000
    [Stage_2_deform_coarse] it  800/1000  loss=0.001311   chamfer=0.00052  edge=0.00029  normal=0.06823  laplacian=0.00295  offset=0.00004  sym=0.00001  mid=0.00000  limit=0.00000
    [Stage_2_deform_coarse] it  850/1000  loss=0.001305   chamfer=0.00051  edge=0.00029  normal=0.06896  laplacian=0.00297  offset=0.00004  sym=0.00001  mid=0.00000  limit=0.00000
    [Stage_2_deform_coarse] it  900/1000  loss=0.001297   chamfer=0.00051  edge=0.00029  normal=0.06886  laplacian=0.00295  offset=0.00003  sym=0.00001  mid=0.00000  limit=0.00000
    [Stage_2_deform_coarse] it  950/1000  loss=0.001278   chamfer=0.00050  edge=0.00029  normal=0.06767  laplacian=0.00292  offset=0.00003  sym=0.00001  mid=0.00000  limit=0.00000
    [Stage_2_deform_coarse] it  999/1000  loss=0.001278   chamfer=0.00050  edge=0.00029  normal=0.06856  laplacian=0.00293  offset=0.00003  sym=0.00001  mid=0.00000  limit=0.00000
    [Stage_3_deform_fine] it    0/1000  loss=0.000525   chamfer=0.00051  edge=0.00029  normal=0.06842  laplacian=0.00293  offset=0.00003  sym=0.00001  mid=0.00000  limit=0.00000
    [Stage_3_deform_fine] it   50/1000  loss=0.000463   chamfer=0.00046  edge=0.00029  normal=0.05288  laplacian=0.00283  offset=0.00003  sym=0.00000  mid=0.00000  limit=0.00000
    [Stage_3_deform_fine] it  100/1000  loss=0.000459   chamfer=0.00046  edge=0.00029  normal=0.05181  laplacian=0.00282  offset=0.00003  sym=0.00000  mid=0.00000  limit=0.00000
    [Stage_3_deform_fine] it  150/1000  loss=0.000456   chamfer=0.00045  edge=0.00030  normal=0.05181  laplacian=0.00284  offset=0.00003  sym=0.00000  mid=0.00000  limit=0.00000
    [Stage_3_deform_fine] it  200/1000  loss=0.000455   chamfer=0.00045  edge=0.00030  normal=0.05199  laplacian=0.00285  offset=0.00003  sym=0.00000  mid=0.00000  limit=0.00000
    [Stage_3_deform_fine] it  250/1000  loss=0.000453   chamfer=0.00045  edge=0.00030  normal=0.05216  laplacian=0.00286  offset=0.00003  sym=0.00000  mid=0.00000  limit=0.00000
    [Stage_3_deform_fine] it  300/1000  loss=0.000449   chamfer=0.00044  edge=0.00030  normal=0.05203  laplacian=0.00286  offset=0.00003  sym=0.00000  mid=0.00000  limit=0.00000
    [Stage_3_deform_fine] it  350/1000  loss=0.000445   chamfer=0.00044  edge=0.00030  normal=0.05195  laplacian=0.00286  offset=0.00003  sym=0.00000  mid=0.00000  limit=0.00000
    [Stage_3_deform_fine] it  400/1000  loss=0.000443   chamfer=0.00044  edge=0.00030  normal=0.05219  laplacian=0.00286  offset=0.00003  sym=0.00000  mid=0.00000  limit=0.00000
    [Stage_3_deform_fine] it  450/1000  loss=0.000441   chamfer=0.00043  edge=0.00030  normal=0.05203  laplacian=0.00286  offset=0.00003  sym=0.00000  mid=0.00000  limit=0.00000
    [Stage_3_deform_fine] it  500/1000  loss=0.000438   chamfer=0.00043  edge=0.00030  normal=0.05225  laplacian=0.00285  offset=0.00003  sym=0.00000  mid=0.00000  limit=0.00000
    [Stage_3_deform_fine] it  550/1000  loss=0.000434   chamfer=0.00042  edge=0.00030  normal=0.05228  laplacian=0.00285  offset=0.00003  sym=0.00000  mid=0.00000  limit=0.00000
    [Stage_3_deform_fine] it  600/1000  loss=0.000431   chamfer=0.00042  edge=0.00030  normal=0.05210  laplacian=0.00285  offset=0.00003  sym=0.00000  mid=0.00000  limit=0.00000
    [Stage_3_deform_fine] it  650/1000  loss=0.000428   chamfer=0.00042  edge=0.00030  normal=0.05192  laplacian=0.00284  offset=0.00003  sym=0.00000  mid=0.00000  limit=0.00000
    [Stage_3_deform_fine] it  700/1000  loss=0.000423   chamfer=0.00041  edge=0.00029  normal=0.05173  laplacian=0.00283  offset=0.00003  sym=0.00000  mid=0.00000  limit=0.00000
    [Stage_3_deform_fine] it  750/1000  loss=0.000421   chamfer=0.00041  edge=0.00029  normal=0.05168  laplacian=0.00282  offset=0.00002  sym=0.00000  mid=0.00000  limit=0.00000
    [Stage_3_deform_fine] it  800/1000  loss=0.000417   chamfer=0.00041  edge=0.00029  normal=0.05181  laplacian=0.00281  offset=0.00002  sym=0.00000  mid=0.00000  limit=0.00000
    [Stage_3_deform_fine] it  850/1000  loss=0.000415   chamfer=0.00040  edge=0.00029  normal=0.05193  laplacian=0.00280  offset=0.00002  sym=0.00000  mid=0.00000  limit=0.00000
    [Stage_3_deform_fine] it  900/1000  loss=0.000410   chamfer=0.00040  edge=0.00029  normal=0.05170  laplacian=0.00279  offset=0.00002  sym=0.00000  mid=0.00000  limit=0.00000
    [Stage_3_deform_fine] it  950/1000  loss=0.000408   chamfer=0.00040  edge=0.00029  normal=0.05178  laplacian=0.00278  offset=0.00002  sym=0.00000  mid=0.00000  limit=0.00000
    [Stage_3_deform_fine] it  999/1000  loss=0.000402   chamfer=0.00039  edge=0.00029  normal=0.05154  laplacian=0.00276  offset=0.00002  sym=0.00000  mid=0.00000  limit=0.00000
  eval 10/12
[moonshot] wrote diagnostics/moonshot/runs/GNC_slow/metrics.csv

  ---- summary ----
    chamfer_l2                       0.000881
    fscore@0.01                      0.667789
    fscore@0.02                      0.904438
    hausdorff_95                     0.035333
    normal_consistency               0.812648
    edge_logratio_absmean            0.145119
    tri_quality_mean                 0.748468
    deform_mag_mean                  0.003118
    midline_dev_mean                 0.019721
    part_leg_distal_dist_mean        0.008931
    part_leg_dist_mean               0.007895
    part_body_dist_mean              0.009446
=== task 2 DONE ===
