host=n23m0330.hpc.itc.rwth-aachen.de head=302d14396998d735992b324899b9e28931ed87c2 job=4890224_13 specimen=13
08b69daf119a6eda0cd699b8894ee7f8  3D_model_prep/OmniAnt_25PCs_joint_limited.pkl
1efa7a1481119aaf05e32a89375f4218  diagnostics/joint_alignment_benchmark/cfg/A_prod.yaml
e40551f0868b8d85f358d91dbfe9389d  /hpcwork/nao48500/fig_registration_stages/single_meshes/13/13.obj
f4f265e29a88fd0c098314e74e97d1252eae29041fe2300db7febf43a14fffb0  diagnostics/fig_registration_stages/PREREGISTRATION.md
04d27f2127f028dd749116e57a7067f1ef9ce208dbff9a75ef6196c36deab33d  code_patch(fitter_3d+smal_model)
[11:43:46] hierarchical
[hier] 1 meshes
1 target meshes loaded.
[hier] anatomical groups (template vertices): {'body': 5526, 'l1_l': 753, 'l1_r': 756, 'l2_l': 669, 'l2_r': 669, 'l3_l': 931, 'l3_r': 931}
[hier] 7 groups: ['body', 'l1_l', 'l1_r', 'l2_l', 'l2_r', 'l3_l', 'l3_r']
[hier] body stage moves ['body'], leg stage moves 6 leg groups
/home/nao48500/miniforge3/envs/pytorch3d/lib/python3.10/site-packages/pytorch3d/ops/laplacian_matrices.py:51: UserWarning: torch.sparse.SparseTensor(indices, values, shape, *, device=) is deprecated.  Please use torch.sparse_coo_tensor(indices, values, shape, dtype=, device=). (Triggered internally at /opt/conda/conda-bld/pytorch_1716905971132/work/torch/csrc/utils/tensor_new.cpp:621.)
  A = torch.sparse.FloatTensor(idx, ones, (V, V))
    [H0_body]    0/900 loss=0.009687  chamfer=0.00968  edge=0.00000  lap=0.00142  sym=0.00000  limit=0.00000  mid=0.00000
    [H0_body]  100/900 loss=0.001450  chamfer=0.00070  edge=0.01460  lap=0.00152  sym=0.00001  limit=0.00000  mid=0.00000
    [H0_body]  200/900 loss=0.001412  chamfer=0.00068  edge=0.01433  lap=0.00152  sym=0.00001  limit=0.00000  mid=0.00000
    [H0_body]  300/900 loss=0.001399  chamfer=0.00067  edge=0.01435  lap=0.00152  sym=0.00001  limit=0.00000  mid=0.00000
    [H0_body]  400/900 loss=0.001428  chamfer=0.00070  edge=0.01416  lap=0.00152  sym=0.00001  limit=0.00000  mid=0.00000
    [H0_body]  500/900 loss=0.001397  chamfer=0.00067  edge=0.01417  lap=0.00153  sym=0.00001  limit=0.00000  mid=0.00000
    [H0_body]  600/900 loss=0.001397  chamfer=0.00068  edge=0.01403  lap=0.00153  sym=0.00001  limit=0.00000  mid=0.00000
    [H0_body]  700/900 loss=0.001389  chamfer=0.00068  edge=0.01394  lap=0.00153  sym=0.00001  limit=0.00000  mid=0.00000
    [H0_body]  800/900 loss=0.001388  chamfer=0.00068  edge=0.01390  lap=0.00153  sym=0.00001  limit=0.00000  mid=0.00000
    [H0_body]  899/900 loss=0.001397  chamfer=0.00069  edge=0.01390  lap=0.00153  sym=0.00001  limit=0.00000  mid=0.00000
    [H1_legs]    0/1200 loss=0.001261  chamfer=0.00055  edge=0.01390  lap=0.00153  sym=0.00001  limit=0.00000  mid=0.00000
    [H1_legs]  100/1200 loss=0.000703  chamfer=0.00039  edge=0.00597  lap=0.00148  sym=0.00000  limit=0.00000  mid=0.00000  churn=0.005
    [H1_legs]  200/1200 loss=0.000616  chamfer=0.00038  edge=0.00441  lap=0.00147  sym=0.00000  limit=0.00000  mid=0.00000  churn=0.002
    [H1_legs]  300/1200 loss=0.000590  chamfer=0.00039  edge=0.00386  lap=0.00147  sym=0.00000  limit=0.00000  mid=0.00000  churn=0.002
    [H1_legs]  400/1200 loss=0.000569  chamfer=0.00038  edge=0.00369  lap=0.00147  sym=0.00000  limit=0.00000  mid=0.00000  churn=0.001
    [H1_legs]  500/1200 loss=0.000559  chamfer=0.00037  edge=0.00354  lap=0.00147  sym=0.00000  limit=0.00000  mid=0.00000  churn=0.002
    [H1_legs]  600/1200 loss=0.000555  chamfer=0.00037  edge=0.00348  lap=0.00147  sym=0.00000  limit=0.00000  mid=0.00000  churn=0.002
    [H1_legs]  700/1200 loss=0.000551  chamfer=0.00037  edge=0.00350  lap=0.00147  sym=0.00000  limit=0.00000  mid=0.00000  churn=0.001
    [H1_legs]  800/1200 loss=0.000549  chamfer=0.00036  edge=0.00351  lap=0.00147  sym=0.00000  limit=0.00000  mid=0.00000  churn=0.001
    [H1_legs]  900/1200 loss=0.000550  chamfer=0.00037  edge=0.00352  lap=0.00147  sym=0.00000  limit=0.00000  mid=0.00000  churn=0.000
    [H1_legs] 1000/1200 loss=0.000552  chamfer=0.00037  edge=0.00344  lap=0.00147  sym=0.00000  limit=0.00000  mid=0.00000  churn=0.001
    [H1_legs] 1100/1200 loss=0.000548  chamfer=0.00036  edge=0.00348  lap=0.00147  sym=0.00000  limit=0.00000  mid=0.00000  churn=0.000
    [H1_legs] 1199/1200 loss=0.000550  chamfer=0.00036  edge=0.00352  lap=0.00147  sym=0.00000  limit=0.00000  mid=0.00000  churn=0.000
    [H1_legs] partition churn: first 0.008 last 0.000 mean 0.002   (falling churn => the data term is settling)
    [H2_joint]    0/900 loss=0.000550  chamfer=0.00036  edge=0.00352  lap=0.00147  sym=0.00000  limit=0.00000  mid=0.00000
    [H2_joint]  100/900 loss=0.000513  chamfer=0.00035  edge=0.00308  lap=0.00146  sym=0.00000  limit=0.00000  mid=0.00000  churn=0.005
    [H2_joint]  200/900 loss=0.000501  chamfer=0.00034  edge=0.00313  lap=0.00147  sym=0.00000  limit=0.00000  mid=0.00000  churn=0.001
    [H2_joint]  300/900 loss=0.000499  chamfer=0.00033  edge=0.00319  lap=0.00147  sym=0.00000  limit=0.00000  mid=0.00000  churn=0.001
    [H2_joint]  400/900 loss=0.000496  chamfer=0.00033  edge=0.00315  lap=0.00147  sym=0.00000  limit=0.00000  mid=0.00000  churn=0.000
    [H2_joint]  500/900 loss=0.000494  chamfer=0.00033  edge=0.00315  lap=0.00147  sym=0.00000  limit=0.00000  mid=0.00000  churn=0.001
    [H2_joint]  600/900 loss=0.000493  chamfer=0.00033  edge=0.00312  lap=0.00147  sym=0.00000  limit=0.00000  mid=0.00000  churn=0.001
    [H2_joint]  700/900 loss=0.000491  chamfer=0.00032  edge=0.00315  lap=0.00147  sym=0.00000  limit=0.00000  mid=0.00000  churn=0.001
    [H2_joint]  800/900 loss=0.000496  chamfer=0.00033  edge=0.00319  lap=0.00147  sym=0.00000  limit=0.00000  mid=0.00000  churn=0.001
    [H2_joint]  899/900 loss=0.000487  chamfer=0.00032  edge=0.00318  lap=0.00147  sym=0.00000  limit=0.00000  mid=0.00000  churn=0.000
    [H2_joint] partition churn: first 0.004 last 0.000 mean 0.001   (falling churn => the data term is settling)
[hier] done
[12:01:20] moonshot
[moonshot] 1 meshes from /hpcwork/nao48500/fig_registration_stages/single_meshes/13
1 target meshes loaded.
[moonshot] initialised pose/shape from /hpcwork/nao48500/fig_registration_stages/D1_s0_cpu1/13/hier/H2_joint.npz
/rwthfs/rz/cluster/home/nao48500/SMILify/fitter_3d/optimise_moonshot.py:125: DeprecationWarning: numpy.core.numeric is deprecated and has been renamed to numpy._core.numeric. The numpy._core namespace contains private NumPy internals and its use is discouraged, as NumPy internals can change without warning in any release. In practice, most real-world usage of numpy.core is to access functionality in the public NumPy API. If that is the case, use the public NumPy API. If not, you are using NumPy internals. If you would still like to access an internal attribute, use numpy._core.numeric._frombuffer.
  _dd = _pickle.load(_f, encoding="latin1")
[moonshot] running 2 stages
    [Stage_2_deform_coarse] it    0/1000  loss=0.001465   chamfer=0.00101  edge=0.00019  normal=0.05672  laplacian=0.00147  offset=0.00000  sym=0.00000  mid=0.00000  scale=0.00000  limit=0.00000
    [Stage_2_deform_coarse] it   50/1000  loss=0.000738   chamfer=0.00024  edge=0.00016  normal=0.05670  laplacian=0.00193  offset=0.00001  sym=0.00000  mid=0.00000  scale=0.00000  limit=0.00000
    [Stage_2_deform_coarse] it  100/1000  loss=0.000654   chamfer=0.00021  edge=0.00015  normal=0.05281  laplacian=0.00179  offset=0.00001  sym=0.00000  mid=0.00000  scale=0.00000  limit=0.00000
    [Stage_2_deform_coarse] it  150/1000  loss=0.000667   chamfer=0.00020  edge=0.00015  normal=0.05492  laplacian=0.00187  offset=0.00001  sym=0.00000  mid=0.00000  scale=0.00000  limit=0.00000
    [Stage_2_deform_coarse] it  200/1000  loss=0.000640   chamfer=0.00019  edge=0.00015  normal=0.05349  laplacian=0.00184  offset=0.00001  sym=0.00000  mid=0.00000  scale=0.00000  limit=0.00000
    [Stage_2_deform_coarse] it  250/1000  loss=0.000653   chamfer=0.00019  edge=0.00015  normal=0.05494  laplacian=0.00187  offset=0.00001  sym=0.00000  mid=0.00000  scale=0.00000  limit=0.00000
    [Stage_2_deform_coarse] it  300/1000  loss=0.000646   chamfer=0.00019  edge=0.00015  normal=0.05483  laplacian=0.00185  offset=0.00001  sym=0.00000  mid=0.00000  scale=0.00000  limit=0.00000
    [Stage_2_deform_coarse] it  350/1000  loss=0.000656   chamfer=0.00019  edge=0.00015  normal=0.05637  laplacian=0.00189  offset=0.00001  sym=0.00000  mid=0.00000  scale=0.00000  limit=0.00000
    [Stage_2_deform_coarse] it  400/1000  loss=0.000669   chamfer=0.00019  edge=0.00015  normal=0.05770  laplacian=0.00195  offset=0.00001  sym=0.00000  mid=0.00000  scale=0.00000  limit=0.00000
    [Stage_2_deform_coarse] it  450/1000  loss=0.000670   chamfer=0.00018  edge=0.00015  normal=0.05895  laplacian=0.00192  offset=0.00001  sym=0.00000  mid=0.00000  scale=0.00000  limit=0.00000
    [Stage_2_deform_coarse] it  500/1000  loss=0.000661   chamfer=0.00018  edge=0.00015  normal=0.05801  laplacian=0.00193  offset=0.00001  sym=0.00000  mid=0.00000  scale=0.00000  limit=0.00000
    [Stage_2_deform_coarse] it  550/1000  loss=0.000676   chamfer=0.00019  edge=0.00015  normal=0.05912  laplacian=0.00195  offset=0.00001  sym=0.00000  mid=0.00000  scale=0.00000  limit=0.00000
    [Stage_2_deform_coarse] it  600/1000  loss=0.000663   chamfer=0.00019  edge=0.00015  normal=0.05818  laplacian=0.00192  offset=0.00001  sym=0.00000  mid=0.00000  scale=0.00000  limit=0.00000
    [Stage_2_deform_coarse] it  650/1000  loss=0.000659   chamfer=0.00018  edge=0.00015  normal=0.05771  laplacian=0.00191  offset=0.00001  sym=0.00000  mid=0.00000  scale=0.00000  limit=0.00000
    [Stage_2_deform_coarse] it  700/1000  loss=0.000673   chamfer=0.00018  edge=0.00015  normal=0.05811  laplacian=0.00198  offset=0.00001  sym=0.00000  mid=0.00000  scale=0.00000  limit=0.00000
    [Stage_2_deform_coarse] it  750/1000  loss=0.000678   chamfer=0.00018  edge=0.00015  normal=0.05883  laplacian=0.00198  offset=0.00001  sym=0.00000  mid=0.00000  scale=0.00000  limit=0.00000
    [Stage_2_deform_coarse] it  800/1000  loss=0.000633   chamfer=0.00018  edge=0.00015  normal=0.05494  laplacian=0.00185  offset=0.00001  sym=0.00000  mid=0.00000  scale=0.00000  limit=0.00000
    [Stage_2_deform_coarse] it  850/1000  loss=0.000662   chamfer=0.00018  edge=0.00015  normal=0.05855  laplacian=0.00191  offset=0.00001  sym=0.00000  mid=0.00000  scale=0.00000  limit=0.00000
    [Stage_2_deform_coarse] it  900/1000  loss=0.000651   chamfer=0.00018  edge=0.00015  normal=0.05729  laplacian=0.00187  offset=0.00001  sym=0.00000  mid=0.00000  scale=0.00000  limit=0.00000
    [Stage_2_deform_coarse] it  950/1000  loss=0.000638   chamfer=0.00018  edge=0.00015  normal=0.05580  laplacian=0.00187  offset=0.00001  sym=0.00000  mid=0.00000  scale=0.00000  limit=0.00000
    [Stage_2_deform_coarse] it  999/1000  loss=0.000656   chamfer=0.00018  edge=0.00015  normal=0.05771  laplacian=0.00189  offset=0.00001  sym=0.00000  mid=0.00000  scale=0.00000  limit=0.00000
    [Stage_3_deform_fine] it    0/1000  loss=0.000258   chamfer=0.00018  edge=0.00015  normal=0.05775  laplacian=0.00189  offset=0.00001  sym=0.00000  mid=0.00000  scale=0.00000  limit=0.00000
    [Stage_3_deform_fine] it   50/1000  loss=0.000221   chamfer=0.00018  edge=0.00015  normal=0.04583  laplacian=0.00168  offset=0.00001  sym=0.00000  mid=0.00000  scale=0.00000  limit=0.00000
    [Stage_3_deform_fine] it  100/1000  loss=0.000219   chamfer=0.00017  edge=0.00015  normal=0.04525  laplacian=0.00168  offset=0.00000  sym=0.00000  mid=0.00000  scale=0.00000  limit=0.00000
    [Stage_3_deform_fine] it  150/1000  loss=0.000218   chamfer=0.00017  edge=0.00015  normal=0.04490  laplacian=0.00169  offset=0.00000  sym=0.00000  mid=0.00000  scale=0.00000  limit=0.00000
    [Stage_3_deform_fine] it  200/1000  loss=0.000219   chamfer=0.00017  edge=0.00015  normal=0.04528  laplacian=0.00170  offset=0.00000  sym=0.00000  mid=0.00000  scale=0.00000  limit=0.00000
    [Stage_3_deform_fine] it  250/1000  loss=0.000220   chamfer=0.00017  edge=0.00015  normal=0.04562  laplacian=0.00173  offset=0.00001  sym=0.00000  mid=0.00000  scale=0.00000  limit=0.00000
    [Stage_3_deform_fine] it  300/1000  loss=0.000215   chamfer=0.00016  edge=0.00015  normal=0.04555  laplacian=0.00172  offset=0.00000  sym=0.00000  mid=0.00000  scale=0.00000  limit=0.00000
    [Stage_3_deform_fine] it  350/1000  loss=0.000220   chamfer=0.00017  edge=0.00015  normal=0.04568  laplacian=0.00173  offset=0.00000  sym=0.00000  mid=0.00000  scale=0.00000  limit=0.00000
    [Stage_3_deform_fine] it  400/1000  loss=0.000220   chamfer=0.00017  edge=0.00015  normal=0.04553  laplacian=0.00173  offset=0.00001  sym=0.00000  mid=0.00000  scale=0.00000  limit=0.00000
    [Stage_3_deform_fine] it  450/1000  loss=0.000219   chamfer=0.00017  edge=0.00015  normal=0.04584  laplacian=0.00173  offset=0.00000  sym=0.00000  mid=0.00000  scale=0.00000  limit=0.00000
    [Stage_3_deform_fine] it  500/1000  loss=0.000222   chamfer=0.00018  edge=0.00015  normal=0.04530  laplacian=0.00173  offset=0.00000  sym=0.00000  mid=0.00000  scale=0.00000  limit=0.00000
    [Stage_3_deform_fine] it  550/1000  loss=0.000217   chamfer=0.00017  edge=0.00015  normal=0.04500  laplacian=0.00173  offset=0.00000  sym=0.00000  mid=0.00000  scale=0.00000  limit=0.00000
    [Stage_3_deform_fine] it  600/1000  loss=0.000220   chamfer=0.00018  edge=0.00015  normal=0.04463  laplacian=0.00171  offset=0.00000  sym=0.00000  mid=0.00000  scale=0.00000  limit=0.00000
    [Stage_3_deform_fine] it  650/1000  loss=0.000217   chamfer=0.00017  edge=0.00015  normal=0.04522  laplacian=0.00171  offset=0.00000  sym=0.00000  mid=0.00000  scale=0.00000  limit=0.00000
    [Stage_3_deform_fine] it  700/1000  loss=0.000219   chamfer=0.00018  edge=0.00015  normal=0.04439  laplacian=0.00170  offset=0.00000  sym=0.00000  mid=0.00000  scale=0.00000  limit=0.00000
    [Stage_3_deform_fine] it  750/1000  loss=0.000220   chamfer=0.00017  edge=0.00015  normal=0.04540  laplacian=0.00171  offset=0.00000  sym=0.00000  mid=0.00000  scale=0.00000  limit=0.00000
    [Stage_3_deform_fine] it  800/1000  loss=0.000218   chamfer=0.00017  edge=0.00015  normal=0.04523  laplacian=0.00172  offset=0.00000  sym=0.00000  mid=0.00000  scale=0.00000  limit=0.00000
    [Stage_3_deform_fine] it  850/1000  loss=0.000219   chamfer=0.00017  edge=0.00015  normal=0.04549  laplacian=0.00174  offset=0.00000  sym=0.00000  mid=0.00000  scale=0.00000  limit=0.00000
    [Stage_3_deform_fine] it  900/1000  loss=0.000224   chamfer=0.00018  edge=0.00015  normal=0.04584  laplacian=0.00173  offset=0.00000  sym=0.00000  mid=0.00000  scale=0.00000  limit=0.00000
    [Stage_3_deform_fine] it  950/1000  loss=0.000221   chamfer=0.00018  edge=0.00015  normal=0.04503  laplacian=0.00173  offset=0.00000  sym=0.00000  mid=0.00000  scale=0.00000  limit=0.00000
    [Stage_3_deform_fine] it  999/1000  loss=0.000218   chamfer=0.00017  edge=0.00015  normal=0.04543  laplacian=0.00171  offset=0.00000  sym=0.00000  mid=0.00000  scale=0.00000  limit=0.00000
[moonshot] wrote /hpcwork/nao48500/fig_registration_stages/D1_s0_cpu1/13/moon/metrics.csv

  ---- summary ----
    chamfer_l2                       0.000070
    fscore@0.01                      0.946246
    fscore@0.02                      0.995216
    hausdorff_95                     0.011066
    normal_consistency               0.896736
    edge_logratio_absmean            0.104123
    tri_quality_mean                 0.789126
    deform_mag_mean                  0.001576
    midline_dev_mean                 0.002747
    part_leg_distal_dist_mean        0.005745
    part_leg_dist_mean               0.004931
    part_body_dist_mean              0.004815
[12:12:35] DONE
