=== task 4: arm=gnc_slow seed=0 split_flag='' yaml=diagnostics/overnight_20260818/cfg/gnc_slow.yaml ===
Wed Aug 19 06:30:06 2026       
+-----------------------------------------------------------------------------------------+
| NVIDIA-SMI 580.178.04             Driver Version: 580.178.04     CUDA Version: 13.0     |
+-----------------------------------------+------------------------+----------------------+
| GPU  Name                 Persistence-M | Bus-Id          Disp.A | Volatile Uncorr. ECC |
| Fan  Temp   Perf          Pwr:Usage/Cap |           Memory-Usage | GPU-Util  Compute M. |
|                                         |                        |               MIG M. |
|=========================================+========================+======================|
|   0  NVIDIA H100                    On  |   00000000:2C:00.0 Off |                    0 |
| N/A   44C    P0             73W /  600W |       0MiB /  95830MiB |      0%      Default |
|                                         |                        |             Disabled |
+-----------------------------------------+------------------------+----------------------+

+-----------------------------------------------------------------------------------------+
| Processes:                                                                              |
|  GPU   GI   CI              PID   Type   Process name                        GPU Memory |
|        ID   ID                                                               Usage      |
|=========================================================================================|
|  No running processes found                                                             |
+-----------------------------------------------------------------------------------------+
=== hierarchical placement ===
[hier] 50 meshes
50 target meshes loaded.
[hier] anatomical groups (template vertices): {'body': 5526, 'l1_l': 753, 'l1_r': 756, 'l2_l': 669, 'l2_r': 669, 'l3_l': 931, 'l3_r': 931}
[hier] 7 groups: ['body', 'l1_l', 'l1_r', 'l2_l', 'l2_r', 'l3_l', 'l3_r']
[hier] body stage moves ['body'], leg stage moves 6 leg groups
/home/nao48500/miniforge3/envs/pytorch3d/lib/python3.10/site-packages/pytorch3d/ops/laplacian_matrices.py:51: UserWarning: torch.sparse.SparseTensor(indices, values, shape, *, device=) is deprecated.  Please use torch.sparse_coo_tensor(indices, values, shape, dtype=, device=). (Triggered internally at /opt/conda/conda-bld/pytorch_1716905971132/work/torch/csrc/utils/tensor_new.cpp:621.)
  A = torch.sparse.FloatTensor(idx, ones, (V, V))
    [H0_body]    0/900 loss=0.011100  chamfer=0.01109  edge=0.00000  lap=0.00142  sym=0.00000  limit=0.00000  mid=0.00000
    [H0_body]  100/900 loss=0.004785  chamfer=0.00370  edge=0.01632  lap=0.00159  sym=0.00021  limit=0.00000  mid=0.00008
    [H0_body]  200/900 loss=0.004670  chamfer=0.00354  edge=0.01733  lap=0.00158  sym=0.00021  limit=0.00000  mid=0.00008
    [H0_body]  300/900 loss=0.004633  chamfer=0.00349  edge=0.01769  lap=0.00158  sym=0.00021  limit=0.00000  mid=0.00007
    [H0_body]  400/900 loss=0.004622  chamfer=0.00347  edge=0.01785  lap=0.00158  sym=0.00021  limit=0.00000  mid=0.00007
    [H0_body]  500/900 loss=0.004606  chamfer=0.00345  edge=0.01794  lap=0.00158  sym=0.00021  limit=0.00000  mid=0.00007
    [H0_body]  600/900 loss=0.004605  chamfer=0.00344  edge=0.01802  lap=0.00158  sym=0.00021  limit=0.00000  mid=0.00007
    [H0_body]  700/900 loss=0.004590  chamfer=0.00343  edge=0.01803  lap=0.00158  sym=0.00021  limit=0.00000  mid=0.00007
    [H0_body]  800/900 loss=0.004592  chamfer=0.00343  edge=0.01806  lap=0.00158  sym=0.00021  limit=0.00000  mid=0.00007
    [H0_body]  899/900 loss=0.004588  chamfer=0.00343  edge=0.01805  lap=0.00158  sym=0.00021  limit=0.00000  mid=0.00007
    [H1_legs]    0/1200 loss=0.010878  chamfer=0.00972  edge=0.01805  lap=0.00158  sym=0.00021  limit=0.00000  mid=0.00007
    [H1_legs]  100/1200 loss=0.002788  chamfer=0.00206  edge=0.01244  lap=0.00153  sym=0.00007  limit=0.00000  mid=0.00003  churn=0.023
    [H1_legs]  200/1200 loss=0.002469  chamfer=0.00186  edge=0.01041  lap=0.00153  sym=0.00004  limit=0.00000  mid=0.00003  churn=0.012
    [H1_legs]  300/1200 loss=0.002323  chamfer=0.00178  edge=0.00908  lap=0.00153  sym=0.00003  limit=0.00000  mid=0.00003  churn=0.008
    [H1_legs]  400/1200 loss=0.002258  chamfer=0.00175  edge=0.00838  lap=0.00153  sym=0.00003  limit=0.00000  mid=0.00003  churn=0.007
    [H1_legs]  500/1200 loss=0.002207  chamfer=0.00172  edge=0.00807  lap=0.00153  sym=0.00003  limit=0.00000  mid=0.00003  churn=0.006
    [H1_legs]  600/1200 loss=0.002181  chamfer=0.00171  edge=0.00781  lap=0.00153  sym=0.00003  limit=0.00000  mid=0.00003  churn=0.006
    [H1_legs]  700/1200 loss=0.002167  chamfer=0.00170  edge=0.00766  lap=0.00153  sym=0.00003  limit=0.00000  mid=0.00003  churn=0.005
    [H1_legs]  800/1200 loss=0.002147  chamfer=0.00168  edge=0.00759  lap=0.00154  sym=0.00003  limit=0.00000  mid=0.00003  churn=0.006
    [H1_legs]  900/1200 loss=0.002146  chamfer=0.00169  edge=0.00749  lap=0.00154  sym=0.00003  limit=0.00000  mid=0.00003  churn=0.005
    [H1_legs] 1000/1200 loss=0.002145  chamfer=0.00169  edge=0.00752  lap=0.00154  sym=0.00003  limit=0.00000  mid=0.00003  churn=0.005
    [H1_legs] 1100/1200 loss=0.002147  chamfer=0.00169  edge=0.00747  lap=0.00154  sym=0.00003  limit=0.00000  mid=0.00003  churn=0.004
    [H1_legs] 1199/1200 loss=0.002135  chamfer=0.00168  edge=0.00746  lap=0.00154  sym=0.00003  limit=0.00000  mid=0.00003  churn=0.003
    [H1_legs] partition churn: first 0.047 last 0.003 mean 0.009   (falling churn => the data term is settling)
    [H2_joint]    0/900 loss=0.002138  chamfer=0.00168  edge=0.00746  lap=0.00154  sym=0.00003  limit=0.00000  mid=0.00003
    [H2_joint]  100/900 loss=0.002030  chamfer=0.00168  edge=0.00645  lap=0.00152  sym=0.00003  limit=0.00000  mid=0.00000  churn=0.008
    [H2_joint]  200/900 loss=0.002004  chamfer=0.00166  edge=0.00629  lap=0.00152  sym=0.00003  limit=0.00000  mid=0.00000  churn=0.006
    [H2_joint]  300/900 loss=0.002013  chamfer=0.00168  edge=0.00614  lap=0.00152  sym=0.00003  limit=0.00000  mid=0.00000  churn=0.006
    [H2_joint]  400/900 loss=0.001991  chamfer=0.00166  edge=0.00602  lap=0.00152  sym=0.00003  limit=0.00000  mid=0.00000  churn=0.005
    [H2_joint]  500/900 loss=0.001995  chamfer=0.00166  edge=0.00601  lap=0.00152  sym=0.00003  limit=0.00000  mid=0.00000  churn=0.005
    [H2_joint]  600/900 loss=0.001998  chamfer=0.00167  edge=0.00597  lap=0.00152  sym=0.00003  limit=0.00000  mid=0.00000  churn=0.005
    [H2_joint]  700/900 loss=0.001993  chamfer=0.00166  edge=0.00599  lap=0.00152  sym=0.00003  limit=0.00000  mid=0.00000  churn=0.004
    [H2_joint]  800/900 loss=0.001973  chamfer=0.00164  edge=0.00597  lap=0.00152  sym=0.00003  limit=0.00000  mid=0.00000  churn=0.004
    [H2_joint]  899/900 loss=0.001973  chamfer=0.00165  edge=0.00596  lap=0.00152  sym=0.00003  limit=0.00000  mid=0.00000  churn=0.004
    [H2_joint] partition churn: first 0.010 last 0.004 mean 0.006   (falling churn => the data term is settling)
    [H3_deform]    0/600 loss=0.001980  chamfer=0.00165  edge=0.00596  lap=0.00152  sym=0.00003  mid=0.00000  off=0.00000
    [H3_deform]  100/600 loss=0.001640  chamfer=0.00134  edge=0.00349  lap=0.00168  sym=0.00004  mid=0.00000  off=0.00000  churn=0.013
    [H3_deform]  200/600 loss=0.001614  chamfer=0.00129  edge=0.00367  lap=0.00169  sym=0.00004  mid=0.00000  off=0.00000  churn=0.009
    [H3_deform]  300/600 loss=0.001609  chamfer=0.00129  edge=0.00369  lap=0.00170  sym=0.00004  mid=0.00000  off=0.00000  churn=0.007
    [H3_deform]  400/600 loss=0.001607  chamfer=0.00128  edge=0.00372  lap=0.00170  sym=0.00004  mid=0.00000  off=0.00000  churn=0.007
    [H3_deform]  500/600 loss=0.001605  chamfer=0.00128  edge=0.00377  lap=0.00170  sym=0.00004  mid=0.00000  off=0.00000  churn=0.006
    [H3_deform]  599/600 loss=0.001581  chamfer=0.00126  edge=0.00376  lap=0.00170  sym=0.00004  mid=0.00000  off=0.00000  churn=0.006
    [H3_deform] partition churn: first 0.013 last 0.006 mean 0.008   (falling churn => the data term is settling)
[hier] done
=== moonshot handoff, yaml=diagnostics/overnight_20260818/cfg/gnc_slow.yaml ===
[moonshot] 50 meshes from /rwthfs/rz/cluster/home/nao48500/SMILify/diagnostics/moonshot/synth_clean_n50
50 target meshes loaded.
[moonshot] initialised pose/shape from diagnostics/cycle2_20260819/runs/hier_N50_gnc_slow_seed0/H2_joint.npz
/rwthfs/rz/cluster/home/nao48500/SMILify/fitter_3d/optimise_moonshot.py:112: DeprecationWarning: numpy.core.numeric is deprecated and has been renamed to numpy._core.numeric. The numpy._core namespace contains private NumPy internals and its use is discouraged, as NumPy internals can change without warning in any release. In practice, most real-world usage of numpy.core is to access functionality in the public NumPy API. If that is the case, use the public NumPy API. If not, you are using NumPy internals. If you would still like to access an internal attribute, use numpy._core.numeric._frombuffer.
  _dd = _pickle.load(_f, encoding="latin1")
[moonshot] running 2 stages
    [Stage_2_deform_coarse] it    0/1000  loss=0.002668   chamfer=0.00217  edge=0.00021  normal=0.05860  laplacian=0.00152  offset=0.00000  sym=0.00003  mid=0.00000  limit=0.00000
    [Stage_2_deform_coarse] it   50/1000  loss=0.001624   chamfer=0.00080  edge=0.00025  normal=0.06202  laplacian=0.00267  offset=0.00005  sym=0.00002  mid=0.00000  limit=0.00009
    [Stage_2_deform_coarse] it  100/1000  loss=0.001492   chamfer=0.00069  edge=0.00026  normal=0.06139  laplacian=0.00266  offset=0.00005  sym=0.00002  mid=0.00000  limit=0.00006
    [Stage_2_deform_coarse] it  150/1000  loss=0.001443   chamfer=0.00064  edge=0.00027  normal=0.06286  laplacian=0.00273  offset=0.00005  sym=0.00001  mid=0.00000  limit=0.00004
    [Stage_2_deform_coarse] it  200/1000  loss=0.001419   chamfer=0.00061  edge=0.00027  normal=0.06447  laplacian=0.00278  offset=0.00005  sym=0.00001  mid=0.00000  limit=0.00003
    [Stage_2_deform_coarse] it  250/1000  loss=0.001406   chamfer=0.00059  edge=0.00028  normal=0.06604  laplacian=0.00283  offset=0.00004  sym=0.00001  mid=0.00000  limit=0.00002
    [Stage_2_deform_coarse] it  300/1000  loss=0.001392   chamfer=0.00057  edge=0.00028  normal=0.06743  laplacian=0.00287  offset=0.00004  sym=0.00001  mid=0.00000  limit=0.00002
    [Stage_2_deform_coarse] it  350/1000  loss=0.001378   chamfer=0.00056  edge=0.00028  normal=0.06794  laplacian=0.00289  offset=0.00004  sym=0.00001  mid=0.00000  limit=0.00002
    [Stage_2_deform_coarse] it  400/1000  loss=0.001368   chamfer=0.00055  edge=0.00028  normal=0.06827  laplacian=0.00291  offset=0.00004  sym=0.00001  mid=0.00000  limit=0.00002
    [Stage_2_deform_coarse] it  450/1000  loss=0.001360   chamfer=0.00054  edge=0.00028  normal=0.06875  laplacian=0.00293  offset=0.00004  sym=0.00001  mid=0.00000  limit=0.00002
    [Stage_2_deform_coarse] it  500/1000  loss=0.001354   chamfer=0.00053  edge=0.00029  normal=0.06930  laplacian=0.00294  offset=0.00004  sym=0.00001  mid=0.00000  limit=0.00002
    [Stage_2_deform_coarse] it  550/1000  loss=0.001347   chamfer=0.00052  edge=0.00029  normal=0.06962  laplacian=0.00295  offset=0.00004  sym=0.00001  mid=0.00000  limit=0.00002
    [Stage_2_deform_coarse] it  600/1000  loss=0.001338   chamfer=0.00052  edge=0.00029  normal=0.06975  laplacian=0.00296  offset=0.00004  sym=0.00001  mid=0.00000  limit=0.00002
    [Stage_2_deform_coarse] it  650/1000  loss=0.001333   chamfer=0.00051  edge=0.00029  normal=0.06975  laplacian=0.00297  offset=0.00004  sym=0.00001  mid=0.00000  limit=0.00001
    [Stage_2_deform_coarse] it  700/1000  loss=0.001320   chamfer=0.00051  edge=0.00029  normal=0.06941  laplacian=0.00296  offset=0.00004  sym=0.00001  mid=0.00000  limit=0.00001
    [Stage_2_deform_coarse] it  750/1000  loss=0.001319   chamfer=0.00050  edge=0.00029  normal=0.07018  laplacian=0.00297  offset=0.00004  sym=0.00001  mid=0.00000  limit=0.00001
    [Stage_2_deform_coarse] it  800/1000  loss=0.001314   chamfer=0.00050  edge=0.00029  normal=0.07004  laplacian=0.00297  offset=0.00004  sym=0.00001  mid=0.00000  limit=0.00001
    [Stage_2_deform_coarse] it  850/1000  loss=0.001311   chamfer=0.00050  edge=0.00029  normal=0.07037  laplacian=0.00297  offset=0.00004  sym=0.00001  mid=0.00000  limit=0.00001
    [Stage_2_deform_coarse] it  900/1000  loss=0.001294   chamfer=0.00049  edge=0.00029  normal=0.06940  laplacian=0.00295  offset=0.00004  sym=0.00001  mid=0.00000  limit=0.00001
    [Stage_2_deform_coarse] it  950/1000  loss=0.001295   chamfer=0.00049  edge=0.00029  normal=0.07015  laplacian=0.00297  offset=0.00004  sym=0.00001  mid=0.00000  limit=0.00001
    [Stage_2_deform_coarse] it  999/1000  loss=0.001294   chamfer=0.00048  edge=0.00029  normal=0.07097  laplacian=0.00298  offset=0.00004  sym=0.00001  mid=0.00000  limit=0.00001
    [Stage_3_deform_fine] it    0/1000  loss=0.000527   chamfer=0.00048  edge=0.00029  normal=0.07099  laplacian=0.00298  offset=0.00004  sym=0.00001  mid=0.00000  limit=0.00001
    [Stage_3_deform_fine] it   50/1000  loss=0.000463   chamfer=0.00045  edge=0.00029  normal=0.05387  laplacian=0.00284  offset=0.00003  sym=0.00000  mid=0.00000  limit=0.00000
    [Stage_3_deform_fine] it  100/1000  loss=0.000458   chamfer=0.00044  edge=0.00030  normal=0.05264  laplacian=0.00283  offset=0.00003  sym=0.00000  mid=0.00000  limit=0.00000
    [Stage_3_deform_fine] it  150/1000  loss=0.000454   chamfer=0.00044  edge=0.00030  normal=0.05252  laplacian=0.00284  offset=0.00003  sym=0.00000  mid=0.00000  limit=0.00000
    [Stage_3_deform_fine] it  200/1000  loss=0.000451   chamfer=0.00043  edge=0.00030  normal=0.05247  laplacian=0.00285  offset=0.00003  sym=0.00000  mid=0.00000  limit=0.00000
    [Stage_3_deform_fine] it  250/1000  loss=0.000448   chamfer=0.00043  edge=0.00030  normal=0.05251  laplacian=0.00286  offset=0.00003  sym=0.00000  mid=0.00000  limit=0.00000
    [Stage_3_deform_fine] it  300/1000  loss=0.000446   chamfer=0.00042  edge=0.00030  normal=0.05256  laplacian=0.00286  offset=0.00003  sym=0.00000  mid=0.00000  limit=0.00000
    [Stage_3_deform_fine] it  350/1000  loss=0.000444   chamfer=0.00042  edge=0.00030  normal=0.05257  laplacian=0.00286  offset=0.00003  sym=0.00000  mid=0.00000  limit=0.00000
    [Stage_3_deform_fine] it  400/1000  loss=0.000441   chamfer=0.00042  edge=0.00030  normal=0.05260  laplacian=0.00286  offset=0.00003  sym=0.00000  mid=0.00000  limit=0.00000
    [Stage_3_deform_fine] it  450/1000  loss=0.000437   chamfer=0.00041  edge=0.00030  normal=0.05254  laplacian=0.00286  offset=0.00003  sym=0.00000  mid=0.00000  limit=0.00000
    [Stage_3_deform_fine] it  500/1000  loss=0.000435   chamfer=0.00041  edge=0.00030  normal=0.05262  laplacian=0.00285  offset=0.00003  sym=0.00000  mid=0.00000  limit=0.00000
    [Stage_3_deform_fine] it  550/1000  loss=0.000432   chamfer=0.00041  edge=0.00030  normal=0.05269  laplacian=0.00285  offset=0.00003  sym=0.00000  mid=0.00000  limit=0.00000
    [Stage_3_deform_fine] it  600/1000  loss=0.000429   chamfer=0.00041  edge=0.00030  normal=0.05256  laplacian=0.00284  offset=0.00003  sym=0.00000  mid=0.00000  limit=0.00000
    [Stage_3_deform_fine] it  650/1000  loss=0.000427   chamfer=0.00041  edge=0.00030  normal=0.05257  laplacian=0.00284  offset=0.00003  sym=0.00000  mid=0.00000  limit=0.00000
    [Stage_3_deform_fine] it  700/1000  loss=0.000423   chamfer=0.00040  edge=0.00029  normal=0.05255  laplacian=0.00283  offset=0.00003  sym=0.00000  mid=0.00000  limit=0.00000
    [Stage_3_deform_fine] it  750/1000  loss=0.000419   chamfer=0.00040  edge=0.00029  normal=0.05254  laplacian=0.00282  offset=0.00003  sym=0.00000  mid=0.00000  limit=0.00000
    [Stage_3_deform_fine] it  800/1000  loss=0.000416   chamfer=0.00039  edge=0.00029  normal=0.05238  laplacian=0.00281  offset=0.00003  sym=0.00000  mid=0.00000  limit=0.00000
    [Stage_3_deform_fine] it  850/1000  loss=0.000411   chamfer=0.00039  edge=0.00029  normal=0.05241  laplacian=0.00280  offset=0.00002  sym=0.00000  mid=0.00000  limit=0.00000
    [Stage_3_deform_fine] it  900/1000  loss=0.000408   chamfer=0.00039  edge=0.00029  normal=0.05229  laplacian=0.00279  offset=0.00002  sym=0.00000  mid=0.00000  limit=0.00000
    [Stage_3_deform_fine] it  950/1000  loss=0.000404   chamfer=0.00038  edge=0.00029  normal=0.05224  laplacian=0.00278  offset=0.00002  sym=0.00000  mid=0.00000  limit=0.00000
    [Stage_3_deform_fine] it  999/1000  loss=0.000399   chamfer=0.00038  edge=0.00029  normal=0.05207  laplacian=0.00276  offset=0.00002  sym=0.00000  mid=0.00000  limit=0.00000
  eval 10/50
  eval 20/50
  eval 30/50
  eval 40/50
  eval 50/50
[moonshot] wrote diagnostics/moonshot/runs/N50_gnc_slow_seed0/metrics.csv

  ---- summary ----
    chamfer_l2                       0.000768
    fscore@0.01                      0.688081
    fscore@0.02                      0.911396
    hausdorff_95                     0.034360
    normal_consistency               0.817446
    edge_logratio_absmean            0.145170
    tri_quality_mean                 0.741378
    deform_mag_mean                  0.003075
    midline_dev_mean                 0.014912
    part_leg_distal_dist_mean        0.008307
    part_leg_dist_mean               0.007928
    part_body_dist_mean              0.009997
=== task 4 DONE ===
