=== task 3: arm=gnc_medium seed=1 split_flag='' yaml=diagnostics/overnight_20260818/cfg/gnc_medium.yaml ===
Wed Aug 19 06:30:06 2026       
+-----------------------------------------------------------------------------------------+
| NVIDIA-SMI 580.178.04             Driver Version: 580.178.04     CUDA Version: 13.0     |
+-----------------------------------------+------------------------+----------------------+
| GPU  Name                 Persistence-M | Bus-Id          Disp.A | Volatile Uncorr. ECC |
| Fan  Temp   Perf          Pwr:Usage/Cap |           Memory-Usage | GPU-Util  Compute M. |
|                                         |                        |               MIG M. |
|=========================================+========================+======================|
|   0  NVIDIA H100                    On  |   00000000:1B:00.0 Off |                    0 |
| N/A   42C    P0             73W /  600W |       0MiB /  95830MiB |      0%      Default |
|                                         |                        |             Disabled |
+-----------------------------------------+------------------------+----------------------+

+-----------------------------------------------------------------------------------------+
| Processes:                                                                              |
|  GPU   GI   CI              PID   Type   Process name                        GPU Memory |
|        ID   ID                                                               Usage      |
|=========================================================================================|
|  No running processes found                                                             |
+-----------------------------------------------------------------------------------------+
=== hierarchical placement ===
[hier] 50 meshes
50 target meshes loaded.
[hier] anatomical groups (template vertices): {'body': 5526, 'l1_l': 753, 'l1_r': 756, 'l2_l': 669, 'l2_r': 669, 'l3_l': 931, 'l3_r': 931}
[hier] 7 groups: ['body', 'l1_l', 'l1_r', 'l2_l', 'l2_r', 'l3_l', 'l3_r']
[hier] body stage moves ['body'], leg stage moves 6 leg groups
/home/nao48500/miniforge3/envs/pytorch3d/lib/python3.10/site-packages/pytorch3d/ops/laplacian_matrices.py:51: UserWarning: torch.sparse.SparseTensor(indices, values, shape, *, device=) is deprecated.  Please use torch.sparse_coo_tensor(indices, values, shape, dtype=, device=). (Triggered internally at /opt/conda/conda-bld/pytorch_1716905971132/work/torch/csrc/utils/tensor_new.cpp:621.)
  A = torch.sparse.FloatTensor(idx, ones, (V, V))
    [H0_body]    0/900 loss=0.011123  chamfer=0.01112  edge=0.00000  lap=0.00142  sym=0.00000  limit=0.00000  mid=0.00000
    [H0_body]  100/900 loss=0.004791  chamfer=0.00370  edge=0.01645  lap=0.00159  sym=0.00022  limit=0.00000  mid=0.00008
    [H0_body]  200/900 loss=0.004672  chamfer=0.00354  edge=0.01736  lap=0.00158  sym=0.00021  limit=0.00000  mid=0.00008
    [H0_body]  300/900 loss=0.004636  chamfer=0.00349  edge=0.01770  lap=0.00158  sym=0.00021  limit=0.00000  mid=0.00007
    [H0_body]  400/900 loss=0.004623  chamfer=0.00347  edge=0.01788  lap=0.00158  sym=0.00021  limit=0.00000  mid=0.00007
    [H0_body]  500/900 loss=0.004605  chamfer=0.00344  edge=0.01801  lap=0.00158  sym=0.00021  limit=0.00000  mid=0.00007
    [H0_body]  600/900 loss=0.004596  chamfer=0.00343  edge=0.01811  lap=0.00158  sym=0.00021  limit=0.00000  mid=0.00007
    [H0_body]  700/900 loss=0.004576  chamfer=0.00341  edge=0.01815  lap=0.00158  sym=0.00021  limit=0.00000  mid=0.00007
    [H0_body]  800/900 loss=0.004581  chamfer=0.00341  edge=0.01816  lap=0.00158  sym=0.00021  limit=0.00000  mid=0.00007
    [H0_body]  899/900 loss=0.004585  chamfer=0.00342  edge=0.01816  lap=0.00158  sym=0.00021  limit=0.00000  mid=0.00007
    [H1_legs]    0/1200 loss=0.010864  chamfer=0.00970  edge=0.01816  lap=0.00158  sym=0.00021  limit=0.00000  mid=0.00007
    [H1_legs]  100/1200 loss=0.002835  chamfer=0.00210  edge=0.01254  lap=0.00153  sym=0.00007  limit=0.00002  mid=0.00003  churn=0.024
    [H1_legs]  200/1200 loss=0.002493  chamfer=0.00189  edge=0.01031  lap=0.00153  sym=0.00004  limit=0.00000  mid=0.00003  churn=0.012
    [H1_legs]  300/1200 loss=0.002361  chamfer=0.00181  edge=0.00925  lap=0.00153  sym=0.00003  limit=0.00000  mid=0.00003  churn=0.008
    [H1_legs]  400/1200 loss=0.002285  chamfer=0.00177  edge=0.00860  lap=0.00153  sym=0.00003  limit=0.00000  mid=0.00003  churn=0.007
    [H1_legs]  500/1200 loss=0.002239  chamfer=0.00174  edge=0.00817  lap=0.00153  sym=0.00003  limit=0.00000  mid=0.00003  churn=0.007
    [H1_legs]  600/1200 loss=0.002232  chamfer=0.00175  edge=0.00802  lap=0.00154  sym=0.00003  limit=0.00000  mid=0.00003  churn=0.007
    [H1_legs]  700/1200 loss=0.002177  chamfer=0.00170  edge=0.00793  lap=0.00154  sym=0.00003  limit=0.00000  mid=0.00003  churn=0.006
    [H1_legs]  800/1200 loss=0.002153  chamfer=0.00168  edge=0.00780  lap=0.00154  sym=0.00003  limit=0.00000  mid=0.00003  churn=0.005
    [H1_legs]  900/1200 loss=0.002158  chamfer=0.00169  edge=0.00771  lap=0.00154  sym=0.00003  limit=0.00000  mid=0.00003  churn=0.004
    [H1_legs] 1000/1200 loss=0.002153  chamfer=0.00168  edge=0.00768  lap=0.00154  sym=0.00003  limit=0.00000  mid=0.00003  churn=0.005
    [H1_legs] 1100/1200 loss=0.002144  chamfer=0.00168  edge=0.00767  lap=0.00154  sym=0.00003  limit=0.00000  mid=0.00003  churn=0.004
    [H1_legs] 1199/1200 loss=0.002146  chamfer=0.00168  edge=0.00767  lap=0.00154  sym=0.00003  limit=0.00000  mid=0.00003  churn=0.003
    [H1_legs] partition churn: first 0.048 last 0.003 mean 0.009   (falling churn => the data term is settling)
    [H2_joint]    0/900 loss=0.002145  chamfer=0.00168  edge=0.00767  lap=0.00154  sym=0.00003  limit=0.00000  mid=0.00003
    [H2_joint]  100/900 loss=0.002031  chamfer=0.00167  edge=0.00668  lap=0.00152  sym=0.00003  limit=0.00000  mid=0.00001  churn=0.007
    [H2_joint]  200/900 loss=0.002016  chamfer=0.00167  edge=0.00636  lap=0.00152  sym=0.00003  limit=0.00000  mid=0.00000  churn=0.006
    [H2_joint]  300/900 loss=0.002007  chamfer=0.00166  edge=0.00633  lap=0.00152  sym=0.00003  limit=0.00000  mid=0.00000  churn=0.005
    [H2_joint]  400/900 loss=0.002002  chamfer=0.00166  edge=0.00625  lap=0.00152  sym=0.00003  limit=0.00000  mid=0.00000  churn=0.005
    [H2_joint]  500/900 loss=0.001991  chamfer=0.00165  edge=0.00629  lap=0.00152  sym=0.00003  limit=0.00000  mid=0.00000  churn=0.005
    [H2_joint]  600/900 loss=0.001999  chamfer=0.00166  edge=0.00621  lap=0.00152  sym=0.00003  limit=0.00000  mid=0.00000  churn=0.005
    [H2_joint]  700/900 loss=0.001999  chamfer=0.00166  edge=0.00615  lap=0.00152  sym=0.00003  limit=0.00000  mid=0.00000  churn=0.004
    [H2_joint]  800/900 loss=0.002002  chamfer=0.00166  edge=0.00621  lap=0.00152  sym=0.00003  limit=0.00000  mid=0.00000  churn=0.004
    [H2_joint]  899/900 loss=0.001997  chamfer=0.00166  edge=0.00623  lap=0.00152  sym=0.00003  limit=0.00000  mid=0.00000  churn=0.004
    [H2_joint] partition churn: first 0.009 last 0.004 mean 0.005   (falling churn => the data term is settling)
    [H3_deform]    0/600 loss=0.001998  chamfer=0.00166  edge=0.00623  lap=0.00152  sym=0.00003  mid=0.00000  off=0.00000
    [H3_deform]  100/600 loss=0.001641  chamfer=0.00133  edge=0.00370  lap=0.00168  sym=0.00004  mid=0.00000  off=0.00000  churn=0.013
    [H3_deform]  200/600 loss=0.001629  chamfer=0.00130  edge=0.00382  lap=0.00169  sym=0.00004  mid=0.00000  off=0.00000  churn=0.008
    [H3_deform]  300/600 loss=0.001621  chamfer=0.00129  edge=0.00389  lap=0.00170  sym=0.00004  mid=0.00000  off=0.00000  churn=0.006
    [H3_deform]  400/600 loss=0.001626  chamfer=0.00129  edge=0.00392  lap=0.00170  sym=0.00003  mid=0.00000  off=0.00000  churn=0.006
    [H3_deform]  500/600 loss=0.001612  chamfer=0.00127  edge=0.00396  lap=0.00170  sym=0.00004  mid=0.00000  off=0.00000  churn=0.005
    [H3_deform]  599/600 loss=0.001589  chamfer=0.00125  edge=0.00392  lap=0.00170  sym=0.00004  mid=0.00000  off=0.00000  churn=0.005
    [H3_deform] partition churn: first 0.013 last 0.005 mean 0.008   (falling churn => the data term is settling)
[hier] done
=== moonshot handoff, yaml=diagnostics/overnight_20260818/cfg/gnc_medium.yaml ===
[moonshot] 50 meshes from /rwthfs/rz/cluster/home/nao48500/SMILify/diagnostics/moonshot/synth_clean_n50
50 target meshes loaded.
[moonshot] initialised pose/shape from diagnostics/cycle2_20260819/runs/hier_N50_gnc_medium_seed1/H2_joint.npz
/rwthfs/rz/cluster/home/nao48500/SMILify/fitter_3d/optimise_moonshot.py:112: DeprecationWarning: numpy.core.numeric is deprecated and has been renamed to numpy._core.numeric. The numpy._core namespace contains private NumPy internals and its use is discouraged, as NumPy internals can change without warning in any release. In practice, most real-world usage of numpy.core is to access functionality in the public NumPy API. If that is the case, use the public NumPy API. If not, you are using NumPy internals. If you would still like to access an internal attribute, use numpy._core.numeric._frombuffer.
  _dd = _pickle.load(_f, encoding="latin1")
[moonshot] running 2 stages
    [Stage_2_deform_coarse] it    0/1000  loss=0.003009   chamfer=0.00251  edge=0.00021  normal=0.05874  laplacian=0.00152  offset=0.00000  sym=0.00003  mid=0.00000  limit=0.00000
    [Stage_2_deform_coarse] it   50/1000  loss=0.001702   chamfer=0.00083  edge=0.00026  normal=0.06308  laplacian=0.00274  offset=0.00006  sym=0.00002  mid=0.00000  limit=0.00012
    [Stage_2_deform_coarse] it  100/1000  loss=0.001541   chamfer=0.00070  edge=0.00027  normal=0.06221  laplacian=0.00272  offset=0.00005  sym=0.00002  mid=0.00000  limit=0.00009
    [Stage_2_deform_coarse] it  150/1000  loss=0.001487   chamfer=0.00065  edge=0.00027  normal=0.06410  laplacian=0.00279  offset=0.00005  sym=0.00002  mid=0.00000  limit=0.00007
    [Stage_2_deform_coarse] it  200/1000  loss=0.001451   chamfer=0.00061  edge=0.00028  normal=0.06523  laplacian=0.00283  offset=0.00005  sym=0.00001  mid=0.00000  limit=0.00006
    [Stage_2_deform_coarse] it  250/1000  loss=0.001430   chamfer=0.00059  edge=0.00028  normal=0.06674  laplacian=0.00288  offset=0.00005  sym=0.00001  mid=0.00000  limit=0.00006
    [Stage_2_deform_coarse] it  300/1000  loss=0.001417   chamfer=0.00057  edge=0.00028  normal=0.06800  laplacian=0.00291  offset=0.00005  sym=0.00001  mid=0.00000  limit=0.00006
    [Stage_2_deform_coarse] it  350/1000  loss=0.001405   chamfer=0.00056  edge=0.00029  normal=0.06871  laplacian=0.00294  offset=0.00005  sym=0.00001  mid=0.00000  limit=0.00005
    [Stage_2_deform_coarse] it  400/1000  loss=0.001387   chamfer=0.00055  edge=0.00029  normal=0.06891  laplacian=0.00295  offset=0.00004  sym=0.00001  mid=0.00000  limit=0.00005
    [Stage_2_deform_coarse] it  450/1000  loss=0.001379   chamfer=0.00054  edge=0.00029  normal=0.06968  laplacian=0.00297  offset=0.00004  sym=0.00001  mid=0.00000  limit=0.00005
    [Stage_2_deform_coarse] it  500/1000  loss=0.001366   chamfer=0.00053  edge=0.00029  normal=0.07014  laplacian=0.00298  offset=0.00004  sym=0.00001  mid=0.00000  limit=0.00005
    [Stage_2_deform_coarse] it  550/1000  loss=0.001352   chamfer=0.00052  edge=0.00029  normal=0.06976  laplacian=0.00297  offset=0.00004  sym=0.00001  mid=0.00000  limit=0.00004
    [Stage_2_deform_coarse] it  600/1000  loss=0.001336   chamfer=0.00052  edge=0.00029  normal=0.06975  laplacian=0.00296  offset=0.00004  sym=0.00001  mid=0.00000  limit=0.00004
    [Stage_2_deform_coarse] it  650/1000  loss=0.001319   chamfer=0.00051  edge=0.00029  normal=0.06936  laplacian=0.00295  offset=0.00004  sym=0.00001  mid=0.00000  limit=0.00003
    [Stage_2_deform_coarse] it  700/1000  loss=0.001309   chamfer=0.00050  edge=0.00028  normal=0.06987  laplacian=0.00295  offset=0.00004  sym=0.00001  mid=0.00000  limit=0.00002
    [Stage_2_deform_coarse] it  750/1000  loss=0.001297   chamfer=0.00050  edge=0.00028  normal=0.06980  laplacian=0.00294  offset=0.00004  sym=0.00001  mid=0.00000  limit=0.00002
    [Stage_2_deform_coarse] it  800/1000  loss=0.001274   chamfer=0.00049  edge=0.00028  normal=0.06950  laplacian=0.00292  offset=0.00004  sym=0.00001  mid=0.00000  limit=0.00002
    [Stage_2_deform_coarse] it  850/1000  loss=0.001262   chamfer=0.00048  edge=0.00028  normal=0.06968  laplacian=0.00290  offset=0.00003  sym=0.00001  mid=0.00000  limit=0.00001
    [Stage_2_deform_coarse] it  900/1000  loss=0.001235   chamfer=0.00047  edge=0.00028  normal=0.06876  laplacian=0.00286  offset=0.00003  sym=0.00001  mid=0.00000  limit=0.00001
    [Stage_2_deform_coarse] it  950/1000  loss=0.001215   chamfer=0.00047  edge=0.00027  normal=0.06829  laplacian=0.00283  offset=0.00003  sym=0.00001  mid=0.00000  limit=0.00001
    [Stage_2_deform_coarse] it  999/1000  loss=0.001193   chamfer=0.00046  edge=0.00027  normal=0.06798  laplacian=0.00280  offset=0.00003  sym=0.00001  mid=0.00000  limit=0.00001
    [Stage_3_deform_fine] it    0/1000  loss=0.000486   chamfer=0.00046  edge=0.00027  normal=0.06799  laplacian=0.00280  offset=0.00003  sym=0.00001  mid=0.00000  limit=0.00001
    [Stage_3_deform_fine] it   50/1000  loss=0.000427   chamfer=0.00042  edge=0.00028  normal=0.05249  laplacian=0.00269  offset=0.00003  sym=0.00000  mid=0.00000  limit=0.00000
    [Stage_3_deform_fine] it  100/1000  loss=0.000418   chamfer=0.00041  edge=0.00028  normal=0.05143  laplacian=0.00268  offset=0.00002  sym=0.00000  mid=0.00000  limit=0.00000
    [Stage_3_deform_fine] it  150/1000  loss=0.000412   chamfer=0.00041  edge=0.00028  normal=0.05124  laplacian=0.00268  offset=0.00002  sym=0.00000  mid=0.00000  limit=0.00000
    [Stage_3_deform_fine] it  200/1000  loss=0.000407   chamfer=0.00040  edge=0.00028  normal=0.05123  laplacian=0.00268  offset=0.00002  sym=0.00000  mid=0.00000  limit=0.00000
    [Stage_3_deform_fine] it  250/1000  loss=0.000400   chamfer=0.00039  edge=0.00028  normal=0.05110  laplacian=0.00268  offset=0.00002  sym=0.00000  mid=0.00000  limit=0.00000
    [Stage_3_deform_fine] it  300/1000  loss=0.000395   chamfer=0.00038  edge=0.00028  normal=0.05104  laplacian=0.00267  offset=0.00002  sym=0.00000  mid=0.00000  limit=0.00000
    [Stage_3_deform_fine] it  350/1000  loss=0.000389   chamfer=0.00038  edge=0.00027  normal=0.05099  laplacian=0.00266  offset=0.00002  sym=0.00000  mid=0.00000  limit=0.00000
    [Stage_3_deform_fine] it  400/1000  loss=0.000383   chamfer=0.00037  edge=0.00027  normal=0.05093  laplacian=0.00264  offset=0.00002  sym=0.00000  mid=0.00000  limit=0.00000
    [Stage_3_deform_fine] it  450/1000  loss=0.000377   chamfer=0.00036  edge=0.00027  normal=0.05078  laplacian=0.00262  offset=0.00002  sym=0.00000  mid=0.00000  limit=0.00000
    [Stage_3_deform_fine] it  500/1000  loss=0.000370   chamfer=0.00035  edge=0.00027  normal=0.05062  laplacian=0.00260  offset=0.00002  sym=0.00000  mid=0.00000  limit=0.00000
    [Stage_3_deform_fine] it  550/1000  loss=0.000363   chamfer=0.00035  edge=0.00027  normal=0.05055  laplacian=0.00258  offset=0.00002  sym=0.00000  mid=0.00000  limit=0.00000
    [Stage_3_deform_fine] it  600/1000  loss=0.000356   chamfer=0.00034  edge=0.00027  normal=0.05031  laplacian=0.00256  offset=0.00002  sym=0.00000  mid=0.00000  limit=0.00000
    [Stage_3_deform_fine] it  650/1000  loss=0.000349   chamfer=0.00033  edge=0.00026  normal=0.05016  laplacian=0.00253  offset=0.00001  sym=0.00000  mid=0.00000  limit=0.00000
    [Stage_3_deform_fine] it  700/1000  loss=0.000342   chamfer=0.00032  edge=0.00026  normal=0.05005  laplacian=0.00251  offset=0.00001  sym=0.00000  mid=0.00000  limit=0.00000
    [Stage_3_deform_fine] it  750/1000  loss=0.000336   chamfer=0.00031  edge=0.00026  normal=0.05000  laplacian=0.00249  offset=0.00001  sym=0.00000  mid=0.00000  limit=0.00000
    [Stage_3_deform_fine] it  800/1000  loss=0.000328   chamfer=0.00030  edge=0.00026  normal=0.04978  laplacian=0.00246  offset=0.00001  sym=0.00000  mid=0.00000  limit=0.00000
    [Stage_3_deform_fine] it  850/1000  loss=0.000322   chamfer=0.00029  edge=0.00025  normal=0.04968  laplacian=0.00243  offset=0.00001  sym=0.00000  mid=0.00000  limit=0.00000
    [Stage_3_deform_fine] it  900/1000  loss=0.000314   chamfer=0.00028  edge=0.00025  normal=0.04940  laplacian=0.00240  offset=0.00001  sym=0.00000  mid=0.00000  limit=0.00000
    [Stage_3_deform_fine] it  950/1000  loss=0.000308   chamfer=0.00027  edge=0.00025  normal=0.04925  laplacian=0.00237  offset=0.00001  sym=0.00000  mid=0.00000  limit=0.00000
    [Stage_3_deform_fine] it  999/1000  loss=0.000301   chamfer=0.00026  edge=0.00025  normal=0.04902  laplacian=0.00234  offset=0.00001  sym=0.00000  mid=0.00000  limit=0.00000
  eval 10/50
  eval 20/50
  eval 30/50
  eval 40/50
  eval 50/50
[moonshot] wrote diagnostics/moonshot/runs/N50_gnc_medium_seed1/metrics.csv

  ---- summary ----
    chamfer_l2                       0.001789
    fscore@0.01                      0.614870
    fscore@0.02                      0.847356
    hausdorff_95                     0.070905
    normal_consistency               0.802339
    edge_logratio_absmean            0.123808
    tri_quality_mean                 0.751786
    deform_mag_mean                  0.002217
    midline_dev_mean                 0.014134
    part_leg_distal_dist_mean        0.008735
    part_leg_dist_mean               0.008217
    part_body_dist_mean              0.012570
=== task 3 DONE ===
