=== task 0: arm=baseline seed=0 split_flag='' yaml=diagnostics/moonshot/cfg/D1_low.yaml ===
Wed Aug 19 06:30:06 2026       
+-----------------------------------------------------------------------------------------+
| NVIDIA-SMI 580.178.04             Driver Version: 580.178.04     CUDA Version: 13.0     |
+-----------------------------------------+------------------------+----------------------+
| GPU  Name                 Persistence-M | Bus-Id          Disp.A | Volatile Uncorr. ECC |
| Fan  Temp   Perf          Pwr:Usage/Cap |           Memory-Usage | GPU-Util  Compute M. |
|                                         |                        |               MIG M. |
|=========================================+========================+======================|
|   0  NVIDIA H100                    On  |   00000000:1B:00.0 Off |                    0 |
| N/A   40C    P0             69W /  600W |       0MiB /  95830MiB |      0%      Default |
|                                         |                        |             Disabled |
+-----------------------------------------+------------------------+----------------------+

+-----------------------------------------------------------------------------------------+
| Processes:                                                                              |
|  GPU   GI   CI              PID   Type   Process name                        GPU Memory |
|        ID   ID                                                               Usage      |
|=========================================================================================|
|  No running processes found                                                             |
+-----------------------------------------------------------------------------------------+
=== hierarchical placement ===
[hier] 50 meshes
50 target meshes loaded.
[hier] anatomical groups (template vertices): {'body': 5526, 'l1_l': 753, 'l1_r': 756, 'l2_l': 669, 'l2_r': 669, 'l3_l': 931, 'l3_r': 931}
[hier] 7 groups: ['body', 'l1_l', 'l1_r', 'l2_l', 'l2_r', 'l3_l', 'l3_r']
[hier] body stage moves ['body'], leg stage moves 6 leg groups
/home/nao48500/miniforge3/envs/pytorch3d/lib/python3.10/site-packages/pytorch3d/ops/laplacian_matrices.py:51: UserWarning: torch.sparse.SparseTensor(indices, values, shape, *, device=) is deprecated.  Please use torch.sparse_coo_tensor(indices, values, shape, dtype=, device=). (Triggered internally at /opt/conda/conda-bld/pytorch_1716905971132/work/torch/csrc/utils/tensor_new.cpp:621.)
  A = torch.sparse.FloatTensor(idx, ones, (V, V))
    [H0_body]    0/900 loss=0.011100  chamfer=0.01109  edge=0.00000  lap=0.00142  sym=0.00000  limit=0.00000  mid=0.00000
    [H0_body]  100/900 loss=0.004787  chamfer=0.00370  edge=0.01634  lap=0.00159  sym=0.00021  limit=0.00000  mid=0.00008
    [H0_body]  200/900 loss=0.004671  chamfer=0.00354  edge=0.01732  lap=0.00158  sym=0.00021  limit=0.00000  mid=0.00008
    [H0_body]  300/900 loss=0.004635  chamfer=0.00349  edge=0.01770  lap=0.00158  sym=0.00021  limit=0.00000  mid=0.00008
    [H0_body]  400/900 loss=0.004615  chamfer=0.00346  edge=0.01787  lap=0.00158  sym=0.00021  limit=0.00000  mid=0.00007
    [H0_body]  500/900 loss=0.004608  chamfer=0.00345  edge=0.01794  lap=0.00158  sym=0.00021  limit=0.00000  mid=0.00007
    [H0_body]  600/900 loss=0.004601  chamfer=0.00344  edge=0.01802  lap=0.00158  sym=0.00021  limit=0.00000  mid=0.00007
    [H0_body]  700/900 loss=0.004590  chamfer=0.00343  edge=0.01804  lap=0.00158  sym=0.00021  limit=0.00000  mid=0.00007
    [H0_body]  800/900 loss=0.004592  chamfer=0.00343  edge=0.01807  lap=0.00158  sym=0.00021  limit=0.00000  mid=0.00007
    [H0_body]  899/900 loss=0.004589  chamfer=0.00343  edge=0.01806  lap=0.00158  sym=0.00021  limit=0.00000  mid=0.00007
    [H1_legs]    0/1200 loss=0.010874  chamfer=0.00971  edge=0.01806  lap=0.00158  sym=0.00021  limit=0.00000  mid=0.00007
    [H1_legs]  100/1200 loss=0.002785  chamfer=0.00205  edge=0.01246  lap=0.00153  sym=0.00007  limit=0.00000  mid=0.00003  churn=0.023
    [H1_legs]  200/1200 loss=0.002468  chamfer=0.00185  edge=0.01042  lap=0.00153  sym=0.00004  limit=0.00000  mid=0.00003  churn=0.012
    [H1_legs]  300/1200 loss=0.002322  chamfer=0.00178  edge=0.00907  lap=0.00153  sym=0.00003  limit=0.00000  mid=0.00003  churn=0.008
    [H1_legs]  400/1200 loss=0.002258  chamfer=0.00175  edge=0.00837  lap=0.00153  sym=0.00003  limit=0.00000  mid=0.00003  churn=0.007
    [H1_legs]  500/1200 loss=0.002210  chamfer=0.00172  edge=0.00809  lap=0.00153  sym=0.00003  limit=0.00000  mid=0.00003  churn=0.006
    [H1_legs]  600/1200 loss=0.002186  chamfer=0.00171  edge=0.00781  lap=0.00153  sym=0.00003  limit=0.00000  mid=0.00003  churn=0.006
    [H1_legs]  700/1200 loss=0.002164  chamfer=0.00170  edge=0.00766  lap=0.00154  sym=0.00003  limit=0.00000  mid=0.00003  churn=0.005
    [H1_legs]  800/1200 loss=0.002145  chamfer=0.00168  edge=0.00759  lap=0.00154  sym=0.00003  limit=0.00000  mid=0.00003  churn=0.006
    [H1_legs]  900/1200 loss=0.002145  chamfer=0.00169  edge=0.00749  lap=0.00154  sym=0.00003  limit=0.00000  mid=0.00003  churn=0.005
    [H1_legs] 1000/1200 loss=0.002139  chamfer=0.00168  edge=0.00749  lap=0.00154  sym=0.00003  limit=0.00000  mid=0.00003  churn=0.005
    [H1_legs] 1100/1200 loss=0.002143  chamfer=0.00169  edge=0.00743  lap=0.00154  sym=0.00003  limit=0.00000  mid=0.00003  churn=0.004
    [H1_legs] 1199/1200 loss=0.002132  chamfer=0.00168  edge=0.00743  lap=0.00154  sym=0.00003  limit=0.00000  mid=0.00003  churn=0.003
    [H1_legs] partition churn: first 0.047 last 0.003 mean 0.009   (falling churn => the data term is settling)
    [H2_joint]    0/900 loss=0.002133  chamfer=0.00168  edge=0.00743  lap=0.00154  sym=0.00003  limit=0.00000  mid=0.00003
    [H2_joint]  100/900 loss=0.002028  chamfer=0.00168  edge=0.00642  lap=0.00152  sym=0.00003  limit=0.00000  mid=0.00000  churn=0.008
    [H2_joint]  200/900 loss=0.002002  chamfer=0.00166  edge=0.00627  lap=0.00152  sym=0.00003  limit=0.00000  mid=0.00000  churn=0.006
    [H2_joint]  300/900 loss=0.002012  chamfer=0.00168  edge=0.00611  lap=0.00152  sym=0.00003  limit=0.00000  mid=0.00000  churn=0.006
    [H2_joint]  400/900 loss=0.001990  chamfer=0.00166  edge=0.00600  lap=0.00152  sym=0.00003  limit=0.00000  mid=0.00000  churn=0.005
    [H2_joint]  500/900 loss=0.001996  chamfer=0.00167  edge=0.00600  lap=0.00152  sym=0.00003  limit=0.00000  mid=0.00000  churn=0.005
    [H2_joint]  600/900 loss=0.002000  chamfer=0.00167  edge=0.00595  lap=0.00152  sym=0.00003  limit=0.00000  mid=0.00000  churn=0.005
    [H2_joint]  700/900 loss=0.001994  chamfer=0.00166  edge=0.00598  lap=0.00152  sym=0.00003  limit=0.00000  mid=0.00000  churn=0.005
    [H2_joint]  800/900 loss=0.001973  chamfer=0.00165  edge=0.00595  lap=0.00152  sym=0.00003  limit=0.00000  mid=0.00000  churn=0.004
    [H2_joint]  899/900 loss=0.001974  chamfer=0.00165  edge=0.00594  lap=0.00152  sym=0.00003  limit=0.00000  mid=0.00000  churn=0.004
    [H2_joint] partition churn: first 0.010 last 0.004 mean 0.006   (falling churn => the data term is settling)
    [H3_deform]    0/600 loss=0.001980  chamfer=0.00165  edge=0.00594  lap=0.00152  sym=0.00003  mid=0.00000  off=0.00000
    [H3_deform]  100/600 loss=0.001642  chamfer=0.00134  edge=0.00349  lap=0.00168  sym=0.00004  mid=0.00000  off=0.00000  churn=0.013
    [H3_deform]  200/600 loss=0.001617  chamfer=0.00130  edge=0.00367  lap=0.00169  sym=0.00004  mid=0.00000  off=0.00000  churn=0.008
    [H3_deform]  300/600 loss=0.001611  chamfer=0.00129  edge=0.00369  lap=0.00170  sym=0.00003  mid=0.00000  off=0.00000  churn=0.007
    [H3_deform]  400/600 loss=0.001608  chamfer=0.00128  edge=0.00372  lap=0.00170  sym=0.00004  mid=0.00000  off=0.00000  churn=0.006
    [H3_deform]  500/600 loss=0.001605  chamfer=0.00128  edge=0.00376  lap=0.00170  sym=0.00004  mid=0.00000  off=0.00000  churn=0.005
    [H3_deform]  599/600 loss=0.001582  chamfer=0.00126  edge=0.00375  lap=0.00170  sym=0.00004  mid=0.00000  off=0.00000  churn=0.005
    [H3_deform] partition churn: first 0.013 last 0.005 mean 0.008   (falling churn => the data term is settling)
[hier] done
=== moonshot handoff, yaml=diagnostics/moonshot/cfg/D1_low.yaml ===
[moonshot] 50 meshes from /rwthfs/rz/cluster/home/nao48500/SMILify/diagnostics/moonshot/synth_clean_n50
50 target meshes loaded.
[moonshot] initialised pose/shape from diagnostics/cycle2_20260819/runs/hier_N50_baseline_seed0/H2_joint.npz
/rwthfs/rz/cluster/home/nao48500/SMILify/fitter_3d/optimise_moonshot.py:112: DeprecationWarning: numpy.core.numeric is deprecated and has been renamed to numpy._core.numeric. The numpy._core namespace contains private NumPy internals and its use is discouraged, as NumPy internals can change without warning in any release. In practice, most real-world usage of numpy.core is to access functionality in the public NumPy API. If that is the case, use the public NumPy API. If not, you are using NumPy internals. If you would still like to access an internal attribute, use numpy._core.numeric._frombuffer.
  _dd = _pickle.load(_f, encoding="latin1")
[moonshot] running 2 stages
    [Stage_2_deform_coarse] it    0/1000  loss=0.003347   chamfer=0.00285  edge=0.00021  normal=0.05860  laplacian=0.00152  offset=0.00000  sym=0.00003  mid=0.00000  limit=0.00000
    [Stage_2_deform_coarse] it   50/1000  loss=0.001779   chamfer=0.00086  edge=0.00026  normal=0.06365  laplacian=0.00279  offset=0.00007  sym=0.00003  mid=0.00000  limit=0.00020
    [Stage_2_deform_coarse] it  100/1000  loss=0.001593   chamfer=0.00073  edge=0.00027  normal=0.06257  laplacian=0.00276  offset=0.00006  sym=0.00002  mid=0.00000  limit=0.00019
    [Stage_2_deform_coarse] it  150/1000  loss=0.001522   chamfer=0.00066  edge=0.00028  normal=0.06448  laplacian=0.00282  offset=0.00005  sym=0.00002  mid=0.00000  limit=0.00017
    [Stage_2_deform_coarse] it  200/1000  loss=0.001489   chamfer=0.00063  edge=0.00028  normal=0.06591  laplacian=0.00287  offset=0.00005  sym=0.00002  mid=0.00000  limit=0.00014
    [Stage_2_deform_coarse] it  250/1000  loss=0.001466   chamfer=0.00060  edge=0.00028  normal=0.06689  laplacian=0.00291  offset=0.00005  sym=0.00001  mid=0.00000  limit=0.00011
    [Stage_2_deform_coarse] it  300/1000  loss=0.001448   chamfer=0.00058  edge=0.00029  normal=0.06806  laplacian=0.00295  offset=0.00005  sym=0.00001  mid=0.00000  limit=0.00009
    [Stage_2_deform_coarse] it  350/1000  loss=0.001439   chamfer=0.00057  edge=0.00029  normal=0.06870  laplacian=0.00298  offset=0.00005  sym=0.00001  mid=0.00000  limit=0.00007
    [Stage_2_deform_coarse] it  400/1000  loss=0.001426   chamfer=0.00055  edge=0.00029  normal=0.06961  laplacian=0.00301  offset=0.00005  sym=0.00001  mid=0.00000  limit=0.00006
    [Stage_2_deform_coarse] it  450/1000  loss=0.001426   chamfer=0.00055  edge=0.00029  normal=0.07023  laplacian=0.00303  offset=0.00005  sym=0.00001  mid=0.00000  limit=0.00005
    [Stage_2_deform_coarse] it  500/1000  loss=0.001419   chamfer=0.00054  edge=0.00030  normal=0.07096  laplacian=0.00305  offset=0.00005  sym=0.00001  mid=0.00000  limit=0.00005
    [Stage_2_deform_coarse] it  550/1000  loss=0.001415   chamfer=0.00053  edge=0.00030  normal=0.07141  laplacian=0.00307  offset=0.00005  sym=0.00001  mid=0.00000  limit=0.00004
    [Stage_2_deform_coarse] it  600/1000  loss=0.001408   chamfer=0.00053  edge=0.00030  normal=0.07152  laplacian=0.00307  offset=0.00005  sym=0.00001  mid=0.00000  limit=0.00004
    [Stage_2_deform_coarse] it  650/1000  loss=0.001403   chamfer=0.00052  edge=0.00030  normal=0.07151  laplacian=0.00308  offset=0.00005  sym=0.00001  mid=0.00000  limit=0.00004
    [Stage_2_deform_coarse] it  700/1000  loss=0.001395   chamfer=0.00052  edge=0.00030  normal=0.07160  laplacian=0.00308  offset=0.00005  sym=0.00001  mid=0.00000  limit=0.00004
    [Stage_2_deform_coarse] it  750/1000  loss=0.001394   chamfer=0.00051  edge=0.00030  normal=0.07191  laplacian=0.00310  offset=0.00005  sym=0.00001  mid=0.00000  limit=0.00004
    [Stage_2_deform_coarse] it  800/1000  loss=0.001390   chamfer=0.00051  edge=0.00030  normal=0.07205  laplacian=0.00311  offset=0.00005  sym=0.00001  mid=0.00000  limit=0.00004
    [Stage_2_deform_coarse] it  850/1000  loss=0.001383   chamfer=0.00050  edge=0.00030  normal=0.07161  laplacian=0.00310  offset=0.00005  sym=0.00001  mid=0.00000  limit=0.00003
    [Stage_2_deform_coarse] it  900/1000  loss=0.001381   chamfer=0.00050  edge=0.00030  normal=0.07153  laplacian=0.00310  offset=0.00005  sym=0.00001  mid=0.00000  limit=0.00003
    [Stage_2_deform_coarse] it  950/1000  loss=0.001382   chamfer=0.00050  edge=0.00030  normal=0.07181  laplacian=0.00310  offset=0.00005  sym=0.00001  mid=0.00000  limit=0.00003
    [Stage_2_deform_coarse] it  999/1000  loss=0.001376   chamfer=0.00050  edge=0.00030  normal=0.07141  laplacian=0.00310  offset=0.00005  sym=0.00001  mid=0.00000  limit=0.00003
    [Stage_3_deform_fine] it    0/1000  loss=0.000562   chamfer=0.00050  edge=0.00030  normal=0.07145  laplacian=0.00310  offset=0.00005  sym=0.00001  mid=0.00000  limit=0.00003
    [Stage_3_deform_fine] it   50/1000  loss=0.000498   chamfer=0.00046  edge=0.00031  normal=0.05482  laplacian=0.00298  offset=0.00004  sym=0.00000  mid=0.00000  limit=0.00001
    [Stage_3_deform_fine] it  100/1000  loss=0.000495   chamfer=0.00046  edge=0.00031  normal=0.05379  laplacian=0.00298  offset=0.00004  sym=0.00000  mid=0.00000  limit=0.00001
    [Stage_3_deform_fine] it  150/1000  loss=0.000492   chamfer=0.00045  edge=0.00032  normal=0.05365  laplacian=0.00300  offset=0.00004  sym=0.00000  mid=0.00000  limit=0.00000
    [Stage_3_deform_fine] it  200/1000  loss=0.000490   chamfer=0.00045  edge=0.00032  normal=0.05375  laplacian=0.00301  offset=0.00004  sym=0.00000  mid=0.00000  limit=0.00000
    [Stage_3_deform_fine] it  250/1000  loss=0.000493   chamfer=0.00045  edge=0.00032  normal=0.05385  laplacian=0.00303  offset=0.00004  sym=0.00000  mid=0.00000  limit=0.00000
    [Stage_3_deform_fine] it  300/1000  loss=0.000490   chamfer=0.00045  edge=0.00032  normal=0.05386  laplacian=0.00303  offset=0.00004  sym=0.00000  mid=0.00000  limit=0.00000
    [Stage_3_deform_fine] it  350/1000  loss=0.000491   chamfer=0.00045  edge=0.00032  normal=0.05398  laplacian=0.00304  offset=0.00004  sym=0.00000  mid=0.00000  limit=0.00000
    [Stage_3_deform_fine] it  400/1000  loss=0.000490   chamfer=0.00045  edge=0.00032  normal=0.05408  laplacian=0.00305  offset=0.00004  sym=0.00000  mid=0.00000  limit=0.00000
    [Stage_3_deform_fine] it  450/1000  loss=0.000490   chamfer=0.00045  edge=0.00032  normal=0.05428  laplacian=0.00306  offset=0.00004  sym=0.00000  mid=0.00000  limit=0.00000
    [Stage_3_deform_fine] it  500/1000  loss=0.000488   chamfer=0.00044  edge=0.00032  normal=0.05441  laplacian=0.00307  offset=0.00004  sym=0.00000  mid=0.00000  limit=0.00000
    [Stage_3_deform_fine] it  550/1000  loss=0.000488   chamfer=0.00044  edge=0.00032  normal=0.05439  laplacian=0.00307  offset=0.00004  sym=0.00000  mid=0.00000  limit=0.00000
    [Stage_3_deform_fine] it  600/1000  loss=0.000488   chamfer=0.00044  edge=0.00032  normal=0.05440  laplacian=0.00307  offset=0.00004  sym=0.00000  mid=0.00000  limit=0.00000
    [Stage_3_deform_fine] it  650/1000  loss=0.000488   chamfer=0.00044  edge=0.00032  normal=0.05470  laplacian=0.00308  offset=0.00004  sym=0.00000  mid=0.00000  limit=0.00000
    [Stage_3_deform_fine] it  700/1000  loss=0.000488   chamfer=0.00044  edge=0.00032  normal=0.05467  laplacian=0.00308  offset=0.00004  sym=0.00000  mid=0.00000  limit=0.00000
    [Stage_3_deform_fine] it  750/1000  loss=0.000487   chamfer=0.00044  edge=0.00032  normal=0.05470  laplacian=0.00309  offset=0.00004  sym=0.00000  mid=0.00000  limit=0.00000
    [Stage_3_deform_fine] it  800/1000  loss=0.000488   chamfer=0.00044  edge=0.00032  normal=0.05467  laplacian=0.00309  offset=0.00004  sym=0.00000  mid=0.00000  limit=0.00000
    [Stage_3_deform_fine] it  850/1000  loss=0.000487   chamfer=0.00044  edge=0.00032  normal=0.05472  laplacian=0.00309  offset=0.00004  sym=0.00000  mid=0.00000  limit=0.00000
    [Stage_3_deform_fine] it  900/1000  loss=0.000486   chamfer=0.00044  edge=0.00032  normal=0.05478  laplacian=0.00310  offset=0.00004  sym=0.00000  mid=0.00000  limit=0.00000
    [Stage_3_deform_fine] it  950/1000  loss=0.000485   chamfer=0.00043  edge=0.00032  normal=0.05484  laplacian=0.00310  offset=0.00004  sym=0.00000  mid=0.00000  limit=0.00000
    [Stage_3_deform_fine] it  999/1000  loss=0.000484   chamfer=0.00043  edge=0.00032  normal=0.05478  laplacian=0.00310  offset=0.00004  sym=0.00000  mid=0.00000  limit=0.00000
  eval 10/50
  eval 20/50
  eval 30/50
  eval 40/50
  eval 50/50
[moonshot] wrote diagnostics/moonshot/runs/N50_baseline_seed0/metrics.csv

  ---- summary ----
    chamfer_l2                       0.000243
    fscore@0.01                      0.714751
    fscore@0.02                      0.943721
    hausdorff_95                     0.021834
    normal_consistency               0.822311
    edge_logratio_absmean            0.163817
    tri_quality_mean                 0.732830
    deform_mag_mean                  0.003783
    midline_dev_mean                 0.014713
    part_leg_distal_dist_mean        0.008053
    part_leg_dist_mean               0.007818
    part_body_dist_mean              0.008930
=== task 0 DONE ===
