=== task 7: arm=gnc_medium_splitdistal seed=1 split_flag='--split_distal' yaml=diagnostics/overnight_20260818/cfg/gnc_medium.yaml ===
Wed Aug 19 06:30:06 2026       
+-----------------------------------------------------------------------------------------+
| NVIDIA-SMI 580.178.04             Driver Version: 580.178.04     CUDA Version: 13.0     |
+-----------------------------------------+------------------------+----------------------+
| GPU  Name                 Persistence-M | Bus-Id          Disp.A | Volatile Uncorr. ECC |
| Fan  Temp   Perf          Pwr:Usage/Cap |           Memory-Usage | GPU-Util  Compute M. |
|                                         |                        |               MIG M. |
|=========================================+========================+======================|
|   0  NVIDIA H100                    On  |   00000000:1B:00.0 Off |                    0 |
| N/A   41C    P0             71W /  600W |       0MiB /  95830MiB |      0%      Default |
|                                         |                        |             Disabled |
+-----------------------------------------+------------------------+----------------------+

+-----------------------------------------------------------------------------------------+
| Processes:                                                                              |
|  GPU   GI   CI              PID   Type   Process name                        GPU Memory |
|        ID   ID                                                               Usage      |
|=========================================================================================|
|  No running processes found                                                             |
+-----------------------------------------------------------------------------------------+
=== hierarchical placement ===
[hier] 50 meshes
50 target meshes loaded.
[hier] anatomical groups (template vertices): {'body': 5526, 'l1d_l': 128, 'l1d_r': 128, 'l1p_l': 625, 'l1p_r': 628, 'l2d_l': 109, 'l2d_r': 109, 'l2p_l': 560, 'l2p_r': 560, 'l3d_l': 174, 'l3d_r': 174, 'l3p_l': 757, 'l3p_r': 757}
[hier] 13 groups: ['body', 'l1d_l', 'l1d_r', 'l1p_l', 'l1p_r', 'l2d_l', 'l2d_r', 'l2p_l', 'l2p_r', 'l3d_l', 'l3d_r', 'l3p_l', 'l3p_r']
[hier] body stage moves ['body'], leg stage moves 12 leg groups
/home/nao48500/miniforge3/envs/pytorch3d/lib/python3.10/site-packages/pytorch3d/ops/laplacian_matrices.py:51: UserWarning: torch.sparse.SparseTensor(indices, values, shape, *, device=) is deprecated.  Please use torch.sparse_coo_tensor(indices, values, shape, dtype=, device=). (Triggered internally at /opt/conda/conda-bld/pytorch_1716905971132/work/torch/csrc/utils/tensor_new.cpp:621.)
  A = torch.sparse.FloatTensor(idx, ones, (V, V))
    [H0_body]    0/900 loss=0.011123  chamfer=0.01112  edge=0.00000  lap=0.00142  sym=0.00000  limit=0.00000  mid=0.00000
    [H0_body]  100/900 loss=0.004793  chamfer=0.00370  edge=0.01646  lap=0.00159  sym=0.00022  limit=0.00000  mid=0.00008
    [H0_body]  200/900 loss=0.004674  chamfer=0.00354  edge=0.01737  lap=0.00158  sym=0.00021  limit=0.00000  mid=0.00008
    [H0_body]  300/900 loss=0.004633  chamfer=0.00348  edge=0.01770  lap=0.00158  sym=0.00021  limit=0.00000  mid=0.00007
    [H0_body]  400/900 loss=0.004621  chamfer=0.00347  edge=0.01788  lap=0.00158  sym=0.00021  limit=0.00000  mid=0.00007
    [H0_body]  500/900 loss=0.004605  chamfer=0.00344  edge=0.01802  lap=0.00158  sym=0.00021  limit=0.00000  mid=0.00007
    [H0_body]  600/900 loss=0.004595  chamfer=0.00343  edge=0.01811  lap=0.00158  sym=0.00021  limit=0.00000  mid=0.00007
    [H0_body]  700/900 loss=0.004580  chamfer=0.00341  edge=0.01815  lap=0.00158  sym=0.00021  limit=0.00000  mid=0.00007
    [H0_body]  800/900 loss=0.004582  chamfer=0.00341  edge=0.01816  lap=0.00158  sym=0.00021  limit=0.00000  mid=0.00007
    [H0_body]  899/900 loss=0.004588  chamfer=0.00342  edge=0.01817  lap=0.00158  sym=0.00021  limit=0.00000  mid=0.00007
    [H1_legs]    0/1200 loss=0.012974  chamfer=0.01181  edge=0.01817  lap=0.00158  sym=0.00021  limit=0.00000  mid=0.00007
    [H1_legs]  100/1200 loss=0.002807  chamfer=0.00211  edge=0.01202  lap=0.00152  sym=0.00006  limit=0.00000  mid=0.00003  churn=0.030
    [H1_legs]  200/1200 loss=0.002325  chamfer=0.00174  edge=0.01007  lap=0.00152  sym=0.00004  limit=0.00000  mid=0.00003  churn=0.014
    [H1_legs]  300/1200 loss=0.002161  chamfer=0.00162  edge=0.00919  lap=0.00152  sym=0.00003  limit=0.00000  mid=0.00003  churn=0.010
    [H1_legs]  400/1200 loss=0.002059  chamfer=0.00155  edge=0.00852  lap=0.00152  sym=0.00003  limit=0.00000  mid=0.00003  churn=0.007
    [H1_legs]  500/1200 loss=0.002006  chamfer=0.00152  edge=0.00805  lap=0.00152  sym=0.00003  limit=0.00000  mid=0.00003  churn=0.007
    [H1_legs]  600/1200 loss=0.001978  chamfer=0.00151  edge=0.00774  lap=0.00152  sym=0.00003  limit=0.00000  mid=0.00003  churn=0.006
    [H1_legs]  700/1200 loss=0.001957  chamfer=0.00150  edge=0.00750  lap=0.00152  sym=0.00003  limit=0.00000  mid=0.00003  churn=0.006
    [H1_legs]  800/1200 loss=0.001937  chamfer=0.00149  edge=0.00734  lap=0.00152  sym=0.00003  limit=0.00000  mid=0.00003  churn=0.006
    [H1_legs]  900/1200 loss=0.001944  chamfer=0.00150  edge=0.00722  lap=0.00152  sym=0.00003  limit=0.00000  mid=0.00003  churn=0.004
    [H1_legs] 1000/1200 loss=0.001940  chamfer=0.00150  edge=0.00720  lap=0.00152  sym=0.00003  limit=0.00000  mid=0.00003  churn=0.005
    [H1_legs] 1100/1200 loss=0.001933  chamfer=0.00149  edge=0.00719  lap=0.00152  sym=0.00003  limit=0.00000  mid=0.00003  churn=0.004
    [H1_legs] 1199/1200 loss=0.001944  chamfer=0.00150  edge=0.00719  lap=0.00152  sym=0.00003  limit=0.00000  mid=0.00003  churn=0.003
    [H1_legs] partition churn: first 0.058 last 0.003 mean 0.010   (falling churn => the data term is settling)
    [H2_joint]    0/900 loss=0.001947  chamfer=0.00151  edge=0.00719  lap=0.00152  sym=0.00003  limit=0.00000  mid=0.00003
    [H2_joint]  100/900 loss=0.001837  chamfer=0.00149  edge=0.00628  lap=0.00151  sym=0.00003  limit=0.00000  mid=0.00000  churn=0.008
    [H2_joint]  200/900 loss=0.001829  chamfer=0.00150  edge=0.00601  lap=0.00151  sym=0.00003  limit=0.00000  mid=0.00000  churn=0.007
    [H2_joint]  300/900 loss=0.001813  chamfer=0.00149  edge=0.00590  lap=0.00150  sym=0.00003  limit=0.00000  mid=0.00000  churn=0.006
    [H2_joint]  400/900 loss=0.001800  chamfer=0.00149  edge=0.00577  lap=0.00150  sym=0.00003  limit=0.00000  mid=0.00000  churn=0.006
    [H2_joint]  500/900 loss=0.001799  chamfer=0.00149  edge=0.00572  lap=0.00150  sym=0.00003  limit=0.00000  mid=0.00000  churn=0.006
    [H2_joint]  600/900 loss=0.001793  chamfer=0.00149  edge=0.00563  lap=0.00150  sym=0.00002  limit=0.00000  mid=0.00000  churn=0.006
    [H2_joint]  700/900 loss=0.001784  chamfer=0.00148  edge=0.00559  lap=0.00150  sym=0.00002  limit=0.00000  mid=0.00000  churn=0.005
    [H2_joint]  800/900 loss=0.001786  chamfer=0.00148  edge=0.00561  lap=0.00150  sym=0.00002  limit=0.00000  mid=0.00000  churn=0.004
    [H2_joint]  899/900 loss=0.002019  chamfer=0.00171  edge=0.00561  lap=0.00150  sym=0.00002  limit=0.00000  mid=0.00000  churn=0.004
    [H2_joint] partition churn: first 0.010 last 0.004 mean 0.006   (falling churn => the data term is settling)
    [H3_deform]    0/600 loss=0.001970  chamfer=0.00166  edge=0.00561  lap=0.00150  sym=0.00002  mid=0.00000  off=0.00000
    [H3_deform]  100/600 loss=0.001480  chamfer=0.00120  edge=0.00342  lap=0.00160  sym=0.00004  mid=0.00000  off=0.00000  churn=0.014
    [H3_deform]  200/600 loss=0.001469  chamfer=0.00118  edge=0.00348  lap=0.00161  sym=0.00004  mid=0.00000  off=0.00000  churn=0.009
    [H3_deform]  300/600 loss=0.001457  chamfer=0.00116  edge=0.00351  lap=0.00161  sym=0.00004  mid=0.00000  off=0.00000  churn=0.007
    [H3_deform]  400/600 loss=0.001454  chamfer=0.00116  edge=0.00351  lap=0.00161  sym=0.00004  mid=0.00000  off=0.00000  churn=0.006
    [H3_deform]  500/600 loss=0.001443  chamfer=0.00115  edge=0.00355  lap=0.00161  sym=0.00004  mid=0.00000  off=0.00000  churn=0.005
    [H3_deform]  599/600 loss=0.001420  chamfer=0.00113  edge=0.00352  lap=0.00161  sym=0.00004  mid=0.00000  off=0.00000  churn=0.005
    [H3_deform] partition churn: first 0.014 last 0.005 mean 0.008   (falling churn => the data term is settling)
[hier] done
=== moonshot handoff, yaml=diagnostics/overnight_20260818/cfg/gnc_medium.yaml ===
[moonshot] 50 meshes from /rwthfs/rz/cluster/home/nao48500/SMILify/diagnostics/moonshot/synth_clean_n50
50 target meshes loaded.
[moonshot] initialised pose/shape from diagnostics/cycle2_20260819/runs/hier_N50_gnc_medium_splitdistal_seed1/H2_joint.npz
/rwthfs/rz/cluster/home/nao48500/SMILify/fitter_3d/optimise_moonshot.py:112: DeprecationWarning: numpy.core.numeric is deprecated and has been renamed to numpy._core.numeric. The numpy._core namespace contains private NumPy internals and its use is discouraged, as NumPy internals can change without warning in any release. In practice, most real-world usage of numpy.core is to access functionality in the public NumPy API. If that is the case, use the public NumPy API. If not, you are using NumPy internals. If you would still like to access an internal attribute, use numpy._core.numeric._frombuffer.
  _dd = _pickle.load(_f, encoding="latin1")
[moonshot] running 2 stages
    [Stage_2_deform_coarse] it    0/1000  loss=0.003221   chamfer=0.00273  edge=0.00021  normal=0.05763  laplacian=0.00150  offset=0.00000  sym=0.00002  mid=0.00000  limit=0.00000
    [Stage_2_deform_coarse] it   50/1000  loss=0.001743   chamfer=0.00085  edge=0.00026  normal=0.06334  laplacian=0.00276  offset=0.00006  sym=0.00003  mid=0.00000  limit=0.00020
    [Stage_2_deform_coarse] it  100/1000  loss=0.001563   chamfer=0.00072  edge=0.00027  normal=0.06226  laplacian=0.00273  offset=0.00005  sym=0.00002  mid=0.00000  limit=0.00015
    [Stage_2_deform_coarse] it  150/1000  loss=0.001496   chamfer=0.00065  edge=0.00027  normal=0.06398  laplacian=0.00279  offset=0.00005  sym=0.00002  mid=0.00000  limit=0.00012
    [Stage_2_deform_coarse] it  200/1000  loss=0.001456   chamfer=0.00062  edge=0.00028  normal=0.06510  laplacian=0.00282  offset=0.00005  sym=0.00002  mid=0.00000  limit=0.00010
    [Stage_2_deform_coarse] it  250/1000  loss=0.001433   chamfer=0.00059  edge=0.00028  normal=0.06652  laplacian=0.00287  offset=0.00005  sym=0.00001  mid=0.00000  limit=0.00008
    [Stage_2_deform_coarse] it  300/1000  loss=0.001410   chamfer=0.00057  edge=0.00028  normal=0.06757  laplacian=0.00290  offset=0.00005  sym=0.00001  mid=0.00000  limit=0.00008
    [Stage_2_deform_coarse] it  350/1000  loss=0.001392   chamfer=0.00055  edge=0.00028  normal=0.06818  laplacian=0.00291  offset=0.00005  sym=0.00001  mid=0.00000  limit=0.00008
    [Stage_2_deform_coarse] it  400/1000  loss=0.001381   chamfer=0.00054  edge=0.00028  normal=0.06893  laplacian=0.00294  offset=0.00004  sym=0.00001  mid=0.00000  limit=0.00008
    [Stage_2_deform_coarse] it  450/1000  loss=0.001367   chamfer=0.00053  edge=0.00028  normal=0.06916  laplacian=0.00294  offset=0.00004  sym=0.00001  mid=0.00000  limit=0.00007
    [Stage_2_deform_coarse] it  500/1000  loss=0.001353   chamfer=0.00052  edge=0.00028  normal=0.06928  laplacian=0.00295  offset=0.00004  sym=0.00001  mid=0.00000  limit=0.00007
    [Stage_2_deform_coarse] it  550/1000  loss=0.001337   chamfer=0.00052  edge=0.00028  normal=0.06958  laplacian=0.00294  offset=0.00004  sym=0.00001  mid=0.00000  limit=0.00006
    [Stage_2_deform_coarse] it  600/1000  loss=0.001326   chamfer=0.00051  edge=0.00028  normal=0.06921  laplacian=0.00294  offset=0.00004  sym=0.00001  mid=0.00000  limit=0.00005
    [Stage_2_deform_coarse] it  650/1000  loss=0.001316   chamfer=0.00050  edge=0.00028  normal=0.06947  laplacian=0.00294  offset=0.00004  sym=0.00001  mid=0.00000  limit=0.00004
    [Stage_2_deform_coarse] it  700/1000  loss=0.001297   chamfer=0.00050  edge=0.00028  normal=0.06932  laplacian=0.00292  offset=0.00004  sym=0.00001  mid=0.00000  limit=0.00004
    [Stage_2_deform_coarse] it  750/1000  loss=0.001288   chamfer=0.00049  edge=0.00028  normal=0.06966  laplacian=0.00292  offset=0.00004  sym=0.00001  mid=0.00000  limit=0.00003
    [Stage_2_deform_coarse] it  800/1000  loss=0.001266   chamfer=0.00048  edge=0.00028  normal=0.06923  laplacian=0.00290  offset=0.00004  sym=0.00001  mid=0.00000  limit=0.00003
    [Stage_2_deform_coarse] it  850/1000  loss=0.001248   chamfer=0.00048  edge=0.00028  normal=0.06891  laplacian=0.00287  offset=0.00003  sym=0.00001  mid=0.00000  limit=0.00002
    [Stage_2_deform_coarse] it  900/1000  loss=0.001231   chamfer=0.00047  edge=0.00027  normal=0.06887  laplacian=0.00285  offset=0.00003  sym=0.00001  mid=0.00000  limit=0.00002
    [Stage_2_deform_coarse] it  950/1000  loss=0.001212   chamfer=0.00046  edge=0.00027  normal=0.06894  laplacian=0.00283  offset=0.00003  sym=0.00001  mid=0.00000  limit=0.00002
    [Stage_2_deform_coarse] it  999/1000  loss=0.001193   chamfer=0.00045  edge=0.00027  normal=0.06871  laplacian=0.00280  offset=0.00003  sym=0.00001  mid=0.00000  limit=0.00002
    [Stage_3_deform_fine] it    0/1000  loss=0.000486   chamfer=0.00045  edge=0.00027  normal=0.06867  laplacian=0.00280  offset=0.00003  sym=0.00001  mid=0.00000  limit=0.00002
    [Stage_3_deform_fine] it   50/1000  loss=0.000423   chamfer=0.00042  edge=0.00027  normal=0.05240  laplacian=0.00267  offset=0.00002  sym=0.00000  mid=0.00000  limit=0.00001
    [Stage_3_deform_fine] it  100/1000  loss=0.000415   chamfer=0.00041  edge=0.00027  normal=0.05126  laplacian=0.00266  offset=0.00002  sym=0.00000  mid=0.00000  limit=0.00001
    [Stage_3_deform_fine] it  150/1000  loss=0.000409   chamfer=0.00040  edge=0.00027  normal=0.05112  laplacian=0.00266  offset=0.00002  sym=0.00000  mid=0.00000  limit=0.00000
    [Stage_3_deform_fine] it  200/1000  loss=0.000404   chamfer=0.00040  edge=0.00027  normal=0.05113  laplacian=0.00266  offset=0.00002  sym=0.00000  mid=0.00000  limit=0.00000
    [Stage_3_deform_fine] it  250/1000  loss=0.000397   chamfer=0.00039  edge=0.00027  normal=0.05105  laplacian=0.00266  offset=0.00002  sym=0.00000  mid=0.00000  limit=0.00000
    [Stage_3_deform_fine] it  300/1000  loss=0.000392   chamfer=0.00038  edge=0.00027  normal=0.05104  laplacian=0.00265  offset=0.00002  sym=0.00000  mid=0.00000  limit=0.00000
    [Stage_3_deform_fine] it  350/1000  loss=0.000386   chamfer=0.00037  edge=0.00027  normal=0.05081  laplacian=0.00264  offset=0.00002  sym=0.00000  mid=0.00000  limit=0.00000
    [Stage_3_deform_fine] it  400/1000  loss=0.000380   chamfer=0.00037  edge=0.00027  normal=0.05083  laplacian=0.00262  offset=0.00002  sym=0.00000  mid=0.00000  limit=0.00000
    [Stage_3_deform_fine] it  450/1000  loss=0.000374   chamfer=0.00036  edge=0.00027  normal=0.05066  laplacian=0.00260  offset=0.00002  sym=0.00000  mid=0.00000  limit=0.00000
    [Stage_3_deform_fine] it  500/1000  loss=0.000367   chamfer=0.00035  edge=0.00027  normal=0.05053  laplacian=0.00259  offset=0.00002  sym=0.00000  mid=0.00000  limit=0.00000
    [Stage_3_deform_fine] it  550/1000  loss=0.000360   chamfer=0.00034  edge=0.00026  normal=0.05041  laplacian=0.00257  offset=0.00002  sym=0.00000  mid=0.00000  limit=0.00000
    [Stage_3_deform_fine] it  600/1000  loss=0.000354   chamfer=0.00034  edge=0.00026  normal=0.05043  laplacian=0.00255  offset=0.00001  sym=0.00000  mid=0.00000  limit=0.00000
    [Stage_3_deform_fine] it  650/1000  loss=0.000346   chamfer=0.00033  edge=0.00026  normal=0.05010  laplacian=0.00252  offset=0.00001  sym=0.00000  mid=0.00000  limit=0.00000
    [Stage_3_deform_fine] it  700/1000  loss=0.000339   chamfer=0.00032  edge=0.00026  normal=0.04994  laplacian=0.00249  offset=0.00001  sym=0.00000  mid=0.00000  limit=0.00000
    [Stage_3_deform_fine] it  750/1000  loss=0.000333   chamfer=0.00031  edge=0.00025  normal=0.04977  laplacian=0.00247  offset=0.00001  sym=0.00000  mid=0.00000  limit=0.00000
    [Stage_3_deform_fine] it  800/1000  loss=0.000326   chamfer=0.00030  edge=0.00025  normal=0.04971  laplacian=0.00245  offset=0.00001  sym=0.00000  mid=0.00000  limit=0.00000
    [Stage_3_deform_fine] it  850/1000  loss=0.000319   chamfer=0.00029  edge=0.00025  normal=0.04970  laplacian=0.00242  offset=0.00001  sym=0.00000  mid=0.00000  limit=0.00000
    [Stage_3_deform_fine] it  900/1000  loss=0.000313   chamfer=0.00028  edge=0.00025  normal=0.04947  laplacian=0.00239  offset=0.00001  sym=0.00000  mid=0.00000  limit=0.00000
    [Stage_3_deform_fine] it  950/1000  loss=0.000306   chamfer=0.00027  edge=0.00024  normal=0.04941  laplacian=0.00236  offset=0.00001  sym=0.00000  mid=0.00000  limit=0.00000
    [Stage_3_deform_fine] it  999/1000  loss=0.000300   chamfer=0.00026  edge=0.00024  normal=0.04918  laplacian=0.00233  offset=0.00001  sym=0.00000  mid=0.00000  limit=0.00000
  eval 10/50
  eval 20/50
  eval 30/50
  eval 40/50
  eval 50/50
[moonshot] wrote diagnostics/moonshot/runs/N50_gnc_medium_splitdistal_seed1/metrics.csv

  ---- summary ----
    chamfer_l2                       0.001763
    fscore@0.01                      0.619645
    fscore@0.02                      0.848373
    hausdorff_95                     0.071508
    normal_consistency               0.804527
    edge_logratio_absmean            0.124003
    tri_quality_mean                 0.753321
    deform_mag_mean                  0.002208
    midline_dev_mean                 0.014281
    part_leg_distal_dist_mean        0.008409
    part_leg_dist_mean               0.008235
    part_body_dist_mean              0.012150
=== task 7 DONE ===
