=== task 8: arm=gnc_legonly seed=0 split_flag='' yaml=diagnostics/cycle2_20260819/cfg/gnc_legonly.yaml ===
Wed Aug 19 06:30:06 2026       
+-----------------------------------------------------------------------------------------+
| NVIDIA-SMI 580.178.04             Driver Version: 580.178.04     CUDA Version: 13.0     |
+-----------------------------------------+------------------------+----------------------+
| GPU  Name                 Persistence-M | Bus-Id          Disp.A | Volatile Uncorr. ECC |
| Fan  Temp   Perf          Pwr:Usage/Cap |           Memory-Usage | GPU-Util  Compute M. |
|                                         |                        |               MIG M. |
|=========================================+========================+======================|
|   0  NVIDIA H100                    On  |   00000000:2C:00.0 Off |                    0 |
| N/A   42C    P0             70W /  600W |       0MiB /  95830MiB |      0%      Default |
|                                         |                        |             Disabled |
+-----------------------------------------+------------------------+----------------------+

+-----------------------------------------------------------------------------------------+
| Processes:                                                                              |
|  GPU   GI   CI              PID   Type   Process name                        GPU Memory |
|        ID   ID                                                               Usage      |
|=========================================================================================|
|  No running processes found                                                             |
+-----------------------------------------------------------------------------------------+
=== hierarchical placement ===
[hier] 50 meshes
50 target meshes loaded.
[hier] anatomical groups (template vertices): {'body': 5526, 'l1_l': 753, 'l1_r': 756, 'l2_l': 669, 'l2_r': 669, 'l3_l': 931, 'l3_r': 931}
[hier] 7 groups: ['body', 'l1_l', 'l1_r', 'l2_l', 'l2_r', 'l3_l', 'l3_r']
[hier] body stage moves ['body'], leg stage moves 6 leg groups
/home/nao48500/miniforge3/envs/pytorch3d/lib/python3.10/site-packages/pytorch3d/ops/laplacian_matrices.py:51: UserWarning: torch.sparse.SparseTensor(indices, values, shape, *, device=) is deprecated.  Please use torch.sparse_coo_tensor(indices, values, shape, dtype=, device=). (Triggered internally at /opt/conda/conda-bld/pytorch_1716905971132/work/torch/csrc/utils/tensor_new.cpp:621.)
  A = torch.sparse.FloatTensor(idx, ones, (V, V))
    [H0_body]    0/900 loss=0.011100  chamfer=0.01109  edge=0.00000  lap=0.00142  sym=0.00000  limit=0.00000  mid=0.00000
    [H0_body]  100/900 loss=0.004791  chamfer=0.00371  edge=0.01634  lap=0.00159  sym=0.00021  limit=0.00000  mid=0.00008
    [H0_body]  200/900 loss=0.004670  chamfer=0.00354  edge=0.01732  lap=0.00158  sym=0.00021  limit=0.00000  mid=0.00008
    [H0_body]  300/900 loss=0.004635  chamfer=0.00349  edge=0.01768  lap=0.00158  sym=0.00021  limit=0.00000  mid=0.00007
    [H0_body]  400/900 loss=0.004620  chamfer=0.00347  edge=0.01786  lap=0.00158  sym=0.00021  limit=0.00000  mid=0.00007
    [H0_body]  500/900 loss=0.004606  chamfer=0.00345  edge=0.01794  lap=0.00158  sym=0.00021  limit=0.00000  mid=0.00007
    [H0_body]  600/900 loss=0.004600  chamfer=0.00344  edge=0.01802  lap=0.00158  sym=0.00021  limit=0.00000  mid=0.00007
    [H0_body]  700/900 loss=0.004590  chamfer=0.00343  edge=0.01804  lap=0.00158  sym=0.00021  limit=0.00000  mid=0.00007
    [H0_body]  800/900 loss=0.004592  chamfer=0.00343  edge=0.01807  lap=0.00158  sym=0.00021  limit=0.00000  mid=0.00007
    [H0_body]  899/900 loss=0.004587  chamfer=0.00343  edge=0.01806  lap=0.00158  sym=0.00021  limit=0.00000  mid=0.00007
    [H1_legs]    0/1200 loss=0.010866  chamfer=0.00970  edge=0.01806  lap=0.00158  sym=0.00021  limit=0.00000  mid=0.00007
    [H1_legs]  100/1200 loss=0.002793  chamfer=0.00206  edge=0.01247  lap=0.00153  sym=0.00007  limit=0.00000  mid=0.00003  churn=0.022
    [H1_legs]  200/1200 loss=0.002468  chamfer=0.00185  edge=0.01043  lap=0.00153  sym=0.00004  limit=0.00000  mid=0.00003  churn=0.013
    [H1_legs]  300/1200 loss=0.002312  chamfer=0.00177  edge=0.00908  lap=0.00153  sym=0.00003  limit=0.00000  mid=0.00003  churn=0.008
    [H1_legs]  400/1200 loss=0.002257  chamfer=0.00175  edge=0.00839  lap=0.00153  sym=0.00003  limit=0.00000  mid=0.00003  churn=0.007
    [H1_legs]  500/1200 loss=0.002209  chamfer=0.00172  edge=0.00810  lap=0.00153  sym=0.00003  limit=0.00000  mid=0.00003  churn=0.006
    [H1_legs]  600/1200 loss=0.002183  chamfer=0.00171  edge=0.00784  lap=0.00153  sym=0.00003  limit=0.00000  mid=0.00003  churn=0.006
    [H1_legs]  700/1200 loss=0.002163  chamfer=0.00169  edge=0.00768  lap=0.00154  sym=0.00003  limit=0.00000  mid=0.00003  churn=0.005
    [H1_legs]  800/1200 loss=0.002143  chamfer=0.00168  edge=0.00760  lap=0.00154  sym=0.00003  limit=0.00000  mid=0.00003  churn=0.006
    [H1_legs]  900/1200 loss=0.002146  chamfer=0.00169  edge=0.00751  lap=0.00154  sym=0.00003  limit=0.00000  mid=0.00003  churn=0.005
    [H1_legs] 1000/1200 loss=0.002138  chamfer=0.00168  edge=0.00751  lap=0.00154  sym=0.00003  limit=0.00000  mid=0.00003  churn=0.005
    [H1_legs] 1100/1200 loss=0.002142  chamfer=0.00169  edge=0.00746  lap=0.00154  sym=0.00003  limit=0.00000  mid=0.00003  churn=0.004
    [H1_legs] 1199/1200 loss=0.002130  chamfer=0.00167  edge=0.00746  lap=0.00154  sym=0.00003  limit=0.00000  mid=0.00003  churn=0.003
    [H1_legs] partition churn: first 0.047 last 0.003 mean 0.009   (falling churn => the data term is settling)
    [H2_joint]    0/900 loss=0.002132  chamfer=0.00168  edge=0.00746  lap=0.00154  sym=0.00003  limit=0.00000  mid=0.00003
    [H2_joint]  100/900 loss=0.002027  chamfer=0.00167  edge=0.00644  lap=0.00152  sym=0.00003  limit=0.00000  mid=0.00001  churn=0.008
    [H2_joint]  200/900 loss=0.002003  chamfer=0.00166  edge=0.00629  lap=0.00152  sym=0.00003  limit=0.00000  mid=0.00000  churn=0.006
    [H2_joint]  300/900 loss=0.002017  chamfer=0.00168  edge=0.00615  lap=0.00152  sym=0.00003  limit=0.00000  mid=0.00000  churn=0.006
    [H2_joint]  400/900 loss=0.001995  chamfer=0.00166  edge=0.00606  lap=0.00152  sym=0.00003  limit=0.00000  mid=0.00000  churn=0.005
    [H2_joint]  500/900 loss=0.002001  chamfer=0.00167  edge=0.00607  lap=0.00152  sym=0.00003  limit=0.00000  mid=0.00000  churn=0.005
    [H2_joint]  600/900 loss=0.002004  chamfer=0.00167  edge=0.00604  lap=0.00152  sym=0.00003  limit=0.00000  mid=0.00000  churn=0.005
    [H2_joint]  700/900 loss=0.001999  chamfer=0.00167  edge=0.00605  lap=0.00152  sym=0.00003  limit=0.00000  mid=0.00000  churn=0.004
    [H2_joint]  800/900 loss=0.001977  chamfer=0.00164  edge=0.00603  lap=0.00152  sym=0.00003  limit=0.00000  mid=0.00000  churn=0.003
    [H2_joint]  899/900 loss=0.001977  chamfer=0.00165  edge=0.00602  lap=0.00152  sym=0.00003  limit=0.00000  mid=0.00000  churn=0.003
    [H2_joint] partition churn: first 0.010 last 0.003 mean 0.005   (falling churn => the data term is settling)
    [H3_deform]    0/600 loss=0.001985  chamfer=0.00165  edge=0.00602  lap=0.00152  sym=0.00003  mid=0.00000  off=0.00000
    [H3_deform]  100/600 loss=0.001644  chamfer=0.00134  edge=0.00350  lap=0.00168  sym=0.00004  mid=0.00000  off=0.00000  churn=0.013
    [H3_deform]  200/600 loss=0.001618  chamfer=0.00130  edge=0.00368  lap=0.00169  sym=0.00004  mid=0.00000  off=0.00000  churn=0.008
    [H3_deform]  300/600 loss=0.001613  chamfer=0.00129  edge=0.00370  lap=0.00170  sym=0.00004  mid=0.00000  off=0.00000  churn=0.007
    [H3_deform]  400/600 loss=0.001612  chamfer=0.00128  edge=0.00374  lap=0.00170  sym=0.00004  mid=0.00000  off=0.00000  churn=0.006
    [H3_deform]  500/600 loss=0.001609  chamfer=0.00128  edge=0.00378  lap=0.00170  sym=0.00004  mid=0.00000  off=0.00000  churn=0.006
    [H3_deform]  599/600 loss=0.001585  chamfer=0.00126  edge=0.00377  lap=0.00170  sym=0.00004  mid=0.00000  off=0.00000  churn=0.006
    [H3_deform] partition churn: first 0.013 last 0.006 mean 0.008   (falling churn => the data term is settling)
[hier] done
=== moonshot handoff, yaml=diagnostics/cycle2_20260819/cfg/gnc_legonly.yaml ===
[moonshot] 50 meshes from /rwthfs/rz/cluster/home/nao48500/SMILify/diagnostics/moonshot/synth_clean_n50
50 target meshes loaded.
[moonshot] initialised pose/shape from diagnostics/cycle2_20260819/runs/hier_N50_gnc_legonly_seed0/H2_joint.npz
/rwthfs/rz/cluster/home/nao48500/SMILify/fitter_3d/optimise_moonshot.py:112: DeprecationWarning: numpy.core.numeric is deprecated and has been renamed to numpy._core.numeric. The numpy._core namespace contains private NumPy internals and its use is discouraged, as NumPy internals can change without warning in any release. In practice, most real-world usage of numpy.core is to access functionality in the public NumPy API. If that is the case, use the public NumPy API. If not, you are using NumPy internals. If you would still like to access an internal attribute, use numpy._core.numeric._frombuffer.
  _dd = _pickle.load(_f, encoding="latin1")
[moonshot] running 2 stages
    [Stage_2_deform_coarse] it    0/1000  loss=0.007337   chamfer=0.00684  edge=0.00021  normal=0.05871  laplacian=0.00152  offset=0.00000  sym=0.00003  mid=0.00000  limit=0.00000
    [Stage_2_deform_coarse] it   50/1000  loss=0.002085   chamfer=0.00101  edge=0.00027  normal=0.06708  laplacian=0.00297  offset=0.00009  sym=0.00007  mid=0.00001  limit=0.00060
    [Stage_2_deform_coarse] it  100/1000  loss=0.001765   chamfer=0.00078  edge=0.00028  normal=0.06505  laplacian=0.00292  offset=0.00007  sym=0.00004  mid=0.00001  limit=0.00054
    [Stage_2_deform_coarse] it  150/1000  loss=0.001655   chamfer=0.00070  edge=0.00029  normal=0.06624  laplacian=0.00294  offset=0.00007  sym=0.00003  mid=0.00000  limit=0.00048
    [Stage_2_deform_coarse] it  200/1000  loss=0.001592   chamfer=0.00065  edge=0.00029  normal=0.06716  laplacian=0.00296  offset=0.00006  sym=0.00002  mid=0.00000  limit=0.00043
    [Stage_2_deform_coarse] it  250/1000  loss=0.001551   chamfer=0.00062  edge=0.00029  normal=0.06826  laplacian=0.00298  offset=0.00006  sym=0.00002  mid=0.00000  limit=0.00039
    [Stage_2_deform_coarse] it  300/1000  loss=0.001518   chamfer=0.00059  edge=0.00029  normal=0.06892  laplacian=0.00301  offset=0.00006  sym=0.00002  mid=0.00000  limit=0.00035
    [Stage_2_deform_coarse] it  350/1000  loss=0.001496   chamfer=0.00057  edge=0.00029  normal=0.07014  laplacian=0.00303  offset=0.00006  sym=0.00002  mid=0.00000  limit=0.00031
    [Stage_2_deform_coarse] it  400/1000  loss=0.001481   chamfer=0.00056  edge=0.00029  normal=0.07099  laplacian=0.00305  offset=0.00006  sym=0.00001  mid=0.00000  limit=0.00026
    [Stage_2_deform_coarse] it  450/1000  loss=0.001463   chamfer=0.00055  edge=0.00029  normal=0.07091  laplacian=0.00305  offset=0.00006  sym=0.00001  mid=0.00000  limit=0.00023
    [Stage_2_deform_coarse] it  500/1000  loss=0.001443   chamfer=0.00054  edge=0.00029  normal=0.07095  laplacian=0.00305  offset=0.00005  sym=0.00001  mid=0.00000  limit=0.00022
    [Stage_2_deform_coarse] it  550/1000  loss=0.001432   chamfer=0.00052  edge=0.00029  normal=0.07179  laplacian=0.00307  offset=0.00005  sym=0.00001  mid=0.00000  limit=0.00021
    [Stage_2_deform_coarse] it  600/1000  loss=0.001413   chamfer=0.00051  edge=0.00029  normal=0.07167  laplacian=0.00307  offset=0.00005  sym=0.00001  mid=0.00000  limit=0.00020
    [Stage_2_deform_coarse] it  650/1000  loss=0.001404   chamfer=0.00050  edge=0.00029  normal=0.07246  laplacian=0.00308  offset=0.00005  sym=0.00001  mid=0.00000  limit=0.00018
    [Stage_2_deform_coarse] it  700/1000  loss=0.001384   chamfer=0.00049  edge=0.00029  normal=0.07216  laplacian=0.00307  offset=0.00005  sym=0.00001  mid=0.00000  limit=0.00016
    [Stage_2_deform_coarse] it  750/1000  loss=0.001370   chamfer=0.00049  edge=0.00029  normal=0.07199  laplacian=0.00307  offset=0.00005  sym=0.00001  mid=0.00000  limit=0.00015
    [Stage_2_deform_coarse] it  800/1000  loss=0.001353   chamfer=0.00048  edge=0.00029  normal=0.07192  laplacian=0.00305  offset=0.00005  sym=0.00001  mid=0.00000  limit=0.00014
    [Stage_2_deform_coarse] it  850/1000  loss=0.001342   chamfer=0.00047  edge=0.00029  normal=0.07187  laplacian=0.00304  offset=0.00005  sym=0.00001  mid=0.00000  limit=0.00013
    [Stage_2_deform_coarse] it  900/1000  loss=0.001333   chamfer=0.00047  edge=0.00029  normal=0.07146  laplacian=0.00304  offset=0.00005  sym=0.00001  mid=0.00000  limit=0.00011
    [Stage_2_deform_coarse] it  950/1000  loss=0.001326   chamfer=0.00046  edge=0.00029  normal=0.07170  laplacian=0.00304  offset=0.00005  sym=0.00001  mid=0.00000  limit=0.00010
    [Stage_2_deform_coarse] it  999/1000  loss=0.001315   chamfer=0.00045  edge=0.00029  normal=0.07139  laplacian=0.00303  offset=0.00005  sym=0.00001  mid=0.00000  limit=0.00009
    [Stage_3_deform_fine] it    0/1000  loss=0.000533   chamfer=0.00045  edge=0.00029  normal=0.07133  laplacian=0.00303  offset=0.00005  sym=0.00001  mid=0.00000  limit=0.00009
    [Stage_3_deform_fine] it   50/1000  loss=0.000468   chamfer=0.00042  edge=0.00029  normal=0.05474  laplacian=0.00290  offset=0.00004  sym=0.00000  mid=0.00000  limit=0.00005
    [Stage_3_deform_fine] it  100/1000  loss=0.000462   chamfer=0.00041  edge=0.00030  normal=0.05354  laplacian=0.00289  offset=0.00004  sym=0.00000  mid=0.00000  limit=0.00002
    [Stage_3_deform_fine] it  150/1000  loss=0.000456   chamfer=0.00040  edge=0.00030  normal=0.05334  laplacian=0.00290  offset=0.00004  sym=0.00000  mid=0.00000  limit=0.00000
    [Stage_3_deform_fine] it  200/1000  loss=0.000454   chamfer=0.00040  edge=0.00030  normal=0.05330  laplacian=0.00291  offset=0.00004  sym=0.00000  mid=0.00000  limit=0.00000
    [Stage_3_deform_fine] it  250/1000  loss=0.000452   chamfer=0.00040  edge=0.00030  normal=0.05342  laplacian=0.00292  offset=0.00004  sym=0.00000  mid=0.00000  limit=0.00000
    [Stage_3_deform_fine] it  300/1000  loss=0.000450   chamfer=0.00039  edge=0.00030  normal=0.05332  laplacian=0.00292  offset=0.00004  sym=0.00000  mid=0.00000  limit=0.00000
    [Stage_3_deform_fine] it  350/1000  loss=0.000446   chamfer=0.00039  edge=0.00030  normal=0.05344  laplacian=0.00292  offset=0.00004  sym=0.00000  mid=0.00000  limit=0.00000
    [Stage_3_deform_fine] it  400/1000  loss=0.000445   chamfer=0.00038  edge=0.00030  normal=0.05352  laplacian=0.00293  offset=0.00004  sym=0.00000  mid=0.00000  limit=0.00000
    [Stage_3_deform_fine] it  450/1000  loss=0.000442   chamfer=0.00038  edge=0.00030  normal=0.05358  laplacian=0.00293  offset=0.00004  sym=0.00000  mid=0.00000  limit=0.00000
    [Stage_3_deform_fine] it  500/1000  loss=0.000440   chamfer=0.00038  edge=0.00030  normal=0.05361  laplacian=0.00293  offset=0.00004  sym=0.00000  mid=0.00000  limit=0.00000
    [Stage_3_deform_fine] it  550/1000  loss=0.000437   chamfer=0.00037  edge=0.00030  normal=0.05360  laplacian=0.00292  offset=0.00004  sym=0.00000  mid=0.00000  limit=0.00000
    [Stage_3_deform_fine] it  600/1000  loss=0.000435   chamfer=0.00037  edge=0.00030  normal=0.05364  laplacian=0.00292  offset=0.00004  sym=0.00000  mid=0.00000  limit=0.00000
    [Stage_3_deform_fine] it  650/1000  loss=0.000433   chamfer=0.00037  edge=0.00030  normal=0.05360  laplacian=0.00292  offset=0.00004  sym=0.00000  mid=0.00000  limit=0.00000
    [Stage_3_deform_fine] it  700/1000  loss=0.000431   chamfer=0.00036  edge=0.00030  normal=0.05372  laplacian=0.00292  offset=0.00004  sym=0.00000  mid=0.00000  limit=0.00000
    [Stage_3_deform_fine] it  750/1000  loss=0.000427   chamfer=0.00036  edge=0.00030  normal=0.05365  laplacian=0.00291  offset=0.00004  sym=0.00000  mid=0.00000  limit=0.00000
    [Stage_3_deform_fine] it  800/1000  loss=0.000425   chamfer=0.00035  edge=0.00030  normal=0.05360  laplacian=0.00291  offset=0.00004  sym=0.00000  mid=0.00000  limit=0.00000
    [Stage_3_deform_fine] it  850/1000  loss=0.000424   chamfer=0.00035  edge=0.00030  normal=0.05377  laplacian=0.00290  offset=0.00004  sym=0.00000  mid=0.00000  limit=0.00000
    [Stage_3_deform_fine] it  900/1000  loss=0.000420   chamfer=0.00035  edge=0.00030  normal=0.05372  laplacian=0.00290  offset=0.00004  sym=0.00000  mid=0.00000  limit=0.00000
    [Stage_3_deform_fine] it  950/1000  loss=0.000418   chamfer=0.00034  edge=0.00029  normal=0.05370  laplacian=0.00289  offset=0.00004  sym=0.00000  mid=0.00000  limit=0.00000
    [Stage_3_deform_fine] it  999/1000  loss=0.000416   chamfer=0.00034  edge=0.00029  normal=0.05368  laplacian=0.00289  offset=0.00004  sym=0.00000  mid=0.00000  limit=0.00000
  eval 10/50
  eval 20/50
  eval 30/50
  eval 40/50
  eval 50/50
[moonshot] wrote diagnostics/moonshot/runs/N50_gnc_legonly_seed0/metrics.csv

  ---- summary ----
    chamfer_l2                       0.000731
    fscore@0.01                      0.711805
    fscore@0.02                      0.940907
    hausdorff_95                     0.025864
    normal_consistency               0.835494
    edge_logratio_absmean            0.155569
    tri_quality_mean                 0.733537
    deform_mag_mean                  0.003398
    midline_dev_mean                 0.013871
    part_leg_distal_dist_mean        0.007689
    part_leg_dist_mean               0.007793
    part_body_dist_mean              0.008658
=== task 8 DONE ===
