=== task 6: arm=gnc_medium_splitdistal seed=0 split_flag='--split_distal' yaml=diagnostics/overnight_20260818/cfg/gnc_medium.yaml ===
Wed Aug 19 06:30:06 2026       
+-----------------------------------------------------------------------------------------+
| NVIDIA-SMI 580.178.04             Driver Version: 580.178.04     CUDA Version: 13.0     |
+-----------------------------------------+------------------------+----------------------+
| GPU  Name                 Persistence-M | Bus-Id          Disp.A | Volatile Uncorr. ECC |
| Fan  Temp   Perf          Pwr:Usage/Cap |           Memory-Usage | GPU-Util  Compute M. |
|                                         |                        |               MIG M. |
|=========================================+========================+======================|
|   0  NVIDIA H100                    On  |   00000000:AD:00.0 Off |                    0 |
| N/A   46C    P0             73W /  600W |       0MiB /  95830MiB |      0%      Default |
|                                         |                        |             Disabled |
+-----------------------------------------+------------------------+----------------------+

+-----------------------------------------------------------------------------------------+
| Processes:                                                                              |
|  GPU   GI   CI              PID   Type   Process name                        GPU Memory |
|        ID   ID                                                               Usage      |
|=========================================================================================|
|  No running processes found                                                             |
+-----------------------------------------------------------------------------------------+
=== hierarchical placement ===
[hier] 50 meshes
50 target meshes loaded.
[hier] anatomical groups (template vertices): {'body': 5526, 'l1d_l': 128, 'l1d_r': 128, 'l1p_l': 625, 'l1p_r': 628, 'l2d_l': 109, 'l2d_r': 109, 'l2p_l': 560, 'l2p_r': 560, 'l3d_l': 174, 'l3d_r': 174, 'l3p_l': 757, 'l3p_r': 757}
[hier] 13 groups: ['body', 'l1d_l', 'l1d_r', 'l1p_l', 'l1p_r', 'l2d_l', 'l2d_r', 'l2p_l', 'l2p_r', 'l3d_l', 'l3d_r', 'l3p_l', 'l3p_r']
[hier] body stage moves ['body'], leg stage moves 12 leg groups
/home/nao48500/miniforge3/envs/pytorch3d/lib/python3.10/site-packages/pytorch3d/ops/laplacian_matrices.py:51: UserWarning: torch.sparse.SparseTensor(indices, values, shape, *, device=) is deprecated.  Please use torch.sparse_coo_tensor(indices, values, shape, dtype=, device=). (Triggered internally at /opt/conda/conda-bld/pytorch_1716905971132/work/torch/csrc/utils/tensor_new.cpp:621.)
  A = torch.sparse.FloatTensor(idx, ones, (V, V))
    [H0_body]    0/900 loss=0.011100  chamfer=0.01109  edge=0.00000  lap=0.00142  sym=0.00000  limit=0.00000  mid=0.00000
    [H0_body]  100/900 loss=0.004790  chamfer=0.00371  edge=0.01633  lap=0.00159  sym=0.00021  limit=0.00000  mid=0.00008
    [H0_body]  200/900 loss=0.004670  chamfer=0.00354  edge=0.01733  lap=0.00158  sym=0.00021  limit=0.00000  mid=0.00008
    [H0_body]  300/900 loss=0.004636  chamfer=0.00349  edge=0.01766  lap=0.00158  sym=0.00021  limit=0.00000  mid=0.00007
    [H0_body]  400/900 loss=0.004618  chamfer=0.00346  edge=0.01787  lap=0.00158  sym=0.00021  limit=0.00000  mid=0.00007
    [H0_body]  500/900 loss=0.004606  chamfer=0.00345  edge=0.01796  lap=0.00158  sym=0.00021  limit=0.00000  mid=0.00007
    [H0_body]  600/900 loss=0.004601  chamfer=0.00344  edge=0.01803  lap=0.00158  sym=0.00021  limit=0.00000  mid=0.00007
    [H0_body]  700/900 loss=0.004589  chamfer=0.00343  edge=0.01804  lap=0.00158  sym=0.00021  limit=0.00000  mid=0.00007
    [H0_body]  800/900 loss=0.004591  chamfer=0.00343  edge=0.01807  lap=0.00158  sym=0.00021  limit=0.00000  mid=0.00007
    [H0_body]  899/900 loss=0.004587  chamfer=0.00343  edge=0.01806  lap=0.00158  sym=0.00021  limit=0.00000  mid=0.00007
    [H1_legs]    0/1200 loss=0.013247  chamfer=0.01209  edge=0.01806  lap=0.00158  sym=0.00021  limit=0.00000  mid=0.00007
    [H1_legs]  100/1200 loss=0.003408  chamfer=0.00269  edge=0.01205  lap=0.00152  sym=0.00006  limit=0.00006  mid=0.00003  churn=0.030
    [H1_legs]  200/1200 loss=0.002392  chamfer=0.00177  edge=0.01023  lap=0.00152  sym=0.00004  limit=0.00008  mid=0.00003  churn=0.015
    [H1_legs]  300/1200 loss=0.002191  chamfer=0.00163  edge=0.00923  lap=0.00152  sym=0.00004  limit=0.00007  mid=0.00003  churn=0.011
    [H1_legs]  400/1200 loss=0.002110  chamfer=0.00160  edge=0.00843  lap=0.00152  sym=0.00003  limit=0.00003  mid=0.00003  churn=0.009
    [H1_legs]  500/1200 loss=0.002035  chamfer=0.00155  edge=0.00803  lap=0.00152  sym=0.00003  limit=0.00000  mid=0.00003  churn=0.007
    [H1_legs]  600/1200 loss=0.001990  chamfer=0.00152  edge=0.00769  lap=0.00152  sym=0.00003  limit=0.00000  mid=0.00003  churn=0.007
    [H1_legs]  700/1200 loss=0.001982  chamfer=0.00153  edge=0.00745  lap=0.00152  sym=0.00003  limit=0.00000  mid=0.00003  churn=0.006
    [H1_legs]  800/1200 loss=0.001956  chamfer=0.00151  edge=0.00735  lap=0.00152  sym=0.00003  limit=0.00000  mid=0.00003  churn=0.006
    [H1_legs]  900/1200 loss=0.001961  chamfer=0.00152  edge=0.00725  lap=0.00152  sym=0.00003  limit=0.00000  mid=0.00003  churn=0.005
    [H1_legs] 1000/1200 loss=0.001948  chamfer=0.00151  edge=0.00721  lap=0.00152  sym=0.00003  limit=0.00000  mid=0.00003  churn=0.005
    [H1_legs] 1100/1200 loss=0.001957  chamfer=0.00152  edge=0.00719  lap=0.00152  sym=0.00003  limit=0.00000  mid=0.00003  churn=0.004
    [H1_legs] 1199/1200 loss=0.001947  chamfer=0.00151  edge=0.00719  lap=0.00152  sym=0.00003  limit=0.00000  mid=0.00003  churn=0.003
    [H1_legs] partition churn: first 0.057 last 0.003 mean 0.010   (falling churn => the data term is settling)
    [H2_joint]    0/900 loss=0.001962  chamfer=0.00152  edge=0.00719  lap=0.00152  sym=0.00003  limit=0.00000  mid=0.00003
    [H2_joint]  100/900 loss=0.001862  chamfer=0.00152  edge=0.00622  lap=0.00151  sym=0.00003  limit=0.00000  mid=0.00000  churn=0.008
    [H2_joint]  200/900 loss=0.001835  chamfer=0.00150  edge=0.00610  lap=0.00151  sym=0.00003  limit=0.00000  mid=0.00000  churn=0.007
    [H2_joint]  300/900 loss=0.001832  chamfer=0.00151  edge=0.00590  lap=0.00151  sym=0.00003  limit=0.00000  mid=0.00000  churn=0.006
    [H2_joint]  400/900 loss=0.001827  chamfer=0.00151  edge=0.00576  lap=0.00151  sym=0.00003  limit=0.00000  mid=0.00000  churn=0.006
    [H2_joint]  500/900 loss=0.001812  chamfer=0.00150  edge=0.00573  lap=0.00151  sym=0.00003  limit=0.00000  mid=0.00000  churn=0.005
    [H2_joint]  600/900 loss=0.001816  chamfer=0.00150  edge=0.00573  lap=0.00151  sym=0.00003  limit=0.00000  mid=0.00000  churn=0.005
    [H2_joint]  700/900 loss=0.001815  chamfer=0.00150  edge=0.00574  lap=0.00151  sym=0.00003  limit=0.00000  mid=0.00000  churn=0.005
    [H2_joint]  800/900 loss=0.001795  chamfer=0.00148  edge=0.00571  lap=0.00151  sym=0.00003  limit=0.00000  mid=0.00000  churn=0.004
    [H2_joint]  899/900 loss=0.001794  chamfer=0.00148  edge=0.00569  lap=0.00151  sym=0.00003  limit=0.00000  mid=0.00000  churn=0.003
    [H2_joint] partition churn: first 0.010 last 0.003 mean 0.006   (falling churn => the data term is settling)
    [H3_deform]    0/600 loss=0.001791  chamfer=0.00148  edge=0.00569  lap=0.00151  sym=0.00003  mid=0.00000  off=0.00000
    [H3_deform]  100/600 loss=0.001508  chamfer=0.00123  edge=0.00339  lap=0.00160  sym=0.00004  mid=0.00000  off=0.00000  churn=0.013
    [H3_deform]  200/600 loss=0.001482  chamfer=0.00118  edge=0.00361  lap=0.00161  sym=0.00004  mid=0.00000  off=0.00000  churn=0.008
    [H3_deform]  300/600 loss=0.001470  chamfer=0.00117  edge=0.00365  lap=0.00162  sym=0.00004  mid=0.00000  off=0.00000  churn=0.007
    [H3_deform]  400/600 loss=0.001473  chamfer=0.00117  edge=0.00363  lap=0.00162  sym=0.00004  mid=0.00000  off=0.00000  churn=0.006
    [H3_deform]  500/600 loss=0.001483  chamfer=0.00118  edge=0.00365  lap=0.00162  sym=0.00004  mid=0.00000  off=0.00000  churn=0.005
    [H3_deform]  599/600 loss=0.001455  chamfer=0.00115  edge=0.00365  lap=0.00161  sym=0.00004  mid=0.00000  off=0.00000  churn=0.005
    [H3_deform] partition churn: first 0.013 last 0.005 mean 0.008   (falling churn => the data term is settling)
[hier] done
=== moonshot handoff, yaml=diagnostics/overnight_20260818/cfg/gnc_medium.yaml ===
[moonshot] 50 meshes from /rwthfs/rz/cluster/home/nao48500/SMILify/diagnostics/moonshot/synth_clean_n50
50 target meshes loaded.
[moonshot] initialised pose/shape from diagnostics/cycle2_20260819/runs/hier_N50_gnc_medium_splitdistal_seed0/H2_joint.npz
/rwthfs/rz/cluster/home/nao48500/SMILify/fitter_3d/optimise_moonshot.py:112: DeprecationWarning: numpy.core.numeric is deprecated and has been renamed to numpy._core.numeric. The numpy._core namespace contains private NumPy internals and its use is discouraged, as NumPy internals can change without warning in any release. In practice, most real-world usage of numpy.core is to access functionality in the public NumPy API. If that is the case, use the public NumPy API. If not, you are using NumPy internals. If you would still like to access an internal attribute, use numpy._core.numeric._frombuffer.
  _dd = _pickle.load(_f, encoding="latin1")
[moonshot] running 2 stages
    [Stage_2_deform_coarse] it    0/1000  loss=0.003215   chamfer=0.00273  edge=0.00021  normal=0.05790  laplacian=0.00151  offset=0.00000  sym=0.00003  mid=0.00000  limit=0.00000
    [Stage_2_deform_coarse] it   50/1000  loss=0.001744   chamfer=0.00085  edge=0.00026  normal=0.06348  laplacian=0.00277  offset=0.00006  sym=0.00003  mid=0.00000  limit=0.00023
    [Stage_2_deform_coarse] it  100/1000  loss=0.001562   chamfer=0.00072  edge=0.00027  normal=0.06247  laplacian=0.00274  offset=0.00005  sym=0.00002  mid=0.00000  limit=0.00018
    [Stage_2_deform_coarse] it  150/1000  loss=0.001490   chamfer=0.00065  edge=0.00027  normal=0.06369  laplacian=0.00278  offset=0.00005  sym=0.00002  mid=0.00000  limit=0.00014
    [Stage_2_deform_coarse] it  200/1000  loss=0.001457   chamfer=0.00062  edge=0.00028  normal=0.06550  laplacian=0.00283  offset=0.00005  sym=0.00002  mid=0.00000  limit=0.00011
    [Stage_2_deform_coarse] it  250/1000  loss=0.001434   chamfer=0.00059  edge=0.00028  normal=0.06693  laplacian=0.00288  offset=0.00005  sym=0.00001  mid=0.00000  limit=0.00010
    [Stage_2_deform_coarse] it  300/1000  loss=0.001419   chamfer=0.00057  edge=0.00028  normal=0.06789  laplacian=0.00291  offset=0.00005  sym=0.00001  mid=0.00000  limit=0.00009
    [Stage_2_deform_coarse] it  350/1000  loss=0.001395   chamfer=0.00055  edge=0.00028  normal=0.06879  laplacian=0.00294  offset=0.00005  sym=0.00001  mid=0.00000  limit=0.00008
    [Stage_2_deform_coarse] it  400/1000  loss=0.001379   chamfer=0.00054  edge=0.00028  normal=0.06899  laplacian=0.00295  offset=0.00004  sym=0.00001  mid=0.00000  limit=0.00008
    [Stage_2_deform_coarse] it  450/1000  loss=0.001358   chamfer=0.00053  edge=0.00028  normal=0.06892  laplacian=0.00294  offset=0.00004  sym=0.00001  mid=0.00000  limit=0.00008
    [Stage_2_deform_coarse] it  500/1000  loss=0.001354   chamfer=0.00052  edge=0.00029  normal=0.06996  laplacian=0.00296  offset=0.00004  sym=0.00001  mid=0.00000  limit=0.00007
    [Stage_2_deform_coarse] it  550/1000  loss=0.001339   chamfer=0.00051  edge=0.00029  normal=0.06989  laplacian=0.00297  offset=0.00004  sym=0.00001  mid=0.00000  limit=0.00006
    [Stage_2_deform_coarse] it  600/1000  loss=0.001322   chamfer=0.00051  edge=0.00028  normal=0.06948  laplacian=0.00295  offset=0.00004  sym=0.00001  mid=0.00000  limit=0.00006
    [Stage_2_deform_coarse] it  650/1000  loss=0.001306   chamfer=0.00050  edge=0.00028  normal=0.06931  laplacian=0.00294  offset=0.00004  sym=0.00001  mid=0.00000  limit=0.00005
    [Stage_2_deform_coarse] it  700/1000  loss=0.001296   chamfer=0.00049  edge=0.00028  normal=0.06980  laplacian=0.00294  offset=0.00004  sym=0.00001  mid=0.00000  limit=0.00005
    [Stage_2_deform_coarse] it  750/1000  loss=0.001274   chamfer=0.00048  edge=0.00028  normal=0.06915  laplacian=0.00291  offset=0.00004  sym=0.00001  mid=0.00000  limit=0.00004
    [Stage_2_deform_coarse] it  800/1000  loss=0.001267   chamfer=0.00048  edge=0.00028  normal=0.06974  laplacian=0.00291  offset=0.00004  sym=0.00001  mid=0.00000  limit=0.00004
    [Stage_2_deform_coarse] it  850/1000  loss=0.001245   chamfer=0.00047  edge=0.00028  normal=0.06935  laplacian=0.00288  offset=0.00003  sym=0.00001  mid=0.00000  limit=0.00003
    [Stage_2_deform_coarse] it  900/1000  loss=0.001223   chamfer=0.00047  edge=0.00027  normal=0.06852  laplacian=0.00285  offset=0.00003  sym=0.00001  mid=0.00000  limit=0.00003
    [Stage_2_deform_coarse] it  950/1000  loss=0.001207   chamfer=0.00046  edge=0.00027  normal=0.06840  laplacian=0.00283  offset=0.00003  sym=0.00001  mid=0.00000  limit=0.00002
    [Stage_2_deform_coarse] it  999/1000  loss=0.001183   chamfer=0.00045  edge=0.00027  normal=0.06747  laplacian=0.00279  offset=0.00003  sym=0.00001  mid=0.00000  limit=0.00002
    [Stage_3_deform_fine] it    0/1000  loss=0.000481   chamfer=0.00045  edge=0.00027  normal=0.06751  laplacian=0.00279  offset=0.00003  sym=0.00001  mid=0.00000  limit=0.00002
    [Stage_3_deform_fine] it   50/1000  loss=0.000422   chamfer=0.00042  edge=0.00027  normal=0.05240  laplacian=0.00268  offset=0.00002  sym=0.00000  mid=0.00000  limit=0.00001
    [Stage_3_deform_fine] it  100/1000  loss=0.000415   chamfer=0.00041  edge=0.00028  normal=0.05123  laplacian=0.00267  offset=0.00002  sym=0.00000  mid=0.00000  limit=0.00001
    [Stage_3_deform_fine] it  150/1000  loss=0.000408   chamfer=0.00040  edge=0.00028  normal=0.05103  laplacian=0.00267  offset=0.00002  sym=0.00000  mid=0.00000  limit=0.00000
    [Stage_3_deform_fine] it  200/1000  loss=0.000403   chamfer=0.00039  edge=0.00028  normal=0.05107  laplacian=0.00267  offset=0.00002  sym=0.00000  mid=0.00000  limit=0.00000
    [Stage_3_deform_fine] it  250/1000  loss=0.000397   chamfer=0.00039  edge=0.00027  normal=0.05098  laplacian=0.00267  offset=0.00002  sym=0.00000  mid=0.00000  limit=0.00000
    [Stage_3_deform_fine] it  300/1000  loss=0.000392   chamfer=0.00038  edge=0.00027  normal=0.05095  laplacian=0.00266  offset=0.00002  sym=0.00000  mid=0.00000  limit=0.00000
    [Stage_3_deform_fine] it  350/1000  loss=0.000386   chamfer=0.00037  edge=0.00027  normal=0.05080  laplacian=0.00265  offset=0.00002  sym=0.00000  mid=0.00000  limit=0.00000
    [Stage_3_deform_fine] it  400/1000  loss=0.000380   chamfer=0.00037  edge=0.00027  normal=0.05064  laplacian=0.00263  offset=0.00002  sym=0.00000  mid=0.00000  limit=0.00000
    [Stage_3_deform_fine] it  450/1000  loss=0.000373   chamfer=0.00036  edge=0.00027  normal=0.05058  laplacian=0.00262  offset=0.00002  sym=0.00000  mid=0.00000  limit=0.00000
    [Stage_3_deform_fine] it  500/1000  loss=0.000367   chamfer=0.00035  edge=0.00027  normal=0.05061  laplacian=0.00260  offset=0.00002  sym=0.00000  mid=0.00000  limit=0.00000
    [Stage_3_deform_fine] it  550/1000  loss=0.000361   chamfer=0.00034  edge=0.00026  normal=0.05048  laplacian=0.00258  offset=0.00002  sym=0.00000  mid=0.00000  limit=0.00000
    [Stage_3_deform_fine] it  600/1000  loss=0.000354   chamfer=0.00033  edge=0.00026  normal=0.05031  laplacian=0.00256  offset=0.00002  sym=0.00000  mid=0.00000  limit=0.00000
    [Stage_3_deform_fine] it  650/1000  loss=0.000347   chamfer=0.00033  edge=0.00026  normal=0.05012  laplacian=0.00253  offset=0.00001  sym=0.00000  mid=0.00000  limit=0.00000
    [Stage_3_deform_fine] it  700/1000  loss=0.000340   chamfer=0.00032  edge=0.00026  normal=0.05018  laplacian=0.00251  offset=0.00001  sym=0.00000  mid=0.00000  limit=0.00000
    [Stage_3_deform_fine] it  750/1000  loss=0.000333   chamfer=0.00031  edge=0.00026  normal=0.04988  laplacian=0.00248  offset=0.00001  sym=0.00000  mid=0.00000  limit=0.00000
    [Stage_3_deform_fine] it  800/1000  loss=0.000326   chamfer=0.00030  edge=0.00025  normal=0.04968  laplacian=0.00246  offset=0.00001  sym=0.00000  mid=0.00000  limit=0.00000
    [Stage_3_deform_fine] it  850/1000  loss=0.000319   chamfer=0.00029  edge=0.00025  normal=0.04951  laplacian=0.00243  offset=0.00001  sym=0.00000  mid=0.00000  limit=0.00000
    [Stage_3_deform_fine] it  900/1000  loss=0.000313   chamfer=0.00028  edge=0.00025  normal=0.04932  laplacian=0.00240  offset=0.00001  sym=0.00000  mid=0.00000  limit=0.00000
    [Stage_3_deform_fine] it  950/1000  loss=0.000306   chamfer=0.00027  edge=0.00025  normal=0.04922  laplacian=0.00238  offset=0.00001  sym=0.00000  mid=0.00000  limit=0.00000
    [Stage_3_deform_fine] it  999/1000  loss=0.000299   chamfer=0.00026  edge=0.00024  normal=0.04907  laplacian=0.00235  offset=0.00001  sym=0.00000  mid=0.00000  limit=0.00000
  eval 10/50
  eval 20/50
  eval 30/50
  eval 40/50
  eval 50/50
[moonshot] wrote diagnostics/moonshot/runs/N50_gnc_medium_splitdistal_seed0/metrics.csv

  ---- summary ----
    chamfer_l2                       0.001746
    fscore@0.01                      0.620686
    fscore@0.02                      0.849404
    hausdorff_95                     0.071284
    normal_consistency               0.804877
    edge_logratio_absmean            0.123881
    tri_quality_mean                 0.753780
    deform_mag_mean                  0.002216
    midline_dev_mean                 0.014357
    part_leg_distal_dist_mean        0.008786
    part_leg_dist_mean               0.008240
    part_body_dist_mean              0.012203
=== task 6 DONE ===
