=== task 1: arm=baseline seed=1 split_flag='' yaml=diagnostics/moonshot/cfg/D1_low.yaml ===
Wed Aug 19 06:30:06 2026       
+-----------------------------------------------------------------------------------------+
| NVIDIA-SMI 580.178.04             Driver Version: 580.178.04     CUDA Version: 13.0     |
+-----------------------------------------+------------------------+----------------------+
| GPU  Name                 Persistence-M | Bus-Id          Disp.A | Volatile Uncorr. ECC |
| Fan  Temp   Perf          Pwr:Usage/Cap |           Memory-Usage | GPU-Util  Compute M. |
|                                         |                        |               MIG M. |
|=========================================+========================+======================|
|   0  NVIDIA H100                    On  |   00000000:2C:00.0 Off |                    0 |
| N/A   42C    P0             72W /  600W |       0MiB /  95830MiB |      0%      Default |
|                                         |                        |             Disabled |
+-----------------------------------------+------------------------+----------------------+

+-----------------------------------------------------------------------------------------+
| Processes:                                                                              |
|  GPU   GI   CI              PID   Type   Process name                        GPU Memory |
|        ID   ID                                                               Usage      |
|=========================================================================================|
|  No running processes found                                                             |
+-----------------------------------------------------------------------------------------+
=== hierarchical placement ===
[hier] 50 meshes
50 target meshes loaded.
[hier] anatomical groups (template vertices): {'body': 5526, 'l1_l': 753, 'l1_r': 756, 'l2_l': 669, 'l2_r': 669, 'l3_l': 931, 'l3_r': 931}
[hier] 7 groups: ['body', 'l1_l', 'l1_r', 'l2_l', 'l2_r', 'l3_l', 'l3_r']
[hier] body stage moves ['body'], leg stage moves 6 leg groups
/home/nao48500/miniforge3/envs/pytorch3d/lib/python3.10/site-packages/pytorch3d/ops/laplacian_matrices.py:51: UserWarning: torch.sparse.SparseTensor(indices, values, shape, *, device=) is deprecated.  Please use torch.sparse_coo_tensor(indices, values, shape, dtype=, device=). (Triggered internally at /opt/conda/conda-bld/pytorch_1716905971132/work/torch/csrc/utils/tensor_new.cpp:621.)
  A = torch.sparse.FloatTensor(idx, ones, (V, V))
    [H0_body]    0/900 loss=0.011123  chamfer=0.01112  edge=0.00000  lap=0.00142  sym=0.00000  limit=0.00000  mid=0.00000
    [H0_body]  100/900 loss=0.004788  chamfer=0.00369  edge=0.01647  lap=0.00159  sym=0.00022  limit=0.00000  mid=0.00008
    [H0_body]  200/900 loss=0.004673  chamfer=0.00354  edge=0.01736  lap=0.00158  sym=0.00021  limit=0.00000  mid=0.00008
    [H0_body]  300/900 loss=0.004633  chamfer=0.00348  edge=0.01771  lap=0.00158  sym=0.00021  limit=0.00000  mid=0.00007
    [H0_body]  400/900 loss=0.004622  chamfer=0.00347  edge=0.01788  lap=0.00158  sym=0.00021  limit=0.00000  mid=0.00007
    [H0_body]  500/900 loss=0.004600  chamfer=0.00344  edge=0.01799  lap=0.00158  sym=0.00021  limit=0.00000  mid=0.00007
    [H0_body]  600/900 loss=0.004597  chamfer=0.00343  edge=0.01811  lap=0.00158  sym=0.00021  limit=0.00000  mid=0.00007
    [H0_body]  700/900 loss=0.004578  chamfer=0.00341  edge=0.01815  lap=0.00158  sym=0.00021  limit=0.00000  mid=0.00007
    [H0_body]  800/900 loss=0.004580  chamfer=0.00341  edge=0.01816  lap=0.00158  sym=0.00021  limit=0.00000  mid=0.00007
    [H0_body]  899/900 loss=0.004585  chamfer=0.00342  edge=0.01816  lap=0.00158  sym=0.00021  limit=0.00000  mid=0.00007
    [H1_legs]    0/1200 loss=0.010862  chamfer=0.00969  edge=0.01816  lap=0.00158  sym=0.00021  limit=0.00000  mid=0.00007
    [H1_legs]  100/1200 loss=0.002835  chamfer=0.00210  edge=0.01253  lap=0.00153  sym=0.00007  limit=0.00002  mid=0.00003  churn=0.024
    [H1_legs]  200/1200 loss=0.002493  chamfer=0.00189  edge=0.01031  lap=0.00153  sym=0.00004  limit=0.00000  mid=0.00003  churn=0.012
    [H1_legs]  300/1200 loss=0.002361  chamfer=0.00181  edge=0.00926  lap=0.00153  sym=0.00003  limit=0.00000  mid=0.00003  churn=0.008
    [H1_legs]  400/1200 loss=0.002285  chamfer=0.00177  edge=0.00858  lap=0.00153  sym=0.00003  limit=0.00000  mid=0.00003  churn=0.007
    [H1_legs]  500/1200 loss=0.002232  chamfer=0.00174  edge=0.00813  lap=0.00153  sym=0.00003  limit=0.00000  mid=0.00003  churn=0.007
    [H1_legs]  600/1200 loss=0.002217  chamfer=0.00173  edge=0.00797  lap=0.00154  sym=0.00003  limit=0.00000  mid=0.00003  churn=0.006
    [H1_legs]  700/1200 loss=0.002171  chamfer=0.00169  edge=0.00787  lap=0.00154  sym=0.00003  limit=0.00000  mid=0.00003  churn=0.006
    [H1_legs]  800/1200 loss=0.002148  chamfer=0.00168  edge=0.00773  lap=0.00154  sym=0.00003  limit=0.00000  mid=0.00003  churn=0.005
    [H1_legs]  900/1200 loss=0.002157  chamfer=0.00169  edge=0.00765  lap=0.00154  sym=0.00003  limit=0.00000  mid=0.00003  churn=0.004
    [H1_legs] 1000/1200 loss=0.002148  chamfer=0.00168  edge=0.00763  lap=0.00154  sym=0.00003  limit=0.00000  mid=0.00003  churn=0.004
    [H1_legs] 1100/1200 loss=0.002142  chamfer=0.00168  edge=0.00763  lap=0.00154  sym=0.00003  limit=0.00000  mid=0.00003  churn=0.004
    [H1_legs] 1199/1200 loss=0.002146  chamfer=0.00168  edge=0.00763  lap=0.00154  sym=0.00003  limit=0.00000  mid=0.00003  churn=0.003
    [H1_legs] partition churn: first 0.048 last 0.003 mean 0.009   (falling churn => the data term is settling)
    [H2_joint]    0/900 loss=0.002144  chamfer=0.00168  edge=0.00763  lap=0.00154  sym=0.00003  limit=0.00000  mid=0.00003
    [H2_joint]  100/900 loss=0.002029  chamfer=0.00166  edge=0.00666  lap=0.00152  sym=0.00003  limit=0.00000  mid=0.00000  churn=0.007
    [H2_joint]  200/900 loss=0.002016  chamfer=0.00167  edge=0.00632  lap=0.00152  sym=0.00003  limit=0.00000  mid=0.00000  churn=0.006
    [H2_joint]  300/900 loss=0.002004  chamfer=0.00166  edge=0.00628  lap=0.00152  sym=0.00003  limit=0.00000  mid=0.00000  churn=0.006
    [H2_joint]  400/900 loss=0.002000  chamfer=0.00166  edge=0.00620  lap=0.00152  sym=0.00003  limit=0.00000  mid=0.00000  churn=0.006
    [H2_joint]  500/900 loss=0.001988  chamfer=0.00165  edge=0.00624  lap=0.00152  sym=0.00003  limit=0.00000  mid=0.00000  churn=0.005
    [H2_joint]  600/900 loss=0.001997  chamfer=0.00166  edge=0.00617  lap=0.00152  sym=0.00003  limit=0.00000  mid=0.00000  churn=0.005
    [H2_joint]  700/900 loss=0.001998  chamfer=0.00166  edge=0.00613  lap=0.00152  sym=0.00003  limit=0.00000  mid=0.00000  churn=0.004
    [H2_joint]  800/900 loss=0.002002  chamfer=0.00166  edge=0.00619  lap=0.00152  sym=0.00003  limit=0.00000  mid=0.00000  churn=0.004
    [H2_joint]  899/900 loss=0.001996  chamfer=0.00165  edge=0.00621  lap=0.00152  sym=0.00003  limit=0.00000  mid=0.00000  churn=0.004
    [H2_joint] partition churn: first 0.009 last 0.004 mean 0.005   (falling churn => the data term is settling)
    [H3_deform]    0/600 loss=0.001997  chamfer=0.00166  edge=0.00621  lap=0.00152  sym=0.00003  mid=0.00000  off=0.00000
    [H3_deform]  100/600 loss=0.001640  chamfer=0.00133  edge=0.00368  lap=0.00168  sym=0.00004  mid=0.00000  off=0.00000  churn=0.013
    [H3_deform]  200/600 loss=0.001629  chamfer=0.00130  edge=0.00380  lap=0.00169  sym=0.00004  mid=0.00000  off=0.00000  churn=0.008
    [H3_deform]  300/600 loss=0.001619  chamfer=0.00129  edge=0.00388  lap=0.00170  sym=0.00003  mid=0.00000  off=0.00000  churn=0.007
    [H3_deform]  400/600 loss=0.001625  chamfer=0.00129  edge=0.00391  lap=0.00170  sym=0.00003  mid=0.00000  off=0.00000  churn=0.006
    [H3_deform]  500/600 loss=0.001612  chamfer=0.00127  edge=0.00396  lap=0.00170  sym=0.00003  mid=0.00000  off=0.00000  churn=0.005
    [H3_deform]  599/600 loss=0.001589  chamfer=0.00125  edge=0.00392  lap=0.00170  sym=0.00003  mid=0.00000  off=0.00000  churn=0.005
    [H3_deform] partition churn: first 0.013 last 0.005 mean 0.008   (falling churn => the data term is settling)
[hier] done
=== moonshot handoff, yaml=diagnostics/moonshot/cfg/D1_low.yaml ===
[moonshot] 50 meshes from /rwthfs/rz/cluster/home/nao48500/SMILify/diagnostics/moonshot/synth_clean_n50
50 target meshes loaded.
[moonshot] initialised pose/shape from diagnostics/cycle2_20260819/runs/hier_N50_baseline_seed1/H2_joint.npz
/rwthfs/rz/cluster/home/nao48500/SMILify/fitter_3d/optimise_moonshot.py:112: DeprecationWarning: numpy.core.numeric is deprecated and has been renamed to numpy._core.numeric. The numpy._core namespace contains private NumPy internals and its use is discouraged, as NumPy internals can change without warning in any release. In practice, most real-world usage of numpy.core is to access functionality in the public NumPy API. If that is the case, use the public NumPy API. If not, you are using NumPy internals. If you would still like to access an internal attribute, use numpy._core.numeric._frombuffer.
  _dd = _pickle.load(_f, encoding="latin1")
[moonshot] running 2 stages
    [Stage_2_deform_coarse] it    0/1000  loss=0.003348   chamfer=0.00285  edge=0.00021  normal=0.05868  laplacian=0.00152  offset=0.00000  sym=0.00003  mid=0.00000  limit=0.00000
    [Stage_2_deform_coarse] it   50/1000  loss=0.001772   chamfer=0.00085  edge=0.00026  normal=0.06355  laplacian=0.00280  offset=0.00007  sym=0.00003  mid=0.00000  limit=0.00022
    [Stage_2_deform_coarse] it  100/1000  loss=0.001596   chamfer=0.00073  edge=0.00027  normal=0.06281  laplacian=0.00277  offset=0.00006  sym=0.00002  mid=0.00000  limit=0.00017
    [Stage_2_deform_coarse] it  150/1000  loss=0.001519   chamfer=0.00066  edge=0.00028  normal=0.06371  laplacian=0.00282  offset=0.00005  sym=0.00002  mid=0.00000  limit=0.00015
    [Stage_2_deform_coarse] it  200/1000  loss=0.001490   chamfer=0.00063  edge=0.00028  normal=0.06560  laplacian=0.00286  offset=0.00005  sym=0.00002  mid=0.00000  limit=0.00012
    [Stage_2_deform_coarse] it  250/1000  loss=0.001474   chamfer=0.00061  edge=0.00029  normal=0.06717  laplacian=0.00291  offset=0.00005  sym=0.00001  mid=0.00000  limit=0.00010
    [Stage_2_deform_coarse] it  300/1000  loss=0.001454   chamfer=0.00059  edge=0.00029  normal=0.06836  laplacian=0.00295  offset=0.00005  sym=0.00001  mid=0.00000  limit=0.00008
    [Stage_2_deform_coarse] it  350/1000  loss=0.001440   chamfer=0.00057  edge=0.00029  normal=0.06899  laplacian=0.00299  offset=0.00005  sym=0.00001  mid=0.00000  limit=0.00007
    [Stage_2_deform_coarse] it  400/1000  loss=0.001433   chamfer=0.00056  edge=0.00029  normal=0.06945  laplacian=0.00301  offset=0.00005  sym=0.00001  mid=0.00000  limit=0.00006
    [Stage_2_deform_coarse] it  450/1000  loss=0.001427   chamfer=0.00055  edge=0.00029  normal=0.07005  laplacian=0.00303  offset=0.00005  sym=0.00001  mid=0.00000  limit=0.00005
    [Stage_2_deform_coarse] it  500/1000  loss=0.001416   chamfer=0.00054  edge=0.00030  normal=0.07079  laplacian=0.00305  offset=0.00005  sym=0.00001  mid=0.00000  limit=0.00005
    [Stage_2_deform_coarse] it  550/1000  loss=0.001415   chamfer=0.00054  edge=0.00030  normal=0.07127  laplacian=0.00307  offset=0.00005  sym=0.00001  mid=0.00000  limit=0.00005
    [Stage_2_deform_coarse] it  600/1000  loss=0.001408   chamfer=0.00053  edge=0.00030  normal=0.07119  laplacian=0.00307  offset=0.00005  sym=0.00001  mid=0.00000  limit=0.00004
    [Stage_2_deform_coarse] it  650/1000  loss=0.001399   chamfer=0.00052  edge=0.00030  normal=0.07121  laplacian=0.00307  offset=0.00005  sym=0.00001  mid=0.00000  limit=0.00004
    [Stage_2_deform_coarse] it  700/1000  loss=0.001394   chamfer=0.00052  edge=0.00030  normal=0.07121  laplacian=0.00308  offset=0.00005  sym=0.00001  mid=0.00000  limit=0.00004
    [Stage_2_deform_coarse] it  750/1000  loss=0.001396   chamfer=0.00052  edge=0.00030  normal=0.07153  laplacian=0.00308  offset=0.00005  sym=0.00001  mid=0.00000  limit=0.00004
    [Stage_2_deform_coarse] it  800/1000  loss=0.001392   chamfer=0.00051  edge=0.00030  normal=0.07175  laplacian=0.00309  offset=0.00005  sym=0.00001  mid=0.00000  limit=0.00004
    [Stage_2_deform_coarse] it  850/1000  loss=0.001392   chamfer=0.00051  edge=0.00030  normal=0.07202  laplacian=0.00310  offset=0.00005  sym=0.00001  mid=0.00000  limit=0.00004
    [Stage_2_deform_coarse] it  900/1000  loss=0.001388   chamfer=0.00051  edge=0.00030  normal=0.07206  laplacian=0.00311  offset=0.00005  sym=0.00001  mid=0.00000  limit=0.00004
    [Stage_2_deform_coarse] it  950/1000  loss=0.001382   chamfer=0.00051  edge=0.00030  normal=0.07143  laplacian=0.00310  offset=0.00005  sym=0.00001  mid=0.00000  limit=0.00003
    [Stage_2_deform_coarse] it  999/1000  loss=0.001378   chamfer=0.00051  edge=0.00030  normal=0.07107  laplacian=0.00309  offset=0.00005  sym=0.00001  mid=0.00000  limit=0.00003
    [Stage_3_deform_fine] it    0/1000  loss=0.000563   chamfer=0.00051  edge=0.00030  normal=0.07104  laplacian=0.00309  offset=0.00005  sym=0.00001  mid=0.00000  limit=0.00003
    [Stage_3_deform_fine] it   50/1000  loss=0.000500   chamfer=0.00047  edge=0.00031  normal=0.05487  laplacian=0.00298  offset=0.00004  sym=0.00000  mid=0.00000  limit=0.00002
    [Stage_3_deform_fine] it  100/1000  loss=0.000496   chamfer=0.00046  edge=0.00031  normal=0.05373  laplacian=0.00298  offset=0.00004  sym=0.00000  mid=0.00000  limit=0.00000
    [Stage_3_deform_fine] it  150/1000  loss=0.000496   chamfer=0.00046  edge=0.00032  normal=0.05362  laplacian=0.00300  offset=0.00004  sym=0.00000  mid=0.00000  limit=0.00000
    [Stage_3_deform_fine] it  200/1000  loss=0.000493   chamfer=0.00046  edge=0.00032  normal=0.05372  laplacian=0.00301  offset=0.00004  sym=0.00000  mid=0.00000  limit=0.00000
    [Stage_3_deform_fine] it  250/1000  loss=0.000492   chamfer=0.00045  edge=0.00032  normal=0.05379  laplacian=0.00303  offset=0.00004  sym=0.00000  mid=0.00000  limit=0.00000
    [Stage_3_deform_fine] it  300/1000  loss=0.000492   chamfer=0.00045  edge=0.00032  normal=0.05395  laplacian=0.00304  offset=0.00004  sym=0.00000  mid=0.00000  limit=0.00000
    [Stage_3_deform_fine] it  350/1000  loss=0.000492   chamfer=0.00045  edge=0.00032  normal=0.05387  laplacian=0.00304  offset=0.00004  sym=0.00000  mid=0.00000  limit=0.00000
    [Stage_3_deform_fine] it  400/1000  loss=0.000491   chamfer=0.00045  edge=0.00032  normal=0.05394  laplacian=0.00305  offset=0.00004  sym=0.00000  mid=0.00000  limit=0.00000
    [Stage_3_deform_fine] it  450/1000  loss=0.000492   chamfer=0.00045  edge=0.00032  normal=0.05390  laplacian=0.00306  offset=0.00004  sym=0.00000  mid=0.00000  limit=0.00000
    [Stage_3_deform_fine] it  500/1000  loss=0.000489   chamfer=0.00045  edge=0.00032  normal=0.05401  laplacian=0.00306  offset=0.00004  sym=0.00000  mid=0.00000  limit=0.00000
    [Stage_3_deform_fine] it  550/1000  loss=0.000490   chamfer=0.00045  edge=0.00032  normal=0.05400  laplacian=0.00307  offset=0.00004  sym=0.00000  mid=0.00000  limit=0.00000
    [Stage_3_deform_fine] it  600/1000  loss=0.000489   chamfer=0.00045  edge=0.00032  normal=0.05407  laplacian=0.00307  offset=0.00004  sym=0.00000  mid=0.00000  limit=0.00000
    [Stage_3_deform_fine] it  650/1000  loss=0.000489   chamfer=0.00045  edge=0.00032  normal=0.05420  laplacian=0.00308  offset=0.00004  sym=0.00000  mid=0.00000  limit=0.00000
    [Stage_3_deform_fine] it  700/1000  loss=0.000489   chamfer=0.00045  edge=0.00032  normal=0.05434  laplacian=0.00308  offset=0.00004  sym=0.00000  mid=0.00000  limit=0.00000
    [Stage_3_deform_fine] it  750/1000  loss=0.000488   chamfer=0.00044  edge=0.00032  normal=0.05441  laplacian=0.00308  offset=0.00004  sym=0.00000  mid=0.00000  limit=0.00000
    [Stage_3_deform_fine] it  800/1000  loss=0.000489   chamfer=0.00045  edge=0.00032  normal=0.05445  laplacian=0.00309  offset=0.00004  sym=0.00000  mid=0.00000  limit=0.00000
    [Stage_3_deform_fine] it  850/1000  loss=0.000490   chamfer=0.00045  edge=0.00033  normal=0.05448  laplacian=0.00309  offset=0.00004  sym=0.00000  mid=0.00000  limit=0.00000
    [Stage_3_deform_fine] it  900/1000  loss=0.000488   chamfer=0.00044  edge=0.00033  normal=0.05459  laplacian=0.00310  offset=0.00004  sym=0.00000  mid=0.00000  limit=0.00000
    [Stage_3_deform_fine] it  950/1000  loss=0.000488   chamfer=0.00044  edge=0.00033  normal=0.05456  laplacian=0.00310  offset=0.00004  sym=0.00000  mid=0.00000  limit=0.00000
    [Stage_3_deform_fine] it  999/1000  loss=0.000488   chamfer=0.00044  edge=0.00033  normal=0.05462  laplacian=0.00310  offset=0.00004  sym=0.00000  mid=0.00000  limit=0.00000
  eval 10/50
  eval 20/50
  eval 30/50
  eval 40/50
  eval 50/50
[moonshot] wrote diagnostics/moonshot/runs/N50_baseline_seed1/metrics.csv

  ---- summary ----
    chamfer_l2                       0.000248
    fscore@0.01                      0.713178
    fscore@0.02                      0.942567
    hausdorff_95                     0.022178
    normal_consistency               0.819625
    edge_logratio_absmean            0.163772
    tri_quality_mean                 0.732356
    deform_mag_mean                  0.003793
    midline_dev_mean                 0.014787
    part_leg_distal_dist_mean        0.008282
    part_leg_dist_mean               0.007869
    part_body_dist_mean              0.008892
=== task 1 DONE ===
