=== task 9: arm=gnc_legonly seed=1 split_flag='' yaml=diagnostics/cycle2_20260819/cfg/gnc_legonly.yaml ===
Wed Aug 19 06:30:06 2026       
+-----------------------------------------------------------------------------------------+
| NVIDIA-SMI 580.178.04             Driver Version: 580.178.04     CUDA Version: 13.0     |
+-----------------------------------------+------------------------+----------------------+
| GPU  Name                 Persistence-M | Bus-Id          Disp.A | Volatile Uncorr. ECC |
| Fan  Temp   Perf          Pwr:Usage/Cap |           Memory-Usage | GPU-Util  Compute M. |
|                                         |                        |               MIG M. |
|=========================================+========================+======================|
|   0  NVIDIA H100                    On  |   00000000:9D:00.0 Off |                    0 |
| N/A   41C    P0             70W /  600W |       0MiB /  95830MiB |      0%      Default |
|                                         |                        |             Disabled |
+-----------------------------------------+------------------------+----------------------+

+-----------------------------------------------------------------------------------------+
| Processes:                                                                              |
|  GPU   GI   CI              PID   Type   Process name                        GPU Memory |
|        ID   ID                                                               Usage      |
|=========================================================================================|
|  No running processes found                                                             |
+-----------------------------------------------------------------------------------------+
=== hierarchical placement ===
[hier] 50 meshes
50 target meshes loaded.
[hier] anatomical groups (template vertices): {'body': 5526, 'l1_l': 753, 'l1_r': 756, 'l2_l': 669, 'l2_r': 669, 'l3_l': 931, 'l3_r': 931}
[hier] 7 groups: ['body', 'l1_l', 'l1_r', 'l2_l', 'l2_r', 'l3_l', 'l3_r']
[hier] body stage moves ['body'], leg stage moves 6 leg groups
/home/nao48500/miniforge3/envs/pytorch3d/lib/python3.10/site-packages/pytorch3d/ops/laplacian_matrices.py:51: UserWarning: torch.sparse.SparseTensor(indices, values, shape, *, device=) is deprecated.  Please use torch.sparse_coo_tensor(indices, values, shape, dtype=, device=). (Triggered internally at /opt/conda/conda-bld/pytorch_1716905971132/work/torch/csrc/utils/tensor_new.cpp:621.)
  A = torch.sparse.FloatTensor(idx, ones, (V, V))
    [H0_body]    0/900 loss=0.011123  chamfer=0.01112  edge=0.00000  lap=0.00142  sym=0.00000  limit=0.00000  mid=0.00000
    [H0_body]  100/900 loss=0.004794  chamfer=0.00370  edge=0.01644  lap=0.00159  sym=0.00022  limit=0.00000  mid=0.00008
    [H0_body]  200/900 loss=0.004676  chamfer=0.00354  edge=0.01737  lap=0.00158  sym=0.00021  limit=0.00000  mid=0.00008
    [H0_body]  300/900 loss=0.004636  chamfer=0.00349  edge=0.01770  lap=0.00158  sym=0.00021  limit=0.00000  mid=0.00008
    [H0_body]  400/900 loss=0.004622  chamfer=0.00347  edge=0.01788  lap=0.00158  sym=0.00021  limit=0.00000  mid=0.00007
    [H0_body]  500/900 loss=0.004606  chamfer=0.00344  edge=0.01803  lap=0.00158  sym=0.00021  limit=0.00000  mid=0.00007
    [H0_body]  600/900 loss=0.004594  chamfer=0.00343  edge=0.01812  lap=0.00158  sym=0.00021  limit=0.00000  mid=0.00007
    [H0_body]  700/900 loss=0.004578  chamfer=0.00341  edge=0.01815  lap=0.00158  sym=0.00021  limit=0.00000  mid=0.00007
    [H0_body]  800/900 loss=0.004581  chamfer=0.00341  edge=0.01816  lap=0.00158  sym=0.00021  limit=0.00000  mid=0.00007
    [H0_body]  899/900 loss=0.004586  chamfer=0.00342  edge=0.01816  lap=0.00158  sym=0.00021  limit=0.00000  mid=0.00007
    [H1_legs]    0/1200 loss=0.010863  chamfer=0.00970  edge=0.01816  lap=0.00158  sym=0.00021  limit=0.00000  mid=0.00007
    [H1_legs]  100/1200 loss=0.002837  chamfer=0.00210  edge=0.01253  lap=0.00153  sym=0.00007  limit=0.00002  mid=0.00003  churn=0.024
    [H1_legs]  200/1200 loss=0.002492  chamfer=0.00189  edge=0.01031  lap=0.00153  sym=0.00004  limit=0.00000  mid=0.00003  churn=0.013
    [H1_legs]  300/1200 loss=0.002355  chamfer=0.00180  edge=0.00926  lap=0.00153  sym=0.00003  limit=0.00000  mid=0.00003  churn=0.008
    [H1_legs]  400/1200 loss=0.002286  chamfer=0.00177  edge=0.00860  lap=0.00153  sym=0.00003  limit=0.00000  mid=0.00003  churn=0.007
    [H1_legs]  500/1200 loss=0.002235  chamfer=0.00174  edge=0.00816  lap=0.00153  sym=0.00003  limit=0.00000  mid=0.00003  churn=0.007
    [H1_legs]  600/1200 loss=0.002220  chamfer=0.00173  edge=0.00800  lap=0.00154  sym=0.00003  limit=0.00000  mid=0.00003  churn=0.006
    [H1_legs]  700/1200 loss=0.002175  chamfer=0.00170  edge=0.00789  lap=0.00154  sym=0.00003  limit=0.00000  mid=0.00003  churn=0.006
    [H1_legs]  800/1200 loss=0.002152  chamfer=0.00168  edge=0.00775  lap=0.00154  sym=0.00003  limit=0.00000  mid=0.00003  churn=0.005
    [H1_legs]  900/1200 loss=0.002156  chamfer=0.00169  edge=0.00767  lap=0.00154  sym=0.00003  limit=0.00000  mid=0.00003  churn=0.004
    [H1_legs] 1000/1200 loss=0.002151  chamfer=0.00168  edge=0.00765  lap=0.00154  sym=0.00003  limit=0.00000  mid=0.00003  churn=0.005
    [H1_legs] 1100/1200 loss=0.002141  chamfer=0.00168  edge=0.00764  lap=0.00154  sym=0.00003  limit=0.00000  mid=0.00003  churn=0.004
    [H1_legs] 1199/1200 loss=0.002144  chamfer=0.00168  edge=0.00764  lap=0.00154  sym=0.00003  limit=0.00000  mid=0.00003  churn=0.003
    [H1_legs] partition churn: first 0.048 last 0.003 mean 0.009   (falling churn => the data term is settling)
    [H2_joint]    0/900 loss=0.002145  chamfer=0.00168  edge=0.00764  lap=0.00154  sym=0.00003  limit=0.00000  mid=0.00003
    [H2_joint]  100/900 loss=0.002029  chamfer=0.00166  edge=0.00667  lap=0.00152  sym=0.00003  limit=0.00000  mid=0.00000  churn=0.007
    [H2_joint]  200/900 loss=0.002015  chamfer=0.00167  edge=0.00633  lap=0.00152  sym=0.00003  limit=0.00000  mid=0.00000  churn=0.006
    [H2_joint]  300/900 loss=0.002004  chamfer=0.00166  edge=0.00630  lap=0.00152  sym=0.00003  limit=0.00000  mid=0.00000  churn=0.005
    [H2_joint]  400/900 loss=0.002000  chamfer=0.00166  edge=0.00622  lap=0.00152  sym=0.00003  limit=0.00000  mid=0.00000  churn=0.006
    [H2_joint]  500/900 loss=0.001988  chamfer=0.00164  edge=0.00625  lap=0.00152  sym=0.00003  limit=0.00000  mid=0.00000  churn=0.005
    [H2_joint]  600/900 loss=0.001994  chamfer=0.00166  edge=0.00616  lap=0.00152  sym=0.00003  limit=0.00000  mid=0.00000  churn=0.005
    [H2_joint]  700/900 loss=0.001993  chamfer=0.00166  edge=0.00609  lap=0.00152  sym=0.00003  limit=0.00000  mid=0.00000  churn=0.004
    [H2_joint]  800/900 loss=0.001998  chamfer=0.00166  edge=0.00615  lap=0.00152  sym=0.00003  limit=0.00000  mid=0.00000  churn=0.004
    [H2_joint]  899/900 loss=0.001992  chamfer=0.00165  edge=0.00617  lap=0.00152  sym=0.00003  limit=0.00000  mid=0.00000  churn=0.004
    [H2_joint] partition churn: first 0.009 last 0.004 mean 0.006   (falling churn => the data term is settling)
    [H3_deform]    0/600 loss=0.001994  chamfer=0.00166  edge=0.00617  lap=0.00152  sym=0.00003  mid=0.00000  off=0.00000
    [H3_deform]  100/600 loss=0.001639  chamfer=0.00133  edge=0.00366  lap=0.00168  sym=0.00004  mid=0.00000  off=0.00000  churn=0.013
    [H3_deform]  200/600 loss=0.001626  chamfer=0.00130  edge=0.00379  lap=0.00169  sym=0.00004  mid=0.00000  off=0.00000  churn=0.008
    [H3_deform]  300/600 loss=0.001618  chamfer=0.00129  edge=0.00385  lap=0.00170  sym=0.00003  mid=0.00000  off=0.00000  churn=0.007
    [H3_deform]  400/600 loss=0.001623  chamfer=0.00129  edge=0.00388  lap=0.00170  sym=0.00003  mid=0.00000  off=0.00000  churn=0.006
    [H3_deform]  500/600 loss=0.001610  chamfer=0.00127  edge=0.00393  lap=0.00170  sym=0.00003  mid=0.00000  off=0.00000  churn=0.005
    [H3_deform]  599/600 loss=0.001587  chamfer=0.00125  edge=0.00389  lap=0.00170  sym=0.00003  mid=0.00000  off=0.00000  churn=0.005
    [H3_deform] partition churn: first 0.013 last 0.005 mean 0.008   (falling churn => the data term is settling)
[hier] done
=== moonshot handoff, yaml=diagnostics/cycle2_20260819/cfg/gnc_legonly.yaml ===
[moonshot] 50 meshes from /rwthfs/rz/cluster/home/nao48500/SMILify/diagnostics/moonshot/synth_clean_n50
50 target meshes loaded.
[moonshot] initialised pose/shape from diagnostics/cycle2_20260819/runs/hier_N50_gnc_legonly_seed1/H2_joint.npz
/rwthfs/rz/cluster/home/nao48500/SMILify/fitter_3d/optimise_moonshot.py:112: DeprecationWarning: numpy.core.numeric is deprecated and has been renamed to numpy._core.numeric. The numpy._core namespace contains private NumPy internals and its use is discouraged, as NumPy internals can change without warning in any release. In practice, most real-world usage of numpy.core is to access functionality in the public NumPy API. If that is the case, use the public NumPy API. If not, you are using NumPy internals. If you would still like to access an internal attribute, use numpy._core.numeric._frombuffer.
  _dd = _pickle.load(_f, encoding="latin1")
[moonshot] running 2 stages
    [Stage_2_deform_coarse] it    0/1000  loss=0.007316   chamfer=0.00682  edge=0.00021  normal=0.05869  laplacian=0.00152  offset=0.00000  sym=0.00003  mid=0.00000  limit=0.00000
    [Stage_2_deform_coarse] it   50/1000  loss=0.002069   chamfer=0.00100  edge=0.00027  normal=0.06688  laplacian=0.00297  offset=0.00009  sym=0.00007  mid=0.00001  limit=0.00060
    [Stage_2_deform_coarse] it  100/1000  loss=0.001763   chamfer=0.00078  edge=0.00028  normal=0.06503  laplacian=0.00291  offset=0.00007  sym=0.00004  mid=0.00001  limit=0.00054
    [Stage_2_deform_coarse] it  150/1000  loss=0.001663   chamfer=0.00071  edge=0.00028  normal=0.06599  laplacian=0.00293  offset=0.00007  sym=0.00003  mid=0.00000  limit=0.00047
    [Stage_2_deform_coarse] it  200/1000  loss=0.001599   chamfer=0.00066  edge=0.00029  normal=0.06741  laplacian=0.00296  offset=0.00006  sym=0.00002  mid=0.00000  limit=0.00042
    [Stage_2_deform_coarse] it  250/1000  loss=0.001557   chamfer=0.00062  edge=0.00029  normal=0.06810  laplacian=0.00299  offset=0.00006  sym=0.00002  mid=0.00000  limit=0.00037
    [Stage_2_deform_coarse] it  300/1000  loss=0.001531   chamfer=0.00060  edge=0.00029  normal=0.06952  laplacian=0.00301  offset=0.00006  sym=0.00002  mid=0.00000  limit=0.00032
    [Stage_2_deform_coarse] it  350/1000  loss=0.001502   chamfer=0.00058  edge=0.00029  normal=0.07001  laplacian=0.00303  offset=0.00006  sym=0.00002  mid=0.00000  limit=0.00029
    [Stage_2_deform_coarse] it  400/1000  loss=0.001477   chamfer=0.00056  edge=0.00029  normal=0.07029  laplacian=0.00303  offset=0.00006  sym=0.00001  mid=0.00000  limit=0.00025
    [Stage_2_deform_coarse] it  450/1000  loss=0.001464   chamfer=0.00055  edge=0.00029  normal=0.07089  laplacian=0.00304  offset=0.00006  sym=0.00001  mid=0.00000  limit=0.00021
    [Stage_2_deform_coarse] it  500/1000  loss=0.001448   chamfer=0.00054  edge=0.00029  normal=0.07128  laplacian=0.00305  offset=0.00005  sym=0.00001  mid=0.00000  limit=0.00019
    [Stage_2_deform_coarse] it  550/1000  loss=0.001429   chamfer=0.00052  edge=0.00029  normal=0.07139  laplacian=0.00305  offset=0.00005  sym=0.00001  mid=0.00000  limit=0.00017
    [Stage_2_deform_coarse] it  600/1000  loss=0.001418   chamfer=0.00052  edge=0.00029  normal=0.07160  laplacian=0.00306  offset=0.00005  sym=0.00001  mid=0.00000  limit=0.00016
    [Stage_2_deform_coarse] it  650/1000  loss=0.001406   chamfer=0.00051  edge=0.00029  normal=0.07193  laplacian=0.00306  offset=0.00005  sym=0.00001  mid=0.00000  limit=0.00014
    [Stage_2_deform_coarse] it  700/1000  loss=0.001400   chamfer=0.00050  edge=0.00029  normal=0.07270  laplacian=0.00307  offset=0.00005  sym=0.00001  mid=0.00000  limit=0.00013
    [Stage_2_deform_coarse] it  750/1000  loss=0.001389   chamfer=0.00049  edge=0.00029  normal=0.07264  laplacian=0.00307  offset=0.00005  sym=0.00001  mid=0.00000  limit=0.00013
    [Stage_2_deform_coarse] it  800/1000  loss=0.001375   chamfer=0.00049  edge=0.00029  normal=0.07253  laplacian=0.00306  offset=0.00005  sym=0.00001  mid=0.00000  limit=0.00012
    [Stage_2_deform_coarse] it  850/1000  loss=0.001357   chamfer=0.00048  edge=0.00029  normal=0.07186  laplacian=0.00304  offset=0.00005  sym=0.00001  mid=0.00000  limit=0.00012
    [Stage_2_deform_coarse] it  900/1000  loss=0.001347   chamfer=0.00047  edge=0.00029  normal=0.07178  laplacian=0.00304  offset=0.00005  sym=0.00001  mid=0.00000  limit=0.00011
    [Stage_2_deform_coarse] it  950/1000  loss=0.001334   chamfer=0.00047  edge=0.00029  normal=0.07151  laplacian=0.00302  offset=0.00005  sym=0.00001  mid=0.00000  limit=0.00010
    [Stage_2_deform_coarse] it  999/1000  loss=0.001323   chamfer=0.00046  edge=0.00029  normal=0.07141  laplacian=0.00302  offset=0.00005  sym=0.00001  mid=0.00000  limit=0.00009
    [Stage_3_deform_fine] it    0/1000  loss=0.000539   chamfer=0.00046  edge=0.00029  normal=0.07136  laplacian=0.00302  offset=0.00005  sym=0.00001  mid=0.00000  limit=0.00009
    [Stage_3_deform_fine] it   50/1000  loss=0.000472   chamfer=0.00042  edge=0.00030  normal=0.05460  laplacian=0.00288  offset=0.00004  sym=0.00000  mid=0.00000  limit=0.00005
    [Stage_3_deform_fine] it  100/1000  loss=0.000467   chamfer=0.00042  edge=0.00030  normal=0.05348  laplacian=0.00287  offset=0.00004  sym=0.00000  mid=0.00000  limit=0.00002
    [Stage_3_deform_fine] it  150/1000  loss=0.000463   chamfer=0.00041  edge=0.00030  normal=0.05335  laplacian=0.00289  offset=0.00004  sym=0.00000  mid=0.00000  limit=0.00001
    [Stage_3_deform_fine] it  200/1000  loss=0.000461   chamfer=0.00041  edge=0.00030  normal=0.05342  laplacian=0.00290  offset=0.00004  sym=0.00000  mid=0.00000  limit=0.00000
    [Stage_3_deform_fine] it  250/1000  loss=0.000458   chamfer=0.00040  edge=0.00030  normal=0.05355  laplacian=0.00291  offset=0.00004  sym=0.00000  mid=0.00000  limit=0.00000
    [Stage_3_deform_fine] it  300/1000  loss=0.000456   chamfer=0.00040  edge=0.00030  normal=0.05345  laplacian=0.00291  offset=0.00004  sym=0.00000  mid=0.00000  limit=0.00000
    [Stage_3_deform_fine] it  350/1000  loss=0.000454   chamfer=0.00040  edge=0.00030  normal=0.05356  laplacian=0.00291  offset=0.00004  sym=0.00000  mid=0.00000  limit=0.00000
    [Stage_3_deform_fine] it  400/1000  loss=0.000451   chamfer=0.00039  edge=0.00030  normal=0.05361  laplacian=0.00291  offset=0.00004  sym=0.00000  mid=0.00000  limit=0.00000
    [Stage_3_deform_fine] it  450/1000  loss=0.000449   chamfer=0.00039  edge=0.00030  normal=0.05367  laplacian=0.00292  offset=0.00004  sym=0.00000  mid=0.00000  limit=0.00000
    [Stage_3_deform_fine] it  500/1000  loss=0.000447   chamfer=0.00038  edge=0.00030  normal=0.05368  laplacian=0.00292  offset=0.00004  sym=0.00000  mid=0.00000  limit=0.00000
    [Stage_3_deform_fine] it  550/1000  loss=0.000444   chamfer=0.00038  edge=0.00030  normal=0.05382  laplacian=0.00292  offset=0.00004  sym=0.00000  mid=0.00000  limit=0.00000
    [Stage_3_deform_fine] it  600/1000  loss=0.000442   chamfer=0.00038  edge=0.00030  normal=0.05370  laplacian=0.00291  offset=0.00004  sym=0.00000  mid=0.00000  limit=0.00000
    [Stage_3_deform_fine] it  650/1000  loss=0.000439   chamfer=0.00037  edge=0.00030  normal=0.05369  laplacian=0.00291  offset=0.00004  sym=0.00000  mid=0.00000  limit=0.00000
    [Stage_3_deform_fine] it  700/1000  loss=0.000436   chamfer=0.00037  edge=0.00030  normal=0.05358  laplacian=0.00291  offset=0.00004  sym=0.00000  mid=0.00000  limit=0.00000
    [Stage_3_deform_fine] it  750/1000  loss=0.000434   chamfer=0.00036  edge=0.00030  normal=0.05363  laplacian=0.00290  offset=0.00004  sym=0.00000  mid=0.00000  limit=0.00000
    [Stage_3_deform_fine] it  800/1000  loss=0.000432   chamfer=0.00036  edge=0.00030  normal=0.05356  laplacian=0.00290  offset=0.00004  sym=0.00000  mid=0.00000  limit=0.00000
    [Stage_3_deform_fine] it  850/1000  loss=0.000430   chamfer=0.00036  edge=0.00030  normal=0.05364  laplacian=0.00289  offset=0.00004  sym=0.00000  mid=0.00000  limit=0.00000
    [Stage_3_deform_fine] it  900/1000  loss=0.000427   chamfer=0.00035  edge=0.00030  normal=0.05356  laplacian=0.00289  offset=0.00004  sym=0.00000  mid=0.00000  limit=0.00000
    [Stage_3_deform_fine] it  950/1000  loss=0.000425   chamfer=0.00035  edge=0.00030  normal=0.05364  laplacian=0.00288  offset=0.00004  sym=0.00000  mid=0.00000  limit=0.00000
    [Stage_3_deform_fine] it  999/1000  loss=0.000422   chamfer=0.00034  edge=0.00030  normal=0.05383  laplacian=0.00288  offset=0.00004  sym=0.00000  mid=0.00000  limit=0.00000
  eval 10/50
  eval 20/50
  eval 30/50
  eval 40/50
  eval 50/50
[moonshot] wrote diagnostics/moonshot/runs/N50_gnc_legonly_seed1/metrics.csv

  ---- summary ----
    chamfer_l2                       0.000682
    fscore@0.01                      0.709372
    fscore@0.02                      0.939449
    hausdorff_95                     0.026053
    normal_consistency               0.834525
    edge_logratio_absmean            0.156004
    tri_quality_mean                 0.732840
    deform_mag_mean                  0.003397
    midline_dev_mean                 0.014138
    part_leg_distal_dist_mean        0.007720
    part_leg_dist_mean               0.007894
    part_body_dist_mean              0.008709
=== task 9 DONE ===
