=== task 5: corpus=synth_clean label=pose25 hier_dir=diagnostics/offset_sweep_evidence/runs/hier_SYN_clean_w5 ===
Wed Aug 19 07:23:20 2026       
+-----------------------------------------------------------------------------------------+
| NVIDIA-SMI 580.178.04             Driver Version: 580.178.04     CUDA Version: 13.0     |
+-----------------------------------------+------------------------+----------------------+
| GPU  Name                 Persistence-M | Bus-Id          Disp.A | Volatile Uncorr. ECC |
| Fan  Temp   Perf          Pwr:Usage/Cap |           Memory-Usage | GPU-Util  Compute M. |
|                                         |                        |               MIG M. |
|=========================================+========================+======================|
|   0  NVIDIA H100                    On  |   00000000:AD:00.0 Off |                    0 |
| N/A   43C    P0             73W /  600W |       0MiB /  95830MiB |      0%      Default |
|                                         |                        |             Disabled |
+-----------------------------------------+------------------------+----------------------+

+-----------------------------------------------------------------------------------------+
| Processes:                                                                              |
|  GPU   GI   CI              PID   Type   Process name                        GPU Memory |
|        ID   ID                                                               Usage      |
|=========================================================================================|
|  No running processes found                                                             |
+-----------------------------------------------------------------------------------------+
[moonshot] 12 meshes from /rwthfs/rz/cluster/home/nao48500/SMILify/diagnostics/moonshot/synth_clean
12 target meshes loaded.
[moonshot] initialised pose/shape from diagnostics/offset_sweep_evidence/runs/hier_SYN_clean_w5/H2_joint.npz
/rwthfs/rz/cluster/home/nao48500/SMILify/fitter_3d/optimise_moonshot.py:112: DeprecationWarning: numpy.core.numeric is deprecated and has been renamed to numpy._core.numeric. The numpy._core namespace contains private NumPy internals and its use is discouraged, as NumPy internals can change without warning in any release. In practice, most real-world usage of numpy.core is to access functionality in the public NumPy API. If that is the case, use the public NumPy API. If not, you are using NumPy internals. If you would still like to access an internal attribute, use numpy._core.numeric._frombuffer.
  _dd = _pickle.load(_f, encoding="latin1")
[moonshot] running 2 stages
    [Stage_2_deform_coarse] it    0/1000  loss=0.006279   chamfer=0.00579  edge=0.00021  normal=0.05893  laplacian=0.00153  offset=0.00000  sym=0.00002  mid=0.00000  limit=0.00000
    [Stage_2_deform_coarse] it   50/1000  loss=0.002241   chamfer=0.00112  edge=0.00028  normal=0.06925  laplacian=0.00310  offset=0.00009  sym=0.00008  mid=0.00001  limit=0.00081
    [Stage_2_deform_coarse] it  100/1000  loss=0.001882   chamfer=0.00087  edge=0.00029  normal=0.06700  laplacian=0.00302  offset=0.00008  sym=0.00004  mid=0.00000  limit=0.00077
    [Stage_2_deform_coarse] it  150/1000  loss=0.001750   chamfer=0.00078  edge=0.00030  normal=0.06639  laplacian=0.00301  offset=0.00007  sym=0.00003  mid=0.00000  limit=0.00068
    [Stage_2_deform_coarse] it  200/1000  loss=0.001684   chamfer=0.00072  edge=0.00030  normal=0.06750  laplacian=0.00304  offset=0.00006  sym=0.00003  mid=0.00000  limit=0.00064
    [Stage_2_deform_coarse] it  250/1000  loss=0.001649   chamfer=0.00069  edge=0.00031  normal=0.06917  laplacian=0.00309  offset=0.00006  sym=0.00002  mid=0.00000  limit=0.00058
    [Stage_2_deform_coarse] it  300/1000  loss=0.001622   chamfer=0.00067  edge=0.00031  normal=0.06979  laplacian=0.00309  offset=0.00006  sym=0.00002  mid=0.00000  limit=0.00052
    [Stage_2_deform_coarse] it  350/1000  loss=0.001586   chamfer=0.00064  edge=0.00031  normal=0.07006  laplacian=0.00311  offset=0.00006  sym=0.00002  mid=0.00000  limit=0.00046
    [Stage_2_deform_coarse] it  400/1000  loss=0.001559   chamfer=0.00062  edge=0.00031  normal=0.07068  laplacian=0.00313  offset=0.00006  sym=0.00002  mid=0.00001  limit=0.00039
    [Stage_2_deform_coarse] it  450/1000  loss=0.001558   chamfer=0.00062  edge=0.00031  normal=0.07164  laplacian=0.00315  offset=0.00006  sym=0.00001  mid=0.00000  limit=0.00033
    [Stage_2_deform_coarse] it  500/1000  loss=0.001529   chamfer=0.00060  edge=0.00031  normal=0.07140  laplacian=0.00315  offset=0.00006  sym=0.00001  mid=0.00000  limit=0.00031
    [Stage_2_deform_coarse] it  550/1000  loss=0.001527   chamfer=0.00060  edge=0.00031  normal=0.07225  laplacian=0.00316  offset=0.00005  sym=0.00001  mid=0.00000  limit=0.00027
    [Stage_2_deform_coarse] it  600/1000  loss=0.001514   chamfer=0.00059  edge=0.00031  normal=0.07248  laplacian=0.00317  offset=0.00005  sym=0.00001  mid=0.00000  limit=0.00024
    [Stage_2_deform_coarse] it  650/1000  loss=0.001496   chamfer=0.00057  edge=0.00031  normal=0.07307  laplacian=0.00317  offset=0.00005  sym=0.00001  mid=0.00000  limit=0.00021
    [Stage_2_deform_coarse] it  700/1000  loss=0.001483   chamfer=0.00056  edge=0.00031  normal=0.07322  laplacian=0.00316  offset=0.00005  sym=0.00001  mid=0.00000  limit=0.00019
    [Stage_2_deform_coarse] it  750/1000  loss=0.001455   chamfer=0.00056  edge=0.00031  normal=0.07133  laplacian=0.00313  offset=0.00005  sym=0.00001  mid=0.00000  limit=0.00016
    [Stage_2_deform_coarse] it  800/1000  loss=0.001445   chamfer=0.00055  edge=0.00031  normal=0.07212  laplacian=0.00313  offset=0.00005  sym=0.00001  mid=0.00000  limit=0.00014
    [Stage_2_deform_coarse] it  850/1000  loss=0.001436   chamfer=0.00054  edge=0.00031  normal=0.07188  laplacian=0.00312  offset=0.00005  sym=0.00001  mid=0.00000  limit=0.00011
    [Stage_2_deform_coarse] it  900/1000  loss=0.001428   chamfer=0.00054  edge=0.00031  normal=0.07229  laplacian=0.00314  offset=0.00005  sym=0.00001  mid=0.00000  limit=0.00008
    [Stage_2_deform_coarse] it  950/1000  loss=0.001407   chamfer=0.00052  edge=0.00031  normal=0.07213  laplacian=0.00312  offset=0.00005  sym=0.00001  mid=0.00000  limit=0.00006
    [Stage_2_deform_coarse] it  999/1000  loss=0.001393   chamfer=0.00051  edge=0.00030  normal=0.07236  laplacian=0.00312  offset=0.00005  sym=0.00001  mid=0.00000  limit=0.00005
    [Stage_3_deform_fine] it    0/1000  loss=0.000571   chamfer=0.00051  edge=0.00030  normal=0.07225  laplacian=0.00312  offset=0.00005  sym=0.00001  mid=0.00000  limit=0.00005
    [Stage_3_deform_fine] it   50/1000  loss=0.000504   chamfer=0.00048  edge=0.00031  normal=0.05524  laplacian=0.00298  offset=0.00004  sym=0.00000  mid=0.00000  limit=0.00000
    [Stage_3_deform_fine] it  100/1000  loss=0.000496   chamfer=0.00047  edge=0.00031  normal=0.05409  laplacian=0.00298  offset=0.00004  sym=0.00000  mid=0.00000  limit=0.00000
    [Stage_3_deform_fine] it  150/1000  loss=0.000492   chamfer=0.00046  edge=0.00031  normal=0.05407  laplacian=0.00299  offset=0.00004  sym=0.00000  mid=0.00000  limit=0.00000
    [Stage_3_deform_fine] it  200/1000  loss=0.000491   chamfer=0.00046  edge=0.00031  normal=0.05394  laplacian=0.00300  offset=0.00004  sym=0.00000  mid=0.00000  limit=0.00000
    [Stage_3_deform_fine] it  250/1000  loss=0.000488   chamfer=0.00045  edge=0.00031  normal=0.05405  laplacian=0.00300  offset=0.00004  sym=0.00000  mid=0.00000  limit=0.00000
    [Stage_3_deform_fine] it  300/1000  loss=0.000483   chamfer=0.00044  edge=0.00031  normal=0.05410  laplacian=0.00301  offset=0.00004  sym=0.00000  mid=0.00000  limit=0.00000
    [Stage_3_deform_fine] it  350/1000  loss=0.000478   chamfer=0.00043  edge=0.00031  normal=0.05414  laplacian=0.00301  offset=0.00004  sym=0.00000  mid=0.00000  limit=0.00000
    [Stage_3_deform_fine] it  400/1000  loss=0.000478   chamfer=0.00044  edge=0.00031  normal=0.05412  laplacian=0.00301  offset=0.00004  sym=0.00000  mid=0.00000  limit=0.00000
    [Stage_3_deform_fine] it  450/1000  loss=0.000473   chamfer=0.00043  edge=0.00031  normal=0.05412  laplacian=0.00301  offset=0.00004  sym=0.00000  mid=0.00000  limit=0.00000
    [Stage_3_deform_fine] it  500/1000  loss=0.000476   chamfer=0.00043  edge=0.00031  normal=0.05427  laplacian=0.00301  offset=0.00004  sym=0.00000  mid=0.00000  limit=0.00000
    [Stage_3_deform_fine] it  550/1000  loss=0.000468   chamfer=0.00042  edge=0.00031  normal=0.05420  laplacian=0.00301  offset=0.00004  sym=0.00000  mid=0.00000  limit=0.00000
    [Stage_3_deform_fine] it  600/1000  loss=0.000467   chamfer=0.00042  edge=0.00031  normal=0.05456  laplacian=0.00301  offset=0.00004  sym=0.00000  mid=0.00000  limit=0.00000
    [Stage_3_deform_fine] it  650/1000  loss=0.000464   chamfer=0.00041  edge=0.00031  normal=0.05453  laplacian=0.00300  offset=0.00004  sym=0.00000  mid=0.00000  limit=0.00000
    [Stage_3_deform_fine] it  700/1000  loss=0.000460   chamfer=0.00040  edge=0.00031  normal=0.05446  laplacian=0.00300  offset=0.00004  sym=0.00000  mid=0.00000  limit=0.00000
    [Stage_3_deform_fine] it  750/1000  loss=0.000459   chamfer=0.00040  edge=0.00031  normal=0.05447  laplacian=0.00299  offset=0.00004  sym=0.00000  mid=0.00000  limit=0.00000
    [Stage_3_deform_fine] it  800/1000  loss=0.000457   chamfer=0.00040  edge=0.00031  normal=0.05452  laplacian=0.00299  offset=0.00004  sym=0.00000  mid=0.00000  limit=0.00000
    [Stage_3_deform_fine] it  850/1000  loss=0.000453   chamfer=0.00039  edge=0.00031  normal=0.05461  laplacian=0.00298  offset=0.00004  sym=0.00000  mid=0.00000  limit=0.00000
    [Stage_3_deform_fine] it  900/1000  loss=0.000452   chamfer=0.00039  edge=0.00031  normal=0.05456  laplacian=0.00298  offset=0.00004  sym=0.00000  mid=0.00000  limit=0.00000
    [Stage_3_deform_fine] it  950/1000  loss=0.000447   chamfer=0.00038  edge=0.00031  normal=0.05429  laplacian=0.00297  offset=0.00004  sym=0.00000  mid=0.00000  limit=0.00000
    [Stage_3_deform_fine] it  999/1000  loss=0.000444   chamfer=0.00038  edge=0.00031  normal=0.05421  laplacian=0.00296  offset=0.00004  sym=0.00000  mid=0.00000  limit=0.00000
  eval 10/12
[moonshot] wrote diagnostics/moonshot/runs/SYN_clean_pose25_gnclegonly_w5/metrics.csv

  ---- summary ----
    chamfer_l2                       0.000829
    fscore@0.01                      0.673163
    fscore@0.02                      0.922840
    hausdorff_95                     0.028782
    normal_consistency               0.822676
    edge_logratio_absmean            0.157492
    tri_quality_mean                 0.730525
    deform_mag_mean                  0.003589
    midline_dev_mean                 0.013745
    part_leg_distal_dist_mean        0.008885
    part_leg_dist_mean               0.008475
    part_body_dist_mean              0.008966
=== task 5 DONE ===
