=== task 2: corpus=synth_clean_pose10 label=pose10 hier_dir=diagnostics/registration_failure/runs/hier_SYN_clean_pose10_w5 ===
Wed Aug 19 07:23:20 2026       
+-----------------------------------------------------------------------------------------+
| NVIDIA-SMI 580.178.04             Driver Version: 580.178.04     CUDA Version: 13.0     |
+-----------------------------------------+------------------------+----------------------+
| GPU  Name                 Persistence-M | Bus-Id          Disp.A | Volatile Uncorr. ECC |
| Fan  Temp   Perf          Pwr:Usage/Cap |           Memory-Usage | GPU-Util  Compute M. |
|                                         |                        |               MIG M. |
|=========================================+========================+======================|
|   0  NVIDIA H100                    On  |   00000000:9D:00.0 Off |                    0 |
| N/A   41C    P0             71W /  600W |       0MiB /  95830MiB |      0%      Default |
|                                         |                        |             Disabled |
+-----------------------------------------+------------------------+----------------------+

+-----------------------------------------------------------------------------------------+
| Processes:                                                                              |
|  GPU   GI   CI              PID   Type   Process name                        GPU Memory |
|        ID   ID                                                               Usage      |
|=========================================================================================|
|  No running processes found                                                             |
+-----------------------------------------------------------------------------------------+
[moonshot] 12 meshes from /rwthfs/rz/cluster/home/nao48500/SMILify/diagnostics/moonshot/synth_clean_pose10
12 target meshes loaded.
[moonshot] initialised pose/shape from diagnostics/registration_failure/runs/hier_SYN_clean_pose10_w5/H2_joint.npz
/rwthfs/rz/cluster/home/nao48500/SMILify/fitter_3d/optimise_moonshot.py:112: DeprecationWarning: numpy.core.numeric is deprecated and has been renamed to numpy._core.numeric. The numpy._core namespace contains private NumPy internals and its use is discouraged, as NumPy internals can change without warning in any release. In practice, most real-world usage of numpy.core is to access functionality in the public NumPy API. If that is the case, use the public NumPy API. If not, you are using NumPy internals. If you would still like to access an internal attribute, use numpy._core.numeric._frombuffer.
  _dd = _pickle.load(_f, encoding="latin1")
[moonshot] running 2 stages
    [Stage_2_deform_coarse] it    0/1000  loss=0.002494   chamfer=0.00204  edge=0.00021  normal=0.05405  laplacian=0.00148  offset=0.00000  sym=0.00000  mid=0.00000  limit=0.00000
    [Stage_2_deform_coarse] it   50/1000  loss=0.001335   chamfer=0.00059  edge=0.00024  normal=0.06013  laplacian=0.00253  offset=0.00004  sym=0.00001  mid=0.00000  limit=0.00002
    [Stage_2_deform_coarse] it  100/1000  loss=0.001221   chamfer=0.00051  edge=0.00024  normal=0.05947  laplacian=0.00252  offset=0.00004  sym=0.00001  mid=0.00000  limit=0.00002
    [Stage_2_deform_coarse] it  150/1000  loss=0.001186   chamfer=0.00048  edge=0.00025  normal=0.06119  laplacian=0.00258  offset=0.00003  sym=0.00001  mid=0.00000  limit=0.00001
    [Stage_2_deform_coarse] it  200/1000  loss=0.001169   chamfer=0.00045  edge=0.00025  normal=0.06339  laplacian=0.00266  offset=0.00003  sym=0.00001  mid=0.00000  limit=0.00001
    [Stage_2_deform_coarse] it  250/1000  loss=0.001162   chamfer=0.00044  edge=0.00026  normal=0.06588  laplacian=0.00272  offset=0.00003  sym=0.00000  mid=0.00000  limit=0.00001
    [Stage_2_deform_coarse] it  300/1000  loss=0.001146   chamfer=0.00042  edge=0.00026  normal=0.06648  laplacian=0.00275  offset=0.00003  sym=0.00000  mid=0.00000  limit=0.00001
    [Stage_2_deform_coarse] it  350/1000  loss=0.001141   chamfer=0.00041  edge=0.00026  normal=0.06771  laplacian=0.00279  offset=0.00003  sym=0.00000  mid=0.00000  limit=0.00000
    [Stage_2_deform_coarse] it  400/1000  loss=0.001132   chamfer=0.00040  edge=0.00026  normal=0.06809  laplacian=0.00282  offset=0.00003  sym=0.00000  mid=0.00000  limit=0.00000
    [Stage_2_deform_coarse] it  450/1000  loss=0.001133   chamfer=0.00039  edge=0.00027  normal=0.06901  laplacian=0.00286  offset=0.00003  sym=0.00000  mid=0.00000  limit=0.00000
    [Stage_2_deform_coarse] it  500/1000  loss=0.001144   chamfer=0.00039  edge=0.00027  normal=0.07095  laplacian=0.00291  offset=0.00003  sym=0.00000  mid=0.00000  limit=0.00000
    [Stage_2_deform_coarse] it  550/1000  loss=0.001139   chamfer=0.00038  edge=0.00027  normal=0.07140  laplacian=0.00292  offset=0.00003  sym=0.00000  mid=0.00000  limit=0.00000
    [Stage_2_deform_coarse] it  600/1000  loss=0.001127   chamfer=0.00038  edge=0.00027  normal=0.07071  laplacian=0.00292  offset=0.00003  sym=0.00000  mid=0.00000  limit=0.00000
    [Stage_2_deform_coarse] it  650/1000  loss=0.001123   chamfer=0.00037  edge=0.00027  normal=0.07078  laplacian=0.00292  offset=0.00003  sym=0.00000  mid=0.00000  limit=0.00000
    [Stage_2_deform_coarse] it  700/1000  loss=0.001113   chamfer=0.00036  edge=0.00027  normal=0.07057  laplacian=0.00293  offset=0.00003  sym=0.00000  mid=0.00000  limit=0.00000
    [Stage_2_deform_coarse] it  750/1000  loss=0.001108   chamfer=0.00036  edge=0.00027  normal=0.07026  laplacian=0.00291  offset=0.00003  sym=0.00000  mid=0.00000  limit=0.00000
    [Stage_2_deform_coarse] it  800/1000  loss=0.001094   chamfer=0.00036  edge=0.00027  normal=0.06922  laplacian=0.00288  offset=0.00003  sym=0.00000  mid=0.00000  limit=0.00000
    [Stage_2_deform_coarse] it  850/1000  loss=0.001092   chamfer=0.00035  edge=0.00027  normal=0.06976  laplacian=0.00289  offset=0.00003  sym=0.00000  mid=0.00000  limit=0.00000
    [Stage_2_deform_coarse] it  900/1000  loss=0.001097   chamfer=0.00035  edge=0.00027  normal=0.07060  laplacian=0.00293  offset=0.00003  sym=0.00000  mid=0.00000  limit=0.00000
    [Stage_2_deform_coarse] it  950/1000  loss=0.001092   chamfer=0.00035  edge=0.00027  normal=0.07012  laplacian=0.00291  offset=0.00003  sym=0.00000  mid=0.00000  limit=0.00000
    [Stage_2_deform_coarse] it  999/1000  loss=0.001086   chamfer=0.00034  edge=0.00027  normal=0.07015  laplacian=0.00292  offset=0.00003  sym=0.00000  mid=0.00000  limit=0.00000
    [Stage_3_deform_fine] it    0/1000  loss=0.000432   chamfer=0.00034  edge=0.00027  normal=0.07018  laplacian=0.00292  offset=0.00003  sym=0.00000  mid=0.00000  limit=0.00000
    [Stage_3_deform_fine] it   50/1000  loss=0.000368   chamfer=0.00032  edge=0.00027  normal=0.05253  laplacian=0.00273  offset=0.00002  sym=0.00000  mid=0.00000  limit=0.00000
    [Stage_3_deform_fine] it  100/1000  loss=0.000364   chamfer=0.00032  edge=0.00028  normal=0.05144  laplacian=0.00273  offset=0.00002  sym=0.00000  mid=0.00000  limit=0.00000
    [Stage_3_deform_fine] it  150/1000  loss=0.000361   chamfer=0.00031  edge=0.00028  normal=0.05113  laplacian=0.00275  offset=0.00002  sym=0.00000  mid=0.00000  limit=0.00000
    [Stage_3_deform_fine] it  200/1000  loss=0.000363   chamfer=0.00031  edge=0.00028  normal=0.05140  laplacian=0.00276  offset=0.00002  sym=0.00000  mid=0.00000  limit=0.00000
    [Stage_3_deform_fine] it  250/1000  loss=0.000360   chamfer=0.00031  edge=0.00028  normal=0.05131  laplacian=0.00277  offset=0.00002  sym=0.00000  mid=0.00000  limit=0.00000
    [Stage_3_deform_fine] it  300/1000  loss=0.000359   chamfer=0.00031  edge=0.00028  normal=0.05126  laplacian=0.00278  offset=0.00002  sym=0.00000  mid=0.00000  limit=0.00000
    [Stage_3_deform_fine] it  350/1000  loss=0.000358   chamfer=0.00031  edge=0.00028  normal=0.05156  laplacian=0.00278  offset=0.00002  sym=0.00000  mid=0.00000  limit=0.00000
    [Stage_3_deform_fine] it  400/1000  loss=0.000357   chamfer=0.00030  edge=0.00028  normal=0.05143  laplacian=0.00278  offset=0.00002  sym=0.00000  mid=0.00000  limit=0.00000
    [Stage_3_deform_fine] it  450/1000  loss=0.000355   chamfer=0.00030  edge=0.00028  normal=0.05158  laplacian=0.00279  offset=0.00002  sym=0.00000  mid=0.00000  limit=0.00000
    [Stage_3_deform_fine] it  500/1000  loss=0.000356   chamfer=0.00030  edge=0.00028  normal=0.05183  laplacian=0.00279  offset=0.00002  sym=0.00000  mid=0.00000  limit=0.00000
    [Stage_3_deform_fine] it  550/1000  loss=0.000354   chamfer=0.00030  edge=0.00028  normal=0.05184  laplacian=0.00279  offset=0.00002  sym=0.00000  mid=0.00000  limit=0.00000
    [Stage_3_deform_fine] it  600/1000  loss=0.000353   chamfer=0.00029  edge=0.00028  normal=0.05178  laplacian=0.00280  offset=0.00002  sym=0.00000  mid=0.00000  limit=0.00000
    [Stage_3_deform_fine] it  650/1000  loss=0.000352   chamfer=0.00029  edge=0.00028  normal=0.05185  laplacian=0.00280  offset=0.00002  sym=0.00000  mid=0.00000  limit=0.00000
    [Stage_3_deform_fine] it  700/1000  loss=0.000351   chamfer=0.00029  edge=0.00028  normal=0.05191  laplacian=0.00279  offset=0.00002  sym=0.00000  mid=0.00000  limit=0.00000
    [Stage_3_deform_fine] it  750/1000  loss=0.000350   chamfer=0.00029  edge=0.00028  normal=0.05188  laplacian=0.00279  offset=0.00002  sym=0.00000  mid=0.00000  limit=0.00000
    [Stage_3_deform_fine] it  800/1000  loss=0.000347   chamfer=0.00028  edge=0.00028  normal=0.05201  laplacian=0.00279  offset=0.00002  sym=0.00000  mid=0.00000  limit=0.00000
    [Stage_3_deform_fine] it  850/1000  loss=0.000345   chamfer=0.00028  edge=0.00028  normal=0.05182  laplacian=0.00279  offset=0.00002  sym=0.00000  mid=0.00000  limit=0.00000
    [Stage_3_deform_fine] it  900/1000  loss=0.000345   chamfer=0.00028  edge=0.00028  normal=0.05172  laplacian=0.00279  offset=0.00002  sym=0.00000  mid=0.00000  limit=0.00000
    [Stage_3_deform_fine] it  950/1000  loss=0.000343   chamfer=0.00028  edge=0.00028  normal=0.05214  laplacian=0.00279  offset=0.00002  sym=0.00000  mid=0.00000  limit=0.00000
    [Stage_3_deform_fine] it  999/1000  loss=0.000342   chamfer=0.00027  edge=0.00028  normal=0.05221  laplacian=0.00279  offset=0.00002  sym=0.00000  mid=0.00000  limit=0.00000
  eval 10/12
[moonshot] wrote diagnostics/moonshot/runs/SYN_clean_pose10_gnclegonly_w5/metrics.csv

  ---- summary ----
    chamfer_l2                       0.000152
    fscore@0.01                      0.800285
    fscore@0.02                      0.976250
    hausdorff_95                     0.017741
    normal_consistency               0.871003
    edge_logratio_absmean            0.149233
    tri_quality_mean                 0.743752
    deform_mag_mean                  0.002964
    midline_dev_mean                 0.006511
    part_leg_distal_dist_mean        0.004998
    part_leg_dist_mean               0.006392
    part_body_dist_mean              0.006791
=== task 2 DONE ===
