=== task 3: corpus=synth_clean_pose15 label=pose15 hier_dir=diagnostics/registration_failure/runs/hier_SYN_clean_pose15_w5 ===
Wed Aug 19 07:23:20 2026       
+-----------------------------------------------------------------------------------------+
| NVIDIA-SMI 580.178.04             Driver Version: 580.178.04     CUDA Version: 13.0     |
+-----------------------------------------+------------------------+----------------------+
| GPU  Name                 Persistence-M | Bus-Id          Disp.A | Volatile Uncorr. ECC |
| Fan  Temp   Perf          Pwr:Usage/Cap |           Memory-Usage | GPU-Util  Compute M. |
|                                         |                        |               MIG M. |
|=========================================+========================+======================|
|   0  NVIDIA H100                    On  |   00000000:1B:00.0 Off |                    0 |
| N/A   42C    P0             73W /  600W |       0MiB /  95830MiB |      0%      Default |
|                                         |                        |             Disabled |
+-----------------------------------------+------------------------+----------------------+

+-----------------------------------------------------------------------------------------+
| Processes:                                                                              |
|  GPU   GI   CI              PID   Type   Process name                        GPU Memory |
|        ID   ID                                                               Usage      |
|=========================================================================================|
|  No running processes found                                                             |
+-----------------------------------------------------------------------------------------+
[moonshot] 12 meshes from /rwthfs/rz/cluster/home/nao48500/SMILify/diagnostics/moonshot/synth_clean_pose15
12 target meshes loaded.
[moonshot] initialised pose/shape from diagnostics/registration_failure/runs/hier_SYN_clean_pose15_w5/H2_joint.npz
/rwthfs/rz/cluster/home/nao48500/SMILify/fitter_3d/optimise_moonshot.py:112: DeprecationWarning: numpy.core.numeric is deprecated and has been renamed to numpy._core.numeric. The numpy._core namespace contains private NumPy internals and its use is discouraged, as NumPy internals can change without warning in any release. In practice, most real-world usage of numpy.core is to access functionality in the public NumPy API. If that is the case, use the public NumPy API. If not, you are using NumPy internals. If you would still like to access an internal attribute, use numpy._core.numeric._frombuffer.
  _dd = _pickle.load(_f, encoding="latin1")
[moonshot] running 2 stages
    [Stage_2_deform_coarse] it    0/1000  loss=0.002756   chamfer=0.00229  edge=0.00021  normal=0.05464  laplacian=0.00148  offset=0.00000  sym=0.00001  mid=0.00000  limit=0.00000
    [Stage_2_deform_coarse] it   50/1000  loss=0.001409   chamfer=0.00062  edge=0.00024  normal=0.06138  laplacian=0.00260  offset=0.00005  sym=0.00001  mid=0.00000  limit=0.00002
    [Stage_2_deform_coarse] it  100/1000  loss=0.001277   chamfer=0.00054  edge=0.00024  normal=0.06036  laplacian=0.00256  offset=0.00004  sym=0.00001  mid=0.00000  limit=0.00001
    [Stage_2_deform_coarse] it  150/1000  loss=0.001234   chamfer=0.00050  edge=0.00025  normal=0.06197  laplacian=0.00262  offset=0.00004  sym=0.00001  mid=0.00000  limit=0.00001
    [Stage_2_deform_coarse] it  200/1000  loss=0.001218   chamfer=0.00047  edge=0.00025  normal=0.06415  laplacian=0.00269  offset=0.00004  sym=0.00001  mid=0.00000  limit=0.00001
    [Stage_2_deform_coarse] it  250/1000  loss=0.001210   chamfer=0.00045  edge=0.00025  normal=0.06748  laplacian=0.00277  offset=0.00004  sym=0.00001  mid=0.00000  limit=0.00000
    [Stage_2_deform_coarse] it  300/1000  loss=0.001198   chamfer=0.00043  edge=0.00026  normal=0.06816  laplacian=0.00283  offset=0.00004  sym=0.00001  mid=0.00000  limit=0.00000
    [Stage_2_deform_coarse] it  350/1000  loss=0.001189   chamfer=0.00042  edge=0.00026  normal=0.06894  laplacian=0.00285  offset=0.00004  sym=0.00001  mid=0.00000  limit=0.00000
    [Stage_2_deform_coarse] it  400/1000  loss=0.001182   chamfer=0.00041  edge=0.00026  normal=0.06962  laplacian=0.00287  offset=0.00004  sym=0.00000  mid=0.00000  limit=0.00000
    [Stage_2_deform_coarse] it  450/1000  loss=0.001184   chamfer=0.00041  edge=0.00026  normal=0.07073  laplacian=0.00290  offset=0.00004  sym=0.00000  mid=0.00000  limit=0.00000
    [Stage_2_deform_coarse] it  500/1000  loss=0.001191   chamfer=0.00040  edge=0.00027  normal=0.07249  laplacian=0.00294  offset=0.00004  sym=0.00000  mid=0.00000  limit=0.00000
    [Stage_2_deform_coarse] it  550/1000  loss=0.001182   chamfer=0.00039  edge=0.00027  normal=0.07223  laplacian=0.00295  offset=0.00004  sym=0.00000  mid=0.00000  limit=0.00000
    [Stage_2_deform_coarse] it  600/1000  loss=0.001167   chamfer=0.00039  edge=0.00027  normal=0.07057  laplacian=0.00293  offset=0.00003  sym=0.00000  mid=0.00000  limit=0.00000
    [Stage_2_deform_coarse] it  650/1000  loss=0.001166   chamfer=0.00038  edge=0.00027  normal=0.07178  laplacian=0.00294  offset=0.00003  sym=0.00000  mid=0.00000  limit=0.00000
    [Stage_2_deform_coarse] it  700/1000  loss=0.001156   chamfer=0.00038  edge=0.00027  normal=0.07117  laplacian=0.00294  offset=0.00003  sym=0.00000  mid=0.00000  limit=0.00000
    [Stage_2_deform_coarse] it  750/1000  loss=0.001153   chamfer=0.00037  edge=0.00027  normal=0.07138  laplacian=0.00294  offset=0.00003  sym=0.00000  mid=0.00000  limit=0.00000
    [Stage_2_deform_coarse] it  800/1000  loss=0.001154   chamfer=0.00037  edge=0.00027  normal=0.07208  laplacian=0.00296  offset=0.00003  sym=0.00000  mid=0.00000  limit=0.00000
    [Stage_2_deform_coarse] it  850/1000  loss=0.001147   chamfer=0.00037  edge=0.00027  normal=0.07123  laplacian=0.00296  offset=0.00003  sym=0.00000  mid=0.00000  limit=0.00000
    [Stage_2_deform_coarse] it  900/1000  loss=0.001144   chamfer=0.00036  edge=0.00027  normal=0.07132  laplacian=0.00295  offset=0.00003  sym=0.00000  mid=0.00000  limit=0.00000
    [Stage_2_deform_coarse] it  950/1000  loss=0.001146   chamfer=0.00037  edge=0.00027  normal=0.07118  laplacian=0.00296  offset=0.00003  sym=0.00000  mid=0.00000  limit=0.00000
    [Stage_2_deform_coarse] it  999/1000  loss=0.001135   chamfer=0.00036  edge=0.00027  normal=0.07144  laplacian=0.00295  offset=0.00003  sym=0.00000  mid=0.00000  limit=0.00000
    [Stage_3_deform_fine] it    0/1000  loss=0.000453   chamfer=0.00036  edge=0.00027  normal=0.07112  laplacian=0.00295  offset=0.00003  sym=0.00000  mid=0.00000  limit=0.00000
    [Stage_3_deform_fine] it   50/1000  loss=0.000389   chamfer=0.00033  edge=0.00027  normal=0.05325  laplacian=0.00277  offset=0.00003  sym=0.00000  mid=0.00000  limit=0.00000
    [Stage_3_deform_fine] it  100/1000  loss=0.000384   chamfer=0.00033  edge=0.00028  normal=0.05209  laplacian=0.00277  offset=0.00003  sym=0.00000  mid=0.00000  limit=0.00000
    [Stage_3_deform_fine] it  150/1000  loss=0.000382   chamfer=0.00032  edge=0.00028  normal=0.05192  laplacian=0.00278  offset=0.00003  sym=0.00000  mid=0.00000  limit=0.00000
    [Stage_3_deform_fine] it  200/1000  loss=0.000382   chamfer=0.00032  edge=0.00028  normal=0.05198  laplacian=0.00280  offset=0.00003  sym=0.00000  mid=0.00000  limit=0.00000
    [Stage_3_deform_fine] it  250/1000  loss=0.000381   chamfer=0.00032  edge=0.00028  normal=0.05202  laplacian=0.00281  offset=0.00003  sym=0.00000  mid=0.00000  limit=0.00000
    [Stage_3_deform_fine] it  300/1000  loss=0.000380   chamfer=0.00032  edge=0.00028  normal=0.05218  laplacian=0.00282  offset=0.00003  sym=0.00000  mid=0.00000  limit=0.00000
    [Stage_3_deform_fine] it  350/1000  loss=0.000379   chamfer=0.00032  edge=0.00028  normal=0.05221  laplacian=0.00282  offset=0.00003  sym=0.00000  mid=0.00000  limit=0.00000
    [Stage_3_deform_fine] it  400/1000  loss=0.000379   chamfer=0.00032  edge=0.00028  normal=0.05221  laplacian=0.00283  offset=0.00003  sym=0.00000  mid=0.00000  limit=0.00000
    [Stage_3_deform_fine] it  450/1000  loss=0.000377   chamfer=0.00031  edge=0.00028  normal=0.05233  laplacian=0.00283  offset=0.00003  sym=0.00000  mid=0.00000  limit=0.00000
    [Stage_3_deform_fine] it  500/1000  loss=0.000376   chamfer=0.00031  edge=0.00028  normal=0.05244  laplacian=0.00283  offset=0.00003  sym=0.00000  mid=0.00000  limit=0.00000
    [Stage_3_deform_fine] it  550/1000  loss=0.000373   chamfer=0.00031  edge=0.00028  normal=0.05227  laplacian=0.00283  offset=0.00003  sym=0.00000  mid=0.00000  limit=0.00000
    [Stage_3_deform_fine] it  600/1000  loss=0.000372   chamfer=0.00030  edge=0.00028  normal=0.05262  laplacian=0.00283  offset=0.00003  sym=0.00000  mid=0.00000  limit=0.00000
    [Stage_3_deform_fine] it  650/1000  loss=0.000370   chamfer=0.00030  edge=0.00028  normal=0.05277  laplacian=0.00283  offset=0.00003  sym=0.00000  mid=0.00000  limit=0.00000
    [Stage_3_deform_fine] it  700/1000  loss=0.000369   chamfer=0.00030  edge=0.00028  normal=0.05267  laplacian=0.00283  offset=0.00003  sym=0.00000  mid=0.00000  limit=0.00000
    [Stage_3_deform_fine] it  750/1000  loss=0.000368   chamfer=0.00030  edge=0.00028  normal=0.05257  laplacian=0.00283  offset=0.00003  sym=0.00000  mid=0.00000  limit=0.00000
    [Stage_3_deform_fine] it  800/1000  loss=0.000367   chamfer=0.00029  edge=0.00028  normal=0.05299  laplacian=0.00283  offset=0.00003  sym=0.00000  mid=0.00000  limit=0.00000
    [Stage_3_deform_fine] it  850/1000  loss=0.000363   chamfer=0.00029  edge=0.00028  normal=0.05272  laplacian=0.00283  offset=0.00003  sym=0.00000  mid=0.00000  limit=0.00000
    [Stage_3_deform_fine] it  900/1000  loss=0.000363   chamfer=0.00029  edge=0.00028  normal=0.05300  laplacian=0.00283  offset=0.00003  sym=0.00000  mid=0.00000  limit=0.00000
    [Stage_3_deform_fine] it  950/1000  loss=0.000363   chamfer=0.00029  edge=0.00028  normal=0.05263  laplacian=0.00282  offset=0.00003  sym=0.00000  mid=0.00000  limit=0.00000
    [Stage_3_deform_fine] it  999/1000  loss=0.000358   chamfer=0.00028  edge=0.00028  normal=0.05261  laplacian=0.00282  offset=0.00003  sym=0.00000  mid=0.00000  limit=0.00000
  eval 10/12
[moonshot] wrote diagnostics/moonshot/runs/SYN_clean_pose15_gnclegonly_w5/metrics.csv

  ---- summary ----
    chamfer_l2                       0.000162
    fscore@0.01                      0.786942
    fscore@0.02                      0.972307
    hausdorff_95                     0.018269
    normal_consistency               0.865821
    edge_logratio_absmean            0.153087
    tri_quality_mean                 0.740571
    deform_mag_mean                  0.003106
    midline_dev_mean                 0.008152
    part_leg_distal_dist_mean        0.005746
    part_leg_dist_mean               0.006378
    part_body_dist_mean              0.007213
=== task 3 DONE ===
