=== task 4: corpus=synth_clean_pose20 label=pose20 hier_dir=diagnostics/registration_failure/runs/hier_SYN_clean_pose20_w5 ===
Wed Aug 19 07:23:20 2026       
+-----------------------------------------------------------------------------------------+
| NVIDIA-SMI 580.178.04             Driver Version: 580.178.04     CUDA Version: 13.0     |
+-----------------------------------------+------------------------+----------------------+
| GPU  Name                 Persistence-M | Bus-Id          Disp.A | Volatile Uncorr. ECC |
| Fan  Temp   Perf          Pwr:Usage/Cap |           Memory-Usage | GPU-Util  Compute M. |
|                                         |                        |               MIG M. |
|=========================================+========================+======================|
|   0  NVIDIA H100                    On  |   00000000:2C:00.0 Off |                    0 |
| N/A   44C    P0             73W /  600W |       0MiB /  95830MiB |      0%      Default |
|                                         |                        |             Disabled |
+-----------------------------------------+------------------------+----------------------+

+-----------------------------------------------------------------------------------------+
| Processes:                                                                              |
|  GPU   GI   CI              PID   Type   Process name                        GPU Memory |
|        ID   ID                                                               Usage      |
|=========================================================================================|
|  No running processes found                                                             |
+-----------------------------------------------------------------------------------------+
[moonshot] 12 meshes from /rwthfs/rz/cluster/home/nao48500/SMILify/diagnostics/moonshot/synth_clean_pose20
12 target meshes loaded.
[moonshot] initialised pose/shape from diagnostics/registration_failure/runs/hier_SYN_clean_pose20_w5/H2_joint.npz
/rwthfs/rz/cluster/home/nao48500/SMILify/fitter_3d/optimise_moonshot.py:112: DeprecationWarning: numpy.core.numeric is deprecated and has been renamed to numpy._core.numeric. The numpy._core namespace contains private NumPy internals and its use is discouraged, as NumPy internals can change without warning in any release. In practice, most real-world usage of numpy.core is to access functionality in the public NumPy API. If that is the case, use the public NumPy API. If not, you are using NumPy internals. If you would still like to access an internal attribute, use numpy._core.numeric._frombuffer.
  _dd = _pickle.load(_f, encoding="latin1")
[moonshot] running 2 stages
    [Stage_2_deform_coarse] it    0/1000  loss=0.003898   chamfer=0.00342  edge=0.00021  normal=0.05636  laplacian=0.00151  offset=0.00000  sym=0.00001  mid=0.00000  limit=0.00000
    [Stage_2_deform_coarse] it   50/1000  loss=0.001666   chamfer=0.00077  edge=0.00025  normal=0.06437  laplacian=0.00278  offset=0.00006  sym=0.00003  mid=0.00001  limit=0.00045
    [Stage_2_deform_coarse] it  100/1000  loss=0.001484   chamfer=0.00064  edge=0.00026  normal=0.06290  laplacian=0.00273  offset=0.00005  sym=0.00002  mid=0.00000  limit=0.00053
    [Stage_2_deform_coarse] it  150/1000  loss=0.001422   chamfer=0.00059  edge=0.00026  normal=0.06493  laplacian=0.00279  offset=0.00005  sym=0.00001  mid=0.00000  limit=0.00053
    [Stage_2_deform_coarse] it  200/1000  loss=0.001372   chamfer=0.00054  edge=0.00027  normal=0.06688  laplacian=0.00286  offset=0.00005  sym=0.00001  mid=0.00000  limit=0.00050
    [Stage_2_deform_coarse] it  250/1000  loss=0.001350   chamfer=0.00052  edge=0.00027  normal=0.06836  laplacian=0.00289  offset=0.00005  sym=0.00001  mid=0.00000  limit=0.00047
    [Stage_2_deform_coarse] it  300/1000  loss=0.001341   chamfer=0.00050  edge=0.00027  normal=0.07030  laplacian=0.00294  offset=0.00005  sym=0.00001  mid=0.00000  limit=0.00046
    [Stage_2_deform_coarse] it  350/1000  loss=0.001326   chamfer=0.00048  edge=0.00027  normal=0.07193  laplacian=0.00298  offset=0.00004  sym=0.00001  mid=0.00000  limit=0.00044
    [Stage_2_deform_coarse] it  400/1000  loss=0.001312   chamfer=0.00047  edge=0.00027  normal=0.07235  laplacian=0.00299  offset=0.00004  sym=0.00001  mid=0.00000  limit=0.00041
    [Stage_2_deform_coarse] it  450/1000  loss=0.001292   chamfer=0.00045  edge=0.00027  normal=0.07225  laplacian=0.00300  offset=0.00004  sym=0.00001  mid=0.00000  limit=0.00038
    [Stage_2_deform_coarse] it  500/1000  loss=0.001299   chamfer=0.00045  edge=0.00028  normal=0.07344  laplacian=0.00305  offset=0.00004  sym=0.00001  mid=0.00000  limit=0.00035
    [Stage_2_deform_coarse] it  550/1000  loss=0.001280   chamfer=0.00044  edge=0.00028  normal=0.07273  laplacian=0.00302  offset=0.00004  sym=0.00001  mid=0.00000  limit=0.00032
    [Stage_2_deform_coarse] it  600/1000  loss=0.001283   chamfer=0.00044  edge=0.00028  normal=0.07351  laplacian=0.00305  offset=0.00004  sym=0.00001  mid=0.00000  limit=0.00030
    [Stage_2_deform_coarse] it  650/1000  loss=0.001266   chamfer=0.00043  edge=0.00028  normal=0.07269  laplacian=0.00303  offset=0.00004  sym=0.00001  mid=0.00000  limit=0.00028
    [Stage_2_deform_coarse] it  700/1000  loss=0.001266   chamfer=0.00042  edge=0.00028  normal=0.07351  laplacian=0.00306  offset=0.00004  sym=0.00001  mid=0.00000  limit=0.00027
    [Stage_2_deform_coarse] it  750/1000  loss=0.001250   chamfer=0.00042  edge=0.00028  normal=0.07288  laplacian=0.00304  offset=0.00004  sym=0.00001  mid=0.00000  limit=0.00025
    [Stage_2_deform_coarse] it  800/1000  loss=0.001251   chamfer=0.00042  edge=0.00028  normal=0.07379  laplacian=0.00305  offset=0.00004  sym=0.00001  mid=0.00000  limit=0.00023
    [Stage_2_deform_coarse] it  850/1000  loss=0.001239   chamfer=0.00041  edge=0.00028  normal=0.07286  laplacian=0.00305  offset=0.00004  sym=0.00001  mid=0.00000  limit=0.00020
    [Stage_2_deform_coarse] it  900/1000  loss=0.001218   chamfer=0.00041  edge=0.00028  normal=0.07163  laplacian=0.00300  offset=0.00004  sym=0.00001  mid=0.00000  limit=0.00018
    [Stage_2_deform_coarse] it  950/1000  loss=0.001221   chamfer=0.00041  edge=0.00028  normal=0.07216  laplacian=0.00301  offset=0.00004  sym=0.00001  mid=0.00000  limit=0.00016
    [Stage_2_deform_coarse] it  999/1000  loss=0.001213   chamfer=0.00040  edge=0.00028  normal=0.07261  laplacian=0.00301  offset=0.00004  sym=0.00001  mid=0.00000  limit=0.00013
    [Stage_3_deform_fine] it    0/1000  loss=0.000489   chamfer=0.00040  edge=0.00028  normal=0.07260  laplacian=0.00301  offset=0.00004  sym=0.00001  mid=0.00000  limit=0.00013
    [Stage_3_deform_fine] it   50/1000  loss=0.000422   chamfer=0.00037  edge=0.00028  normal=0.05465  laplacian=0.00286  offset=0.00003  sym=0.00000  mid=0.00000  limit=0.00006
    [Stage_3_deform_fine] it  100/1000  loss=0.000417   chamfer=0.00036  edge=0.00028  normal=0.05360  laplacian=0.00286  offset=0.00003  sym=0.00000  mid=0.00000  limit=0.00002
    [Stage_3_deform_fine] it  150/1000  loss=0.000413   chamfer=0.00036  edge=0.00028  normal=0.05317  laplacian=0.00287  offset=0.00003  sym=0.00000  mid=0.00000  limit=0.00000
    [Stage_3_deform_fine] it  200/1000  loss=0.000412   chamfer=0.00035  edge=0.00028  normal=0.05317  laplacian=0.00289  offset=0.00003  sym=0.00000  mid=0.00000  limit=0.00000
    [Stage_3_deform_fine] it  250/1000  loss=0.000410   chamfer=0.00035  edge=0.00028  normal=0.05317  laplacian=0.00289  offset=0.00003  sym=0.00000  mid=0.00000  limit=0.00000
    [Stage_3_deform_fine] it  300/1000  loss=0.000406   chamfer=0.00034  edge=0.00029  normal=0.05319  laplacian=0.00290  offset=0.00003  sym=0.00000  mid=0.00000  limit=0.00000
    [Stage_3_deform_fine] it  350/1000  loss=0.000407   chamfer=0.00035  edge=0.00029  normal=0.05333  laplacian=0.00290  offset=0.00003  sym=0.00000  mid=0.00000  limit=0.00000
    [Stage_3_deform_fine] it  400/1000  loss=0.000404   chamfer=0.00034  edge=0.00029  normal=0.05352  laplacian=0.00291  offset=0.00003  sym=0.00000  mid=0.00000  limit=0.00000
    [Stage_3_deform_fine] it  450/1000  loss=0.000402   chamfer=0.00034  edge=0.00029  normal=0.05366  laplacian=0.00291  offset=0.00003  sym=0.00000  mid=0.00000  limit=0.00000
    [Stage_3_deform_fine] it  500/1000  loss=0.000402   chamfer=0.00033  edge=0.00029  normal=0.05371  laplacian=0.00291  offset=0.00003  sym=0.00000  mid=0.00000  limit=0.00000
    [Stage_3_deform_fine] it  550/1000  loss=0.000399   chamfer=0.00033  edge=0.00029  normal=0.05372  laplacian=0.00291  offset=0.00003  sym=0.00000  mid=0.00000  limit=0.00000
    [Stage_3_deform_fine] it  600/1000  loss=0.000398   chamfer=0.00033  edge=0.00029  normal=0.05397  laplacian=0.00291  offset=0.00003  sym=0.00000  mid=0.00000  limit=0.00000
    [Stage_3_deform_fine] it  650/1000  loss=0.000396   chamfer=0.00032  edge=0.00029  normal=0.05400  laplacian=0.00291  offset=0.00003  sym=0.00000  mid=0.00000  limit=0.00000
    [Stage_3_deform_fine] it  700/1000  loss=0.000392   chamfer=0.00032  edge=0.00029  normal=0.05367  laplacian=0.00290  offset=0.00003  sym=0.00000  mid=0.00000  limit=0.00000
    [Stage_3_deform_fine] it  750/1000  loss=0.000391   chamfer=0.00032  edge=0.00028  normal=0.05354  laplacian=0.00290  offset=0.00003  sym=0.00000  mid=0.00000  limit=0.00000
    [Stage_3_deform_fine] it  800/1000  loss=0.000390   chamfer=0.00032  edge=0.00028  normal=0.05400  laplacian=0.00290  offset=0.00003  sym=0.00000  mid=0.00000  limit=0.00000
    [Stage_3_deform_fine] it  850/1000  loss=0.000387   chamfer=0.00031  edge=0.00028  normal=0.05390  laplacian=0.00290  offset=0.00003  sym=0.00000  mid=0.00000  limit=0.00000
    [Stage_3_deform_fine] it  900/1000  loss=0.000385   chamfer=0.00031  edge=0.00028  normal=0.05378  laplacian=0.00290  offset=0.00003  sym=0.00000  mid=0.00000  limit=0.00000
    [Stage_3_deform_fine] it  950/1000  loss=0.000384   chamfer=0.00031  edge=0.00028  normal=0.05389  laplacian=0.00289  offset=0.00003  sym=0.00000  mid=0.00000  limit=0.00000
    [Stage_3_deform_fine] it  999/1000  loss=0.000381   chamfer=0.00030  edge=0.00028  normal=0.05387  laplacian=0.00288  offset=0.00003  sym=0.00000  mid=0.00000  limit=0.00000
  eval 10/12
[moonshot] wrote diagnostics/moonshot/runs/SYN_clean_pose20_gnclegonly_w5/metrics.csv

  ---- summary ----
    chamfer_l2                       0.000368
    fscore@0.01                      0.750272
    fscore@0.02                      0.959234
    hausdorff_95                     0.020475
    normal_consistency               0.851625
    edge_logratio_absmean            0.156249
    tri_quality_mean                 0.735259
    deform_mag_mean                  0.003298
    midline_dev_mean                 0.009651
    part_leg_distal_dist_mean        0.008723
    part_leg_dist_mean               0.006919
    part_body_dist_mean              0.007864
=== task 4 DONE ===
