=== task 1: corpus=synth_clean_pose05 label=pose05 hier_dir=diagnostics/registration_failure/runs/hier_SYN_clean_pose05_w5 ===
Wed Aug 19 07:23:20 2026       
+-----------------------------------------------------------------------------------------+
| NVIDIA-SMI 580.178.04             Driver Version: 580.178.04     CUDA Version: 13.0     |
+-----------------------------------------+------------------------+----------------------+
| GPU  Name                 Persistence-M | Bus-Id          Disp.A | Volatile Uncorr. ECC |
| Fan  Temp   Perf          Pwr:Usage/Cap |           Memory-Usage | GPU-Util  Compute M. |
|                                         |                        |               MIG M. |
|=========================================+========================+======================|
|   0  NVIDIA H100                    On  |   00000000:2C:00.0 Off |                    0 |
| N/A   42C    P0             72W /  600W |       0MiB /  95830MiB |      0%      Default |
|                                         |                        |             Disabled |
+-----------------------------------------+------------------------+----------------------+

+-----------------------------------------------------------------------------------------+
| Processes:                                                                              |
|  GPU   GI   CI              PID   Type   Process name                        GPU Memory |
|        ID   ID                                                               Usage      |
|=========================================================================================|
|  No running processes found                                                             |
+-----------------------------------------------------------------------------------------+
[moonshot] 12 meshes from /rwthfs/rz/cluster/home/nao48500/SMILify/diagnostics/moonshot/synth_clean_pose05
12 target meshes loaded.
[moonshot] initialised pose/shape from diagnostics/registration_failure/runs/hier_SYN_clean_pose05_w5/H2_joint.npz
/rwthfs/rz/cluster/home/nao48500/SMILify/fitter_3d/optimise_moonshot.py:112: DeprecationWarning: numpy.core.numeric is deprecated and has been renamed to numpy._core.numeric. The numpy._core namespace contains private NumPy internals and its use is discouraged, as NumPy internals can change without warning in any release. In practice, most real-world usage of numpy.core is to access functionality in the public NumPy API. If that is the case, use the public NumPy API. If not, you are using NumPy internals. If you would still like to access an internal attribute, use numpy._core.numeric._frombuffer.
  _dd = _pickle.load(_f, encoding="latin1")
[moonshot] running 2 stages
    [Stage_2_deform_coarse] it    0/1000  loss=0.002381   chamfer=0.00193  edge=0.00021  normal=0.05363  laplacian=0.00148  offset=0.00000  sym=0.00001  mid=0.00000  limit=0.00000
    [Stage_2_deform_coarse] it   50/1000  loss=0.001323   chamfer=0.00059  edge=0.00024  normal=0.05953  laplacian=0.00249  offset=0.00004  sym=0.00001  mid=0.00000  limit=0.00000
    [Stage_2_deform_coarse] it  100/1000  loss=0.001198   chamfer=0.00051  edge=0.00025  normal=0.05891  laplacian=0.00247  offset=0.00003  sym=0.00000  mid=0.00000  limit=0.00000
    [Stage_2_deform_coarse] it  150/1000  loss=0.001165   chamfer=0.00048  edge=0.00025  normal=0.06092  laplacian=0.00256  offset=0.00003  sym=0.00000  mid=0.00000  limit=0.00000
    [Stage_2_deform_coarse] it  200/1000  loss=0.001145   chamfer=0.00045  edge=0.00026  normal=0.06290  laplacian=0.00263  offset=0.00003  sym=0.00000  mid=0.00000  limit=0.00000
    [Stage_2_deform_coarse] it  250/1000  loss=0.001142   chamfer=0.00044  edge=0.00026  normal=0.06477  laplacian=0.00270  offset=0.00003  sym=0.00000  mid=0.00000  limit=0.00000
    [Stage_2_deform_coarse] it  300/1000  loss=0.001139   chamfer=0.00042  edge=0.00027  normal=0.06704  laplacian=0.00277  offset=0.00003  sym=0.00000  mid=0.00000  limit=0.00000
    [Stage_2_deform_coarse] it  350/1000  loss=0.001135   chamfer=0.00041  edge=0.00027  normal=0.06795  laplacian=0.00280  offset=0.00003  sym=0.00000  mid=0.00000  limit=0.00000
    [Stage_2_deform_coarse] it  400/1000  loss=0.001120   chamfer=0.00040  edge=0.00027  normal=0.06771  laplacian=0.00282  offset=0.00003  sym=0.00000  mid=0.00000  limit=0.00000
    [Stage_2_deform_coarse] it  450/1000  loss=0.001106   chamfer=0.00039  edge=0.00027  normal=0.06794  laplacian=0.00282  offset=0.00003  sym=0.00000  mid=0.00000  limit=0.00000
    [Stage_2_deform_coarse] it  500/1000  loss=0.001106   chamfer=0.00038  edge=0.00027  normal=0.06868  laplacian=0.00285  offset=0.00003  sym=0.00000  mid=0.00000  limit=0.00000
    [Stage_2_deform_coarse] it  550/1000  loss=0.001096   chamfer=0.00038  edge=0.00027  normal=0.06843  laplacian=0.00286  offset=0.00002  sym=0.00000  mid=0.00000  limit=0.00000
    [Stage_2_deform_coarse] it  600/1000  loss=0.001085   chamfer=0.00037  edge=0.00027  normal=0.06802  laplacian=0.00286  offset=0.00002  sym=0.00000  mid=0.00000  limit=0.00000
    [Stage_2_deform_coarse] it  650/1000  loss=0.001087   chamfer=0.00037  edge=0.00028  normal=0.06875  laplacian=0.00288  offset=0.00002  sym=0.00000  mid=0.00000  limit=0.00000
    [Stage_2_deform_coarse] it  700/1000  loss=0.001079   chamfer=0.00036  edge=0.00028  normal=0.06856  laplacian=0.00287  offset=0.00002  sym=0.00000  mid=0.00000  limit=0.00000
    [Stage_2_deform_coarse] it  750/1000  loss=0.001082   chamfer=0.00036  edge=0.00028  normal=0.06930  laplacian=0.00290  offset=0.00002  sym=0.00000  mid=0.00000  limit=0.00000
    [Stage_2_deform_coarse] it  800/1000  loss=0.001074   chamfer=0.00035  edge=0.00028  normal=0.06933  laplacian=0.00290  offset=0.00002  sym=0.00000  mid=0.00000  limit=0.00000
    [Stage_2_deform_coarse] it  850/1000  loss=0.001085   chamfer=0.00035  edge=0.00028  normal=0.07058  laplacian=0.00294  offset=0.00002  sym=0.00000  mid=0.00000  limit=0.00000
    [Stage_2_deform_coarse] it  900/1000  loss=0.001079   chamfer=0.00035  edge=0.00028  normal=0.07102  laplacian=0.00294  offset=0.00002  sym=0.00000  mid=0.00000  limit=0.00000
    [Stage_2_deform_coarse] it  950/1000  loss=0.001072   chamfer=0.00035  edge=0.00028  normal=0.07002  laplacian=0.00293  offset=0.00002  sym=0.00000  mid=0.00000  limit=0.00000
    [Stage_2_deform_coarse] it  999/1000  loss=0.001052   chamfer=0.00034  edge=0.00028  normal=0.06848  laplacian=0.00289  offset=0.00002  sym=0.00000  mid=0.00000  limit=0.00000
    [Stage_3_deform_fine] it    0/1000  loss=0.000416   chamfer=0.00034  edge=0.00028  normal=0.06858  laplacian=0.00289  offset=0.00002  sym=0.00000  mid=0.00000  limit=0.00000
    [Stage_3_deform_fine] it   50/1000  loss=0.000358   chamfer=0.00032  edge=0.00028  normal=0.05213  laplacian=0.00273  offset=0.00002  sym=0.00000  mid=0.00000  limit=0.00000
    [Stage_3_deform_fine] it  100/1000  loss=0.000353   chamfer=0.00032  edge=0.00028  normal=0.05093  laplacian=0.00272  offset=0.00002  sym=0.00000  mid=0.00000  limit=0.00000
    [Stage_3_deform_fine] it  150/1000  loss=0.000352   chamfer=0.00031  edge=0.00028  normal=0.05094  laplacian=0.00274  offset=0.00002  sym=0.00000  mid=0.00000  limit=0.00000
    [Stage_3_deform_fine] it  200/1000  loss=0.000352   chamfer=0.00031  edge=0.00028  normal=0.05081  laplacian=0.00276  offset=0.00002  sym=0.00000  mid=0.00000  limit=0.00000
    [Stage_3_deform_fine] it  250/1000  loss=0.000350   chamfer=0.00031  edge=0.00029  normal=0.05106  laplacian=0.00276  offset=0.00002  sym=0.00000  mid=0.00000  limit=0.00000
    [Stage_3_deform_fine] it  300/1000  loss=0.000348   chamfer=0.00031  edge=0.00029  normal=0.05096  laplacian=0.00277  offset=0.00002  sym=0.00000  mid=0.00000  limit=0.00000
    [Stage_3_deform_fine] it  350/1000  loss=0.000346   chamfer=0.00030  edge=0.00029  normal=0.05093  laplacian=0.00278  offset=0.00002  sym=0.00000  mid=0.00000  limit=0.00000
    [Stage_3_deform_fine] it  400/1000  loss=0.000346   chamfer=0.00030  edge=0.00029  normal=0.05095  laplacian=0.00278  offset=0.00002  sym=0.00000  mid=0.00000  limit=0.00000
    [Stage_3_deform_fine] it  450/1000  loss=0.000343   chamfer=0.00029  edge=0.00029  normal=0.05103  laplacian=0.00278  offset=0.00002  sym=0.00000  mid=0.00000  limit=0.00000
    [Stage_3_deform_fine] it  500/1000  loss=0.000344   chamfer=0.00030  edge=0.00029  normal=0.05115  laplacian=0.00279  offset=0.00002  sym=0.00000  mid=0.00000  limit=0.00000
    [Stage_3_deform_fine] it  550/1000  loss=0.000342   chamfer=0.00029  edge=0.00029  normal=0.05108  laplacian=0.00279  offset=0.00002  sym=0.00000  mid=0.00000  limit=0.00000
    [Stage_3_deform_fine] it  600/1000  loss=0.000340   chamfer=0.00029  edge=0.00029  normal=0.05109  laplacian=0.00279  offset=0.00002  sym=0.00000  mid=0.00000  limit=0.00000
    [Stage_3_deform_fine] it  650/1000  loss=0.000340   chamfer=0.00029  edge=0.00029  normal=0.05131  laplacian=0.00280  offset=0.00002  sym=0.00000  mid=0.00000  limit=0.00000
    [Stage_3_deform_fine] it  700/1000  loss=0.000338   chamfer=0.00029  edge=0.00029  normal=0.05126  laplacian=0.00279  offset=0.00002  sym=0.00000  mid=0.00000  limit=0.00000
    [Stage_3_deform_fine] it  750/1000  loss=0.000337   chamfer=0.00028  edge=0.00029  normal=0.05127  laplacian=0.00279  offset=0.00002  sym=0.00000  mid=0.00000  limit=0.00000
    [Stage_3_deform_fine] it  800/1000  loss=0.000335   chamfer=0.00028  edge=0.00029  normal=0.05133  laplacian=0.00279  offset=0.00002  sym=0.00000  mid=0.00000  limit=0.00000
    [Stage_3_deform_fine] it  850/1000  loss=0.000332   chamfer=0.00028  edge=0.00029  normal=0.05137  laplacian=0.00279  offset=0.00002  sym=0.00000  mid=0.00000  limit=0.00000
    [Stage_3_deform_fine] it  900/1000  loss=0.000332   chamfer=0.00028  edge=0.00029  normal=0.05143  laplacian=0.00279  offset=0.00002  sym=0.00000  mid=0.00000  limit=0.00000
    [Stage_3_deform_fine] it  950/1000  loss=0.000330   chamfer=0.00027  edge=0.00028  normal=0.05119  laplacian=0.00278  offset=0.00002  sym=0.00000  mid=0.00000  limit=0.00000
    [Stage_3_deform_fine] it  999/1000  loss=0.000328   chamfer=0.00027  edge=0.00028  normal=0.05145  laplacian=0.00278  offset=0.00002  sym=0.00000  mid=0.00000  limit=0.00000
  eval 10/12
[moonshot] wrote diagnostics/moonshot/runs/SYN_clean_pose05_gnclegonly_w5/metrics.csv

  ---- summary ----
    chamfer_l2                       0.000144
    fscore@0.01                      0.815583
    fscore@0.02                      0.977825
    hausdorff_95                     0.017580
    normal_consistency               0.878146
    edge_logratio_absmean            0.144469
    tri_quality_mean                 0.745909
    deform_mag_mean                  0.002760
    midline_dev_mean                 0.004636
    part_leg_distal_dist_mean        0.005094
    part_leg_dist_mean               0.006488
    part_body_dist_mean              0.006346
=== task 1 DONE ===
