=== task 0: corpus=synth_clean_drop30 label=drop30 hier_dir=diagnostics/appendage_evidence/runs/hier_SYN_clean_drop30_w5 ===
Wed Aug 19 07:48:22 2026       
+-----------------------------------------------------------------------------------------+
| NVIDIA-SMI 580.178.04             Driver Version: 580.178.04     CUDA Version: 13.0     |
+-----------------------------------------+------------------------+----------------------+
| GPU  Name                 Persistence-M | Bus-Id          Disp.A | Volatile Uncorr. ECC |
| Fan  Temp   Perf          Pwr:Usage/Cap |           Memory-Usage | GPU-Util  Compute M. |
|                                         |                        |               MIG M. |
|=========================================+========================+======================|
|   0  NVIDIA H100                    On  |   00000000:9D:00.0 Off |                    0 |
| N/A   41C    P0             73W /  600W |       0MiB /  95830MiB |      0%      Default |
|                                         |                        |             Disabled |
+-----------------------------------------+------------------------+----------------------+

+-----------------------------------------------------------------------------------------+
| Processes:                                                                              |
|  GPU   GI   CI              PID   Type   Process name                        GPU Memory |
|        ID   ID                                                               Usage      |
|=========================================================================================|
|  No running processes found                                                             |
+-----------------------------------------------------------------------------------------+
[moonshot] 12 meshes from /rwthfs/rz/cluster/home/nao48500/SMILify/diagnostics/moonshot/synth_clean_drop30
12 target meshes loaded.
[moonshot] initialised pose/shape from diagnostics/appendage_evidence/runs/hier_SYN_clean_drop30_w5/H2_joint.npz
/rwthfs/rz/cluster/home/nao48500/SMILify/fitter_3d/optimise_moonshot.py:112: DeprecationWarning: numpy.core.numeric is deprecated and has been renamed to numpy._core.numeric. The numpy._core namespace contains private NumPy internals and its use is discouraged, as NumPy internals can change without warning in any release. In practice, most real-world usage of numpy.core is to access functionality in the public NumPy API. If that is the case, use the public NumPy API. If not, you are using NumPy internals. If you would still like to access an internal attribute, use numpy._core.numeric._frombuffer.
  _dd = _pickle.load(_f, encoding="latin1")
[moonshot] running 2 stages
    [Stage_2_deform_coarse] it    0/1000  loss=0.003203   chamfer=0.00270  edge=0.00021  normal=0.05935  laplacian=0.00154  offset=0.00000  sym=0.00002  mid=0.00000  limit=0.00000
    [Stage_2_deform_coarse] it   50/1000  loss=0.001765   chamfer=0.00086  edge=0.00028  normal=0.06361  laplacian=0.00284  offset=0.00006  sym=0.00002  mid=0.00000  limit=0.00022
    [Stage_2_deform_coarse] it  100/1000  loss=0.001581   chamfer=0.00073  edge=0.00028  normal=0.06193  laplacian=0.00279  offset=0.00005  sym=0.00002  mid=0.00000  limit=0.00014
    [Stage_2_deform_coarse] it  150/1000  loss=0.001522   chamfer=0.00068  edge=0.00029  normal=0.06274  laplacian=0.00284  offset=0.00005  sym=0.00001  mid=0.00000  limit=0.00011
    [Stage_2_deform_coarse] it  200/1000  loss=0.001491   chamfer=0.00065  edge=0.00029  normal=0.06442  laplacian=0.00289  offset=0.00005  sym=0.00001  mid=0.00000  limit=0.00009
    [Stage_2_deform_coarse] it  250/1000  loss=0.001471   chamfer=0.00063  edge=0.00030  normal=0.06568  laplacian=0.00295  offset=0.00005  sym=0.00001  mid=0.00000  limit=0.00005
    [Stage_2_deform_coarse] it  300/1000  loss=0.001449   chamfer=0.00061  edge=0.00030  normal=0.06689  laplacian=0.00297  offset=0.00005  sym=0.00001  mid=0.00000  limit=0.00003
    [Stage_2_deform_coarse] it  350/1000  loss=0.001431   chamfer=0.00060  edge=0.00030  normal=0.06715  laplacian=0.00298  offset=0.00004  sym=0.00001  mid=0.00000  limit=0.00003
    [Stage_2_deform_coarse] it  400/1000  loss=0.001417   chamfer=0.00058  edge=0.00030  normal=0.06764  laplacian=0.00302  offset=0.00004  sym=0.00001  mid=0.00000  limit=0.00003
    [Stage_2_deform_coarse] it  450/1000  loss=0.001403   chamfer=0.00057  edge=0.00030  normal=0.06802  laplacian=0.00302  offset=0.00004  sym=0.00001  mid=0.00000  limit=0.00003
    [Stage_2_deform_coarse] it  500/1000  loss=0.001392   chamfer=0.00056  edge=0.00030  normal=0.06800  laplacian=0.00303  offset=0.00004  sym=0.00001  mid=0.00000  limit=0.00001
    [Stage_2_deform_coarse] it  550/1000  loss=0.001381   chamfer=0.00055  edge=0.00031  normal=0.06860  laplacian=0.00305  offset=0.00004  sym=0.00001  mid=0.00000  limit=0.00001
    [Stage_2_deform_coarse] it  600/1000  loss=0.001366   chamfer=0.00055  edge=0.00030  normal=0.06830  laplacian=0.00304  offset=0.00004  sym=0.00001  mid=0.00000  limit=0.00001
    [Stage_2_deform_coarse] it  650/1000  loss=0.001357   chamfer=0.00054  edge=0.00030  normal=0.06851  laplacian=0.00302  offset=0.00004  sym=0.00001  mid=0.00000  limit=0.00001
    [Stage_2_deform_coarse] it  700/1000  loss=0.001337   chamfer=0.00054  edge=0.00030  normal=0.06792  laplacian=0.00298  offset=0.00004  sym=0.00001  mid=0.00000  limit=0.00001
    [Stage_2_deform_coarse] it  750/1000  loss=0.001325   chamfer=0.00053  edge=0.00030  normal=0.06866  laplacian=0.00299  offset=0.00004  sym=0.00001  mid=0.00000  limit=0.00001
    [Stage_2_deform_coarse] it  800/1000  loss=0.001314   chamfer=0.00052  edge=0.00030  normal=0.06835  laplacian=0.00298  offset=0.00003  sym=0.00001  mid=0.00000  limit=0.00001
    [Stage_2_deform_coarse] it  850/1000  loss=0.001280   chamfer=0.00051  edge=0.00030  normal=0.06690  laplacian=0.00293  offset=0.00003  sym=0.00001  mid=0.00000  limit=0.00000
    [Stage_2_deform_coarse] it  900/1000  loss=0.001269   chamfer=0.00050  edge=0.00030  normal=0.06717  laplacian=0.00291  offset=0.00003  sym=0.00001  mid=0.00000  limit=0.00000
    [Stage_2_deform_coarse] it  950/1000  loss=0.001253   chamfer=0.00050  edge=0.00029  normal=0.06723  laplacian=0.00289  offset=0.00003  sym=0.00001  mid=0.00000  limit=0.00000
    [Stage_2_deform_coarse] it  999/1000  loss=0.001229   chamfer=0.00049  edge=0.00029  normal=0.06658  laplacian=0.00285  offset=0.00003  sym=0.00000  mid=0.00000  limit=0.00000
    [Stage_3_deform_fine] it    0/1000  loss=0.000500   chamfer=0.00049  edge=0.00029  normal=0.06659  laplacian=0.00285  offset=0.00003  sym=0.00000  mid=0.00000  limit=0.00000
    [Stage_3_deform_fine] it   50/1000  loss=0.000443   chamfer=0.00045  edge=0.00030  normal=0.05221  laplacian=0.00276  offset=0.00002  sym=0.00000  mid=0.00000  limit=0.00000
    [Stage_3_deform_fine] it  100/1000  loss=0.000436   chamfer=0.00045  edge=0.00030  normal=0.05116  laplacian=0.00276  offset=0.00002  sym=0.00000  mid=0.00000  limit=0.00000
    [Stage_3_deform_fine] it  150/1000  loss=0.000430   chamfer=0.00044  edge=0.00030  normal=0.05098  laplacian=0.00276  offset=0.00002  sym=0.00000  mid=0.00000  limit=0.00000
    [Stage_3_deform_fine] it  200/1000  loss=0.000424   chamfer=0.00043  edge=0.00030  normal=0.05086  laplacian=0.00276  offset=0.00002  sym=0.00000  mid=0.00000  limit=0.00000
    [Stage_3_deform_fine] it  250/1000  loss=0.000418   chamfer=0.00042  edge=0.00030  normal=0.05076  laplacian=0.00275  offset=0.00002  sym=0.00000  mid=0.00000  limit=0.00000
    [Stage_3_deform_fine] it  300/1000  loss=0.000412   chamfer=0.00041  edge=0.00030  normal=0.05078  laplacian=0.00275  offset=0.00002  sym=0.00000  mid=0.00000  limit=0.00000
    [Stage_3_deform_fine] it  350/1000  loss=0.000406   chamfer=0.00041  edge=0.00030  normal=0.05060  laplacian=0.00273  offset=0.00002  sym=0.00000  mid=0.00000  limit=0.00000
    [Stage_3_deform_fine] it  400/1000  loss=0.000399   chamfer=0.00040  edge=0.00029  normal=0.05081  laplacian=0.00271  offset=0.00002  sym=0.00000  mid=0.00000  limit=0.00000
    [Stage_3_deform_fine] it  450/1000  loss=0.000391   chamfer=0.00039  edge=0.00029  normal=0.05047  laplacian=0.00270  offset=0.00002  sym=0.00000  mid=0.00000  limit=0.00000
    [Stage_3_deform_fine] it  500/1000  loss=0.000384   chamfer=0.00038  edge=0.00029  normal=0.05062  laplacian=0.00267  offset=0.00002  sym=0.00000  mid=0.00000  limit=0.00000
    [Stage_3_deform_fine] it  550/1000  loss=0.000377   chamfer=0.00037  edge=0.00029  normal=0.05050  laplacian=0.00265  offset=0.00002  sym=0.00000  mid=0.00000  limit=0.00000
    [Stage_3_deform_fine] it  600/1000  loss=0.000370   chamfer=0.00036  edge=0.00029  normal=0.05021  laplacian=0.00263  offset=0.00001  sym=0.00000  mid=0.00000  limit=0.00000
    [Stage_3_deform_fine] it  650/1000  loss=0.000364   chamfer=0.00035  edge=0.00028  normal=0.05040  laplacian=0.00261  offset=0.00001  sym=0.00000  mid=0.00000  limit=0.00000
    [Stage_3_deform_fine] it  700/1000  loss=0.000358   chamfer=0.00034  edge=0.00028  normal=0.05047  laplacian=0.00259  offset=0.00001  sym=0.00000  mid=0.00000  limit=0.00000
    [Stage_3_deform_fine] it  750/1000  loss=0.000350   chamfer=0.00033  edge=0.00028  normal=0.05011  laplacian=0.00256  offset=0.00001  sym=0.00000  mid=0.00000  limit=0.00000
    [Stage_3_deform_fine] it  800/1000  loss=0.000342   chamfer=0.00032  edge=0.00028  normal=0.04969  laplacian=0.00253  offset=0.00001  sym=0.00000  mid=0.00000  limit=0.00000
    [Stage_3_deform_fine] it  850/1000  loss=0.000335   chamfer=0.00031  edge=0.00027  normal=0.04971  laplacian=0.00250  offset=0.00001  sym=0.00000  mid=0.00000  limit=0.00000
    [Stage_3_deform_fine] it  900/1000  loss=0.000329   chamfer=0.00030  edge=0.00027  normal=0.04954  laplacian=0.00247  offset=0.00001  sym=0.00000  mid=0.00000  limit=0.00000
    [Stage_3_deform_fine] it  950/1000  loss=0.000322   chamfer=0.00029  edge=0.00027  normal=0.04944  laplacian=0.00244  offset=0.00001  sym=0.00000  mid=0.00000  limit=0.00000
    [Stage_3_deform_fine] it  999/1000  loss=0.000314   chamfer=0.00028  edge=0.00027  normal=0.04931  laplacian=0.00241  offset=0.00001  sym=0.00000  mid=0.00000  limit=0.00000
  eval 10/12
[moonshot] wrote diagnostics/moonshot/runs/SYN_clean_drop30_gncmedium_w5/metrics.csv

  ---- summary ----
    chamfer_l2                       0.001258
    fscore@0.01                      0.578196
    fscore@0.02                      0.832129
    hausdorff_95                     0.062514
    normal_consistency               0.799214
    edge_logratio_absmean            0.120979
    tri_quality_mean                 0.763744
    deform_mag_mean                  0.002227
    midline_dev_mean                 0.022243
    part_leg_distal_dist_mean        0.009689
    part_leg_dist_mean               0.008615
    part_body_dist_mean              0.011224
=== task 0 DONE ===
