=== task 1: corpus=synth_clean_drop60 label=drop60 hier_dir=diagnostics/appendage_evidence/runs/hier_SYN_clean_drop60_w5 ===
Wed Aug 19 08:06:14 2026       
+-----------------------------------------------------------------------------------------+
| NVIDIA-SMI 580.178.04             Driver Version: 580.178.04     CUDA Version: 13.0     |
+-----------------------------------------+------------------------+----------------------+
| GPU  Name                 Persistence-M | Bus-Id          Disp.A | Volatile Uncorr. ECC |
| Fan  Temp   Perf          Pwr:Usage/Cap |           Memory-Usage | GPU-Util  Compute M. |
|                                         |                        |               MIG M. |
|=========================================+========================+======================|
|   0  NVIDIA H100                    On  |   00000000:9D:00.0 Off |                    0 |
| N/A   41C    P0             70W /  600W |       0MiB /  95830MiB |      0%      Default |
|                                         |                        |             Disabled |
+-----------------------------------------+------------------------+----------------------+

+-----------------------------------------------------------------------------------------+
| Processes:                                                                              |
|  GPU   GI   CI              PID   Type   Process name                        GPU Memory |
|        ID   ID                                                               Usage      |
|=========================================================================================|
|  No running processes found                                                             |
+-----------------------------------------------------------------------------------------+
[moonshot] 12 meshes from /rwthfs/rz/cluster/home/nao48500/SMILify/diagnostics/moonshot/synth_clean_drop60
12 target meshes loaded.
[moonshot] initialised pose/shape from diagnostics/appendage_evidence/runs/hier_SYN_clean_drop60_w5/H2_joint.npz
/rwthfs/rz/cluster/home/nao48500/SMILify/fitter_3d/optimise_moonshot.py:112: DeprecationWarning: numpy.core.numeric is deprecated and has been renamed to numpy._core.numeric. The numpy._core namespace contains private NumPy internals and its use is discouraged, as NumPy internals can change without warning in any release. In practice, most real-world usage of numpy.core is to access functionality in the public NumPy API. If that is the case, use the public NumPy API. If not, you are using NumPy internals. If you would still like to access an internal attribute, use numpy._core.numeric._frombuffer.
  _dd = _pickle.load(_f, encoding="latin1")
[moonshot] running 2 stages
    [Stage_2_deform_coarse] it    0/1000  loss=0.003793   chamfer=0.00328  edge=0.00021  normal=0.06122  laplacian=0.00156  offset=0.00000  sym=0.00003  mid=0.00000  limit=0.00000
    [Stage_2_deform_coarse] it   50/1000  loss=0.001960   chamfer=0.00096  edge=0.00029  normal=0.06603  laplacian=0.00300  offset=0.00008  sym=0.00003  mid=0.00000  limit=0.00028
    [Stage_2_deform_coarse] it  100/1000  loss=0.001753   chamfer=0.00083  edge=0.00030  normal=0.06402  laplacian=0.00294  offset=0.00006  sym=0.00002  mid=0.00000  limit=0.00014
    [Stage_2_deform_coarse] it  150/1000  loss=0.001681   chamfer=0.00077  edge=0.00031  normal=0.06536  laplacian=0.00301  offset=0.00006  sym=0.00002  mid=0.00000  limit=0.00007
    [Stage_2_deform_coarse] it  200/1000  loss=0.001637   chamfer=0.00073  edge=0.00032  normal=0.06631  laplacian=0.00307  offset=0.00006  sym=0.00001  mid=0.00000  limit=0.00006
    [Stage_2_deform_coarse] it  250/1000  loss=0.001624   chamfer=0.00071  edge=0.00032  normal=0.06836  laplacian=0.00313  offset=0.00005  sym=0.00001  mid=0.00000  limit=0.00005
    [Stage_2_deform_coarse] it  300/1000  loss=0.001591   chamfer=0.00068  edge=0.00032  normal=0.06819  laplacian=0.00314  offset=0.00005  sym=0.00001  mid=0.00000  limit=0.00003
    [Stage_2_deform_coarse] it  350/1000  loss=0.001578   chamfer=0.00067  edge=0.00033  normal=0.06875  laplacian=0.00317  offset=0.00005  sym=0.00001  mid=0.00000  limit=0.00001
    [Stage_2_deform_coarse] it  400/1000  loss=0.001566   chamfer=0.00065  edge=0.00033  normal=0.06987  laplacian=0.00321  offset=0.00005  sym=0.00001  mid=0.00000  limit=0.00001
    [Stage_2_deform_coarse] it  450/1000  loss=0.001542   chamfer=0.00064  edge=0.00033  normal=0.06952  laplacian=0.00320  offset=0.00005  sym=0.00001  mid=0.00000  limit=0.00001
    [Stage_2_deform_coarse] it  500/1000  loss=0.001546   chamfer=0.00064  edge=0.00033  normal=0.07078  laplacian=0.00325  offset=0.00005  sym=0.00001  mid=0.00000  limit=0.00000
    [Stage_2_deform_coarse] it  550/1000  loss=0.001522   chamfer=0.00063  edge=0.00033  normal=0.06960  laplacian=0.00322  offset=0.00005  sym=0.00001  mid=0.00000  limit=0.00001
    [Stage_2_deform_coarse] it  600/1000  loss=0.001511   chamfer=0.00062  edge=0.00033  normal=0.07022  laplacian=0.00324  offset=0.00005  sym=0.00001  mid=0.00000  limit=0.00001
    [Stage_2_deform_coarse] it  650/1000  loss=0.001506   chamfer=0.00061  edge=0.00033  normal=0.07107  laplacian=0.00325  offset=0.00005  sym=0.00001  mid=0.00000  limit=0.00001
    [Stage_2_deform_coarse] it  700/1000  loss=0.001499   chamfer=0.00060  edge=0.00033  normal=0.07196  laplacian=0.00327  offset=0.00005  sym=0.00001  mid=0.00000  limit=0.00001
    [Stage_2_deform_coarse] it  750/1000  loss=0.001487   chamfer=0.00060  edge=0.00033  normal=0.07087  laplacian=0.00324  offset=0.00005  sym=0.00001  mid=0.00000  limit=0.00000
    [Stage_2_deform_coarse] it  800/1000  loss=0.001477   chamfer=0.00059  edge=0.00033  normal=0.07157  laplacian=0.00324  offset=0.00004  sym=0.00001  mid=0.00000  limit=0.00000
    [Stage_2_deform_coarse] it  850/1000  loss=0.001461   chamfer=0.00058  edge=0.00033  normal=0.07080  laplacian=0.00321  offset=0.00004  sym=0.00001  mid=0.00000  limit=0.00000
    [Stage_2_deform_coarse] it  900/1000  loss=0.001455   chamfer=0.00057  edge=0.00033  normal=0.07104  laplacian=0.00322  offset=0.00004  sym=0.00001  mid=0.00000  limit=0.00000
    [Stage_2_deform_coarse] it  950/1000  loss=0.001434   chamfer=0.00057  edge=0.00033  normal=0.06978  laplacian=0.00318  offset=0.00004  sym=0.00001  mid=0.00000  limit=0.00000
    [Stage_2_deform_coarse] it  999/1000  loss=0.001430   chamfer=0.00057  edge=0.00033  normal=0.06945  laplacian=0.00316  offset=0.00004  sym=0.00001  mid=0.00000  limit=0.00000
    [Stage_3_deform_fine] it    0/1000  loss=0.000585   chamfer=0.00057  edge=0.00033  normal=0.06964  laplacian=0.00316  offset=0.00004  sym=0.00001  mid=0.00000  limit=0.00000
    [Stage_3_deform_fine] it   50/1000  loss=0.000526   chamfer=0.00053  edge=0.00034  normal=0.05490  laplacian=0.00308  offset=0.00004  sym=0.00000  mid=0.00000  limit=0.00000
    [Stage_3_deform_fine] it  100/1000  loss=0.000521   chamfer=0.00052  edge=0.00034  normal=0.05391  laplacian=0.00308  offset=0.00004  sym=0.00000  mid=0.00000  limit=0.00000
    [Stage_3_deform_fine] it  150/1000  loss=0.000516   chamfer=0.00051  edge=0.00034  normal=0.05389  laplacian=0.00309  offset=0.00004  sym=0.00000  mid=0.00000  limit=0.00000
    [Stage_3_deform_fine] it  200/1000  loss=0.000511   chamfer=0.00050  edge=0.00034  normal=0.05373  laplacian=0.00311  offset=0.00004  sym=0.00000  mid=0.00000  limit=0.00000
    [Stage_3_deform_fine] it  250/1000  loss=0.000511   chamfer=0.00050  edge=0.00035  normal=0.05373  laplacian=0.00311  offset=0.00004  sym=0.00000  mid=0.00000  limit=0.00000
    [Stage_3_deform_fine] it  300/1000  loss=0.000509   chamfer=0.00050  edge=0.00035  normal=0.05400  laplacian=0.00312  offset=0.00004  sym=0.00000  mid=0.00000  limit=0.00000
    [Stage_3_deform_fine] it  350/1000  loss=0.000505   chamfer=0.00049  edge=0.00035  normal=0.05376  laplacian=0.00312  offset=0.00004  sym=0.00000  mid=0.00000  limit=0.00000
    [Stage_3_deform_fine] it  400/1000  loss=0.000504   chamfer=0.00049  edge=0.00035  normal=0.05396  laplacian=0.00312  offset=0.00004  sym=0.00000  mid=0.00000  limit=0.00000
    [Stage_3_deform_fine] it  450/1000  loss=0.000502   chamfer=0.00048  edge=0.00035  normal=0.05417  laplacian=0.00311  offset=0.00004  sym=0.00000  mid=0.00000  limit=0.00000
    [Stage_3_deform_fine] it  500/1000  loss=0.000499   chamfer=0.00048  edge=0.00035  normal=0.05423  laplacian=0.00311  offset=0.00004  sym=0.00000  mid=0.00000  limit=0.00000
    [Stage_3_deform_fine] it  550/1000  loss=0.000494   chamfer=0.00047  edge=0.00035  normal=0.05405  laplacian=0.00311  offset=0.00004  sym=0.00000  mid=0.00000  limit=0.00000
    [Stage_3_deform_fine] it  600/1000  loss=0.000497   chamfer=0.00047  edge=0.00035  normal=0.05413  laplacian=0.00310  offset=0.00004  sym=0.00000  mid=0.00000  limit=0.00000
    [Stage_3_deform_fine] it  650/1000  loss=0.000492   chamfer=0.00046  edge=0.00035  normal=0.05412  laplacian=0.00310  offset=0.00004  sym=0.00000  mid=0.00000  limit=0.00000
    [Stage_3_deform_fine] it  700/1000  loss=0.000491   chamfer=0.00046  edge=0.00034  normal=0.05411  laplacian=0.00309  offset=0.00004  sym=0.00000  mid=0.00000  limit=0.00000
    [Stage_3_deform_fine] it  750/1000  loss=0.000489   chamfer=0.00046  edge=0.00034  normal=0.05424  laplacian=0.00309  offset=0.00004  sym=0.00000  mid=0.00000  limit=0.00000
    [Stage_3_deform_fine] it  800/1000  loss=0.000484   chamfer=0.00045  edge=0.00034  normal=0.05402  laplacian=0.00308  offset=0.00004  sym=0.00000  mid=0.00000  limit=0.00000
    [Stage_3_deform_fine] it  850/1000  loss=0.000483   chamfer=0.00045  edge=0.00034  normal=0.05432  laplacian=0.00307  offset=0.00004  sym=0.00000  mid=0.00000  limit=0.00000
    [Stage_3_deform_fine] it  900/1000  loss=0.000488   chamfer=0.00046  edge=0.00034  normal=0.05436  laplacian=0.00307  offset=0.00004  sym=0.00000  mid=0.00000  limit=0.00003
    [Stage_3_deform_fine] it  950/1000  loss=0.000485   chamfer=0.00045  edge=0.00034  normal=0.05435  laplacian=0.00307  offset=0.00004  sym=0.00000  mid=0.00000  limit=0.00004
    [Stage_3_deform_fine] it  999/1000  loss=0.000483   chamfer=0.00045  edge=0.00034  normal=0.05412  laplacian=0.00306  offset=0.00004  sym=0.00000  mid=0.00000  limit=0.00001
  eval 10/12
[moonshot] wrote diagnostics/moonshot/runs/SYN_clean_drop60_gnclegonlytopofree_w5/metrics.csv

  ---- summary ----
    chamfer_l2                       0.000619
    fscore@0.01                      0.618338
    fscore@0.02                      0.892074
    hausdorff_95                     0.036241
    normal_consistency               0.811104
    edge_logratio_absmean            0.153755
    tri_quality_mean                 0.744515
    deform_mag_mean                  0.003587
    midline_dev_mean                 0.016672
    part_leg_distal_dist_mean        0.011258
    part_leg_dist_mean               0.009814
    part_body_dist_mean              0.009449
=== task 1 DONE ===
