=== task 0: seed=0 hier_dir=diagnostics/cycle2_20260819/runs/hier_N50_gnc_legonly_seed0 ===
Wed Aug 19 08:06:14 2026       
+-----------------------------------------------------------------------------------------+
| NVIDIA-SMI 580.178.04             Driver Version: 580.178.04     CUDA Version: 13.0     |
+-----------------------------------------+------------------------+----------------------+
| GPU  Name                 Persistence-M | Bus-Id          Disp.A | Volatile Uncorr. ECC |
| Fan  Temp   Perf          Pwr:Usage/Cap |           Memory-Usage | GPU-Util  Compute M. |
|                                         |                        |               MIG M. |
|=========================================+========================+======================|
|   0  NVIDIA H100                    On  |   00000000:1B:00.0 Off |                    0 |
| N/A   41C    P0             71W /  600W |       0MiB /  95830MiB |      0%      Default |
|                                         |                        |             Disabled |
+-----------------------------------------+------------------------+----------------------+

+-----------------------------------------------------------------------------------------+
| Processes:                                                                              |
|  GPU   GI   CI              PID   Type   Process name                        GPU Memory |
|        ID   ID                                                               Usage      |
|=========================================================================================|
|  No running processes found                                                             |
+-----------------------------------------------------------------------------------------+
[moonshot] 50 meshes from /rwthfs/rz/cluster/home/nao48500/SMILify/diagnostics/moonshot/synth_clean_n50
50 target meshes loaded.
[moonshot] initialised pose/shape from diagnostics/cycle2_20260819/runs/hier_N50_gnc_legonly_seed0/H2_joint.npz
/rwthfs/rz/cluster/home/nao48500/SMILify/fitter_3d/optimise_moonshot.py:112: DeprecationWarning: numpy.core.numeric is deprecated and has been renamed to numpy._core.numeric. The numpy._core namespace contains private NumPy internals and its use is discouraged, as NumPy internals can change without warning in any release. In practice, most real-world usage of numpy.core is to access functionality in the public NumPy API. If that is the case, use the public NumPy API. If not, you are using NumPy internals. If you would still like to access an internal attribute, use numpy._core.numeric._frombuffer.
  _dd = _pickle.load(_f, encoding="latin1")
[moonshot] running 2 stages
    [Stage_2_deform_coarse] it    0/1000  loss=0.003277   chamfer=0.00278  edge=0.00021  normal=0.05871  laplacian=0.00152  offset=0.00000  sym=0.00003  mid=0.00000  limit=0.00000
    [Stage_2_deform_coarse] it   50/1000  loss=0.001749   chamfer=0.00084  edge=0.00026  normal=0.06368  laplacian=0.00278  offset=0.00007  sym=0.00002  mid=0.00000  limit=0.00009
    [Stage_2_deform_coarse] it  100/1000  loss=0.001573   chamfer=0.00071  edge=0.00027  normal=0.06259  laplacian=0.00275  offset=0.00006  sym=0.00002  mid=0.00000  limit=0.00008
    [Stage_2_deform_coarse] it  150/1000  loss=0.001514   chamfer=0.00066  edge=0.00027  normal=0.06404  laplacian=0.00280  offset=0.00005  sym=0.00002  mid=0.00000  limit=0.00007
    [Stage_2_deform_coarse] it  200/1000  loss=0.001477   chamfer=0.00062  edge=0.00028  normal=0.06563  laplacian=0.00285  offset=0.00005  sym=0.00001  mid=0.00000  limit=0.00006
    [Stage_2_deform_coarse] it  250/1000  loss=0.001453   chamfer=0.00060  edge=0.00028  normal=0.06673  laplacian=0.00288  offset=0.00005  sym=0.00001  mid=0.00000  limit=0.00006
    [Stage_2_deform_coarse] it  300/1000  loss=0.001439   chamfer=0.00058  edge=0.00028  normal=0.06804  laplacian=0.00292  offset=0.00005  sym=0.00001  mid=0.00000  limit=0.00005
    [Stage_2_deform_coarse] it  350/1000  loss=0.001425   chamfer=0.00056  edge=0.00029  normal=0.06884  laplacian=0.00295  offset=0.00005  sym=0.00001  mid=0.00000  limit=0.00005
    [Stage_2_deform_coarse] it  400/1000  loss=0.001419   chamfer=0.00055  edge=0.00029  normal=0.06976  laplacian=0.00298  offset=0.00005  sym=0.00001  mid=0.00000  limit=0.00004
    [Stage_2_deform_coarse] it  450/1000  loss=0.001399   chamfer=0.00054  edge=0.00029  normal=0.06961  laplacian=0.00298  offset=0.00005  sym=0.00001  mid=0.00000  limit=0.00004
    [Stage_2_deform_coarse] it  500/1000  loss=0.001391   chamfer=0.00053  edge=0.00029  normal=0.06997  laplacian=0.00300  offset=0.00005  sym=0.00001  mid=0.00000  limit=0.00003
    [Stage_2_deform_coarse] it  550/1000  loss=0.001385   chamfer=0.00052  edge=0.00029  normal=0.07050  laplacian=0.00301  offset=0.00005  sym=0.00001  mid=0.00000  limit=0.00002
    [Stage_2_deform_coarse] it  600/1000  loss=0.001377   chamfer=0.00051  edge=0.00029  normal=0.07090  laplacian=0.00303  offset=0.00005  sym=0.00001  mid=0.00000  limit=0.00002
    [Stage_2_deform_coarse] it  650/1000  loss=0.001372   chamfer=0.00051  edge=0.00029  normal=0.07141  laplacian=0.00303  offset=0.00005  sym=0.00001  mid=0.00000  limit=0.00001
    [Stage_2_deform_coarse] it  700/1000  loss=0.001363   chamfer=0.00050  edge=0.00029  normal=0.07133  laplacian=0.00303  offset=0.00005  sym=0.00001  mid=0.00000  limit=0.00001
    [Stage_2_deform_coarse] it  750/1000  loss=0.001357   chamfer=0.00050  edge=0.00029  normal=0.07155  laplacian=0.00304  offset=0.00005  sym=0.00001  mid=0.00000  limit=0.00001
    [Stage_2_deform_coarse] it  800/1000  loss=0.001347   chamfer=0.00050  edge=0.00029  normal=0.07099  laplacian=0.00302  offset=0.00004  sym=0.00001  mid=0.00000  limit=0.00001
    [Stage_2_deform_coarse] it  850/1000  loss=0.001334   chamfer=0.00049  edge=0.00029  normal=0.07009  laplacian=0.00300  offset=0.00004  sym=0.00001  mid=0.00000  limit=0.00001
    [Stage_2_deform_coarse] it  900/1000  loss=0.001335   chamfer=0.00049  edge=0.00029  normal=0.07048  laplacian=0.00300  offset=0.00004  sym=0.00001  mid=0.00000  limit=0.00001
    [Stage_2_deform_coarse] it  950/1000  loss=0.001337   chamfer=0.00049  edge=0.00029  normal=0.07135  laplacian=0.00302  offset=0.00004  sym=0.00001  mid=0.00000  limit=0.00000
    [Stage_2_deform_coarse] it  999/1000  loss=0.001334   chamfer=0.00048  edge=0.00029  normal=0.07150  laplacian=0.00302  offset=0.00004  sym=0.00001  mid=0.00000  limit=0.00000
    [Stage_3_deform_fine] it    0/1000  loss=0.000543   chamfer=0.00048  edge=0.00029  normal=0.07144  laplacian=0.00302  offset=0.00004  sym=0.00001  mid=0.00000  limit=0.00000
    [Stage_3_deform_fine] it   50/1000  loss=0.000481   chamfer=0.00045  edge=0.00030  normal=0.05460  laplacian=0.00288  offset=0.00004  sym=0.00000  mid=0.00000  limit=0.00000
    [Stage_3_deform_fine] it  100/1000  loss=0.000476   chamfer=0.00044  edge=0.00030  normal=0.05329  laplacian=0.00287  offset=0.00004  sym=0.00000  mid=0.00000  limit=0.00000
    [Stage_3_deform_fine] it  150/1000  loss=0.000473   chamfer=0.00044  edge=0.00030  normal=0.05326  laplacian=0.00288  offset=0.00004  sym=0.00000  mid=0.00000  limit=0.00000
    [Stage_3_deform_fine] it  200/1000  loss=0.000469   chamfer=0.00043  edge=0.00030  normal=0.05327  laplacian=0.00289  offset=0.00004  sym=0.00000  mid=0.00000  limit=0.00000
    [Stage_3_deform_fine] it  250/1000  loss=0.000470   chamfer=0.00043  edge=0.00030  normal=0.05328  laplacian=0.00290  offset=0.00004  sym=0.00000  mid=0.00000  limit=0.00000
    [Stage_3_deform_fine] it  300/1000  loss=0.000466   chamfer=0.00042  edge=0.00030  normal=0.05344  laplacian=0.00291  offset=0.00004  sym=0.00000  mid=0.00000  limit=0.00000
    [Stage_3_deform_fine] it  350/1000  loss=0.000466   chamfer=0.00042  edge=0.00030  normal=0.05338  laplacian=0.00291  offset=0.00004  sym=0.00000  mid=0.00000  limit=0.00000
    [Stage_3_deform_fine] it  400/1000  loss=0.000463   chamfer=0.00042  edge=0.00030  normal=0.05344  laplacian=0.00291  offset=0.00004  sym=0.00000  mid=0.00000  limit=0.00000
    [Stage_3_deform_fine] it  450/1000  loss=0.000460   chamfer=0.00041  edge=0.00030  normal=0.05342  laplacian=0.00291  offset=0.00004  sym=0.00000  mid=0.00000  limit=0.00000
    [Stage_3_deform_fine] it  500/1000  loss=0.000459   chamfer=0.00041  edge=0.00030  normal=0.05347  laplacian=0.00291  offset=0.00004  sym=0.00000  mid=0.00000  limit=0.00000
    [Stage_3_deform_fine] it  550/1000  loss=0.000456   chamfer=0.00040  edge=0.00030  normal=0.05356  laplacian=0.00291  offset=0.00004  sym=0.00000  mid=0.00000  limit=0.00000
    [Stage_3_deform_fine] it  600/1000  loss=0.000454   chamfer=0.00040  edge=0.00030  normal=0.05349  laplacian=0.00291  offset=0.00004  sym=0.00000  mid=0.00000  limit=0.00000
    [Stage_3_deform_fine] it  650/1000  loss=0.000454   chamfer=0.00040  edge=0.00030  normal=0.05360  laplacian=0.00291  offset=0.00004  sym=0.00000  mid=0.00000  limit=0.00000
    [Stage_3_deform_fine] it  700/1000  loss=0.000451   chamfer=0.00039  edge=0.00030  normal=0.05358  laplacian=0.00290  offset=0.00004  sym=0.00000  mid=0.00000  limit=0.00000
    [Stage_3_deform_fine] it  750/1000  loss=0.000450   chamfer=0.00039  edge=0.00030  normal=0.05365  laplacian=0.00290  offset=0.00004  sym=0.00000  mid=0.00000  limit=0.00000
    [Stage_3_deform_fine] it  800/1000  loss=0.000447   chamfer=0.00039  edge=0.00030  normal=0.05360  laplacian=0.00290  offset=0.00004  sym=0.00000  mid=0.00000  limit=0.00000
    [Stage_3_deform_fine] it  850/1000  loss=0.000446   chamfer=0.00038  edge=0.00030  normal=0.05368  laplacian=0.00289  offset=0.00004  sym=0.00000  mid=0.00000  limit=0.00000
    [Stage_3_deform_fine] it  900/1000  loss=0.000444   chamfer=0.00038  edge=0.00030  normal=0.05366  laplacian=0.00288  offset=0.00004  sym=0.00000  mid=0.00000  limit=0.00000
    [Stage_3_deform_fine] it  950/1000  loss=0.000442   chamfer=0.00038  edge=0.00030  normal=0.05364  laplacian=0.00288  offset=0.00004  sym=0.00000  mid=0.00000  limit=0.00000
    [Stage_3_deform_fine] it  999/1000  loss=0.000442   chamfer=0.00038  edge=0.00030  normal=0.05366  laplacian=0.00288  offset=0.00004  sym=0.00000  mid=0.00000  limit=0.00000
  eval 10/50
  eval 20/50
  eval 30/50
  eval 40/50
  eval 50/50
[moonshot] wrote diagnostics/moonshot/runs/N50_gnc_legonly_topofree_seed0/metrics.csv

  ---- summary ----
    chamfer_l2                       0.000711
    fscore@0.01                      0.686612
    fscore@0.02                      0.923522
    hausdorff_95                     0.031883
    normal_consistency               0.817520
    edge_logratio_absmean            0.153981
    tri_quality_mean                 0.733665
    deform_mag_mean                  0.003358
    midline_dev_mean                 0.015105
    part_leg_distal_dist_mean        0.008206
    part_leg_dist_mean               0.008194
    part_body_dist_mean              0.008909
=== task 0 DONE ===
