=== task 6: corpus=synth_clean_drop60 label=drop60 arm=gnc_legonly_topofree seed=1 yaml=diagnostics/cycle2_20260819/cfg/gnc_legonly_topofree.yaml hier_dir=diagnostics/appendage_evidence/runs/hier_SYN_clean_drop60_w5 ===
Wed Aug 19 08:24:04 2026       
+-----------------------------------------------------------------------------------------+
| NVIDIA-SMI 580.178.04             Driver Version: 580.178.04     CUDA Version: 13.0     |
+-----------------------------------------+------------------------+----------------------+
| GPU  Name                 Persistence-M | Bus-Id          Disp.A | Volatile Uncorr. ECC |
| Fan  Temp   Perf          Pwr:Usage/Cap |           Memory-Usage | GPU-Util  Compute M. |
|                                         |                        |               MIG M. |
|=========================================+========================+======================|
|   0  NVIDIA H100                    On  |   00000000:9D:00.0 Off |                    0 |
| N/A   42C    P0             70W /  600W |       0MiB /  95830MiB |      0%      Default |
|                                         |                        |             Disabled |
+-----------------------------------------+------------------------+----------------------+

+-----------------------------------------------------------------------------------------+
| Processes:                                                                              |
|  GPU   GI   CI              PID   Type   Process name                        GPU Memory |
|        ID   ID                                                               Usage      |
|=========================================================================================|
|  No running processes found                                                             |
+-----------------------------------------------------------------------------------------+
[moonshot] 12 meshes from /rwthfs/rz/cluster/home/nao48500/SMILify/diagnostics/moonshot/synth_clean_drop60
12 target meshes loaded.
[moonshot] initialised pose/shape from diagnostics/appendage_evidence/runs/hier_SYN_clean_drop60_w5/H2_joint.npz
/rwthfs/rz/cluster/home/nao48500/SMILify/fitter_3d/optimise_moonshot.py:112: DeprecationWarning: numpy.core.numeric is deprecated and has been renamed to numpy._core.numeric. The numpy._core namespace contains private NumPy internals and its use is discouraged, as NumPy internals can change without warning in any release. In practice, most real-world usage of numpy.core is to access functionality in the public NumPy API. If that is the case, use the public NumPy API. If not, you are using NumPy internals. If you would still like to access an internal attribute, use numpy._core.numeric._frombuffer.
  _dd = _pickle.load(_f, encoding="latin1")
[moonshot] running 2 stages
    [Stage_2_deform_coarse] it    0/1000  loss=0.003791   chamfer=0.00327  edge=0.00021  normal=0.06122  laplacian=0.00156  offset=0.00000  sym=0.00003  mid=0.00000  limit=0.00000
    [Stage_2_deform_coarse] it   50/1000  loss=0.001948   chamfer=0.00095  edge=0.00029  normal=0.06639  laplacian=0.00301  offset=0.00008  sym=0.00003  mid=0.00000  limit=0.00033
    [Stage_2_deform_coarse] it  100/1000  loss=0.001749   chamfer=0.00083  edge=0.00030  normal=0.06379  laplacian=0.00295  offset=0.00006  sym=0.00002  mid=0.00000  limit=0.00016
    [Stage_2_deform_coarse] it  150/1000  loss=0.001684   chamfer=0.00077  edge=0.00031  normal=0.06515  laplacian=0.00301  offset=0.00006  sym=0.00002  mid=0.00000  limit=0.00010
    [Stage_2_deform_coarse] it  200/1000  loss=0.001655   chamfer=0.00074  edge=0.00032  normal=0.06746  laplacian=0.00309  offset=0.00006  sym=0.00002  mid=0.00000  limit=0.00007
    [Stage_2_deform_coarse] it  250/1000  loss=0.001608   chamfer=0.00070  edge=0.00032  normal=0.06747  laplacian=0.00312  offset=0.00005  sym=0.00001  mid=0.00000  limit=0.00006
    [Stage_2_deform_coarse] it  300/1000  loss=0.001591   chamfer=0.00068  edge=0.00032  normal=0.06872  laplacian=0.00315  offset=0.00005  sym=0.00001  mid=0.00000  limit=0.00003
    [Stage_2_deform_coarse] it  350/1000  loss=0.001565   chamfer=0.00066  edge=0.00033  normal=0.06861  laplacian=0.00318  offset=0.00005  sym=0.00001  mid=0.00000  limit=0.00001
    [Stage_2_deform_coarse] it  400/1000  loss=0.001553   chamfer=0.00065  edge=0.00033  normal=0.06917  laplacian=0.00320  offset=0.00005  sym=0.00001  mid=0.00000  limit=0.00001
    [Stage_2_deform_coarse] it  450/1000  loss=0.001552   chamfer=0.00064  edge=0.00033  normal=0.07039  laplacian=0.00324  offset=0.00005  sym=0.00001  mid=0.00000  limit=0.00001
    [Stage_2_deform_coarse] it  500/1000  loss=0.001539   chamfer=0.00063  edge=0.00033  normal=0.07044  laplacian=0.00324  offset=0.00005  sym=0.00001  mid=0.00000  limit=0.00000
    [Stage_2_deform_coarse] it  550/1000  loss=0.001514   chamfer=0.00062  edge=0.00033  normal=0.06999  laplacian=0.00322  offset=0.00005  sym=0.00001  mid=0.00000  limit=0.00001
    [Stage_2_deform_coarse] it  600/1000  loss=0.001511   chamfer=0.00061  edge=0.00033  normal=0.07071  laplacian=0.00324  offset=0.00005  sym=0.00001  mid=0.00000  limit=0.00001
    [Stage_2_deform_coarse] it  650/1000  loss=0.001506   chamfer=0.00061  edge=0.00033  normal=0.07132  laplacian=0.00326  offset=0.00005  sym=0.00001  mid=0.00000  limit=0.00001
    [Stage_2_deform_coarse] it  700/1000  loss=0.001495   chamfer=0.00060  edge=0.00033  normal=0.07094  laplacian=0.00324  offset=0.00005  sym=0.00001  mid=0.00000  limit=0.00000
    [Stage_2_deform_coarse] it  750/1000  loss=0.001473   chamfer=0.00059  edge=0.00033  normal=0.06972  laplacian=0.00321  offset=0.00004  sym=0.00001  mid=0.00000  limit=0.00000
    [Stage_2_deform_coarse] it  800/1000  loss=0.001460   chamfer=0.00059  edge=0.00033  normal=0.06956  laplacian=0.00320  offset=0.00004  sym=0.00001  mid=0.00000  limit=0.00000
    [Stage_2_deform_coarse] it  850/1000  loss=0.001447   chamfer=0.00057  edge=0.00033  normal=0.06989  laplacian=0.00319  offset=0.00004  sym=0.00001  mid=0.00000  limit=0.00000
    [Stage_2_deform_coarse] it  900/1000  loss=0.001445   chamfer=0.00057  edge=0.00033  normal=0.06989  laplacian=0.00319  offset=0.00004  sym=0.00001  mid=0.00000  limit=0.00000
    [Stage_2_deform_coarse] it  950/1000  loss=0.001439   chamfer=0.00057  edge=0.00033  normal=0.07032  laplacian=0.00318  offset=0.00004  sym=0.00001  mid=0.00000  limit=0.00000
    [Stage_2_deform_coarse] it  999/1000  loss=0.001434   chamfer=0.00056  edge=0.00033  normal=0.07059  laplacian=0.00319  offset=0.00004  sym=0.00001  mid=0.00000  limit=0.00000
    [Stage_3_deform_fine] it    0/1000  loss=0.000587   chamfer=0.00057  edge=0.00033  normal=0.07059  laplacian=0.00319  offset=0.00004  sym=0.00001  mid=0.00000  limit=0.00000
    [Stage_3_deform_fine] it   50/1000  loss=0.000520   chamfer=0.00052  edge=0.00034  normal=0.05444  laplacian=0.00308  offset=0.00004  sym=0.00000  mid=0.00000  limit=0.00000
    [Stage_3_deform_fine] it  100/1000  loss=0.000519   chamfer=0.00052  edge=0.00034  normal=0.05341  laplacian=0.00308  offset=0.00004  sym=0.00000  mid=0.00000  limit=0.00000
    [Stage_3_deform_fine] it  150/1000  loss=0.000519   chamfer=0.00052  edge=0.00034  normal=0.05326  laplacian=0.00309  offset=0.00004  sym=0.00000  mid=0.00000  limit=0.00000
    [Stage_3_deform_fine] it  200/1000  loss=0.000512   chamfer=0.00050  edge=0.00035  normal=0.05336  laplacian=0.00310  offset=0.00004  sym=0.00000  mid=0.00000  limit=0.00000
    [Stage_3_deform_fine] it  250/1000  loss=0.000510   chamfer=0.00050  edge=0.00035  normal=0.05324  laplacian=0.00311  offset=0.00004  sym=0.00000  mid=0.00000  limit=0.00000
    [Stage_3_deform_fine] it  300/1000  loss=0.000510   chamfer=0.00050  edge=0.00035  normal=0.05355  laplacian=0.00311  offset=0.00004  sym=0.00000  mid=0.00000  limit=0.00000
    [Stage_3_deform_fine] it  350/1000  loss=0.000505   chamfer=0.00049  edge=0.00035  normal=0.05360  laplacian=0.00311  offset=0.00004  sym=0.00000  mid=0.00000  limit=0.00000
    [Stage_3_deform_fine] it  400/1000  loss=0.000503   chamfer=0.00049  edge=0.00035  normal=0.05346  laplacian=0.00311  offset=0.00004  sym=0.00000  mid=0.00000  limit=0.00000
    [Stage_3_deform_fine] it  450/1000  loss=0.000502   chamfer=0.00048  edge=0.00035  normal=0.05365  laplacian=0.00311  offset=0.00004  sym=0.00000  mid=0.00000  limit=0.00000
    [Stage_3_deform_fine] it  500/1000  loss=0.000499   chamfer=0.00048  edge=0.00035  normal=0.05382  laplacian=0.00311  offset=0.00004  sym=0.00000  mid=0.00000  limit=0.00000
    [Stage_3_deform_fine] it  550/1000  loss=0.000493   chamfer=0.00047  edge=0.00035  normal=0.05377  laplacian=0.00310  offset=0.00004  sym=0.00000  mid=0.00000  limit=0.00000
    [Stage_3_deform_fine] it  600/1000  loss=0.000495   chamfer=0.00048  edge=0.00034  normal=0.05354  laplacian=0.00309  offset=0.00004  sym=0.00000  mid=0.00000  limit=0.00000
    [Stage_3_deform_fine] it  650/1000  loss=0.000489   chamfer=0.00046  edge=0.00034  normal=0.05392  laplacian=0.00310  offset=0.00004  sym=0.00000  mid=0.00000  limit=0.00000
    [Stage_3_deform_fine] it  700/1000  loss=0.000487   chamfer=0.00046  edge=0.00034  normal=0.05369  laplacian=0.00309  offset=0.00004  sym=0.00000  mid=0.00000  limit=0.00000
    [Stage_3_deform_fine] it  750/1000  loss=0.000488   chamfer=0.00046  edge=0.00034  normal=0.05381  laplacian=0.00308  offset=0.00004  sym=0.00000  mid=0.00000  limit=0.00000
    [Stage_3_deform_fine] it  800/1000  loss=0.000485   chamfer=0.00045  edge=0.00034  normal=0.05387  laplacian=0.00308  offset=0.00004  sym=0.00000  mid=0.00000  limit=0.00000
    [Stage_3_deform_fine] it  850/1000  loss=0.000482   chamfer=0.00045  edge=0.00034  normal=0.05415  laplacian=0.00307  offset=0.00004  sym=0.00000  mid=0.00000  limit=0.00000
    [Stage_3_deform_fine] it  900/1000  loss=0.000479   chamfer=0.00044  edge=0.00034  normal=0.05415  laplacian=0.00307  offset=0.00004  sym=0.00000  mid=0.00000  limit=0.00000
    [Stage_3_deform_fine] it  950/1000  loss=0.000476   chamfer=0.00044  edge=0.00034  normal=0.05386  laplacian=0.00305  offset=0.00004  sym=0.00000  mid=0.00000  limit=0.00000
    [Stage_3_deform_fine] it  999/1000  loss=0.000473   chamfer=0.00043  edge=0.00034  normal=0.05374  laplacian=0.00305  offset=0.00004  sym=0.00000  mid=0.00000  limit=0.00000
  eval 10/12
[moonshot] wrote diagnostics/moonshot/runs/SYN_clean_drop60_gnclegonlytopofree_w5_seed1/metrics.csv

  ---- summary ----
    chamfer_l2                       0.000662
    fscore@0.01                      0.620456
    fscore@0.02                      0.893732
    hausdorff_95                     0.036461
    normal_consistency               0.811943
    edge_logratio_absmean            0.153067
    tri_quality_mean                 0.744148
    deform_mag_mean                  0.003560
    midline_dev_mean                 0.016395
    part_leg_distal_dist_mean        0.012337
    part_leg_dist_mean               0.009826
    part_body_dist_mean              0.009385
=== task 6 DONE ===
