=== task 3: corpus=synth_clean_drop30 label=drop30 arm=gnc_legonly_topofree seed=2 yaml=diagnostics/cycle2_20260819/cfg/gnc_legonly_topofree.yaml hier_dir=diagnostics/appendage_evidence/runs/hier_SYN_clean_drop30_w5 ===
Wed Aug 19 08:24:04 2026       
+-----------------------------------------------------------------------------------------+
| NVIDIA-SMI 580.178.04             Driver Version: 580.178.04     CUDA Version: 13.0     |
+-----------------------------------------+------------------------+----------------------+
| GPU  Name                 Persistence-M | Bus-Id          Disp.A | Volatile Uncorr. ECC |
| Fan  Temp   Perf          Pwr:Usage/Cap |           Memory-Usage | GPU-Util  Compute M. |
|                                         |                        |               MIG M. |
|=========================================+========================+======================|
|   0  NVIDIA H100                    On  |   00000000:2C:00.0 Off |                    0 |
| N/A   42C    P0             74W /  600W |       0MiB /  95830MiB |      0%      Default |
|                                         |                        |             Disabled |
+-----------------------------------------+------------------------+----------------------+

+-----------------------------------------------------------------------------------------+
| Processes:                                                                              |
|  GPU   GI   CI              PID   Type   Process name                        GPU Memory |
|        ID   ID                                                               Usage      |
|=========================================================================================|
|  No running processes found                                                             |
+-----------------------------------------------------------------------------------------+
[moonshot] 12 meshes from /rwthfs/rz/cluster/home/nao48500/SMILify/diagnostics/moonshot/synth_clean_drop30
12 target meshes loaded.
[moonshot] initialised pose/shape from diagnostics/appendage_evidence/runs/hier_SYN_clean_drop30_w5/H2_joint.npz
/rwthfs/rz/cluster/home/nao48500/SMILify/fitter_3d/optimise_moonshot.py:112: DeprecationWarning: numpy.core.numeric is deprecated and has been renamed to numpy._core.numeric. The numpy._core namespace contains private NumPy internals and its use is discouraged, as NumPy internals can change without warning in any release. In practice, most real-world usage of numpy.core is to access functionality in the public NumPy API. If that is the case, use the public NumPy API. If not, you are using NumPy internals. If you would still like to access an internal attribute, use numpy._core.numeric._frombuffer.
  _dd = _pickle.load(_f, encoding="latin1")
[moonshot] running 2 stages
    [Stage_2_deform_coarse] it    0/1000  loss=0.003407   chamfer=0.00291  edge=0.00021  normal=0.05935  laplacian=0.00154  offset=0.00000  sym=0.00002  mid=0.00000  limit=0.00000
    [Stage_2_deform_coarse] it   50/1000  loss=0.001807   chamfer=0.00087  edge=0.00028  normal=0.06430  laplacian=0.00287  offset=0.00007  sym=0.00002  mid=0.00000  limit=0.00018
    [Stage_2_deform_coarse] it  100/1000  loss=0.001615   chamfer=0.00075  edge=0.00028  normal=0.06233  laplacian=0.00281  offset=0.00006  sym=0.00002  mid=0.00000  limit=0.00008
    [Stage_2_deform_coarse] it  150/1000  loss=0.001555   chamfer=0.00070  edge=0.00029  normal=0.06342  laplacian=0.00287  offset=0.00005  sym=0.00001  mid=0.00000  limit=0.00006
    [Stage_2_deform_coarse] it  200/1000  loss=0.001525   chamfer=0.00066  edge=0.00030  normal=0.06547  laplacian=0.00293  offset=0.00005  sym=0.00001  mid=0.00000  limit=0.00006
    [Stage_2_deform_coarse] it  250/1000  loss=0.001487   chamfer=0.00063  edge=0.00030  normal=0.06569  laplacian=0.00296  offset=0.00005  sym=0.00001  mid=0.00000  limit=0.00006
    [Stage_2_deform_coarse] it  300/1000  loss=0.001486   chamfer=0.00063  edge=0.00030  normal=0.06750  laplacian=0.00302  offset=0.00005  sym=0.00001  mid=0.00000  limit=0.00005
    [Stage_2_deform_coarse] it  350/1000  loss=0.001460   chamfer=0.00060  edge=0.00030  normal=0.06805  laplacian=0.00303  offset=0.00005  sym=0.00001  mid=0.00000  limit=0.00001
    [Stage_2_deform_coarse] it  400/1000  loss=0.001450   chamfer=0.00060  edge=0.00031  normal=0.06813  laplacian=0.00304  offset=0.00005  sym=0.00001  mid=0.00000  limit=0.00000
    [Stage_2_deform_coarse] it  450/1000  loss=0.001426   chamfer=0.00058  edge=0.00031  normal=0.06762  laplacian=0.00304  offset=0.00004  sym=0.00001  mid=0.00000  limit=0.00000
    [Stage_2_deform_coarse] it  500/1000  loss=0.001416   chamfer=0.00057  edge=0.00031  normal=0.06772  laplacian=0.00304  offset=0.00004  sym=0.00001  mid=0.00000  limit=0.00000
    [Stage_2_deform_coarse] it  550/1000  loss=0.001410   chamfer=0.00057  edge=0.00031  normal=0.06835  laplacian=0.00305  offset=0.00004  sym=0.00001  mid=0.00000  limit=0.00000
    [Stage_2_deform_coarse] it  600/1000  loss=0.001399   chamfer=0.00056  edge=0.00031  normal=0.06867  laplacian=0.00306  offset=0.00004  sym=0.00001  mid=0.00000  limit=0.00000
    [Stage_2_deform_coarse] it  650/1000  loss=0.001393   chamfer=0.00055  edge=0.00031  normal=0.06863  laplacian=0.00307  offset=0.00004  sym=0.00001  mid=0.00000  limit=0.00000
    [Stage_2_deform_coarse] it  700/1000  loss=0.001379   chamfer=0.00054  edge=0.00031  normal=0.06930  laplacian=0.00307  offset=0.00004  sym=0.00001  mid=0.00000  limit=0.00000
    [Stage_2_deform_coarse] it  750/1000  loss=0.001370   chamfer=0.00054  edge=0.00031  normal=0.06847  laplacian=0.00305  offset=0.00004  sym=0.00001  mid=0.00000  limit=0.00000
    [Stage_2_deform_coarse] it  800/1000  loss=0.001373   chamfer=0.00053  edge=0.00031  normal=0.06948  laplacian=0.00307  offset=0.00004  sym=0.00001  mid=0.00000  limit=0.00000
    [Stage_2_deform_coarse] it  850/1000  loss=0.001385   chamfer=0.00054  edge=0.00031  normal=0.07009  laplacian=0.00309  offset=0.00004  sym=0.00001  mid=0.00000  limit=0.00003
    [Stage_2_deform_coarse] it  900/1000  loss=0.001375   chamfer=0.00053  edge=0.00031  normal=0.07033  laplacian=0.00309  offset=0.00004  sym=0.00001  mid=0.00000  limit=0.00003
    [Stage_2_deform_coarse] it  950/1000  loss=0.001374   chamfer=0.00053  edge=0.00031  normal=0.07046  laplacian=0.00308  offset=0.00004  sym=0.00001  mid=0.00000  limit=0.00004
    [Stage_2_deform_coarse] it  999/1000  loss=0.001358   chamfer=0.00052  edge=0.00031  normal=0.06968  laplacian=0.00306  offset=0.00004  sym=0.00001  mid=0.00000  limit=0.00003
    [Stage_3_deform_fine] it    0/1000  loss=0.000555   chamfer=0.00052  edge=0.00031  normal=0.06952  laplacian=0.00306  offset=0.00004  sym=0.00001  mid=0.00000  limit=0.00003
    [Stage_3_deform_fine] it   50/1000  loss=0.000494   chamfer=0.00049  edge=0.00032  normal=0.05408  laplacian=0.00293  offset=0.00004  sym=0.00000  mid=0.00000  limit=0.00000
    [Stage_3_deform_fine] it  100/1000  loss=0.000489   chamfer=0.00048  edge=0.00032  normal=0.05306  laplacian=0.00293  offset=0.00004  sym=0.00000  mid=0.00000  limit=0.00000
    [Stage_3_deform_fine] it  150/1000  loss=0.000489   chamfer=0.00048  edge=0.00032  normal=0.05310  laplacian=0.00295  offset=0.00004  sym=0.00000  mid=0.00000  limit=0.00000
    [Stage_3_deform_fine] it  200/1000  loss=0.000487   chamfer=0.00048  edge=0.00032  normal=0.05296  laplacian=0.00296  offset=0.00004  sym=0.00000  mid=0.00000  limit=0.00000
    [Stage_3_deform_fine] it  250/1000  loss=0.000482   chamfer=0.00047  edge=0.00032  normal=0.05300  laplacian=0.00297  offset=0.00004  sym=0.00000  mid=0.00000  limit=0.00000
    [Stage_3_deform_fine] it  300/1000  loss=0.000483   chamfer=0.00047  edge=0.00032  normal=0.05326  laplacian=0.00297  offset=0.00004  sym=0.00000  mid=0.00000  limit=0.00000
    [Stage_3_deform_fine] it  350/1000  loss=0.000480   chamfer=0.00046  edge=0.00032  normal=0.05320  laplacian=0.00297  offset=0.00004  sym=0.00000  mid=0.00000  limit=0.00000
    [Stage_3_deform_fine] it  400/1000  loss=0.000478   chamfer=0.00046  edge=0.00032  normal=0.05315  laplacian=0.00298  offset=0.00004  sym=0.00000  mid=0.00000  limit=0.00000
    [Stage_3_deform_fine] it  450/1000  loss=0.000476   chamfer=0.00045  edge=0.00032  normal=0.05330  laplacian=0.00298  offset=0.00004  sym=0.00000  mid=0.00000  limit=0.00000
    [Stage_3_deform_fine] it  500/1000  loss=0.000474   chamfer=0.00045  edge=0.00032  normal=0.05327  laplacian=0.00298  offset=0.00004  sym=0.00000  mid=0.00000  limit=0.00000
    [Stage_3_deform_fine] it  550/1000  loss=0.000470   chamfer=0.00044  edge=0.00032  normal=0.05297  laplacian=0.00297  offset=0.00004  sym=0.00000  mid=0.00000  limit=0.00000
    [Stage_3_deform_fine] it  600/1000  loss=0.000469   chamfer=0.00044  edge=0.00032  normal=0.05310  laplacian=0.00297  offset=0.00004  sym=0.00000  mid=0.00000  limit=0.00000
    [Stage_3_deform_fine] it  650/1000  loss=0.000467   chamfer=0.00044  edge=0.00032  normal=0.05305  laplacian=0.00297  offset=0.00004  sym=0.00000  mid=0.00000  limit=0.00000
    [Stage_3_deform_fine] it  700/1000  loss=0.000470   chamfer=0.00044  edge=0.00032  normal=0.05326  laplacian=0.00297  offset=0.00004  sym=0.00000  mid=0.00000  limit=0.00000
    [Stage_3_deform_fine] it  750/1000  loss=0.000465   chamfer=0.00043  edge=0.00032  normal=0.05332  laplacian=0.00297  offset=0.00004  sym=0.00000  mid=0.00000  limit=0.00000
    [Stage_3_deform_fine] it  800/1000  loss=0.000460   chamfer=0.00042  edge=0.00032  normal=0.05328  laplacian=0.00297  offset=0.00004  sym=0.00000  mid=0.00000  limit=0.00000
    [Stage_3_deform_fine] it  850/1000  loss=0.000457   chamfer=0.00042  edge=0.00032  normal=0.05332  laplacian=0.00296  offset=0.00004  sym=0.00000  mid=0.00000  limit=0.00000
    [Stage_3_deform_fine] it  900/1000  loss=0.000456   chamfer=0.00041  edge=0.00032  normal=0.05327  laplacian=0.00296  offset=0.00004  sym=0.00000  mid=0.00000  limit=0.00000
    [Stage_3_deform_fine] it  950/1000  loss=0.000455   chamfer=0.00041  edge=0.00032  normal=0.05330  laplacian=0.00295  offset=0.00004  sym=0.00000  mid=0.00000  limit=0.00000
    [Stage_3_deform_fine] it  999/1000  loss=0.000454   chamfer=0.00041  edge=0.00032  normal=0.05354  laplacian=0.00295  offset=0.00004  sym=0.00000  mid=0.00000  limit=0.00000
  eval 10/12
[moonshot] wrote diagnostics/moonshot/runs/SYN_clean_drop30_gnclegonlytopofree_w5_seed2/metrics.csv

  ---- summary ----
    chamfer_l2                       0.000630
    fscore@0.01                      0.657205
    fscore@0.02                      0.915047
    hausdorff_95                     0.034918
    normal_consistency               0.817477
    edge_logratio_absmean            0.153602
    tri_quality_mean                 0.743327
    deform_mag_mean                  0.003460
    midline_dev_mean                 0.016935
    part_leg_distal_dist_mean        0.008920
    part_leg_dist_mean               0.008566
    part_body_dist_mean              0.008808
=== task 3 DONE ===
