=== task 2: corpus=synth_clean_drop30 label=drop30 arm=gnc_legonly_topofree seed=1 yaml=diagnostics/cycle2_20260819/cfg/gnc_legonly_topofree.yaml hier_dir=diagnostics/appendage_evidence/runs/hier_SYN_clean_drop30_w5 ===
Wed Aug 19 08:24:04 2026       
+-----------------------------------------------------------------------------------------+
| NVIDIA-SMI 580.178.04             Driver Version: 580.178.04     CUDA Version: 13.0     |
+-----------------------------------------+------------------------+----------------------+
| GPU  Name                 Persistence-M | Bus-Id          Disp.A | Volatile Uncorr. ECC |
| Fan  Temp   Perf          Pwr:Usage/Cap |           Memory-Usage | GPU-Util  Compute M. |
|                                         |                        |               MIG M. |
|=========================================+========================+======================|
|   0  NVIDIA H100                    On  |   00000000:1B:00.0 Off |                    0 |
| N/A   41C    P0             72W /  600W |       0MiB /  95830MiB |      0%      Default |
|                                         |                        |             Disabled |
+-----------------------------------------+------------------------+----------------------+

+-----------------------------------------------------------------------------------------+
| Processes:                                                                              |
|  GPU   GI   CI              PID   Type   Process name                        GPU Memory |
|        ID   ID                                                               Usage      |
|=========================================================================================|
|  No running processes found                                                             |
+-----------------------------------------------------------------------------------------+
[moonshot] 12 meshes from /rwthfs/rz/cluster/home/nao48500/SMILify/diagnostics/moonshot/synth_clean_drop30
12 target meshes loaded.
[moonshot] initialised pose/shape from diagnostics/appendage_evidence/runs/hier_SYN_clean_drop30_w5/H2_joint.npz
/rwthfs/rz/cluster/home/nao48500/SMILify/fitter_3d/optimise_moonshot.py:112: DeprecationWarning: numpy.core.numeric is deprecated and has been renamed to numpy._core.numeric. The numpy._core namespace contains private NumPy internals and its use is discouraged, as NumPy internals can change without warning in any release. In practice, most real-world usage of numpy.core is to access functionality in the public NumPy API. If that is the case, use the public NumPy API. If not, you are using NumPy internals. If you would still like to access an internal attribute, use numpy._core.numeric._frombuffer.
  _dd = _pickle.load(_f, encoding="latin1")
[moonshot] running 2 stages
    [Stage_2_deform_coarse] it    0/1000  loss=0.003418   chamfer=0.00292  edge=0.00021  normal=0.05935  laplacian=0.00154  offset=0.00000  sym=0.00002  mid=0.00000  limit=0.00000
    [Stage_2_deform_coarse] it   50/1000  loss=0.001790   chamfer=0.00086  edge=0.00028  normal=0.06390  laplacian=0.00287  offset=0.00007  sym=0.00002  mid=0.00000  limit=0.00017
    [Stage_2_deform_coarse] it  100/1000  loss=0.001614   chamfer=0.00075  edge=0.00028  normal=0.06223  laplacian=0.00281  offset=0.00006  sym=0.00001  mid=0.00000  limit=0.00007
    [Stage_2_deform_coarse] it  150/1000  loss=0.001545   chamfer=0.00069  edge=0.00029  normal=0.06335  laplacian=0.00286  offset=0.00005  sym=0.00001  mid=0.00000  limit=0.00006
    [Stage_2_deform_coarse] it  200/1000  loss=0.001517   chamfer=0.00066  edge=0.00030  normal=0.06481  laplacian=0.00292  offset=0.00005  sym=0.00001  mid=0.00000  limit=0.00005
    [Stage_2_deform_coarse] it  250/1000  loss=0.001492   chamfer=0.00063  edge=0.00030  normal=0.06603  laplacian=0.00297  offset=0.00005  sym=0.00001  mid=0.00000  limit=0.00003
    [Stage_2_deform_coarse] it  300/1000  loss=0.001469   chamfer=0.00062  edge=0.00030  normal=0.06619  laplacian=0.00299  offset=0.00005  sym=0.00001  mid=0.00000  limit=0.00001
    [Stage_2_deform_coarse] it  350/1000  loss=0.001453   chamfer=0.00060  edge=0.00030  normal=0.06697  laplacian=0.00301  offset=0.00005  sym=0.00001  mid=0.00000  limit=0.00000
    [Stage_2_deform_coarse] it  400/1000  loss=0.001434   chamfer=0.00058  edge=0.00030  normal=0.06757  laplacian=0.00302  offset=0.00005  sym=0.00001  mid=0.00000  limit=0.00000
    [Stage_2_deform_coarse] it  450/1000  loss=0.001435   chamfer=0.00058  edge=0.00031  normal=0.06839  laplacian=0.00304  offset=0.00004  sym=0.00001  mid=0.00000  limit=0.00000
    [Stage_2_deform_coarse] it  500/1000  loss=0.001432   chamfer=0.00058  edge=0.00031  normal=0.06938  laplacian=0.00307  offset=0.00004  sym=0.00001  mid=0.00000  limit=0.00000
    [Stage_2_deform_coarse] it  550/1000  loss=0.001419   chamfer=0.00057  edge=0.00031  normal=0.06925  laplacian=0.00308  offset=0.00004  sym=0.00001  mid=0.00000  limit=0.00000
    [Stage_2_deform_coarse] it  600/1000  loss=0.001408   chamfer=0.00056  edge=0.00031  normal=0.06953  laplacian=0.00309  offset=0.00004  sym=0.00001  mid=0.00000  limit=0.00000
    [Stage_2_deform_coarse] it  650/1000  loss=0.001400   chamfer=0.00056  edge=0.00031  normal=0.06872  laplacian=0.00308  offset=0.00004  sym=0.00001  mid=0.00000  limit=0.00000
    [Stage_2_deform_coarse] it  700/1000  loss=0.001381   chamfer=0.00054  edge=0.00031  normal=0.06867  laplacian=0.00305  offset=0.00004  sym=0.00001  mid=0.00000  limit=0.00000
    [Stage_2_deform_coarse] it  750/1000  loss=0.001373   chamfer=0.00054  edge=0.00031  normal=0.06815  laplacian=0.00303  offset=0.00004  sym=0.00001  mid=0.00000  limit=0.00000
    [Stage_2_deform_coarse] it  800/1000  loss=0.001361   chamfer=0.00054  edge=0.00031  normal=0.06810  laplacian=0.00302  offset=0.00004  sym=0.00001  mid=0.00000  limit=0.00000
    [Stage_2_deform_coarse] it  850/1000  loss=0.001375   chamfer=0.00054  edge=0.00031  normal=0.06872  laplacian=0.00304  offset=0.00004  sym=0.00001  mid=0.00000  limit=0.00003
    [Stage_2_deform_coarse] it  900/1000  loss=0.001376   chamfer=0.00054  edge=0.00031  normal=0.06950  laplacian=0.00306  offset=0.00004  sym=0.00001  mid=0.00000  limit=0.00003
    [Stage_2_deform_coarse] it  950/1000  loss=0.001366   chamfer=0.00053  edge=0.00031  normal=0.06949  laplacian=0.00306  offset=0.00004  sym=0.00001  mid=0.00000  limit=0.00003
    [Stage_2_deform_coarse] it  999/1000  loss=0.001361   chamfer=0.00053  edge=0.00031  normal=0.06927  laplacian=0.00305  offset=0.00004  sym=0.00001  mid=0.00000  limit=0.00003
    [Stage_3_deform_fine] it    0/1000  loss=0.000557   chamfer=0.00053  edge=0.00031  normal=0.06934  laplacian=0.00305  offset=0.00004  sym=0.00001  mid=0.00000  limit=0.00002
    [Stage_3_deform_fine] it   50/1000  loss=0.000495   chamfer=0.00049  edge=0.00031  normal=0.05365  laplacian=0.00292  offset=0.00004  sym=0.00000  mid=0.00000  limit=0.00000
    [Stage_3_deform_fine] it  100/1000  loss=0.000493   chamfer=0.00049  edge=0.00032  normal=0.05274  laplacian=0.00292  offset=0.00004  sym=0.00000  mid=0.00000  limit=0.00000
    [Stage_3_deform_fine] it  150/1000  loss=0.000487   chamfer=0.00048  edge=0.00032  normal=0.05266  laplacian=0.00294  offset=0.00004  sym=0.00000  mid=0.00000  limit=0.00000
    [Stage_3_deform_fine] it  200/1000  loss=0.000486   chamfer=0.00047  edge=0.00032  normal=0.05272  laplacian=0.00295  offset=0.00004  sym=0.00000  mid=0.00000  limit=0.00000
    [Stage_3_deform_fine] it  250/1000  loss=0.000485   chamfer=0.00047  edge=0.00032  normal=0.05283  laplacian=0.00296  offset=0.00004  sym=0.00000  mid=0.00000  limit=0.00000
    [Stage_3_deform_fine] it  300/1000  loss=0.000485   chamfer=0.00047  edge=0.00032  normal=0.05332  laplacian=0.00297  offset=0.00004  sym=0.00000  mid=0.00000  limit=0.00000
    [Stage_3_deform_fine] it  350/1000  loss=0.000480   chamfer=0.00046  edge=0.00032  normal=0.05314  laplacian=0.00297  offset=0.00004  sym=0.00000  mid=0.00000  limit=0.00000
    [Stage_3_deform_fine] it  400/1000  loss=0.000478   chamfer=0.00046  edge=0.00032  normal=0.05278  laplacian=0.00297  offset=0.00004  sym=0.00000  mid=0.00000  limit=0.00000
    [Stage_3_deform_fine] it  450/1000  loss=0.000475   chamfer=0.00045  edge=0.00032  normal=0.05303  laplacian=0.00297  offset=0.00004  sym=0.00000  mid=0.00000  limit=0.00000
    [Stage_3_deform_fine] it  500/1000  loss=0.000476   chamfer=0.00045  edge=0.00032  normal=0.05306  laplacian=0.00297  offset=0.00004  sym=0.00000  mid=0.00000  limit=0.00000
    [Stage_3_deform_fine] it  550/1000  loss=0.000474   chamfer=0.00045  edge=0.00032  normal=0.05302  laplacian=0.00297  offset=0.00004  sym=0.00000  mid=0.00000  limit=0.00000
    [Stage_3_deform_fine] it  600/1000  loss=0.000470   chamfer=0.00044  edge=0.00032  normal=0.05294  laplacian=0.00296  offset=0.00004  sym=0.00000  mid=0.00000  limit=0.00000
    [Stage_3_deform_fine] it  650/1000  loss=0.000469   chamfer=0.00044  edge=0.00032  normal=0.05307  laplacian=0.00296  offset=0.00004  sym=0.00000  mid=0.00000  limit=0.00000
    [Stage_3_deform_fine] it  700/1000  loss=0.000468   chamfer=0.00044  edge=0.00032  normal=0.05326  laplacian=0.00296  offset=0.00004  sym=0.00000  mid=0.00000  limit=0.00000
    [Stage_3_deform_fine] it  750/1000  loss=0.000464   chamfer=0.00043  edge=0.00032  normal=0.05306  laplacian=0.00295  offset=0.00004  sym=0.00000  mid=0.00000  limit=0.00000
    [Stage_3_deform_fine] it  800/1000  loss=0.000464   chamfer=0.00043  edge=0.00032  normal=0.05322  laplacian=0.00295  offset=0.00004  sym=0.00000  mid=0.00000  limit=0.00000
    [Stage_3_deform_fine] it  850/1000  loss=0.000461   chamfer=0.00043  edge=0.00032  normal=0.05313  laplacian=0.00295  offset=0.00004  sym=0.00000  mid=0.00000  limit=0.00000
    [Stage_3_deform_fine] it  900/1000  loss=0.000460   chamfer=0.00042  edge=0.00032  normal=0.05330  laplacian=0.00295  offset=0.00004  sym=0.00000  mid=0.00000  limit=0.00000
    [Stage_3_deform_fine] it  950/1000  loss=0.000459   chamfer=0.00042  edge=0.00032  normal=0.05358  laplacian=0.00295  offset=0.00004  sym=0.00000  mid=0.00000  limit=0.00000
    [Stage_3_deform_fine] it  999/1000  loss=0.000454   chamfer=0.00041  edge=0.00032  normal=0.05311  laplacian=0.00294  offset=0.00004  sym=0.00000  mid=0.00000  limit=0.00000
  eval 10/12
[moonshot] wrote diagnostics/moonshot/runs/SYN_clean_drop30_gnclegonlytopofree_w5_seed1/metrics.csv

  ---- summary ----
    chamfer_l2                       0.000639
    fscore@0.01                      0.656665
    fscore@0.02                      0.913948
    hausdorff_95                     0.035090
    normal_consistency               0.815713
    edge_logratio_absmean            0.153658
    tri_quality_mean                 0.745340
    deform_mag_mean                  0.003469
    midline_dev_mean                 0.017373
    part_leg_distal_dist_mean        0.008976
    part_leg_dist_mean               0.008508
    part_body_dist_mean              0.008827
=== task 2 DONE ===
