=== task 5: corpus=synth_clean_drop60 label=drop60 arm=gnc_medium seed=2 yaml=diagnostics/overnight_20260818/cfg/gnc_medium.yaml hier_dir=diagnostics/appendage_evidence/runs/hier_SYN_clean_drop60_w5 ===
Wed Aug 19 08:24:04 2026       
+-----------------------------------------------------------------------------------------+
| NVIDIA-SMI 580.178.04             Driver Version: 580.178.04     CUDA Version: 13.0     |
+-----------------------------------------+------------------------+----------------------+
| GPU  Name                 Persistence-M | Bus-Id          Disp.A | Volatile Uncorr. ECC |
| Fan  Temp   Perf          Pwr:Usage/Cap |           Memory-Usage | GPU-Util  Compute M. |
|                                         |                        |               MIG M. |
|=========================================+========================+======================|
|   0  NVIDIA H100                    On  |   00000000:AD:00.0 Off |                    0 |
| N/A   42C    P0             69W /  600W |       0MiB /  95830MiB |      0%      Default |
|                                         |                        |             Disabled |
+-----------------------------------------+------------------------+----------------------+

+-----------------------------------------------------------------------------------------+
| Processes:                                                                              |
|  GPU   GI   CI              PID   Type   Process name                        GPU Memory |
|        ID   ID                                                               Usage      |
|=========================================================================================|
|  No running processes found                                                             |
+-----------------------------------------------------------------------------------------+
[moonshot] 12 meshes from /rwthfs/rz/cluster/home/nao48500/SMILify/diagnostics/moonshot/synth_clean_drop60
12 target meshes loaded.
[moonshot] initialised pose/shape from diagnostics/appendage_evidence/runs/hier_SYN_clean_drop60_w5/H2_joint.npz
/rwthfs/rz/cluster/home/nao48500/SMILify/fitter_3d/optimise_moonshot.py:112: DeprecationWarning: numpy.core.numeric is deprecated and has been renamed to numpy._core.numeric. The numpy._core namespace contains private NumPy internals and its use is discouraged, as NumPy internals can change without warning in any release. In practice, most real-world usage of numpy.core is to access functionality in the public NumPy API. If that is the case, use the public NumPy API. If not, you are using NumPy internals. If you would still like to access an internal attribute, use numpy._core.numeric._frombuffer.
  _dd = _pickle.load(_f, encoding="latin1")
[moonshot] running 2 stages
    [Stage_2_deform_coarse] it    0/1000  loss=0.003535   chamfer=0.00302  edge=0.00021  normal=0.06122  laplacian=0.00156  offset=0.00000  sym=0.00003  mid=0.00000  limit=0.00000
    [Stage_2_deform_coarse] it   50/1000  loss=0.001918   chamfer=0.00095  edge=0.00029  normal=0.06591  laplacian=0.00298  offset=0.00007  sym=0.00003  mid=0.00000  limit=0.00038
    [Stage_2_deform_coarse] it  100/1000  loss=0.001723   chamfer=0.00082  edge=0.00030  normal=0.06364  laplacian=0.00294  offset=0.00006  sym=0.00002  mid=0.00000  limit=0.00019
    [Stage_2_deform_coarse] it  150/1000  loss=0.001650   chamfer=0.00075  edge=0.00031  normal=0.06510  laplacian=0.00301  offset=0.00006  sym=0.00002  mid=0.00000  limit=0.00010
    [Stage_2_deform_coarse] it  200/1000  loss=0.001615   chamfer=0.00072  edge=0.00032  normal=0.06608  laplacian=0.00306  offset=0.00005  sym=0.00002  mid=0.00000  limit=0.00009
    [Stage_2_deform_coarse] it  250/1000  loss=0.001583   chamfer=0.00069  edge=0.00032  normal=0.06741  laplacian=0.00310  offset=0.00005  sym=0.00001  mid=0.00000  limit=0.00007
    [Stage_2_deform_coarse] it  300/1000  loss=0.001562   chamfer=0.00067  edge=0.00032  normal=0.06812  laplacian=0.00313  offset=0.00005  sym=0.00001  mid=0.00000  limit=0.00003
    [Stage_2_deform_coarse] it  350/1000  loss=0.001555   chamfer=0.00066  edge=0.00033  normal=0.06910  laplacian=0.00316  offset=0.00005  sym=0.00001  mid=0.00000  limit=0.00002
    [Stage_2_deform_coarse] it  400/1000  loss=0.001525   chamfer=0.00064  edge=0.00033  normal=0.06871  laplacian=0.00316  offset=0.00005  sym=0.00001  mid=0.00000  limit=0.00001
    [Stage_2_deform_coarse] it  450/1000  loss=0.001519   chamfer=0.00064  edge=0.00033  normal=0.06878  laplacian=0.00317  offset=0.00005  sym=0.00001  mid=0.00000  limit=0.00001
    [Stage_2_deform_coarse] it  500/1000  loss=0.001501   chamfer=0.00063  edge=0.00033  normal=0.06871  laplacian=0.00317  offset=0.00004  sym=0.00001  mid=0.00000  limit=0.00001
    [Stage_2_deform_coarse] it  550/1000  loss=0.001498   chamfer=0.00062  edge=0.00033  normal=0.07014  laplacian=0.00318  offset=0.00004  sym=0.00001  mid=0.00000  limit=0.00001
    [Stage_2_deform_coarse] it  600/1000  loss=0.001490   chamfer=0.00062  edge=0.00033  normal=0.07021  laplacian=0.00318  offset=0.00004  sym=0.00001  mid=0.00000  limit=0.00001
    [Stage_2_deform_coarse] it  650/1000  loss=0.001466   chamfer=0.00061  edge=0.00033  normal=0.06945  laplacian=0.00315  offset=0.00004  sym=0.00001  mid=0.00000  limit=0.00001
    [Stage_2_deform_coarse] it  700/1000  loss=0.001456   chamfer=0.00060  edge=0.00033  normal=0.06944  laplacian=0.00316  offset=0.00004  sym=0.00001  mid=0.00000  limit=0.00000
    [Stage_2_deform_coarse] it  750/1000  loss=0.001437   chamfer=0.00059  edge=0.00032  normal=0.06959  laplacian=0.00314  offset=0.00004  sym=0.00001  mid=0.00000  limit=0.00000
    [Stage_2_deform_coarse] it  800/1000  loss=0.001415   chamfer=0.00059  edge=0.00032  normal=0.06879  laplacian=0.00311  offset=0.00004  sym=0.00001  mid=0.00000  limit=0.00000
    [Stage_2_deform_coarse] it  850/1000  loss=0.001386   chamfer=0.00057  edge=0.00032  normal=0.06848  laplacian=0.00307  offset=0.00004  sym=0.00001  mid=0.00000  limit=0.00000
    [Stage_2_deform_coarse] it  900/1000  loss=0.001364   chamfer=0.00057  edge=0.00032  normal=0.06806  laplacian=0.00303  offset=0.00003  sym=0.00001  mid=0.00000  limit=0.00000
    [Stage_2_deform_coarse] it  950/1000  loss=0.001342   chamfer=0.00056  edge=0.00031  normal=0.06738  laplacian=0.00300  offset=0.00003  sym=0.00001  mid=0.00000  limit=0.00000
    [Stage_2_deform_coarse] it  999/1000  loss=0.001314   chamfer=0.00055  edge=0.00031  normal=0.06673  laplacian=0.00295  offset=0.00003  sym=0.00001  mid=0.00000  limit=0.00000
    [Stage_3_deform_fine] it    0/1000  loss=0.000538   chamfer=0.00055  edge=0.00031  normal=0.06679  laplacian=0.00295  offset=0.00003  sym=0.00001  mid=0.00000  limit=0.00000
    [Stage_3_deform_fine] it   50/1000  loss=0.000481   chamfer=0.00051  edge=0.00032  normal=0.05252  laplacian=0.00288  offset=0.00003  sym=0.00000  mid=0.00000  limit=0.00000
    [Stage_3_deform_fine] it  100/1000  loss=0.000470   chamfer=0.00049  edge=0.00032  normal=0.05154  laplacian=0.00288  offset=0.00003  sym=0.00000  mid=0.00000  limit=0.00000
    [Stage_3_deform_fine] it  150/1000  loss=0.000463   chamfer=0.00048  edge=0.00032  normal=0.05138  laplacian=0.00288  offset=0.00002  sym=0.00000  mid=0.00000  limit=0.00000
    [Stage_3_deform_fine] it  200/1000  loss=0.000457   chamfer=0.00048  edge=0.00032  normal=0.05130  laplacian=0.00287  offset=0.00002  sym=0.00000  mid=0.00000  limit=0.00000
    [Stage_3_deform_fine] it  250/1000  loss=0.000449   chamfer=0.00047  edge=0.00032  normal=0.05142  laplacian=0.00287  offset=0.00002  sym=0.00000  mid=0.00000  limit=0.00000
    [Stage_3_deform_fine] it  300/1000  loss=0.000442   chamfer=0.00046  edge=0.00032  normal=0.05149  laplacian=0.00286  offset=0.00002  sym=0.00000  mid=0.00000  limit=0.00000
    [Stage_3_deform_fine] it  350/1000  loss=0.000433   chamfer=0.00045  edge=0.00032  normal=0.05141  laplacian=0.00284  offset=0.00002  sym=0.00000  mid=0.00000  limit=0.00000
    [Stage_3_deform_fine] it  400/1000  loss=0.000424   chamfer=0.00044  edge=0.00031  normal=0.05110  laplacian=0.00281  offset=0.00002  sym=0.00000  mid=0.00000  limit=0.00000
    [Stage_3_deform_fine] it  450/1000  loss=0.000417   chamfer=0.00043  edge=0.00031  normal=0.05089  laplacian=0.00279  offset=0.00002  sym=0.00000  mid=0.00000  limit=0.00000
    [Stage_3_deform_fine] it  500/1000  loss=0.000408   chamfer=0.00041  edge=0.00031  normal=0.05074  laplacian=0.00277  offset=0.00002  sym=0.00000  mid=0.00000  limit=0.00000
    [Stage_3_deform_fine] it  550/1000  loss=0.000401   chamfer=0.00040  edge=0.00031  normal=0.05084  laplacian=0.00275  offset=0.00002  sym=0.00000  mid=0.00000  limit=0.00000
    [Stage_3_deform_fine] it  600/1000  loss=0.000392   chamfer=0.00039  edge=0.00031  normal=0.05050  laplacian=0.00272  offset=0.00002  sym=0.00000  mid=0.00000  limit=0.00000
    [Stage_3_deform_fine] it  650/1000  loss=0.000384   chamfer=0.00038  edge=0.00030  normal=0.05036  laplacian=0.00269  offset=0.00001  sym=0.00000  mid=0.00000  limit=0.00000
    [Stage_3_deform_fine] it  700/1000  loss=0.000376   chamfer=0.00037  edge=0.00030  normal=0.05023  laplacian=0.00266  offset=0.00001  sym=0.00000  mid=0.00000  limit=0.00000
    [Stage_3_deform_fine] it  750/1000  loss=0.000367   chamfer=0.00036  edge=0.00030  normal=0.04988  laplacian=0.00263  offset=0.00001  sym=0.00000  mid=0.00000  limit=0.00000
    [Stage_3_deform_fine] it  800/1000  loss=0.000359   chamfer=0.00035  edge=0.00029  normal=0.04975  laplacian=0.00260  offset=0.00001  sym=0.00000  mid=0.00000  limit=0.00000
    [Stage_3_deform_fine] it  850/1000  loss=0.000351   chamfer=0.00033  edge=0.00029  normal=0.04952  laplacian=0.00256  offset=0.00001  sym=0.00000  mid=0.00000  limit=0.00000
    [Stage_3_deform_fine] it  900/1000  loss=0.000343   chamfer=0.00032  edge=0.00029  normal=0.04942  laplacian=0.00253  offset=0.00001  sym=0.00000  mid=0.00000  limit=0.00000
    [Stage_3_deform_fine] it  950/1000  loss=0.000335   chamfer=0.00031  edge=0.00028  normal=0.04931  laplacian=0.00249  offset=0.00001  sym=0.00000  mid=0.00000  limit=0.00000
    [Stage_3_deform_fine] it  999/1000  loss=0.000327   chamfer=0.00030  edge=0.00028  normal=0.04908  laplacian=0.00246  offset=0.00001  sym=0.00000  mid=0.00000  limit=0.00000
  eval 10/12
[moonshot] wrote diagnostics/moonshot/runs/SYN_clean_drop60_gncmedium_w5_seed2/metrics.csv

  ---- summary ----
    chamfer_l2                       0.001341
    fscore@0.01                      0.532064
    fscore@0.02                      0.797968
    hausdorff_95                     0.064358
    normal_consistency               0.788264
    edge_logratio_absmean            0.119609
    tri_quality_mean                 0.765022
    deform_mag_mean                  0.002225
    midline_dev_mean                 0.021018
    part_leg_distal_dist_mean        0.012923
    part_leg_dist_mean               0.009693
    part_body_dist_mean              0.012491
=== task 5 DONE ===
