=== task 4: corpus=synth_clean_drop60 label=drop60 arm=gnc_medium seed=1 yaml=diagnostics/overnight_20260818/cfg/gnc_medium.yaml hier_dir=diagnostics/appendage_evidence/runs/hier_SYN_clean_drop60_w5 ===
Wed Aug 19 08:24:04 2026       
+-----------------------------------------------------------------------------------------+
| NVIDIA-SMI 580.178.04             Driver Version: 580.178.04     CUDA Version: 13.0     |
+-----------------------------------------+------------------------+----------------------+
| GPU  Name                 Persistence-M | Bus-Id          Disp.A | Volatile Uncorr. ECC |
| Fan  Temp   Perf          Pwr:Usage/Cap |           Memory-Usage | GPU-Util  Compute M. |
|                                         |                        |               MIG M. |
|=========================================+========================+======================|
|   0  NVIDIA H100                    On  |   00000000:9D:00.0 Off |                    0 |
| N/A   41C    P0             73W /  600W |       0MiB /  95830MiB |      0%      Default |
|                                         |                        |             Disabled |
+-----------------------------------------+------------------------+----------------------+

+-----------------------------------------------------------------------------------------+
| Processes:                                                                              |
|  GPU   GI   CI              PID   Type   Process name                        GPU Memory |
|        ID   ID                                                               Usage      |
|=========================================================================================|
|  No running processes found                                                             |
+-----------------------------------------------------------------------------------------+
[moonshot] 12 meshes from /rwthfs/rz/cluster/home/nao48500/SMILify/diagnostics/moonshot/synth_clean_drop60
12 target meshes loaded.
[moonshot] initialised pose/shape from diagnostics/appendage_evidence/runs/hier_SYN_clean_drop60_w5/H2_joint.npz
/rwthfs/rz/cluster/home/nao48500/SMILify/fitter_3d/optimise_moonshot.py:112: DeprecationWarning: numpy.core.numeric is deprecated and has been renamed to numpy._core.numeric. The numpy._core namespace contains private NumPy internals and its use is discouraged, as NumPy internals can change without warning in any release. In practice, most real-world usage of numpy.core is to access functionality in the public NumPy API. If that is the case, use the public NumPy API. If not, you are using NumPy internals. If you would still like to access an internal attribute, use numpy._core.numeric._frombuffer.
  _dd = _pickle.load(_f, encoding="latin1")
[moonshot] running 2 stages
    [Stage_2_deform_coarse] it    0/1000  loss=0.003522   chamfer=0.00301  edge=0.00021  normal=0.06122  laplacian=0.00156  offset=0.00000  sym=0.00003  mid=0.00000  limit=0.00000
    [Stage_2_deform_coarse] it   50/1000  loss=0.001912   chamfer=0.00094  edge=0.00029  normal=0.06584  laplacian=0.00297  offset=0.00007  sym=0.00003  mid=0.00000  limit=0.00040
    [Stage_2_deform_coarse] it  100/1000  loss=0.001719   chamfer=0.00081  edge=0.00030  normal=0.06397  laplacian=0.00294  offset=0.00006  sym=0.00002  mid=0.00000  limit=0.00019
    [Stage_2_deform_coarse] it  150/1000  loss=0.001653   chamfer=0.00076  edge=0.00031  normal=0.06469  laplacian=0.00300  offset=0.00006  sym=0.00002  mid=0.00000  limit=0.00010
    [Stage_2_deform_coarse] it  200/1000  loss=0.001607   chamfer=0.00072  edge=0.00032  normal=0.06575  laplacian=0.00305  offset=0.00005  sym=0.00002  mid=0.00000  limit=0.00008
    [Stage_2_deform_coarse] it  250/1000  loss=0.001584   chamfer=0.00070  edge=0.00032  normal=0.06689  laplacian=0.00309  offset=0.00005  sym=0.00002  mid=0.00000  limit=0.00004
    [Stage_2_deform_coarse] it  300/1000  loss=0.001553   chamfer=0.00067  edge=0.00032  normal=0.06735  laplacian=0.00312  offset=0.00005  sym=0.00001  mid=0.00000  limit=0.00002
    [Stage_2_deform_coarse] it  350/1000  loss=0.001547   chamfer=0.00066  edge=0.00032  normal=0.06839  laplacian=0.00314  offset=0.00005  sym=0.00001  mid=0.00000  limit=0.00001
    [Stage_2_deform_coarse] it  400/1000  loss=0.001535   chamfer=0.00065  edge=0.00033  normal=0.06925  laplacian=0.00317  offset=0.00005  sym=0.00001  mid=0.00000  limit=0.00001
    [Stage_2_deform_coarse] it  450/1000  loss=0.001513   chamfer=0.00063  edge=0.00033  normal=0.06861  laplacian=0.00317  offset=0.00005  sym=0.00001  mid=0.00000  limit=0.00001
    [Stage_2_deform_coarse] it  500/1000  loss=0.001504   chamfer=0.00063  edge=0.00033  normal=0.06902  laplacian=0.00316  offset=0.00004  sym=0.00001  mid=0.00000  limit=0.00001
    [Stage_2_deform_coarse] it  550/1000  loss=0.001492   chamfer=0.00062  edge=0.00033  normal=0.06948  laplacian=0.00318  offset=0.00004  sym=0.00001  mid=0.00000  limit=0.00001
    [Stage_2_deform_coarse] it  600/1000  loss=0.001479   chamfer=0.00061  edge=0.00033  normal=0.06928  laplacian=0.00317  offset=0.00004  sym=0.00001  mid=0.00000  limit=0.00001
    [Stage_2_deform_coarse] it  650/1000  loss=0.001465   chamfer=0.00061  edge=0.00033  normal=0.06968  laplacian=0.00317  offset=0.00004  sym=0.00001  mid=0.00000  limit=0.00001
    [Stage_2_deform_coarse] it  700/1000  loss=0.001437   chamfer=0.00059  edge=0.00032  normal=0.06851  laplacian=0.00313  offset=0.00004  sym=0.00001  mid=0.00000  limit=0.00000
    [Stage_2_deform_coarse] it  750/1000  loss=0.001433   chamfer=0.00059  edge=0.00032  normal=0.06860  laplacian=0.00312  offset=0.00004  sym=0.00001  mid=0.00000  limit=0.00000
    [Stage_2_deform_coarse] it  800/1000  loss=0.001413   chamfer=0.00059  edge=0.00032  normal=0.06826  laplacian=0.00309  offset=0.00004  sym=0.00001  mid=0.00000  limit=0.00001
    [Stage_2_deform_coarse] it  850/1000  loss=0.001394   chamfer=0.00058  edge=0.00032  normal=0.06830  laplacian=0.00306  offset=0.00004  sym=0.00001  mid=0.00000  limit=0.00000
    [Stage_2_deform_coarse] it  900/1000  loss=0.001362   chamfer=0.00057  edge=0.00032  normal=0.06731  laplacian=0.00302  offset=0.00003  sym=0.00001  mid=0.00000  limit=0.00000
    [Stage_2_deform_coarse] it  950/1000  loss=0.001334   chamfer=0.00056  edge=0.00031  normal=0.06626  laplacian=0.00298  offset=0.00003  sym=0.00001  mid=0.00000  limit=0.00000
    [Stage_2_deform_coarse] it  999/1000  loss=0.001308   chamfer=0.00055  edge=0.00031  normal=0.06590  laplacian=0.00294  offset=0.00003  sym=0.00001  mid=0.00000  limit=0.00000
    [Stage_3_deform_fine] it    0/1000  loss=0.000534   chamfer=0.00054  edge=0.00031  normal=0.06599  laplacian=0.00294  offset=0.00003  sym=0.00001  mid=0.00000  limit=0.00000
    [Stage_3_deform_fine] it   50/1000  loss=0.000481   chamfer=0.00051  edge=0.00032  normal=0.05276  laplacian=0.00289  offset=0.00003  sym=0.00000  mid=0.00000  limit=0.00000
    [Stage_3_deform_fine] it  100/1000  loss=0.000471   chamfer=0.00049  edge=0.00032  normal=0.05191  laplacian=0.00289  offset=0.00003  sym=0.00000  mid=0.00000  limit=0.00000
    [Stage_3_deform_fine] it  150/1000  loss=0.000465   chamfer=0.00048  edge=0.00032  normal=0.05179  laplacian=0.00290  offset=0.00003  sym=0.00000  mid=0.00000  limit=0.00000
    [Stage_3_deform_fine] it  200/1000  loss=0.000457   chamfer=0.00047  edge=0.00032  normal=0.05153  laplacian=0.00289  offset=0.00002  sym=0.00000  mid=0.00000  limit=0.00000
    [Stage_3_deform_fine] it  250/1000  loss=0.000450   chamfer=0.00047  edge=0.00032  normal=0.05150  laplacian=0.00289  offset=0.00002  sym=0.00000  mid=0.00000  limit=0.00000
    [Stage_3_deform_fine] it  300/1000  loss=0.000440   chamfer=0.00045  edge=0.00032  normal=0.05133  laplacian=0.00287  offset=0.00002  sym=0.00000  mid=0.00000  limit=0.00000
    [Stage_3_deform_fine] it  350/1000  loss=0.000435   chamfer=0.00045  edge=0.00032  normal=0.05116  laplacian=0.00285  offset=0.00002  sym=0.00000  mid=0.00000  limit=0.00000
    [Stage_3_deform_fine] it  400/1000  loss=0.000427   chamfer=0.00044  edge=0.00032  normal=0.05120  laplacian=0.00283  offset=0.00002  sym=0.00000  mid=0.00000  limit=0.00000
    [Stage_3_deform_fine] it  450/1000  loss=0.000418   chamfer=0.00043  edge=0.00031  normal=0.05096  laplacian=0.00280  offset=0.00002  sym=0.00000  mid=0.00000  limit=0.00000
    [Stage_3_deform_fine] it  500/1000  loss=0.000410   chamfer=0.00042  edge=0.00031  normal=0.05095  laplacian=0.00278  offset=0.00002  sym=0.00000  mid=0.00000  limit=0.00000
    [Stage_3_deform_fine] it  550/1000  loss=0.000400   chamfer=0.00040  edge=0.00031  normal=0.05073  laplacian=0.00276  offset=0.00002  sym=0.00000  mid=0.00000  limit=0.00000
    [Stage_3_deform_fine] it  600/1000  loss=0.000395   chamfer=0.00039  edge=0.00031  normal=0.05078  laplacian=0.00273  offset=0.00002  sym=0.00000  mid=0.00000  limit=0.00000
    [Stage_3_deform_fine] it  650/1000  loss=0.000384   chamfer=0.00038  edge=0.00030  normal=0.05054  laplacian=0.00270  offset=0.00001  sym=0.00000  mid=0.00000  limit=0.00000
    [Stage_3_deform_fine] it  700/1000  loss=0.000378   chamfer=0.00037  edge=0.00030  normal=0.05057  laplacian=0.00267  offset=0.00001  sym=0.00000  mid=0.00000  limit=0.00000
    [Stage_3_deform_fine] it  750/1000  loss=0.000371   chamfer=0.00036  edge=0.00030  normal=0.05041  laplacian=0.00265  offset=0.00001  sym=0.00000  mid=0.00000  limit=0.00000
    [Stage_3_deform_fine] it  800/1000  loss=0.000363   chamfer=0.00035  edge=0.00029  normal=0.05044  laplacian=0.00262  offset=0.00001  sym=0.00000  mid=0.00000  limit=0.00000
    [Stage_3_deform_fine] it  850/1000  loss=0.000353   chamfer=0.00033  edge=0.00029  normal=0.05012  laplacian=0.00258  offset=0.00001  sym=0.00000  mid=0.00000  limit=0.00000
    [Stage_3_deform_fine] it  900/1000  loss=0.000345   chamfer=0.00032  edge=0.00029  normal=0.04965  laplacian=0.00254  offset=0.00001  sym=0.00000  mid=0.00000  limit=0.00000
    [Stage_3_deform_fine] it  950/1000  loss=0.000336   chamfer=0.00031  edge=0.00028  normal=0.04945  laplacian=0.00251  offset=0.00001  sym=0.00000  mid=0.00000  limit=0.00000
    [Stage_3_deform_fine] it  999/1000  loss=0.000329   chamfer=0.00030  edge=0.00028  normal=0.04943  laplacian=0.00247  offset=0.00001  sym=0.00000  mid=0.00000  limit=0.00000
  eval 10/12
[moonshot] wrote diagnostics/moonshot/runs/SYN_clean_drop60_gncmedium_w5_seed1/metrics.csv

  ---- summary ----
    chamfer_l2                       0.001414
    fscore@0.01                      0.532009
    fscore@0.02                      0.797596
    hausdorff_95                     0.065967
    normal_consistency               0.788565
    edge_logratio_absmean            0.120565
    tri_quality_mean                 0.764915
    deform_mag_mean                  0.002225
    midline_dev_mean                 0.019839
    part_leg_distal_dist_mean        0.013143
    part_leg_dist_mean               0.009583
    part_body_dist_mean              0.012413
=== task 4 DONE ===
