[hier] 10 meshes
10 target meshes loaded.
[hier] anatomical groups (template vertices): {'body': 5526, 'l1_l': 753, 'l1_r': 756, 'l2_l': 669, 'l2_r': 669, 'l3_l': 931, 'l3_r': 931}
[hier] 7 groups: ['body', 'l1_l', 'l1_r', 'l2_l', 'l2_r', 'l3_l', 'l3_r']
[hier] body stage moves ['body'], leg stage moves 6 leg groups
/home/nao48500/miniforge3/envs/pytorch3d/lib/python3.10/site-packages/pytorch3d/ops/laplacian_matrices.py:51: UserWarning: torch.sparse.SparseTensor(indices, values, shape, *, device=) is deprecated.  Please use torch.sparse_coo_tensor(indices, values, shape, dtype=, device=). (Triggered internally at /opt/conda/conda-bld/pytorch_1716905971132/work/torch/csrc/utils/tensor_new.cpp:621.)
  A = torch.sparse.FloatTensor(idx, ones, (V, V))
    [H0_body]    0/900 loss=0.019459  chamfer=0.01945  edge=0.00000  lap=0.00142  sym=0.00000  limit=0.00000  mid=0.00000
    [H0_body]  100/900 loss=0.008473  chamfer=0.00644  edge=0.03464  lap=0.00160  sym=0.00015  limit=0.00000  mid=0.00011
    [H0_body]  200/900 loss=0.007948  chamfer=0.00581  edge=0.03647  lap=0.00158  sym=0.00014  limit=0.00000  mid=0.00012
    [H0_body]  300/900 loss=0.007864  chamfer=0.00572  edge=0.03673  lap=0.00157  sym=0.00014  limit=0.00000  mid=0.00012
    [H0_body]  400/900 loss=0.007824  chamfer=0.00566  edge=0.03711  lap=0.00157  sym=0.00014  limit=0.00000  mid=0.00012
    [H0_body]  500/900 loss=0.007775  chamfer=0.00561  edge=0.03717  lap=0.00157  sym=0.00014  limit=0.00000  mid=0.00012
    [H0_body]  600/900 loss=0.007798  chamfer=0.00563  edge=0.03729  lap=0.00157  sym=0.00014  limit=0.00000  mid=0.00011
    [H0_body]  700/900 loss=0.007752  chamfer=0.00558  edge=0.03727  lap=0.00157  sym=0.00014  limit=0.00000  mid=0.00011
    [H0_body]  800/900 loss=0.007756  chamfer=0.00559  edge=0.03726  lap=0.00157  sym=0.00014  limit=0.00000  mid=0.00011
    [H0_body]  899/900 loss=0.007761  chamfer=0.00560  edge=0.03724  lap=0.00157  sym=0.00014  limit=0.00000  mid=0.00011
    [H1_legs]    0/1200 loss=0.021342  chamfer=0.01918  edge=0.03724  lap=0.00157  sym=0.00014  limit=0.00000  mid=0.00011
    [H1_legs]  100/1200 loss=0.007431  chamfer=0.00563  edge=0.03178  lap=0.00157  sym=0.00011  limit=0.00001  mid=0.00007  churn=0.038
    [H1_legs]  200/1200 loss=0.006785  chamfer=0.00510  edge=0.02996  lap=0.00158  sym=0.00009  limit=0.00001  mid=0.00006  churn=0.021
    [H1_legs]  300/1200 loss=0.006651  chamfer=0.00504  edge=0.02885  lap=0.00158  sym=0.00009  limit=0.00001  mid=0.00006  churn=0.013
    [H1_legs]  400/1200 loss=0.006467  chamfer=0.00488  edge=0.02846  lap=0.00158  sym=0.00010  limit=0.00001  mid=0.00006  churn=0.009
    [H1_legs]  500/1200 loss=0.006344  chamfer=0.00475  edge=0.02844  lap=0.00158  sym=0.00010  limit=0.00001  mid=0.00006  churn=0.009
    [H1_legs]  600/1200 loss=0.006374  chamfer=0.00481  edge=0.02789  lap=0.00159  sym=0.00010  limit=0.00000  mid=0.00005  churn=0.008
    [H1_legs]  700/1200 loss=0.006238  chamfer=0.00467  edge=0.02805  lap=0.00159  sym=0.00009  limit=0.00001  mid=0.00005  churn=0.008
    [H1_legs]  800/1200 loss=0.006197  chamfer=0.00462  edge=0.02824  lap=0.00159  sym=0.00009  limit=0.00000  mid=0.00005  churn=0.007
    [H1_legs]  900/1200 loss=0.006124  chamfer=0.00456  edge=0.02797  lap=0.00159  sym=0.00009  limit=0.00000  mid=0.00005  churn=0.006
    [H1_legs] 1000/1200 loss=0.006132  chamfer=0.00456  edge=0.02815  lap=0.00159  sym=0.00009  limit=0.00000  mid=0.00005  churn=0.007
    [H1_legs] 1100/1200 loss=0.006157  chamfer=0.00459  edge=0.02822  lap=0.00159  sym=0.00009  limit=0.00000  mid=0.00005  churn=0.006
    [H1_legs] 1199/1200 loss=0.006172  chamfer=0.00460  edge=0.02824  lap=0.00159  sym=0.00009  limit=0.00000  mid=0.00005  churn=0.004
    [H1_legs] partition churn: first 0.069 last 0.004 mean 0.014   (falling churn => the data term is settling)
    [H2_joint]    0/900 loss=0.006128  chamfer=0.00456  edge=0.02824  lap=0.00159  sym=0.00009  limit=0.00000  mid=0.00005
    [H2_joint]  100/900 loss=0.006003  chamfer=0.00458  edge=0.02704  lap=0.00158  sym=0.00009  limit=0.00000  mid=0.00001  churn=0.011
    [H2_joint]  200/900 loss=0.005856  chamfer=0.00444  edge=0.02695  lap=0.00158  sym=0.00009  limit=0.00000  mid=0.00001  churn=0.009
    [H2_joint]  300/900 loss=0.005824  chamfer=0.00442  edge=0.02677  lap=0.00158  sym=0.00009  limit=0.00000  mid=0.00001  churn=0.009
    [H2_joint]  400/900 loss=0.005757  chamfer=0.00436  edge=0.02676  lap=0.00159  sym=0.00009  limit=0.00000  mid=0.00000  churn=0.008
    [H2_joint]  500/900 loss=0.005778  chamfer=0.00440  edge=0.02639  lap=0.00159  sym=0.00009  limit=0.00000  mid=0.00000  churn=0.007
    [H2_joint]  600/900 loss=0.005705  chamfer=0.00431  edge=0.02670  lap=0.00159  sym=0.00008  limit=0.00000  mid=0.00000  churn=0.008
    [H2_joint]  700/900 loss=0.005765  chamfer=0.00436  edge=0.02709  lap=0.00159  sym=0.00008  limit=0.00000  mid=0.00000  churn=0.007
    [H2_joint]  800/900 loss=0.005781  chamfer=0.00438  edge=0.02698  lap=0.00159  sym=0.00008  limit=0.00000  mid=0.00000  churn=0.006
    [H2_joint]  899/900 loss=0.005735  chamfer=0.00431  edge=0.02735  lap=0.00159  sym=0.00008  limit=0.00000  mid=0.00000  churn=0.005
    [H2_joint] partition churn: first 0.015 last 0.005 mean 0.009   (falling churn => the data term is settling)
    [H3_deform]    0/600 loss=0.005698  chamfer=0.00428  edge=0.02735  lap=0.00159  sym=0.00008  mid=0.00000  off=0.00000
    [H3_deform]  100/600 loss=0.004583  chamfer=0.00339  edge=0.01796  lap=0.00171  sym=0.00010  mid=0.00000  off=0.00001  churn=0.018
    [H3_deform]  200/600 loss=0.004494  chamfer=0.00324  edge=0.01851  lap=0.00172  sym=0.00009  mid=0.00000  off=0.00001  churn=0.012
    [H3_deform]  300/600 loss=0.004530  chamfer=0.00329  edge=0.01824  lap=0.00173  sym=0.00009  mid=0.00000  off=0.00001  churn=0.009
    [H3_deform]  400/600 loss=0.004474  chamfer=0.00320  edge=0.01882  lap=0.00173  sym=0.00009  mid=0.00000  off=0.00001  churn=0.008
    [H3_deform]  500/600 loss=0.004495  chamfer=0.00322  edge=0.01872  lap=0.00173  sym=0.00009  mid=0.00000  off=0.00001  churn=0.007
    [H3_deform]  599/600 loss=0.004448  chamfer=0.00318  edge=0.01871  lap=0.00172  sym=0.00009  mid=0.00000  off=0.00001  churn=0.007
    [H3_deform] partition churn: first 0.018 last 0.007 mean 0.010   (falling churn => the data term is settling)
[hier] done
