=== task 5: corpus=noisy label=w5 yaml=D1_low.yaml ===
Mon Aug 17 22:01:52 2026       
+-----------------------------------------------------------------------------------------+
| NVIDIA-SMI 580.178.04             Driver Version: 580.178.04     CUDA Version: 13.0     |
+-----------------------------------------+------------------------+----------------------+
| GPU  Name                 Persistence-M | Bus-Id          Disp.A | Volatile Uncorr. ECC |
| Fan  Temp   Perf          Pwr:Usage/Cap |           Memory-Usage | GPU-Util  Compute M. |
|                                         |                        |               MIG M. |
|=========================================+========================+======================|
|   0  NVIDIA H100                    On  |   00000000:1B:00.0 Off |                    0 |
| N/A   42C    P0             71W /  600W |       0MiB /  95830MiB |      0%      Default |
|                                         |                        |             Disabled |
+-----------------------------------------+------------------------+----------------------+

+-----------------------------------------------------------------------------------------+
| Processes:                                                                              |
|  GPU   GI   CI              PID   Type   Process name                        GPU Memory |
|        ID   ID                                                               Usage      |
|=========================================================================================|
|  No running processes found                                                             |
+-----------------------------------------------------------------------------------------+
=== hierarchical placement (full budget) ===
[hier] 12 meshes
12 target meshes loaded.
[hier] anatomical groups (template vertices): {'body': 5526, 'l1_l': 753, 'l1_r': 756, 'l2_l': 669, 'l2_r': 669, 'l3_l': 931, 'l3_r': 931}
[hier] 7 groups: ['body', 'l1_l', 'l1_r', 'l2_l', 'l2_r', 'l3_l', 'l3_r']
[hier] body stage moves ['body'], leg stage moves 6 leg groups
/home/nao48500/miniforge3/envs/pytorch3d/lib/python3.10/site-packages/pytorch3d/ops/laplacian_matrices.py:51: UserWarning: torch.sparse.SparseTensor(indices, values, shape, *, device=) is deprecated.  Please use torch.sparse_coo_tensor(indices, values, shape, dtype=, device=). (Triggered internally at /opt/conda/conda-bld/pytorch_1716905971132/work/torch/csrc/utils/tensor_new.cpp:621.)
  A = torch.sparse.FloatTensor(idx, ones, (V, V))
    [H0_body]    0/900 loss=0.010969  chamfer=0.01096  edge=0.00000  lap=0.00142  sym=0.00000  limit=0.00000  mid=0.00000
    [H0_body]  100/900 loss=0.005046  chamfer=0.00383  edge=0.01769  lap=0.00160  sym=0.00024  limit=0.00000  mid=0.00010
    [H0_body]  200/900 loss=0.004928  chamfer=0.00368  edge=0.01859  lap=0.00160  sym=0.00023  limit=0.00000  mid=0.00010
    [H0_body]  300/900 loss=0.004865  chamfer=0.00360  edge=0.01896  lap=0.00160  sym=0.00023  limit=0.00000  mid=0.00010
    [H0_body]  400/900 loss=0.004841  chamfer=0.00358  edge=0.01893  lap=0.00160  sym=0.00023  limit=0.00000  mid=0.00010
    [H0_body]  500/900 loss=0.004823  chamfer=0.00356  edge=0.01897  lap=0.00159  sym=0.00022  limit=0.00000  mid=0.00010
    [H0_body]  600/900 loss=0.004828  chamfer=0.00356  edge=0.01899  lap=0.00159  sym=0.00023  limit=0.00000  mid=0.00010
    [H0_body]  700/900 loss=0.004825  chamfer=0.00356  edge=0.01898  lap=0.00159  sym=0.00023  limit=0.00000  mid=0.00010
    [H0_body]  800/900 loss=0.004824  chamfer=0.00356  edge=0.01898  lap=0.00159  sym=0.00023  limit=0.00000  mid=0.00010
    [H0_body]  899/900 loss=0.004832  chamfer=0.00356  edge=0.01899  lap=0.00159  sym=0.00023  limit=0.00000  mid=0.00010
    [H1_legs]    0/1200 loss=0.010565  chamfer=0.00930  edge=0.01899  lap=0.00159  sym=0.00023  limit=0.00000  mid=0.00010
    [H1_legs]  100/1200 loss=0.002860  chamfer=0.00220  edge=0.01083  lap=0.00154  sym=0.00004  limit=0.00000  mid=0.00005  churn=0.028
    [H1_legs]  200/1200 loss=0.002505  chamfer=0.00194  edge=0.00890  lap=0.00154  sym=0.00003  limit=0.00001  mid=0.00005  churn=0.013
    [H1_legs]  300/1200 loss=0.002372  chamfer=0.00185  edge=0.00828  lap=0.00154  sym=0.00003  limit=0.00000  mid=0.00005  churn=0.008
    [H1_legs]  400/1200 loss=0.002328  chamfer=0.00182  edge=0.00785  lap=0.00154  sym=0.00002  limit=0.00000  mid=0.00005  churn=0.006
    [H1_legs]  500/1200 loss=0.002290  chamfer=0.00179  edge=0.00772  lap=0.00154  sym=0.00002  limit=0.00000  mid=0.00005  churn=0.006
    [H1_legs]  600/1200 loss=0.002283  chamfer=0.00180  edge=0.00755  lap=0.00154  sym=0.00002  limit=0.00000  mid=0.00005  churn=0.005
    [H1_legs]  700/1200 loss=0.002269  chamfer=0.00178  edge=0.00762  lap=0.00154  sym=0.00002  limit=0.00000  mid=0.00005  churn=0.005
    [H1_legs]  800/1200 loss=0.002261  chamfer=0.00177  edge=0.00764  lap=0.00154  sym=0.00002  limit=0.00000  mid=0.00005  churn=0.004
    [H1_legs]  900/1200 loss=0.002271  chamfer=0.00178  edge=0.00755  lap=0.00154  sym=0.00002  limit=0.00000  mid=0.00005  churn=0.003
    [H1_legs] 1000/1200 loss=0.002264  chamfer=0.00177  edge=0.00766  lap=0.00154  sym=0.00002  limit=0.00000  mid=0.00005  churn=0.005
    [H1_legs] 1100/1200 loss=0.002241  chamfer=0.00175  edge=0.00765  lap=0.00154  sym=0.00002  limit=0.00000  mid=0.00005  churn=0.004
    [H1_legs] 1199/1200 loss=0.002275  chamfer=0.00178  edge=0.00764  lap=0.00154  sym=0.00002  limit=0.00000  mid=0.00005  churn=0.003
    [H1_legs] partition churn: first 0.052 last 0.003 mean 0.009   (falling churn => the data term is settling)
    [H2_joint]    0/900 loss=0.002232  chamfer=0.00174  edge=0.00764  lap=0.00154  sym=0.00002  limit=0.00000  mid=0.00005
    [H2_joint]  100/900 loss=0.002090  chamfer=0.00172  edge=0.00689  lap=0.00153  sym=0.00002  limit=0.00000  mid=0.00000  churn=0.006
    [H2_joint]  200/900 loss=0.002111  chamfer=0.00174  edge=0.00685  lap=0.00153  sym=0.00002  limit=0.00000  mid=0.00000  churn=0.006
    [H2_joint]  300/900 loss=0.002051  chamfer=0.00169  edge=0.00674  lap=0.00153  sym=0.00002  limit=0.00000  mid=0.00000  churn=0.006
    [H2_joint]  400/900 loss=0.002118  chamfer=0.00176  edge=0.00672  lap=0.00153  sym=0.00002  limit=0.00000  mid=0.00000  churn=0.007
    [H2_joint]  500/900 loss=0.002104  chamfer=0.00174  edge=0.00674  lap=0.00153  sym=0.00002  limit=0.00000  mid=0.00000  churn=0.007
    [H2_joint]  600/900 loss=0.002109  chamfer=0.00175  edge=0.00679  lap=0.00153  sym=0.00002  limit=0.00000  mid=0.00000  churn=0.006
    [H2_joint]  700/900 loss=0.002068  chamfer=0.00169  edge=0.00698  lap=0.00153  sym=0.00002  limit=0.00000  mid=0.00000  churn=0.005
    [H2_joint]  800/900 loss=0.002097  chamfer=0.00173  edge=0.00691  lap=0.00153  sym=0.00002  limit=0.00000  mid=0.00000  churn=0.004
    [H2_joint]  899/900 loss=0.002105  chamfer=0.00173  edge=0.00690  lap=0.00153  sym=0.00002  limit=0.00000  mid=0.00000  churn=0.004
    [H2_joint] partition churn: first 0.010 last 0.004 mean 0.006   (falling churn => the data term is settling)
    [H3_deform]    0/600 loss=0.002105  chamfer=0.00173  edge=0.00690  lap=0.00153  sym=0.00002  mid=0.00000  off=0.00000
    [H3_deform]  100/600 loss=0.001712  chamfer=0.00139  edge=0.00401  lap=0.00166  sym=0.00003  mid=0.00000  off=0.00000  churn=0.013
    [H3_deform]  200/600 loss=0.001699  chamfer=0.00135  edge=0.00425  lap=0.00167  sym=0.00003  mid=0.00000  off=0.00000  churn=0.007
    [H3_deform]  300/600 loss=0.001710  chamfer=0.00136  edge=0.00428  lap=0.00167  sym=0.00002  mid=0.00000  off=0.00000  churn=0.006
    [H3_deform]  400/600 loss=0.001684  chamfer=0.00133  edge=0.00435  lap=0.00167  sym=0.00002  mid=0.00000  off=0.00000  churn=0.006
    [H3_deform]  500/600 loss=0.001691  chamfer=0.00134  edge=0.00429  lap=0.00168  sym=0.00002  mid=0.00000  off=0.00000  churn=0.005
    [H3_deform]  599/600 loss=0.001666  chamfer=0.00132  edge=0.00428  lap=0.00167  sym=0.00002  mid=0.00000  off=0.00000  churn=0.005
    [H3_deform] partition churn: first 0.013 last 0.005 mean 0.007   (falling churn => the data term is settling)
[hier] done
=== moonshot handoff, yaml=D1_low.yaml (full budget) ===
[moonshot] 12 meshes from /rwthfs/rz/cluster/home/nao48500/SMILify/diagnostics/moonshot/synth_noisy
12 target meshes loaded.
[moonshot] initialised pose/shape from diagnostics/offset_sweep_evidence/runs/hier_SYN_noisy_w5/H2_joint.npz
[moonshot] running 2 stages
    [Stage_2_deform_coarse] it    0/1000  loss=0.003428   chamfer=0.00293  edge=0.00021  normal=0.05876  laplacian=0.00153  offset=0.00000  sym=0.00002  mid=0.00000  limit=0.00000
    [Stage_2_deform_coarse] it   50/1000  loss=0.001855   chamfer=0.00093  edge=0.00027  normal=0.06365  laplacian=0.00283  offset=0.00007  sym=0.00002  mid=0.00000  limit=0.00039
    [Stage_2_deform_coarse] it  100/1000  loss=0.001641   chamfer=0.00078  edge=0.00028  normal=0.06191  laplacian=0.00278  offset=0.00006  sym=0.00002  mid=0.00000  limit=0.00030
    [Stage_2_deform_coarse] it  150/1000  loss=0.001560   chamfer=0.00071  edge=0.00029  normal=0.06343  laplacian=0.00283  offset=0.00005  sym=0.00002  mid=0.00000  limit=0.00028
    [Stage_2_deform_coarse] it  200/1000  loss=0.001523   chamfer=0.00067  edge=0.00029  normal=0.06534  laplacian=0.00290  offset=0.00005  sym=0.00001  mid=0.00000  limit=0.00027
    [Stage_2_deform_coarse] it  250/1000  loss=0.001504   chamfer=0.00065  edge=0.00029  normal=0.06653  laplacian=0.00293  offset=0.00005  sym=0.00001  mid=0.00000  limit=0.00025
    [Stage_2_deform_coarse] it  300/1000  loss=0.001483   chamfer=0.00063  edge=0.00030  normal=0.06721  laplacian=0.00296  offset=0.00005  sym=0.00001  mid=0.00000  limit=0.00024
    [Stage_2_deform_coarse] it  350/1000  loss=0.001485   chamfer=0.00063  edge=0.00030  normal=0.06785  laplacian=0.00299  offset=0.00005  sym=0.00001  mid=0.00000  limit=0.00025
    [Stage_2_deform_coarse] it  400/1000  loss=0.001460   chamfer=0.00060  edge=0.00030  normal=0.06865  laplacian=0.00302  offset=0.00005  sym=0.00001  mid=0.00000  limit=0.00028
    [Stage_2_deform_coarse] it  450/1000  loss=0.001453   chamfer=0.00059  edge=0.00030  normal=0.06820  laplacian=0.00303  offset=0.00005  sym=0.00001  mid=0.00000  limit=0.00027
    [Stage_2_deform_coarse] it  500/1000  loss=0.001451   chamfer=0.00059  edge=0.00030  normal=0.06899  laplacian=0.00303  offset=0.00005  sym=0.00001  mid=0.00000  limit=0.00027
    [Stage_2_deform_coarse] it  550/1000  loss=0.001452   chamfer=0.00059  edge=0.00031  normal=0.06919  laplacian=0.00307  offset=0.00005  sym=0.00001  mid=0.00000  limit=0.00028
    [Stage_2_deform_coarse] it  600/1000  loss=0.001435   chamfer=0.00058  edge=0.00030  normal=0.06844  laplacian=0.00303  offset=0.00005  sym=0.00001  mid=0.00000  limit=0.00028
    [Stage_2_deform_coarse] it  650/1000  loss=0.001436   chamfer=0.00058  edge=0.00031  normal=0.06838  laplacian=0.00303  offset=0.00004  sym=0.00001  mid=0.00000  limit=0.00027
    [Stage_2_deform_coarse] it  700/1000  loss=0.001425   chamfer=0.00057  edge=0.00031  normal=0.06874  laplacian=0.00306  offset=0.00004  sym=0.00001  mid=0.00000  limit=0.00027
    [Stage_2_deform_coarse] it  750/1000  loss=0.001430   chamfer=0.00057  edge=0.00031  normal=0.06956  laplacian=0.00307  offset=0.00004  sym=0.00001  mid=0.00000  limit=0.00027
    [Stage_2_deform_coarse] it  800/1000  loss=0.001449   chamfer=0.00058  edge=0.00031  normal=0.07013  laplacian=0.00310  offset=0.00005  sym=0.00001  mid=0.00000  limit=0.00028
    [Stage_2_deform_coarse] it  850/1000  loss=0.001431   chamfer=0.00057  edge=0.00031  normal=0.06950  laplacian=0.00309  offset=0.00004  sym=0.00001  mid=0.00000  limit=0.00028
    [Stage_2_deform_coarse] it  900/1000  loss=0.001442   chamfer=0.00057  edge=0.00031  normal=0.07059  laplacian=0.00311  offset=0.00005  sym=0.00001  mid=0.00000  limit=0.00027
    [Stage_2_deform_coarse] it  950/1000  loss=0.001444   chamfer=0.00057  edge=0.00031  normal=0.07098  laplacian=0.00312  offset=0.00005  sym=0.00001  mid=0.00000  limit=0.00027
    [Stage_2_deform_coarse] it  999/1000  loss=0.001422   chamfer=0.00056  edge=0.00031  normal=0.07013  laplacian=0.00310  offset=0.00004  sym=0.00001  mid=0.00000  limit=0.00027
    [Stage_3_deform_fine] it    0/1000  loss=0.000588   chamfer=0.00056  edge=0.00031  normal=0.07023  laplacian=0.00311  offset=0.00004  sym=0.00001  mid=0.00000  limit=0.00027
    [Stage_3_deform_fine] it   50/1000  loss=0.000532   chamfer=0.00053  edge=0.00032  normal=0.05423  laplacian=0.00299  offset=0.00004  sym=0.00000  mid=0.00000  limit=0.00020
    [Stage_3_deform_fine] it  100/1000  loss=0.000522   chamfer=0.00051  edge=0.00032  normal=0.05347  laplacian=0.00300  offset=0.00004  sym=0.00000  mid=0.00000  limit=0.00016
    [Stage_3_deform_fine] it  150/1000  loss=0.000529   chamfer=0.00053  edge=0.00032  normal=0.05345  laplacian=0.00302  offset=0.00004  sym=0.00000  mid=0.00000  limit=0.00016
    [Stage_3_deform_fine] it  200/1000  loss=0.000527   chamfer=0.00052  edge=0.00033  normal=0.05373  laplacian=0.00303  offset=0.00004  sym=0.00000  mid=0.00000  limit=0.00015
    [Stage_3_deform_fine] it  250/1000  loss=0.000525   chamfer=0.00052  edge=0.00033  normal=0.05393  laplacian=0.00305  offset=0.00004  sym=0.00000  mid=0.00000  limit=0.00015
    [Stage_3_deform_fine] it  300/1000  loss=0.000523   chamfer=0.00051  edge=0.00033  normal=0.05377  laplacian=0.00306  offset=0.00004  sym=0.00000  mid=0.00000  limit=0.00014
    [Stage_3_deform_fine] it  350/1000  loss=0.000522   chamfer=0.00051  edge=0.00033  normal=0.05388  laplacian=0.00307  offset=0.00004  sym=0.00000  mid=0.00000  limit=0.00014
    [Stage_3_deform_fine] it  400/1000  loss=0.000525   chamfer=0.00052  edge=0.00033  normal=0.05402  laplacian=0.00307  offset=0.00004  sym=0.00000  mid=0.00000  limit=0.00014
    [Stage_3_deform_fine] it  450/1000  loss=0.000523   chamfer=0.00051  edge=0.00033  normal=0.05418  laplacian=0.00308  offset=0.00004  sym=0.00000  mid=0.00000  limit=0.00014
    [Stage_3_deform_fine] it  500/1000  loss=0.000523   chamfer=0.00051  edge=0.00033  normal=0.05413  laplacian=0.00309  offset=0.00004  sym=0.00000  mid=0.00000  limit=0.00013
    [Stage_3_deform_fine] it  550/1000  loss=0.000522   chamfer=0.00051  edge=0.00033  normal=0.05396  laplacian=0.00309  offset=0.00004  sym=0.00000  mid=0.00000  limit=0.00013
    [Stage_3_deform_fine] it  600/1000  loss=0.000525   chamfer=0.00051  edge=0.00033  normal=0.05427  laplacian=0.00310  offset=0.00004  sym=0.00000  mid=0.00000  limit=0.00013
    [Stage_3_deform_fine] it  650/1000  loss=0.000522   chamfer=0.00051  edge=0.00033  normal=0.05424  laplacian=0.00310  offset=0.00004  sym=0.00000  mid=0.00000  limit=0.00013
    [Stage_3_deform_fine] it  700/1000  loss=0.000517   chamfer=0.00050  edge=0.00033  normal=0.05433  laplacian=0.00311  offset=0.00004  sym=0.00000  mid=0.00000  limit=0.00013
    [Stage_3_deform_fine] it  750/1000  loss=0.000522   chamfer=0.00051  edge=0.00033  normal=0.05442  laplacian=0.00311  offset=0.00004  sym=0.00000  mid=0.00000  limit=0.00012
    [Stage_3_deform_fine] it  800/1000  loss=0.000526   chamfer=0.00052  edge=0.00033  normal=0.05425  laplacian=0.00311  offset=0.00004  sym=0.00000  mid=0.00000  limit=0.00012
    [Stage_3_deform_fine] it  850/1000  loss=0.000523   chamfer=0.00051  edge=0.00033  normal=0.05443  laplacian=0.00312  offset=0.00004  sym=0.00000  mid=0.00000  limit=0.00012
    [Stage_3_deform_fine] it  900/1000  loss=0.000522   chamfer=0.00051  edge=0.00033  normal=0.05436  laplacian=0.00312  offset=0.00004  sym=0.00000  mid=0.00000  limit=0.00011
    [Stage_3_deform_fine] it  950/1000  loss=0.000521   chamfer=0.00050  edge=0.00033  normal=0.05479  laplacian=0.00313  offset=0.00004  sym=0.00000  mid=0.00000  limit=0.00011
    [Stage_3_deform_fine] it  999/1000  loss=0.000521   chamfer=0.00050  edge=0.00033  normal=0.05473  laplacian=0.00313  offset=0.00004  sym=0.00000  mid=0.00000  limit=0.00011
  eval 10/12
[moonshot] wrote diagnostics/moonshot/runs/SYN_noisy_w5/metrics.csv

  ---- summary ----
    chamfer_l2                       0.000286
    fscore@0.01                      0.663308
    fscore@0.02                      0.930874
    hausdorff_95                     0.024233
    normal_consistency               0.719693
    edge_logratio_absmean            0.165702
    tri_quality_mean                 0.740339
    deform_mag_mean                  0.003860
    midline_dev_mean                 0.018125
    part_leg_distal_dist_mean        0.008019
    part_leg_dist_mean               0.007626
    part_body_dist_mean              0.008482
=== task 5 DONE ===
