=== task 1: corpus=clean label=w5 yaml=D1_low.yaml ===
Mon Aug 17 21:47:19 2026       
+-----------------------------------------------------------------------------------------+
| NVIDIA-SMI 580.178.04             Driver Version: 580.178.04     CUDA Version: 13.0     |
+-----------------------------------------+------------------------+----------------------+
| GPU  Name                 Persistence-M | Bus-Id          Disp.A | Volatile Uncorr. ECC |
| Fan  Temp   Perf          Pwr:Usage/Cap |           Memory-Usage | GPU-Util  Compute M. |
|                                         |                        |               MIG M. |
|=========================================+========================+======================|
|   0  NVIDIA H100                    On  |   00000000:9D:00.0 Off |                    0 |
| N/A   42C    P0             73W /  600W |       0MiB /  95830MiB |      0%      Default |
|                                         |                        |             Disabled |
+-----------------------------------------+------------------------+----------------------+

+-----------------------------------------------------------------------------------------+
| Processes:                                                                              |
|  GPU   GI   CI              PID   Type   Process name                        GPU Memory |
|        ID   ID                                                               Usage      |
|=========================================================================================|
|  No running processes found                                                             |
+-----------------------------------------------------------------------------------------+
=== hierarchical placement (full budget) ===
[hier] 12 meshes
12 target meshes loaded.
[hier] anatomical groups (template vertices): {'body': 5526, 'l1_l': 753, 'l1_r': 756, 'l2_l': 669, 'l2_r': 669, 'l3_l': 931, 'l3_r': 931}
[hier] 7 groups: ['body', 'l1_l', 'l1_r', 'l2_l', 'l2_r', 'l3_l', 'l3_r']
[hier] body stage moves ['body'], leg stage moves 6 leg groups
/home/nao48500/miniforge3/envs/pytorch3d/lib/python3.10/site-packages/pytorch3d/ops/laplacian_matrices.py:51: UserWarning: torch.sparse.SparseTensor(indices, values, shape, *, device=) is deprecated.  Please use torch.sparse_coo_tensor(indices, values, shape, dtype=, device=). (Triggered internally at /opt/conda/conda-bld/pytorch_1716905971132/work/torch/csrc/utils/tensor_new.cpp:621.)
  A = torch.sparse.FloatTensor(idx, ones, (V, V))
    [H0_body]    0/900 loss=0.010913  chamfer=0.01091  edge=0.00000  lap=0.00142  sym=0.00000  limit=0.00000  mid=0.00000
    [H0_body]  100/900 loss=0.004961  chamfer=0.00376  edge=0.01770  lap=0.00160  sym=0.00022  limit=0.00000  mid=0.00010
    [H0_body]  200/900 loss=0.004850  chamfer=0.00362  edge=0.01821  lap=0.00160  sym=0.00023  limit=0.00000  mid=0.00010
    [H0_body]  300/900 loss=0.004808  chamfer=0.00358  edge=0.01821  lap=0.00160  sym=0.00022  limit=0.00000  mid=0.00010
    [H0_body]  400/900 loss=0.004795  chamfer=0.00356  edge=0.01835  lap=0.00160  sym=0.00023  limit=0.00000  mid=0.00010
    [H0_body]  500/900 loss=0.004794  chamfer=0.00356  edge=0.01831  lap=0.00160  sym=0.00022  limit=0.00000  mid=0.00010
    [H0_body]  600/900 loss=0.004777  chamfer=0.00355  edge=0.01831  lap=0.00160  sym=0.00022  limit=0.00000  mid=0.00010
    [H0_body]  700/900 loss=0.004776  chamfer=0.00354  edge=0.01829  lap=0.00160  sym=0.00022  limit=0.00000  mid=0.00010
    [H0_body]  800/900 loss=0.004762  chamfer=0.00353  edge=0.01828  lap=0.00160  sym=0.00022  limit=0.00000  mid=0.00010
    [H0_body]  899/900 loss=0.004779  chamfer=0.00355  edge=0.01829  lap=0.00160  sym=0.00022  limit=0.00000  mid=0.00010
    [H1_legs]    0/1200 loss=0.011349  chamfer=0.01012  edge=0.01829  lap=0.00160  sym=0.00022  limit=0.00000  mid=0.00010
    [H1_legs]  100/1200 loss=0.002853  chamfer=0.00222  edge=0.01023  lap=0.00154  sym=0.00004  limit=0.00001  mid=0.00005  churn=0.028
    [H1_legs]  200/1200 loss=0.002517  chamfer=0.00196  edge=0.00894  lap=0.00154  sym=0.00003  limit=0.00000  mid=0.00005  churn=0.011
    [H1_legs]  300/1200 loss=0.002383  chamfer=0.00185  edge=0.00838  lap=0.00154  sym=0.00003  limit=0.00000  mid=0.00004  churn=0.007
    [H1_legs]  400/1200 loss=0.002359  chamfer=0.00185  edge=0.00798  lap=0.00154  sym=0.00002  limit=0.00000  mid=0.00004  churn=0.006
    [H1_legs]  500/1200 loss=0.002343  chamfer=0.00184  edge=0.00785  lap=0.00154  sym=0.00002  limit=0.00000  mid=0.00004  churn=0.006
    [H1_legs]  600/1200 loss=0.002279  chamfer=0.00179  edge=0.00766  lap=0.00154  sym=0.00002  limit=0.00000  mid=0.00004  churn=0.006
    [H1_legs]  700/1200 loss=0.002275  chamfer=0.00178  edge=0.00771  lap=0.00154  sym=0.00002  limit=0.00000  mid=0.00004  churn=0.005
    [H1_legs]  800/1200 loss=0.002294  chamfer=0.00180  edge=0.00770  lap=0.00154  sym=0.00002  limit=0.00000  mid=0.00004  churn=0.005
    [H1_legs]  900/1200 loss=0.002297  chamfer=0.00181  edge=0.00766  lap=0.00154  sym=0.00002  limit=0.00000  mid=0.00004  churn=0.004
    [H1_legs] 1000/1200 loss=0.002267  chamfer=0.00177  edge=0.00772  lap=0.00154  sym=0.00002  limit=0.00000  mid=0.00004  churn=0.004
    [H1_legs] 1100/1200 loss=0.002270  chamfer=0.00178  edge=0.00770  lap=0.00154  sym=0.00002  limit=0.00000  mid=0.00004  churn=0.003
    [H1_legs] 1199/1200 loss=0.002302  chamfer=0.00181  edge=0.00771  lap=0.00154  sym=0.00002  limit=0.00000  mid=0.00004  churn=0.003
    [H1_legs] partition churn: first 0.050 last 0.003 mean 0.009   (falling churn => the data term is settling)
    [H2_joint]    0/900 loss=0.002296  chamfer=0.00180  edge=0.00771  lap=0.00154  sym=0.00002  limit=0.00000  mid=0.00004
    [H2_joint]  100/900 loss=0.002125  chamfer=0.00175  edge=0.00707  lap=0.00153  sym=0.00002  limit=0.00000  mid=0.00000  churn=0.007
    [H2_joint]  200/900 loss=0.002141  chamfer=0.00178  edge=0.00682  lap=0.00153  sym=0.00002  limit=0.00000  mid=0.00000  churn=0.006
    [H2_joint]  300/900 loss=0.002101  chamfer=0.00174  edge=0.00683  lap=0.00153  sym=0.00002  limit=0.00000  mid=0.00000  churn=0.006
    [H2_joint]  400/900 loss=0.002166  chamfer=0.00180  edge=0.00676  lap=0.00153  sym=0.00002  limit=0.00000  mid=0.00000  churn=0.005
    [H2_joint]  500/900 loss=0.002131  chamfer=0.00177  edge=0.00683  lap=0.00153  sym=0.00002  limit=0.00000  mid=0.00000  churn=0.006
    [H2_joint]  600/900 loss=0.002142  chamfer=0.00178  edge=0.00678  lap=0.00153  sym=0.00002  limit=0.00000  mid=0.00000  churn=0.006
    [H2_joint]  700/900 loss=0.002130  chamfer=0.00176  edge=0.00691  lap=0.00153  sym=0.00002  limit=0.00000  mid=0.00000  churn=0.004
    [H2_joint]  800/900 loss=0.002140  chamfer=0.00177  edge=0.00695  lap=0.00153  sym=0.00002  limit=0.00000  mid=0.00000  churn=0.003
    [H2_joint]  899/900 loss=0.002141  chamfer=0.00177  edge=0.00690  lap=0.00153  sym=0.00002  limit=0.00000  mid=0.00000  churn=0.004
    [H2_joint] partition churn: first 0.009 last 0.004 mean 0.006   (falling churn => the data term is settling)
    [H3_deform]    0/600 loss=0.002137  chamfer=0.00177  edge=0.00690  lap=0.00153  sym=0.00002  mid=0.00000  off=0.00000
    [H3_deform]  100/600 loss=0.001741  chamfer=0.00140  edge=0.00421  lap=0.00166  sym=0.00003  mid=0.00000  off=0.00000  churn=0.014
    [H3_deform]  200/600 loss=0.001728  chamfer=0.00138  edge=0.00429  lap=0.00167  sym=0.00003  mid=0.00000  off=0.00000  churn=0.008
    [H3_deform]  300/600 loss=0.001720  chamfer=0.00137  edge=0.00437  lap=0.00167  sym=0.00003  mid=0.00000  off=0.00000  churn=0.008
    [H3_deform]  400/600 loss=0.001709  chamfer=0.00135  edge=0.00439  lap=0.00168  sym=0.00003  mid=0.00000  off=0.00000  churn=0.007
    [H3_deform]  500/600 loss=0.001698  chamfer=0.00134  edge=0.00440  lap=0.00168  sym=0.00002  mid=0.00000  off=0.00000  churn=0.005
    [H3_deform]  599/600 loss=0.001673  chamfer=0.00132  edge=0.00438  lap=0.00167  sym=0.00002  mid=0.00000  off=0.00000  churn=0.005
    [H3_deform] partition churn: first 0.014 last 0.005 mean 0.008   (falling churn => the data term is settling)
[hier] done
=== moonshot handoff, yaml=D1_low.yaml (full budget) ===
[moonshot] 12 meshes from /rwthfs/rz/cluster/home/nao48500/SMILify/diagnostics/moonshot/synth_clean
12 target meshes loaded.
[moonshot] initialised pose/shape from diagnostics/offset_sweep_evidence/runs/hier_SYN_clean_w5/H2_joint.npz
[moonshot] running 2 stages
    [Stage_2_deform_coarse] it    0/1000  loss=0.003469   chamfer=0.00298  edge=0.00021  normal=0.05893  laplacian=0.00153  offset=0.00000  sym=0.00002  mid=0.00000  limit=0.00000
    [Stage_2_deform_coarse] it   50/1000  loss=0.001792   chamfer=0.00087  edge=0.00027  normal=0.06346  laplacian=0.00282  offset=0.00007  sym=0.00002  mid=0.00000  limit=0.00041
    [Stage_2_deform_coarse] it  100/1000  loss=0.001611   chamfer=0.00075  edge=0.00028  normal=0.06219  laplacian=0.00278  offset=0.00006  sym=0.00002  mid=0.00000  limit=0.00034
    [Stage_2_deform_coarse] it  150/1000  loss=0.001523   chamfer=0.00067  edge=0.00028  normal=0.06345  laplacian=0.00282  offset=0.00005  sym=0.00002  mid=0.00000  limit=0.00031
    [Stage_2_deform_coarse] it  200/1000  loss=0.001483   chamfer=0.00063  edge=0.00029  normal=0.06496  laplacian=0.00288  offset=0.00005  sym=0.00001  mid=0.00000  limit=0.00027
    [Stage_2_deform_coarse] it  250/1000  loss=0.001467   chamfer=0.00062  edge=0.00029  normal=0.06572  laplacian=0.00292  offset=0.00005  sym=0.00001  mid=0.00000  limit=0.00025
    [Stage_2_deform_coarse] it  300/1000  loss=0.001450   chamfer=0.00060  edge=0.00030  normal=0.06618  laplacian=0.00295  offset=0.00005  sym=0.00001  mid=0.00000  limit=0.00025
    [Stage_2_deform_coarse] it  350/1000  loss=0.001446   chamfer=0.00059  edge=0.00030  normal=0.06816  laplacian=0.00300  offset=0.00005  sym=0.00001  mid=0.00000  limit=0.00023
    [Stage_2_deform_coarse] it  400/1000  loss=0.001437   chamfer=0.00058  edge=0.00030  normal=0.06895  laplacian=0.00303  offset=0.00005  sym=0.00001  mid=0.00000  limit=0.00024
    [Stage_2_deform_coarse] it  450/1000  loss=0.001415   chamfer=0.00056  edge=0.00030  normal=0.06886  laplacian=0.00304  offset=0.00005  sym=0.00001  mid=0.00000  limit=0.00026
    [Stage_2_deform_coarse] it  500/1000  loss=0.001413   chamfer=0.00055  edge=0.00030  normal=0.06952  laplacian=0.00303  offset=0.00005  sym=0.00001  mid=0.00000  limit=0.00025
    [Stage_2_deform_coarse] it  550/1000  loss=0.001424   chamfer=0.00056  edge=0.00031  normal=0.06993  laplacian=0.00306  offset=0.00005  sym=0.00001  mid=0.00000  limit=0.00026
    [Stage_2_deform_coarse] it  600/1000  loss=0.001408   chamfer=0.00054  edge=0.00031  normal=0.07016  laplacian=0.00307  offset=0.00005  sym=0.00001  mid=0.00000  limit=0.00026
    [Stage_2_deform_coarse] it  650/1000  loss=0.001412   chamfer=0.00055  edge=0.00031  normal=0.07051  laplacian=0.00309  offset=0.00005  sym=0.00001  mid=0.00000  limit=0.00026
    [Stage_2_deform_coarse] it  700/1000  loss=0.001400   chamfer=0.00054  edge=0.00031  normal=0.07015  laplacian=0.00309  offset=0.00004  sym=0.00001  mid=0.00000  limit=0.00026
    [Stage_2_deform_coarse] it  750/1000  loss=0.001410   chamfer=0.00055  edge=0.00031  normal=0.07013  laplacian=0.00310  offset=0.00004  sym=0.00001  mid=0.00000  limit=0.00026
    [Stage_2_deform_coarse] it  800/1000  loss=0.001396   chamfer=0.00054  edge=0.00031  normal=0.06931  laplacian=0.00308  offset=0.00004  sym=0.00001  mid=0.00000  limit=0.00027
    [Stage_2_deform_coarse] it  850/1000  loss=0.001396   chamfer=0.00053  edge=0.00031  normal=0.07022  laplacian=0.00310  offset=0.00004  sym=0.00001  mid=0.00000  limit=0.00027
    [Stage_2_deform_coarse] it  900/1000  loss=0.001390   chamfer=0.00053  edge=0.00031  normal=0.06985  laplacian=0.00309  offset=0.00004  sym=0.00001  mid=0.00000  limit=0.00028
    [Stage_2_deform_coarse] it  950/1000  loss=0.001392   chamfer=0.00053  edge=0.00031  normal=0.07040  laplacian=0.00311  offset=0.00004  sym=0.00001  mid=0.00000  limit=0.00028
    [Stage_2_deform_coarse] it  999/1000  loss=0.001377   chamfer=0.00052  edge=0.00031  normal=0.07009  laplacian=0.00310  offset=0.00004  sym=0.00001  mid=0.00000  limit=0.00028
    [Stage_3_deform_fine] it    0/1000  loss=0.000571   chamfer=0.00053  edge=0.00031  normal=0.07013  laplacian=0.00310  offset=0.00004  sym=0.00001  mid=0.00000  limit=0.00028
    [Stage_3_deform_fine] it   50/1000  loss=0.000505   chamfer=0.00049  edge=0.00032  normal=0.05424  laplacian=0.00300  offset=0.00004  sym=0.00000  mid=0.00000  limit=0.00021
    [Stage_3_deform_fine] it  100/1000  loss=0.000502   chamfer=0.00048  edge=0.00032  normal=0.05345  laplacian=0.00300  offset=0.00004  sym=0.00000  mid=0.00000  limit=0.00017
    [Stage_3_deform_fine] it  150/1000  loss=0.000504   chamfer=0.00049  edge=0.00032  normal=0.05340  laplacian=0.00302  offset=0.00004  sym=0.00000  mid=0.00000  limit=0.00017
    [Stage_3_deform_fine] it  200/1000  loss=0.000503   chamfer=0.00048  edge=0.00033  normal=0.05334  laplacian=0.00304  offset=0.00004  sym=0.00000  mid=0.00000  limit=0.00016
    [Stage_3_deform_fine] it  250/1000  loss=0.000502   chamfer=0.00048  edge=0.00033  normal=0.05356  laplacian=0.00306  offset=0.00004  sym=0.00000  mid=0.00000  limit=0.00016
    [Stage_3_deform_fine] it  300/1000  loss=0.000500   chamfer=0.00048  edge=0.00033  normal=0.05368  laplacian=0.00306  offset=0.00004  sym=0.00000  mid=0.00000  limit=0.00015
    [Stage_3_deform_fine] it  350/1000  loss=0.000499   chamfer=0.00047  edge=0.00033  normal=0.05374  laplacian=0.00307  offset=0.00004  sym=0.00000  mid=0.00000  limit=0.00015
    [Stage_3_deform_fine] it  400/1000  loss=0.000501   chamfer=0.00048  edge=0.00033  normal=0.05389  laplacian=0.00308  offset=0.00004  sym=0.00000  mid=0.00000  limit=0.00014
    [Stage_3_deform_fine] it  450/1000  loss=0.000503   chamfer=0.00048  edge=0.00033  normal=0.05398  laplacian=0.00309  offset=0.00004  sym=0.00000  mid=0.00000  limit=0.00014
    [Stage_3_deform_fine] it  500/1000  loss=0.000501   chamfer=0.00047  edge=0.00033  normal=0.05402  laplacian=0.00310  offset=0.00004  sym=0.00000  mid=0.00000  limit=0.00014
    [Stage_3_deform_fine] it  550/1000  loss=0.000496   chamfer=0.00046  edge=0.00033  normal=0.05411  laplacian=0.00311  offset=0.00004  sym=0.00000  mid=0.00000  limit=0.00014
    [Stage_3_deform_fine] it  600/1000  loss=0.000498   chamfer=0.00047  edge=0.00033  normal=0.05403  laplacian=0.00311  offset=0.00004  sym=0.00000  mid=0.00000  limit=0.00013
    [Stage_3_deform_fine] it  650/1000  loss=0.000497   chamfer=0.00047  edge=0.00033  normal=0.05407  laplacian=0.00311  offset=0.00004  sym=0.00000  mid=0.00000  limit=0.00013
    [Stage_3_deform_fine] it  700/1000  loss=0.000497   chamfer=0.00047  edge=0.00033  normal=0.05409  laplacian=0.00312  offset=0.00004  sym=0.00000  mid=0.00000  limit=0.00013
    [Stage_3_deform_fine] it  750/1000  loss=0.000498   chamfer=0.00047  edge=0.00033  normal=0.05435  laplacian=0.00312  offset=0.00004  sym=0.00000  mid=0.00000  limit=0.00012
    [Stage_3_deform_fine] it  800/1000  loss=0.000494   chamfer=0.00046  edge=0.00033  normal=0.05415  laplacian=0.00312  offset=0.00004  sym=0.00000  mid=0.00000  limit=0.00012
    [Stage_3_deform_fine] it  850/1000  loss=0.000497   chamfer=0.00047  edge=0.00033  normal=0.05404  laplacian=0.00312  offset=0.00004  sym=0.00000  mid=0.00000  limit=0.00011
    [Stage_3_deform_fine] it  900/1000  loss=0.000496   chamfer=0.00046  edge=0.00033  normal=0.05437  laplacian=0.00313  offset=0.00004  sym=0.00000  mid=0.00000  limit=0.00011
    [Stage_3_deform_fine] it  950/1000  loss=0.000498   chamfer=0.00047  edge=0.00033  normal=0.05483  laplacian=0.00313  offset=0.00004  sym=0.00000  mid=0.00000  limit=0.00011
    [Stage_3_deform_fine] it  999/1000  loss=0.000494   chamfer=0.00046  edge=0.00033  normal=0.05448  laplacian=0.00313  offset=0.00004  sym=0.00000  mid=0.00000  limit=0.00011
  eval 10/12
[moonshot] wrote diagnostics/moonshot/runs/SYN_clean_w5/metrics.csv

  ---- summary ----
    chamfer_l2                       0.000264
    fscore@0.01                      0.695079
    fscore@0.02                      0.937121
    hausdorff_95                     0.022949
    normal_consistency               0.814885
    edge_logratio_absmean            0.164967
    tri_quality_mean                 0.738465
    deform_mag_mean                  0.003872
    midline_dev_mean                 0.018392
    part_leg_distal_dist_mean        0.009092
    part_leg_dist_mean               0.007966
    part_body_dist_mean              0.008507
=== task 1 DONE ===
