=== task 0: corpus=clean label=w2_5 yaml=D1_offset_half.yaml ===
Mon Aug 17 21:46:13 2026       
+-----------------------------------------------------------------------------------------+
| NVIDIA-SMI 580.178.04             Driver Version: 580.178.04     CUDA Version: 13.0     |
+-----------------------------------------+------------------------+----------------------+
| GPU  Name                 Persistence-M | Bus-Id          Disp.A | Volatile Uncorr. ECC |
| Fan  Temp   Perf          Pwr:Usage/Cap |           Memory-Usage | GPU-Util  Compute M. |
|                                         |                        |               MIG M. |
|=========================================+========================+======================|
|   0  NVIDIA H100                    On  |   00000000:9D:00.0 Off |                    0 |
| N/A   42C    P0             71W /  600W |       0MiB /  95830MiB |      0%      Default |
|                                         |                        |             Disabled |
+-----------------------------------------+------------------------+----------------------+

+-----------------------------------------------------------------------------------------+
| Processes:                                                                              |
|  GPU   GI   CI              PID   Type   Process name                        GPU Memory |
|        ID   ID                                                               Usage      |
|=========================================================================================|
|  No running processes found                                                             |
+-----------------------------------------------------------------------------------------+
=== hierarchical placement (full budget) ===
[hier] 12 meshes
12 target meshes loaded.
[hier] anatomical groups (template vertices): {'body': 5526, 'l1_l': 753, 'l1_r': 756, 'l2_l': 669, 'l2_r': 669, 'l3_l': 931, 'l3_r': 931}
[hier] 7 groups: ['body', 'l1_l', 'l1_r', 'l2_l', 'l2_r', 'l3_l', 'l3_r']
[hier] body stage moves ['body'], leg stage moves 6 leg groups
/home/nao48500/miniforge3/envs/pytorch3d/lib/python3.10/site-packages/pytorch3d/ops/laplacian_matrices.py:51: UserWarning: torch.sparse.SparseTensor(indices, values, shape, *, device=) is deprecated.  Please use torch.sparse_coo_tensor(indices, values, shape, dtype=, device=). (Triggered internally at /opt/conda/conda-bld/pytorch_1716905971132/work/torch/csrc/utils/tensor_new.cpp:621.)
  A = torch.sparse.FloatTensor(idx, ones, (V, V))
    [H0_body]    0/900 loss=0.010913  chamfer=0.01091  edge=0.00000  lap=0.00142  sym=0.00000  limit=0.00000  mid=0.00000
    [H0_body]  100/900 loss=0.004960  chamfer=0.00376  edge=0.01767  lap=0.00160  sym=0.00022  limit=0.00000  mid=0.00010
    [H0_body]  200/900 loss=0.004851  chamfer=0.00362  edge=0.01825  lap=0.00160  sym=0.00023  limit=0.00000  mid=0.00010
    [H0_body]  300/900 loss=0.004810  chamfer=0.00358  edge=0.01823  lap=0.00160  sym=0.00022  limit=0.00000  mid=0.00010
    [H0_body]  400/900 loss=0.004786  chamfer=0.00355  edge=0.01834  lap=0.00160  sym=0.00022  limit=0.00000  mid=0.00010
    [H0_body]  500/900 loss=0.004791  chamfer=0.00356  edge=0.01833  lap=0.00160  sym=0.00022  limit=0.00000  mid=0.00010
    [H0_body]  600/900 loss=0.004777  chamfer=0.00354  edge=0.01830  lap=0.00160  sym=0.00022  limit=0.00000  mid=0.00010
    [H0_body]  700/900 loss=0.004776  chamfer=0.00355  edge=0.01829  lap=0.00160  sym=0.00022  limit=0.00000  mid=0.00010
    [H0_body]  800/900 loss=0.004758  chamfer=0.00353  edge=0.01827  lap=0.00160  sym=0.00022  limit=0.00000  mid=0.00010
    [H0_body]  899/900 loss=0.004780  chamfer=0.00355  edge=0.01828  lap=0.00160  sym=0.00022  limit=0.00000  mid=0.00010
    [H1_legs]    0/1200 loss=0.011350  chamfer=0.01012  edge=0.01828  lap=0.00160  sym=0.00022  limit=0.00000  mid=0.00010
    [H1_legs]  100/1200 loss=0.002849  chamfer=0.00222  edge=0.01026  lap=0.00154  sym=0.00004  limit=0.00001  mid=0.00005  churn=0.028
    [H1_legs]  200/1200 loss=0.002516  chamfer=0.00195  edge=0.00897  lap=0.00154  sym=0.00003  limit=0.00001  mid=0.00005  churn=0.010
    [H1_legs]  300/1200 loss=0.002382  chamfer=0.00185  edge=0.00839  lap=0.00154  sym=0.00003  limit=0.00000  mid=0.00004  churn=0.007
    [H1_legs]  400/1200 loss=0.002353  chamfer=0.00184  edge=0.00799  lap=0.00154  sym=0.00002  limit=0.00000  mid=0.00004  churn=0.007
    [H1_legs]  500/1200 loss=0.002341  chamfer=0.00184  edge=0.00783  lap=0.00154  sym=0.00002  limit=0.00000  mid=0.00004  churn=0.005
    [H1_legs]  600/1200 loss=0.002277  chamfer=0.00178  edge=0.00767  lap=0.00154  sym=0.00002  limit=0.00000  mid=0.00004  churn=0.006
    [H1_legs]  700/1200 loss=0.002271  chamfer=0.00178  edge=0.00769  lap=0.00154  sym=0.00002  limit=0.00000  mid=0.00004  churn=0.005
    [H1_legs]  800/1200 loss=0.002292  chamfer=0.00180  edge=0.00769  lap=0.00154  sym=0.00002  limit=0.00000  mid=0.00004  churn=0.004
    [H1_legs]  900/1200 loss=0.002297  chamfer=0.00181  edge=0.00765  lap=0.00154  sym=0.00002  limit=0.00000  mid=0.00004  churn=0.005
    [H1_legs] 1000/1200 loss=0.002267  chamfer=0.00177  edge=0.00772  lap=0.00154  sym=0.00002  limit=0.00000  mid=0.00004  churn=0.004
    [H1_legs] 1100/1200 loss=0.002269  chamfer=0.00178  edge=0.00769  lap=0.00154  sym=0.00002  limit=0.00000  mid=0.00004  churn=0.003
    [H1_legs] 1199/1200 loss=0.002302  chamfer=0.00181  edge=0.00771  lap=0.00154  sym=0.00002  limit=0.00000  mid=0.00004  churn=0.003
    [H1_legs] partition churn: first 0.050 last 0.003 mean 0.009   (falling churn => the data term is settling)
    [H2_joint]    0/900 loss=0.002296  chamfer=0.00180  edge=0.00771  lap=0.00154  sym=0.00002  limit=0.00000  mid=0.00004
    [H2_joint]  100/900 loss=0.002124  chamfer=0.00175  edge=0.00707  lap=0.00153  sym=0.00002  limit=0.00000  mid=0.00000  churn=0.007
    [H2_joint]  200/900 loss=0.002140  chamfer=0.00177  edge=0.00682  lap=0.00153  sym=0.00002  limit=0.00000  mid=0.00000  churn=0.006
    [H2_joint]  300/900 loss=0.002099  chamfer=0.00173  edge=0.00683  lap=0.00153  sym=0.00002  limit=0.00000  mid=0.00000  churn=0.006
    [H2_joint]  400/900 loss=0.002164  chamfer=0.00180  edge=0.00676  lap=0.00153  sym=0.00002  limit=0.00000  mid=0.00000  churn=0.005
    [H2_joint]  500/900 loss=0.002132  chamfer=0.00177  edge=0.00682  lap=0.00153  sym=0.00002  limit=0.00000  mid=0.00000  churn=0.006
    [H2_joint]  600/900 loss=0.002144  chamfer=0.00178  edge=0.00677  lap=0.00153  sym=0.00002  limit=0.00000  mid=0.00000  churn=0.006
    [H2_joint]  700/900 loss=0.002134  chamfer=0.00177  edge=0.00690  lap=0.00153  sym=0.00002  limit=0.00000  mid=0.00000  churn=0.005
    [H2_joint]  800/900 loss=0.002142  chamfer=0.00177  edge=0.00694  lap=0.00153  sym=0.00002  limit=0.00000  mid=0.00000  churn=0.003
    [H2_joint]  899/900 loss=0.002145  chamfer=0.00178  edge=0.00690  lap=0.00153  sym=0.00002  limit=0.00000  mid=0.00000  churn=0.003
    [H2_joint] partition churn: first 0.009 last 0.003 mean 0.006   (falling churn => the data term is settling)
    [H3_deform]    0/600 loss=0.002139  chamfer=0.00177  edge=0.00690  lap=0.00153  sym=0.00002  mid=0.00000  off=0.00000
    [H3_deform]  100/600 loss=0.001742  chamfer=0.00140  edge=0.00421  lap=0.00166  sym=0.00003  mid=0.00000  off=0.00000  churn=0.014
    [H3_deform]  200/600 loss=0.001730  chamfer=0.00138  edge=0.00429  lap=0.00167  sym=0.00003  mid=0.00000  off=0.00000  churn=0.008
    [H3_deform]  300/600 loss=0.001720  chamfer=0.00137  edge=0.00438  lap=0.00167  sym=0.00003  mid=0.00000  off=0.00000  churn=0.008
    [H3_deform]  400/600 loss=0.001710  chamfer=0.00136  edge=0.00439  lap=0.00168  sym=0.00003  mid=0.00000  off=0.00000  churn=0.006
    [H3_deform]  500/600 loss=0.001698  chamfer=0.00134  edge=0.00440  lap=0.00168  sym=0.00003  mid=0.00000  off=0.00000  churn=0.005
    [H3_deform]  599/600 loss=0.001674  chamfer=0.00132  edge=0.00438  lap=0.00167  sym=0.00002  mid=0.00000  off=0.00000  churn=0.005
    [H3_deform] partition churn: first 0.014 last 0.005 mean 0.008   (falling churn => the data term is settling)
[hier] done
=== moonshot handoff, yaml=D1_offset_half.yaml (full budget) ===
[moonshot] 12 meshes from /rwthfs/rz/cluster/home/nao48500/SMILify/diagnostics/moonshot/synth_clean
12 target meshes loaded.
[moonshot] initialised pose/shape from diagnostics/offset_sweep_evidence/runs/hier_SYN_clean_w2_5/H2_joint.npz
[moonshot] running 2 stages
    [Stage_2_deform_coarse] it    0/1000  loss=0.003472   chamfer=0.00298  edge=0.00021  normal=0.05895  laplacian=0.00153  offset=0.00000  sym=0.00002  mid=0.00000  limit=0.00000
    [Stage_2_deform_coarse] it   50/1000  loss=0.001648   chamfer=0.00073  edge=0.00028  normal=0.06395  laplacian=0.00305  offset=0.00013  sym=0.00002  mid=0.00000  limit=0.00036
    [Stage_2_deform_coarse] it  100/1000  loss=0.001473   chamfer=0.00063  edge=0.00028  normal=0.06188  laplacian=0.00292  offset=0.00011  sym=0.00001  mid=0.00000  limit=0.00025
    [Stage_2_deform_coarse] it  150/1000  loss=0.001397   chamfer=0.00057  edge=0.00029  normal=0.06227  laplacian=0.00294  offset=0.00010  sym=0.00001  mid=0.00000  limit=0.00020
    [Stage_2_deform_coarse] it  200/1000  loss=0.001362   chamfer=0.00054  edge=0.00029  normal=0.06396  laplacian=0.00299  offset=0.00009  sym=0.00001  mid=0.00000  limit=0.00016
    [Stage_2_deform_coarse] it  250/1000  loss=0.001361   chamfer=0.00053  edge=0.00030  normal=0.06567  laplacian=0.00305  offset=0.00009  sym=0.00001  mid=0.00000  limit=0.00013
    [Stage_2_deform_coarse] it  300/1000  loss=0.001350   chamfer=0.00052  edge=0.00030  normal=0.06724  laplacian=0.00311  offset=0.00009  sym=0.00001  mid=0.00000  limit=0.00013
    [Stage_2_deform_coarse] it  350/1000  loss=0.001337   chamfer=0.00050  edge=0.00030  normal=0.06781  laplacian=0.00313  offset=0.00009  sym=0.00001  mid=0.00000  limit=0.00013
    [Stage_2_deform_coarse] it  400/1000  loss=0.001323   chamfer=0.00050  edge=0.00030  normal=0.06737  laplacian=0.00313  offset=0.00008  sym=0.00001  mid=0.00000  limit=0.00014
    [Stage_2_deform_coarse] it  450/1000  loss=0.001316   chamfer=0.00049  edge=0.00030  normal=0.06804  laplacian=0.00313  offset=0.00008  sym=0.00001  mid=0.00000  limit=0.00014
    [Stage_2_deform_coarse] it  500/1000  loss=0.001311   chamfer=0.00048  edge=0.00030  normal=0.06849  laplacian=0.00315  offset=0.00008  sym=0.00001  mid=0.00000  limit=0.00014
    [Stage_2_deform_coarse] it  550/1000  loss=0.001325   chamfer=0.00049  edge=0.00031  normal=0.06946  laplacian=0.00319  offset=0.00008  sym=0.00001  mid=0.00000  limit=0.00014
    [Stage_2_deform_coarse] it  600/1000  loss=0.001313   chamfer=0.00047  edge=0.00031  normal=0.06995  laplacian=0.00320  offset=0.00008  sym=0.00001  mid=0.00000  limit=0.00013
    [Stage_2_deform_coarse] it  650/1000  loss=0.001306   chamfer=0.00047  edge=0.00031  normal=0.06947  laplacian=0.00319  offset=0.00008  sym=0.00001  mid=0.00000  limit=0.00012
    [Stage_2_deform_coarse] it  700/1000  loss=0.001295   chamfer=0.00047  edge=0.00031  normal=0.06849  laplacian=0.00318  offset=0.00008  sym=0.00001  mid=0.00000  limit=0.00012
    [Stage_2_deform_coarse] it  750/1000  loss=0.001296   chamfer=0.00047  edge=0.00031  normal=0.06933  laplacian=0.00319  offset=0.00008  sym=0.00001  mid=0.00000  limit=0.00012
    [Stage_2_deform_coarse] it  800/1000  loss=0.001298   chamfer=0.00047  edge=0.00031  normal=0.07011  laplacian=0.00321  offset=0.00008  sym=0.00001  mid=0.00000  limit=0.00011
    [Stage_2_deform_coarse] it  850/1000  loss=0.001288   chamfer=0.00046  edge=0.00031  normal=0.06905  laplacian=0.00318  offset=0.00008  sym=0.00001  mid=0.00000  limit=0.00011
    [Stage_2_deform_coarse] it  900/1000  loss=0.001282   chamfer=0.00046  edge=0.00031  normal=0.06861  laplacian=0.00317  offset=0.00008  sym=0.00001  mid=0.00000  limit=0.00011
    [Stage_2_deform_coarse] it  950/1000  loss=0.001295   chamfer=0.00046  edge=0.00031  normal=0.07009  laplacian=0.00320  offset=0.00008  sym=0.00001  mid=0.00000  limit=0.00011
    [Stage_2_deform_coarse] it  999/1000  loss=0.001288   chamfer=0.00046  edge=0.00031  normal=0.06986  laplacian=0.00321  offset=0.00008  sym=0.00001  mid=0.00000  limit=0.00010
    [Stage_3_deform_fine] it    0/1000  loss=0.000521   chamfer=0.00046  edge=0.00031  normal=0.06978  laplacian=0.00321  offset=0.00008  sym=0.00001  mid=0.00000  limit=0.00010
    [Stage_3_deform_fine] it   50/1000  loss=0.000463   chamfer=0.00043  edge=0.00032  normal=0.05335  laplacian=0.00309  offset=0.00008  sym=0.00000  mid=0.00000  limit=0.00007
    [Stage_3_deform_fine] it  100/1000  loss=0.000457   chamfer=0.00042  edge=0.00032  normal=0.05195  laplacian=0.00308  offset=0.00007  sym=0.00000  mid=0.00000  limit=0.00005
    [Stage_3_deform_fine] it  150/1000  loss=0.000456   chamfer=0.00042  edge=0.00032  normal=0.05187  laplacian=0.00309  offset=0.00007  sym=0.00000  mid=0.00000  limit=0.00004
    [Stage_3_deform_fine] it  200/1000  loss=0.000461   chamfer=0.00042  edge=0.00033  normal=0.05196  laplacian=0.00310  offset=0.00008  sym=0.00000  mid=0.00000  limit=0.00003
    [Stage_3_deform_fine] it  250/1000  loss=0.000455   chamfer=0.00041  edge=0.00033  normal=0.05198  laplacian=0.00312  offset=0.00008  sym=0.00000  mid=0.00000  limit=0.00002
    [Stage_3_deform_fine] it  300/1000  loss=0.000458   chamfer=0.00042  edge=0.00033  normal=0.05180  laplacian=0.00312  offset=0.00008  sym=0.00000  mid=0.00000  limit=0.00000
    [Stage_3_deform_fine] it  350/1000  loss=0.000457   chamfer=0.00042  edge=0.00033  normal=0.05197  laplacian=0.00313  offset=0.00008  sym=0.00000  mid=0.00000  limit=0.00000
    [Stage_3_deform_fine] it  400/1000  loss=0.000454   chamfer=0.00041  edge=0.00033  normal=0.05227  laplacian=0.00314  offset=0.00007  sym=0.00000  mid=0.00000  limit=0.00000
    [Stage_3_deform_fine] it  450/1000  loss=0.000456   chamfer=0.00041  edge=0.00033  normal=0.05225  laplacian=0.00314  offset=0.00007  sym=0.00000  mid=0.00000  limit=0.00000
    [Stage_3_deform_fine] it  500/1000  loss=0.000459   chamfer=0.00042  edge=0.00033  normal=0.05268  laplacian=0.00315  offset=0.00007  sym=0.00000  mid=0.00000  limit=0.00000
    [Stage_3_deform_fine] it  550/1000  loss=0.000454   chamfer=0.00041  edge=0.00033  normal=0.05242  laplacian=0.00316  offset=0.00008  sym=0.00000  mid=0.00000  limit=0.00000
    [Stage_3_deform_fine] it  600/1000  loss=0.000456   chamfer=0.00041  edge=0.00033  normal=0.05251  laplacian=0.00316  offset=0.00007  sym=0.00000  mid=0.00000  limit=0.00000
    [Stage_3_deform_fine] it  650/1000  loss=0.000452   chamfer=0.00040  edge=0.00033  normal=0.05233  laplacian=0.00316  offset=0.00007  sym=0.00000  mid=0.00000  limit=0.00000
    [Stage_3_deform_fine] it  700/1000  loss=0.000453   chamfer=0.00040  edge=0.00033  normal=0.05250  laplacian=0.00317  offset=0.00007  sym=0.00000  mid=0.00000  limit=0.00000
    [Stage_3_deform_fine] it  750/1000  loss=0.000455   chamfer=0.00041  edge=0.00033  normal=0.05288  laplacian=0.00319  offset=0.00007  sym=0.00000  mid=0.00000  limit=0.00000
    [Stage_3_deform_fine] it  800/1000  loss=0.000453   chamfer=0.00040  edge=0.00033  normal=0.05255  laplacian=0.00319  offset=0.00007  sym=0.00000  mid=0.00000  limit=0.00000
    [Stage_3_deform_fine] it  850/1000  loss=0.000455   chamfer=0.00041  edge=0.00033  normal=0.05236  laplacian=0.00318  offset=0.00007  sym=0.00000  mid=0.00000  limit=0.00000
    [Stage_3_deform_fine] it  900/1000  loss=0.000452   chamfer=0.00040  edge=0.00033  normal=0.05241  laplacian=0.00318  offset=0.00007  sym=0.00000  mid=0.00000  limit=0.00000
    [Stage_3_deform_fine] it  950/1000  loss=0.000454   chamfer=0.00041  edge=0.00033  normal=0.05237  laplacian=0.00318  offset=0.00007  sym=0.00000  mid=0.00000  limit=0.00000
    [Stage_3_deform_fine] it  999/1000  loss=0.000454   chamfer=0.00041  edge=0.00033  normal=0.05285  laplacian=0.00319  offset=0.00007  sym=0.00000  mid=0.00000  limit=0.00000
  eval 10/12
[moonshot] wrote diagnostics/moonshot/runs/SYN_clean_w2_5/metrics.csv

  ---- summary ----
    chamfer_l2                       0.000209
    fscore@0.01                      0.757149
    fscore@0.02                      0.959538
    hausdorff_95                     0.019817
    normal_consistency               0.829624
    edge_logratio_absmean            0.208472
    tri_quality_mean                 0.728343
    deform_mag_mean                  0.005382
    midline_dev_mean                 0.017871
    part_leg_distal_dist_mean        0.007945
    part_leg_dist_mean               0.007285
    part_body_dist_mean              0.007510
=== task 0 DONE ===
