[hier] 12 meshes
12 target meshes loaded.
[hier] anatomical groups (template vertices): {'body': 5526, 'l1_l': 753, 'l1_r': 756, 'l2_l': 669, 'l2_r': 669, 'l3_l': 931, 'l3_r': 931}
[hier] 7 groups: ['body', 'l1_l', 'l1_r', 'l2_l', 'l2_r', 'l3_l', 'l3_r']
[hier] body stage moves ['body'], leg stage moves 6 leg groups
/home/nao48500/miniforge3/envs/pytorch3d/lib/python3.10/site-packages/pytorch3d/ops/laplacian_matrices.py:51: UserWarning: torch.sparse.SparseTensor(indices, values, shape, *, device=) is deprecated.  Please use torch.sparse_coo_tensor(indices, values, shape, dtype=, device=). (Triggered internally at /opt/conda/conda-bld/pytorch_1716905971132/work/torch/csrc/utils/tensor_new.cpp:621.)
  A = torch.sparse.FloatTensor(idx, ones, (V, V))
    [H0_body]    0/900 loss=0.010969  chamfer=0.01096  edge=0.00000  lap=0.00142  sym=0.00000  limit=0.00000  mid=0.00000
    [H0_body]  100/900 loss=0.005043  chamfer=0.00383  edge=0.01772  lap=0.00160  sym=0.00024  limit=0.00000  mid=0.00010
    [H0_body]  200/900 loss=0.004930  chamfer=0.00368  edge=0.01859  lap=0.00160  sym=0.00023  limit=0.00000  mid=0.00010
    [H0_body]  300/900 loss=0.004864  chamfer=0.00360  edge=0.01894  lap=0.00160  sym=0.00023  limit=0.00000  mid=0.00010
    [H0_body]  400/900 loss=0.004843  chamfer=0.00358  edge=0.01893  lap=0.00160  sym=0.00023  limit=0.00000  mid=0.00010
    [H0_body]  500/900 loss=0.004826  chamfer=0.00356  edge=0.01894  lap=0.00159  sym=0.00022  limit=0.00000  mid=0.00010
    [H0_body]  600/900 loss=0.004825  chamfer=0.00356  edge=0.01899  lap=0.00159  sym=0.00023  limit=0.00000  mid=0.00010
    [H0_body]  700/900 loss=0.004827  chamfer=0.00356  edge=0.01898  lap=0.00159  sym=0.00023  limit=0.00000  mid=0.00010
    [H0_body]  800/900 loss=0.004821  chamfer=0.00355  edge=0.01897  lap=0.00159  sym=0.00023  limit=0.00000  mid=0.00010
    [H0_body]  899/900 loss=0.004832  chamfer=0.00356  edge=0.01898  lap=0.00159  sym=0.00023  limit=0.00000  mid=0.00010
    [H1_legs]    0/1200 loss=0.010571  chamfer=0.00930  edge=0.01898  lap=0.00159  sym=0.00023  limit=0.00000  mid=0.00010
    [H1_legs]  100/1200 loss=0.002859  chamfer=0.00220  edge=0.01083  lap=0.00154  sym=0.00004  limit=0.00000  mid=0.00005  churn=0.028
    [H1_legs]  200/1200 loss=0.002508  chamfer=0.00194  edge=0.00891  lap=0.00154  sym=0.00003  limit=0.00001  mid=0.00005  churn=0.012
    [H1_legs]  300/1200 loss=0.002375  chamfer=0.00185  edge=0.00829  lap=0.00154  sym=0.00003  limit=0.00000  mid=0.00005  churn=0.008
    [H1_legs]  400/1200 loss=0.002327  chamfer=0.00182  edge=0.00785  lap=0.00154  sym=0.00002  limit=0.00000  mid=0.00005  churn=0.006
    [H1_legs]  500/1200 loss=0.002292  chamfer=0.00180  edge=0.00771  lap=0.00154  sym=0.00002  limit=0.00000  mid=0.00005  churn=0.005
    [H1_legs]  600/1200 loss=0.002284  chamfer=0.00180  edge=0.00755  lap=0.00154  sym=0.00002  limit=0.00000  mid=0.00005  churn=0.005
    [H1_legs]  700/1200 loss=0.002269  chamfer=0.00178  edge=0.00763  lap=0.00154  sym=0.00002  limit=0.00000  mid=0.00005  churn=0.005
    [H1_legs]  800/1200 loss=0.002261  chamfer=0.00177  edge=0.00763  lap=0.00154  sym=0.00002  limit=0.00000  mid=0.00005  churn=0.004
    [H1_legs]  900/1200 loss=0.002271  chamfer=0.00178  edge=0.00755  lap=0.00154  sym=0.00002  limit=0.00000  mid=0.00005  churn=0.003
    [H1_legs] 1000/1200 loss=0.002264  chamfer=0.00177  edge=0.00765  lap=0.00154  sym=0.00002  limit=0.00000  mid=0.00005  churn=0.004
    [H1_legs] 1100/1200 loss=0.002241  chamfer=0.00175  edge=0.00765  lap=0.00154  sym=0.00002  limit=0.00000  mid=0.00005  churn=0.004
    [H1_legs] 1199/1200 loss=0.002276  chamfer=0.00178  edge=0.00763  lap=0.00154  sym=0.00002  limit=0.00000  mid=0.00005  churn=0.003
    [H1_legs] partition churn: first 0.052 last 0.003 mean 0.009   (falling churn => the data term is settling)
    [H2_joint]    0/900 loss=0.002232  chamfer=0.00174  edge=0.00763  lap=0.00154  sym=0.00002  limit=0.00000  mid=0.00005
    [H2_joint]  100/900 loss=0.002090  chamfer=0.00172  edge=0.00690  lap=0.00153  sym=0.00002  limit=0.00000  mid=0.00000  churn=0.007
    [H2_joint]  200/900 loss=0.002112  chamfer=0.00174  edge=0.00685  lap=0.00153  sym=0.00002  limit=0.00000  mid=0.00000  churn=0.007
    [H2_joint]  300/900 loss=0.002052  chamfer=0.00169  edge=0.00674  lap=0.00153  sym=0.00002  limit=0.00000  mid=0.00000  churn=0.006
    [H2_joint]  400/900 loss=0.002119  chamfer=0.00176  edge=0.00672  lap=0.00153  sym=0.00002  limit=0.00000  mid=0.00000  churn=0.007
    [H2_joint]  500/900 loss=0.002105  chamfer=0.00174  edge=0.00674  lap=0.00153  sym=0.00002  limit=0.00000  mid=0.00000  churn=0.006
    [H2_joint]  600/900 loss=0.002110  chamfer=0.00175  edge=0.00678  lap=0.00153  sym=0.00002  limit=0.00000  mid=0.00000  churn=0.006
    [H2_joint]  700/900 loss=0.002069  chamfer=0.00169  edge=0.00697  lap=0.00153  sym=0.00002  limit=0.00000  mid=0.00000  churn=0.005
    [H2_joint]  800/900 loss=0.002096  chamfer=0.00173  edge=0.00691  lap=0.00153  sym=0.00002  limit=0.00000  mid=0.00000  churn=0.004
    [H2_joint]  899/900 loss=0.002105  chamfer=0.00174  edge=0.00690  lap=0.00153  sym=0.00002  limit=0.00000  mid=0.00000  churn=0.003
    [H2_joint] partition churn: first 0.010 last 0.003 mean 0.006   (falling churn => the data term is settling)
    [H3_deform]    0/600 loss=0.002104  chamfer=0.00173  edge=0.00690  lap=0.00153  sym=0.00002  mid=0.00000  off=0.00000
    [H3_deform]  100/600 loss=0.001712  chamfer=0.00139  edge=0.00402  lap=0.00166  sym=0.00003  mid=0.00000  off=0.00000  churn=0.013
    [H3_deform]  200/600 loss=0.001698  chamfer=0.00135  edge=0.00425  lap=0.00167  sym=0.00003  mid=0.00000  off=0.00000  churn=0.007
    [H3_deform]  300/600 loss=0.001711  chamfer=0.00136  edge=0.00429  lap=0.00167  sym=0.00003  mid=0.00000  off=0.00000  churn=0.006
    [H3_deform]  400/600 loss=0.001685  chamfer=0.00133  edge=0.00436  lap=0.00167  sym=0.00002  mid=0.00000  off=0.00000  churn=0.007
    [H3_deform]  500/600 loss=0.001693  chamfer=0.00134  edge=0.00430  lap=0.00167  sym=0.00002  mid=0.00000  off=0.00000  churn=0.006
    [H3_deform]  599/600 loss=0.001668  chamfer=0.00132  edge=0.00430  lap=0.00167  sym=0.00002  mid=0.00000  off=0.00000  churn=0.006
    [H3_deform] partition churn: first 0.013 last 0.006 mean 0.008   (falling churn => the data term is settling)
[hier] done
