[moonshot] 50 meshes from /rwthfs/rz/cluster/home/nao48500/SMILify/diagnostics/d1_n50_evidence/mesh_set
50 target meshes loaded.
[moonshot] initialised pose/shape from diagnostics/d1_n50_evidence/runs/seed2/hier/H2_joint.npz
[moonshot] running 2 stages
    [Stage_2_deform_coarse] it    0/1000  loss=0.009368   chamfer=0.00812  edge=0.00024  normal=0.06254  laplacian=0.00162  offset=0.00000  sym=0.00006  mid=0.00000  scale=0.01331  limit=0.00000
    [Stage_2_deform_coarse] it   50/1000  loss=0.004156   chamfer=0.00199  edge=0.00047  normal=0.07006  laplacian=0.00395  offset=0.00015  sym=0.00008  mid=0.00000  scale=0.01110  limit=0.00140
    [Stage_2_deform_coarse] it  100/1000  loss=0.003549   chamfer=0.00163  edge=0.00051  normal=0.06697  laplacian=0.00388  offset=0.00012  sym=0.00005  mid=0.00000  scale=0.00929  limit=0.00117
    [Stage_2_deform_coarse] it  150/1000  loss=0.003311   chamfer=0.00152  edge=0.00053  normal=0.06686  laplacian=0.00390  offset=0.00011  sym=0.00004  mid=0.00000  scale=0.00783  limit=0.00104
    [Stage_2_deform_coarse] it  200/1000  loss=0.003153   chamfer=0.00145  edge=0.00054  normal=0.06753  laplacian=0.00394  offset=0.00011  sym=0.00004  mid=0.00000  scale=0.00663  limit=0.00096
    [Stage_2_deform_coarse] it  250/1000  loss=0.003034   chamfer=0.00139  edge=0.00055  normal=0.06786  laplacian=0.00398  offset=0.00010  sym=0.00004  mid=0.00000  scale=0.00562  limit=0.00090
    [Stage_2_deform_coarse] it  300/1000  loss=0.002950   chamfer=0.00136  edge=0.00056  normal=0.06853  laplacian=0.00402  offset=0.00010  sym=0.00003  mid=0.00000  scale=0.00477  limit=0.00086
    [Stage_2_deform_coarse] it  350/1000  loss=0.002876   chamfer=0.00133  edge=0.00057  normal=0.06911  laplacian=0.00406  offset=0.00009  sym=0.00003  mid=0.00000  scale=0.00405  limit=0.00085
    [Stage_2_deform_coarse] it  400/1000  loss=0.002819   chamfer=0.00131  edge=0.00057  normal=0.06963  laplacian=0.00409  offset=0.00009  sym=0.00003  mid=0.00000  scale=0.00343  limit=0.00084
    [Stage_2_deform_coarse] it  450/1000  loss=0.002771   chamfer=0.00129  edge=0.00058  normal=0.07008  laplacian=0.00411  offset=0.00009  sym=0.00003  mid=0.00000  scale=0.00291  limit=0.00084
    [Stage_2_deform_coarse] it  500/1000  loss=0.002729   chamfer=0.00128  edge=0.00058  normal=0.07060  laplacian=0.00414  offset=0.00009  sym=0.00003  mid=0.00000  scale=0.00246  limit=0.00084
    [Stage_2_deform_coarse] it  550/1000  loss=0.002683   chamfer=0.00125  edge=0.00059  normal=0.07080  laplacian=0.00416  offset=0.00009  sym=0.00003  mid=0.00000  scale=0.00208  limit=0.00084
    [Stage_2_deform_coarse] it  600/1000  loss=0.002655   chamfer=0.00125  edge=0.00059  normal=0.07100  laplacian=0.00417  offset=0.00008  sym=0.00003  mid=0.00000  scale=0.00175  limit=0.00084
    [Stage_2_deform_coarse] it  650/1000  loss=0.002620   chamfer=0.00123  edge=0.00060  normal=0.07083  laplacian=0.00418  offset=0.00008  sym=0.00003  mid=0.00000  scale=0.00148  limit=0.00084
    [Stage_2_deform_coarse] it  700/1000  loss=0.002597   chamfer=0.00122  edge=0.00060  normal=0.07091  laplacian=0.00419  offset=0.00008  sym=0.00003  mid=0.00000  scale=0.00124  limit=0.00083
    [Stage_2_deform_coarse] it  750/1000  loss=0.002576   chamfer=0.00121  edge=0.00060  normal=0.07182  laplacian=0.00422  offset=0.00008  sym=0.00003  mid=0.00000  scale=0.00104  limit=0.00082
    [Stage_2_deform_coarse] it  800/1000  loss=0.002559   chamfer=0.00121  edge=0.00061  normal=0.07171  laplacian=0.00423  offset=0.00008  sym=0.00003  mid=0.00000  scale=0.00088  limit=0.00081
    [Stage_2_deform_coarse] it  850/1000  loss=0.002541   chamfer=0.00119  edge=0.00061  normal=0.07215  laplacian=0.00424  offset=0.00008  sym=0.00003  mid=0.00000  scale=0.00073  limit=0.00080
    [Stage_2_deform_coarse] it  900/1000  loss=0.002533   chamfer=0.00119  edge=0.00061  normal=0.07230  laplacian=0.00425  offset=0.00008  sym=0.00003  mid=0.00000  scale=0.00061  limit=0.00079
    [Stage_2_deform_coarse] it  950/1000  loss=0.002508   chamfer=0.00117  edge=0.00061  normal=0.07251  laplacian=0.00426  offset=0.00008  sym=0.00003  mid=0.00000  scale=0.00051  limit=0.00078
    [Stage_2_deform_coarse] it  999/1000  loss=0.002500   chamfer=0.00118  edge=0.00061  normal=0.07188  laplacian=0.00425  offset=0.00008  sym=0.00003  mid=0.00000  scale=0.00043  limit=0.00078
    [Stage_3_deform_fine] it    0/1000  loss=0.001059   chamfer=0.00118  edge=0.00061  normal=0.07183  laplacian=0.00425  offset=0.00008  sym=0.00003  mid=0.00000  scale=0.00043  limit=0.00078
    [Stage_3_deform_fine] it   50/1000  loss=0.000993   chamfer=0.00109  edge=0.00065  normal=0.05861  laplacian=0.00428  offset=0.00008  sym=0.00001  mid=0.00000  scale=0.00037  limit=0.00060
    [Stage_3_deform_fine] it  100/1000  loss=0.000984   chamfer=0.00108  edge=0.00066  normal=0.05769  laplacian=0.00430  offset=0.00008  sym=0.00001  mid=0.00000  scale=0.00033  limit=0.00049
    [Stage_3_deform_fine] it  150/1000  loss=0.000977   chamfer=0.00107  edge=0.00067  normal=0.05750  laplacian=0.00433  offset=0.00008  sym=0.00001  mid=0.00000  scale=0.00029  limit=0.00041
    [Stage_3_deform_fine] it  200/1000  loss=0.000972   chamfer=0.00106  edge=0.00067  normal=0.05745  laplacian=0.00435  offset=0.00008  sym=0.00001  mid=0.00000  scale=0.00026  limit=0.00036
    [Stage_3_deform_fine] it  250/1000  loss=0.000970   chamfer=0.00106  edge=0.00067  normal=0.05763  laplacian=0.00436  offset=0.00008  sym=0.00001  mid=0.00000  scale=0.00023  limit=0.00033
    [Stage_3_deform_fine] it  300/1000  loss=0.000967   chamfer=0.00106  edge=0.00068  normal=0.05765  laplacian=0.00438  offset=0.00008  sym=0.00001  mid=0.00000  scale=0.00021  limit=0.00031
    [Stage_3_deform_fine] it  350/1000  loss=0.000964   chamfer=0.00105  edge=0.00068  normal=0.05764  laplacian=0.00439  offset=0.00008  sym=0.00001  mid=0.00000  scale=0.00019  limit=0.00029
    [Stage_3_deform_fine] it  400/1000  loss=0.000963   chamfer=0.00105  edge=0.00068  normal=0.05777  laplacian=0.00440  offset=0.00008  sym=0.00001  mid=0.00000  scale=0.00017  limit=0.00028
    [Stage_3_deform_fine] it  450/1000  loss=0.000961   chamfer=0.00105  edge=0.00068  normal=0.05778  laplacian=0.00441  offset=0.00008  sym=0.00001  mid=0.00000  scale=0.00015  limit=0.00027
    [Stage_3_deform_fine] it  500/1000  loss=0.000958   chamfer=0.00105  edge=0.00069  normal=0.05781  laplacian=0.00441  offset=0.00008  sym=0.00001  mid=0.00000  scale=0.00013  limit=0.00025
    [Stage_3_deform_fine] it  550/1000  loss=0.000956   chamfer=0.00104  edge=0.00069  normal=0.05793  laplacian=0.00442  offset=0.00008  sym=0.00001  mid=0.00000  scale=0.00012  limit=0.00025
    [Stage_3_deform_fine] it  600/1000  loss=0.000952   chamfer=0.00104  edge=0.00069  normal=0.05797  laplacian=0.00443  offset=0.00008  sym=0.00001  mid=0.00000  scale=0.00011  limit=0.00025
    [Stage_3_deform_fine] it  650/1000  loss=0.000954   chamfer=0.00104  edge=0.00069  normal=0.05800  laplacian=0.00443  offset=0.00008  sym=0.00001  mid=0.00000  scale=0.00010  limit=0.00024
    [Stage_3_deform_fine] it  700/1000  loss=0.000951   chamfer=0.00104  edge=0.00069  normal=0.05814  laplacian=0.00444  offset=0.00008  sym=0.00001  mid=0.00000  scale=0.00009  limit=0.00023
    [Stage_3_deform_fine] it  750/1000  loss=0.000951   chamfer=0.00104  edge=0.00069  normal=0.05799  laplacian=0.00444  offset=0.00008  sym=0.00001  mid=0.00000  scale=0.00008  limit=0.00023
    [Stage_3_deform_fine] it  800/1000  loss=0.000947   chamfer=0.00103  edge=0.00069  normal=0.05806  laplacian=0.00445  offset=0.00008  sym=0.00001  mid=0.00000  scale=0.00007  limit=0.00023
    [Stage_3_deform_fine] it  850/1000  loss=0.000948   chamfer=0.00104  edge=0.00069  normal=0.05806  laplacian=0.00445  offset=0.00008  sym=0.00001  mid=0.00000  scale=0.00006  limit=0.00023
    [Stage_3_deform_fine] it  900/1000  loss=0.000948   chamfer=0.00104  edge=0.00069  normal=0.05819  laplacian=0.00445  offset=0.00008  sym=0.00001  mid=0.00000  scale=0.00006  limit=0.00022
    [Stage_3_deform_fine] it  950/1000  loss=0.000947   chamfer=0.00103  edge=0.00070  normal=0.05841  laplacian=0.00446  offset=0.00008  sym=0.00001  mid=0.00000  scale=0.00005  limit=0.00022
    [Stage_3_deform_fine] it  999/1000  loss=0.000945   chamfer=0.00103  edge=0.00070  normal=0.05823  laplacian=0.00446  offset=0.00008  sym=0.00001  mid=0.00000  scale=0.00005  limit=0.00021
  eval 10/50
  eval 20/50
  eval 30/50
  eval 40/50
  eval 50/50
[moonshot] wrote diagnostics/d1_n50_evidence/runs/seed2/d1/metrics.csv

  ---- summary ----
    chamfer_l2                       0.000627
    fscore@0.01                      0.501453
    fscore@0.02                      0.816442
    hausdorff_95                     0.035407
    normal_consistency               0.783501
    edge_logratio_absmean            0.151937
    tri_quality_mean                 0.748671
    deform_mag_mean                  0.004759
    midline_dev_mean                 0.018153
    part_leg_distal_dist_mean        0.014853
    part_leg_dist_mean               0.013355
    part_body_dist_mean              0.012790
