[moonshot] 50 meshes from /rwthfs/rz/cluster/home/nao48500/SMILify/diagnostics/d1_n50_evidence/mesh_set
50 target meshes loaded.
[moonshot] initialised pose/shape from diagnostics/d1_n50_evidence/runs/seed1/hier/H2_joint.npz
[moonshot] running 2 stages
    [Stage_2_deform_coarse] it    0/1000  loss=0.009522   chamfer=0.00824  edge=0.00024  normal=0.06285  laplacian=0.00162  offset=0.00000  sym=0.00006  mid=0.00000  scale=0.01397  limit=0.00000
    [Stage_2_deform_coarse] it   50/1000  loss=0.004255   chamfer=0.00205  edge=0.00047  normal=0.07004  laplacian=0.00396  offset=0.00016  sym=0.00008  mid=0.00000  scale=0.01152  limit=0.00151
    [Stage_2_deform_coarse] it  100/1000  loss=0.003611   chamfer=0.00166  edge=0.00051  normal=0.06702  laplacian=0.00389  offset=0.00013  sym=0.00005  mid=0.00000  scale=0.00952  limit=0.00125
    [Stage_2_deform_coarse] it  150/1000  loss=0.003347   chamfer=0.00153  edge=0.00053  normal=0.06715  laplacian=0.00392  offset=0.00012  sym=0.00004  mid=0.00000  scale=0.00793  limit=0.00112
    [Stage_2_deform_coarse] it  200/1000  loss=0.003181   chamfer=0.00146  edge=0.00054  normal=0.06755  laplacian=0.00395  offset=0.00011  sym=0.00004  mid=0.00000  scale=0.00664  limit=0.00104
    [Stage_2_deform_coarse] it  250/1000  loss=0.003055   chamfer=0.00140  edge=0.00055  normal=0.06793  laplacian=0.00400  offset=0.00010  sym=0.00004  mid=0.00000  scale=0.00557  limit=0.00097
    [Stage_2_deform_coarse] it  300/1000  loss=0.002964   chamfer=0.00137  edge=0.00056  normal=0.06846  laplacian=0.00403  offset=0.00010  sym=0.00004  mid=0.00000  scale=0.00469  limit=0.00093
    [Stage_2_deform_coarse] it  350/1000  loss=0.002896   chamfer=0.00134  edge=0.00057  normal=0.06914  laplacian=0.00407  offset=0.00010  sym=0.00003  mid=0.00000  scale=0.00395  limit=0.00091
    [Stage_2_deform_coarse] it  400/1000  loss=0.002838   chamfer=0.00132  edge=0.00058  normal=0.06954  laplacian=0.00411  offset=0.00009  sym=0.00003  mid=0.00000  scale=0.00333  limit=0.00090
    [Stage_2_deform_coarse] it  450/1000  loss=0.002788   chamfer=0.00130  edge=0.00058  normal=0.06995  laplacian=0.00413  offset=0.00009  sym=0.00003  mid=0.00000  scale=0.00281  limit=0.00091
    [Stage_2_deform_coarse] it  500/1000  loss=0.002741   chamfer=0.00128  edge=0.00059  normal=0.06979  laplacian=0.00415  offset=0.00009  sym=0.00003  mid=0.00000  scale=0.00237  limit=0.00093
    [Stage_2_deform_coarse] it  550/1000  loss=0.002710   chamfer=0.00127  edge=0.00060  normal=0.07088  laplacian=0.00419  offset=0.00009  sym=0.00003  mid=0.00000  scale=0.00199  limit=0.00095
    [Stage_2_deform_coarse] it  600/1000  loss=0.002680   chamfer=0.00125  edge=0.00060  normal=0.07155  laplacian=0.00422  offset=0.00009  sym=0.00003  mid=0.00000  scale=0.00167  limit=0.00095
    [Stage_2_deform_coarse] it  650/1000  loss=0.002653   chamfer=0.00125  edge=0.00060  normal=0.07135  laplacian=0.00422  offset=0.00009  sym=0.00003  mid=0.00000  scale=0.00140  limit=0.00094
    [Stage_2_deform_coarse] it  700/1000  loss=0.002635   chamfer=0.00124  edge=0.00061  normal=0.07209  laplacian=0.00425  offset=0.00008  sym=0.00003  mid=0.00000  scale=0.00117  limit=0.00095
    [Stage_2_deform_coarse] it  750/1000  loss=0.002595   chamfer=0.00122  edge=0.00061  normal=0.07133  laplacian=0.00423  offset=0.00008  sym=0.00003  mid=0.00000  scale=0.00098  limit=0.00095
    [Stage_2_deform_coarse] it  800/1000  loss=0.002575   chamfer=0.00121  edge=0.00061  normal=0.07122  laplacian=0.00424  offset=0.00008  sym=0.00003  mid=0.00000  scale=0.00081  limit=0.00095
    [Stage_2_deform_coarse] it  850/1000  loss=0.002558   chamfer=0.00120  edge=0.00061  normal=0.07124  laplacian=0.00425  offset=0.00008  sym=0.00003  mid=0.00000  scale=0.00067  limit=0.00095
    [Stage_2_deform_coarse] it  900/1000  loss=0.002551   chamfer=0.00120  edge=0.00062  normal=0.07174  laplacian=0.00427  offset=0.00008  sym=0.00003  mid=0.00000  scale=0.00056  limit=0.00095
    [Stage_2_deform_coarse] it  950/1000  loss=0.002534   chamfer=0.00119  edge=0.00062  normal=0.07204  laplacian=0.00428  offset=0.00008  sym=0.00003  mid=0.00000  scale=0.00046  limit=0.00095
    [Stage_2_deform_coarse] it  999/1000  loss=0.002532   chamfer=0.00120  edge=0.00062  normal=0.07183  laplacian=0.00428  offset=0.00008  sym=0.00003  mid=0.00000  scale=0.00038  limit=0.00095
    [Stage_3_deform_fine] it    0/1000  loss=0.001067   chamfer=0.00119  edge=0.00062  normal=0.07184  laplacian=0.00428  offset=0.00008  sym=0.00003  mid=0.00000  scale=0.00038  limit=0.00095
    [Stage_3_deform_fine] it   50/1000  loss=0.000998   chamfer=0.00110  edge=0.00066  normal=0.05853  laplacian=0.00431  offset=0.00009  sym=0.00001  mid=0.00000  scale=0.00033  limit=0.00072
    [Stage_3_deform_fine] it  100/1000  loss=0.000988   chamfer=0.00108  edge=0.00067  normal=0.05751  laplacian=0.00433  offset=0.00009  sym=0.00001  mid=0.00000  scale=0.00028  limit=0.00059
    [Stage_3_deform_fine] it  150/1000  loss=0.000985   chamfer=0.00108  edge=0.00068  normal=0.05743  laplacian=0.00436  offset=0.00009  sym=0.00001  mid=0.00000  scale=0.00025  limit=0.00051
    [Stage_3_deform_fine] it  200/1000  loss=0.000982   chamfer=0.00108  edge=0.00068  normal=0.05739  laplacian=0.00438  offset=0.00009  sym=0.00001  mid=0.00000  scale=0.00022  limit=0.00045
    [Stage_3_deform_fine] it  250/1000  loss=0.000978   chamfer=0.00107  edge=0.00068  normal=0.05744  laplacian=0.00440  offset=0.00009  sym=0.00001  mid=0.00000  scale=0.00019  limit=0.00042
    [Stage_3_deform_fine] it  300/1000  loss=0.000976   chamfer=0.00107  edge=0.00069  normal=0.05756  laplacian=0.00441  offset=0.00008  sym=0.00001  mid=0.00000  scale=0.00017  limit=0.00039
    [Stage_3_deform_fine] it  350/1000  loss=0.000973   chamfer=0.00106  edge=0.00069  normal=0.05763  laplacian=0.00442  offset=0.00008  sym=0.00001  mid=0.00000  scale=0.00015  limit=0.00037
    [Stage_3_deform_fine] it  400/1000  loss=0.000972   chamfer=0.00106  edge=0.00069  normal=0.05760  laplacian=0.00443  offset=0.00008  sym=0.00001  mid=0.00000  scale=0.00013  limit=0.00035
    [Stage_3_deform_fine] it  450/1000  loss=0.000970   chamfer=0.00106  edge=0.00069  normal=0.05781  laplacian=0.00444  offset=0.00008  sym=0.00001  mid=0.00000  scale=0.00011  limit=0.00033
    [Stage_3_deform_fine] it  500/1000  loss=0.000971   chamfer=0.00107  edge=0.00070  normal=0.05789  laplacian=0.00445  offset=0.00008  sym=0.00001  mid=0.00000  scale=0.00010  limit=0.00031
    [Stage_3_deform_fine] it  550/1000  loss=0.000968   chamfer=0.00106  edge=0.00070  normal=0.05782  laplacian=0.00446  offset=0.00008  sym=0.00001  mid=0.00000  scale=0.00009  limit=0.00030
    [Stage_3_deform_fine] it  600/1000  loss=0.000963   chamfer=0.00105  edge=0.00070  normal=0.05783  laplacian=0.00447  offset=0.00008  sym=0.00001  mid=0.00000  scale=0.00008  limit=0.00029
    [Stage_3_deform_fine] it  650/1000  loss=0.000959   chamfer=0.00105  edge=0.00070  normal=0.05802  laplacian=0.00447  offset=0.00008  sym=0.00001  mid=0.00000  scale=0.00007  limit=0.00028
    [Stage_3_deform_fine] it  700/1000  loss=0.000961   chamfer=0.00105  edge=0.00070  normal=0.05786  laplacian=0.00448  offset=0.00008  sym=0.00001  mid=0.00000  scale=0.00006  limit=0.00027
    [Stage_3_deform_fine] it  750/1000  loss=0.000961   chamfer=0.00105  edge=0.00070  normal=0.05813  laplacian=0.00449  offset=0.00008  sym=0.00001  mid=0.00000  scale=0.00006  limit=0.00026
    [Stage_3_deform_fine] it  800/1000  loss=0.000958   chamfer=0.00105  edge=0.00071  normal=0.05805  laplacian=0.00449  offset=0.00008  sym=0.00001  mid=0.00000  scale=0.00005  limit=0.00025
    [Stage_3_deform_fine] it  850/1000  loss=0.000955   chamfer=0.00104  edge=0.00071  normal=0.05805  laplacian=0.00449  offset=0.00008  sym=0.00001  mid=0.00000  scale=0.00005  limit=0.00025
    [Stage_3_deform_fine] it  900/1000  loss=0.000954   chamfer=0.00104  edge=0.00071  normal=0.05826  laplacian=0.00450  offset=0.00008  sym=0.00001  mid=0.00000  scale=0.00004  limit=0.00024
    [Stage_3_deform_fine] it  950/1000  loss=0.000956   chamfer=0.00105  edge=0.00071  normal=0.05823  laplacian=0.00450  offset=0.00008  sym=0.00001  mid=0.00000  scale=0.00004  limit=0.00023
    [Stage_3_deform_fine] it  999/1000  loss=0.000953   chamfer=0.00104  edge=0.00071  normal=0.05814  laplacian=0.00450  offset=0.00008  sym=0.00001  mid=0.00000  scale=0.00004  limit=0.00023
  eval 10/50
  eval 20/50
  eval 30/50
  eval 40/50
  eval 50/50
[moonshot] wrote diagnostics/d1_n50_evidence/runs/seed1/d1/metrics.csv

  ---- summary ----
    chamfer_l2                       0.000637
    fscore@0.01                      0.501760
    fscore@0.02                      0.815278
    hausdorff_95                     0.035875
    normal_consistency               0.783036
    edge_logratio_absmean            0.152366
    tri_quality_mean                 0.748175
    deform_mag_mean                  0.004759
    midline_dev_mean                 0.019316
    part_leg_distal_dist_mean        0.014859
    part_leg_dist_mean               0.013325
    part_body_dist_mean              0.012948
