=== seed 2: N=50, full D1 recipe ===
Tue Aug 18 07:59:56 2026       
+-----------------------------------------------------------------------------------------+
| NVIDIA-SMI 580.178.04             Driver Version: 580.178.04     CUDA Version: 13.0     |
+-----------------------------------------+------------------------+----------------------+
| GPU  Name                 Persistence-M | Bus-Id          Disp.A | Volatile Uncorr. ECC |
| Fan  Temp   Perf          Pwr:Usage/Cap |           Memory-Usage | GPU-Util  Compute M. |
|                                         |                        |               MIG M. |
|=========================================+========================+======================|
|   0  NVIDIA H100                    On  |   00000000:1B:00.0 Off |                    0 |
| N/A   42C    P0             72W /  600W |       0MiB /  95830MiB |      0%      Default |
|                                         |                        |             Disabled |
+-----------------------------------------+------------------------+----------------------+

+-----------------------------------------------------------------------------------------+
| Processes:                                                                              |
|  GPU   GI   CI              PID   Type   Process name                        GPU Memory |
|        ID   ID                                                               Usage      |
|=========================================================================================|
|  No running processes found                                                             |
+-----------------------------------------------------------------------------------------+
=== hierarchical placement, seed=2 (full budget) ===
[hier] 50 meshes
50 target meshes loaded.
[hier] anatomical groups (template vertices): {'body': 5526, 'l1_l': 753, 'l1_r': 756, 'l2_l': 669, 'l2_r': 669, 'l3_l': 931, 'l3_r': 931}
[hier] 7 groups: ['body', 'l1_l', 'l1_r', 'l2_l', 'l2_r', 'l3_l', 'l3_r']
[hier] body stage moves ['body'], leg stage moves 6 leg groups
/home/nao48500/miniforge3/envs/pytorch3d/lib/python3.10/site-packages/pytorch3d/ops/laplacian_matrices.py:51: UserWarning: torch.sparse.SparseTensor(indices, values, shape, *, device=) is deprecated.  Please use torch.sparse_coo_tensor(indices, values, shape, dtype=, device=). (Triggered internally at /opt/conda/conda-bld/pytorch_1716905971132/work/torch/csrc/utils/tensor_new.cpp:621.)
  A = torch.sparse.FloatTensor(idx, ones, (V, V))
    [H0_body]    0/900 loss=0.021477  chamfer=0.02147  edge=0.00000  lap=0.00142  sym=0.00000  limit=0.00000  mid=0.00000
    [H0_body]  100/900 loss=0.010642  chamfer=0.00852  edge=0.03881  lap=0.00163  sym=0.00011  limit=0.00000  mid=0.00006
    [H0_body]  200/900 loss=0.010150  chamfer=0.00788  edge=0.04168  lap=0.00161  sym=0.00010  limit=0.00000  mid=0.00006
    [H0_body]  300/900 loss=0.009981  chamfer=0.00768  edge=0.04226  lap=0.00160  sym=0.00010  limit=0.00000  mid=0.00006
    [H0_body]  400/900 loss=0.009892  chamfer=0.00759  edge=0.04235  lap=0.00160  sym=0.00010  limit=0.00000  mid=0.00006
    [H0_body]  500/900 loss=0.009852  chamfer=0.00754  edge=0.04253  lap=0.00159  sym=0.00010  limit=0.00000  mid=0.00006
    [H0_body]  600/900 loss=0.009833  chamfer=0.00752  edge=0.04266  lap=0.00159  sym=0.00010  limit=0.00000  mid=0.00006
    [H0_body]  700/900 loss=0.009819  chamfer=0.00750  edge=0.04276  lap=0.00159  sym=0.00010  limit=0.00000  mid=0.00006
    [H0_body]  800/900 loss=0.009821  chamfer=0.00750  edge=0.04279  lap=0.00159  sym=0.00010  limit=0.00000  mid=0.00006
    [H0_body]  899/900 loss=0.009816  chamfer=0.00750  edge=0.04280  lap=0.00159  sym=0.00010  limit=0.00000  mid=0.00006
    [H1_legs]    0/1200 loss=0.021228  chamfer=0.01891  edge=0.04280  lap=0.00159  sym=0.00010  limit=0.00000  mid=0.00006
    [H1_legs]  100/1200 loss=0.009676  chamfer=0.00762  edge=0.03827  lap=0.00161  sym=0.00011  limit=0.00001  mid=0.00004  churn=0.037
    [H1_legs]  200/1200 loss=0.008876  chamfer=0.00692  edge=0.03651  lap=0.00161  sym=0.00009  limit=0.00001  mid=0.00004  churn=0.023
    [H1_legs]  300/1200 loss=0.008577  chamfer=0.00668  edge=0.03545  lap=0.00162  sym=0.00008  limit=0.00000  mid=0.00004  churn=0.018
    [H1_legs]  400/1200 loss=0.008448  chamfer=0.00657  edge=0.03513  lap=0.00162  sym=0.00008  limit=0.00000  mid=0.00004  churn=0.013
    [H1_legs]  500/1200 loss=0.008249  chamfer=0.00641  edge=0.03449  lap=0.00162  sym=0.00007  limit=0.00001  mid=0.00004  churn=0.010
    [H1_legs]  600/1200 loss=0.008210  chamfer=0.00639  edge=0.03417  lap=0.00162  sym=0.00007  limit=0.00000  mid=0.00004  churn=0.011
    [H1_legs]  700/1200 loss=0.008163  chamfer=0.00635  edge=0.03395  lap=0.00162  sym=0.00007  limit=0.00000  mid=0.00004  churn=0.009
    [H1_legs]  800/1200 loss=0.008117  chamfer=0.00631  edge=0.03389  lap=0.00163  sym=0.00007  limit=0.00000  mid=0.00004  churn=0.009
    [H1_legs]  900/1200 loss=0.008081  chamfer=0.00628  edge=0.03379  lap=0.00163  sym=0.00007  limit=0.00000  mid=0.00004  churn=0.007
    [H1_legs] 1000/1200 loss=0.008078  chamfer=0.00629  edge=0.03359  lap=0.00163  sym=0.00007  limit=0.00000  mid=0.00004  churn=0.007
    [H1_legs] 1100/1200 loss=0.008082  chamfer=0.00629  edge=0.03367  lap=0.00163  sym=0.00007  limit=0.00000  mid=0.00004  churn=0.006
    [H1_legs] 1199/1200 loss=0.008047  chamfer=0.00625  edge=0.03368  lap=0.00163  sym=0.00007  limit=0.00000  mid=0.00004  churn=0.004
    [H1_legs] partition churn: first 0.063 last 0.004 mean 0.015   (falling churn => the data term is settling)
    [H2_joint]    0/900 loss=0.008061  chamfer=0.00626  edge=0.03368  lap=0.00163  sym=0.00007  limit=0.00000  mid=0.00004
    [H2_joint]  100/900 loss=0.007938  chamfer=0.00625  edge=0.03262  lap=0.00161  sym=0.00006  limit=0.00000  mid=0.00001  churn=0.011
    [H2_joint]  200/900 loss=0.007887  chamfer=0.00623  edge=0.03217  lap=0.00161  sym=0.00006  limit=0.00000  mid=0.00001  churn=0.011
    [H2_joint]  300/900 loss=0.007844  chamfer=0.00619  edge=0.03205  lap=0.00162  sym=0.00006  limit=0.00000  mid=0.00001  churn=0.009
    [H2_joint]  400/900 loss=0.007803  chamfer=0.00616  edge=0.03179  lap=0.00161  sym=0.00006  limit=0.00000  mid=0.00001  churn=0.009
    [H2_joint]  500/900 loss=0.007842  chamfer=0.00619  edge=0.03214  lap=0.00162  sym=0.00006  limit=0.00000  mid=0.00000  churn=0.008
    [H2_joint]  600/900 loss=0.007820  chamfer=0.00618  edge=0.03187  lap=0.00161  sym=0.00006  limit=0.00000  mid=0.00000  churn=0.008
    [H2_joint]  700/900 loss=0.007763  chamfer=0.00611  edge=0.03212  lap=0.00162  sym=0.00006  limit=0.00000  mid=0.00000  churn=0.007
    [H2_joint]  800/900 loss=0.007811  chamfer=0.00615  edge=0.03214  lap=0.00162  sym=0.00006  limit=0.00000  mid=0.00000  churn=0.006
    [H2_joint]  899/900 loss=0.007783  chamfer=0.00612  edge=0.03221  lap=0.00162  sym=0.00006  limit=0.00000  mid=0.00000  churn=0.005
    [H2_joint] partition churn: first 0.012 last 0.005 mean 0.008   (falling churn => the data term is settling)
    [H3_deform]    0/600 loss=0.007795  chamfer=0.00614  edge=0.03221  lap=0.00162  sym=0.00006  mid=0.00000  off=0.00000
    [H3_deform]  100/600 loss=0.006663  chamfer=0.00514  edge=0.02418  lap=0.00166  sym=0.00008  mid=0.00000  off=0.00001  churn=0.016
    [H3_deform]  200/600 loss=0.006599  chamfer=0.00499  edge=0.02521  lap=0.00167  sym=0.00008  mid=0.00000  off=0.00001  churn=0.011
    [H3_deform]  300/600 loss=0.006567  chamfer=0.00493  edge=0.02559  lap=0.00168  sym=0.00008  mid=0.00000  off=0.00001  churn=0.010
    [H3_deform]  400/600 loss=0.006568  chamfer=0.00492  edge=0.02570  lap=0.00168  sym=0.00008  mid=0.00000  off=0.00001  churn=0.008
    [H3_deform]  500/600 loss=0.006544  chamfer=0.00489  edge=0.02584  lap=0.00168  sym=0.00008  mid=0.00000  off=0.00001  churn=0.007
    [H3_deform]  599/600 loss=0.006483  chamfer=0.00483  edge=0.02575  lap=0.00168  sym=0.00008  mid=0.00000  off=0.00001  churn=0.007
    [H3_deform] partition churn: first 0.016 last 0.007 mean 0.010   (falling churn => the data term is settling)
[hier] done
=== moonshot D1_low handoff, seed=2 (full budget) ===
[moonshot] 50 meshes from /rwthfs/rz/cluster/home/nao48500/SMILify/diagnostics/d1_n50_evidence/mesh_set
50 target meshes loaded.
[moonshot] initialised pose/shape from diagnostics/d1_n50_evidence/runs/seed2/hier/H2_joint.npz
[moonshot] running 2 stages
    [Stage_2_deform_coarse] it    0/1000  loss=0.009368   chamfer=0.00812  edge=0.00024  normal=0.06254  laplacian=0.00162  offset=0.00000  sym=0.00006  mid=0.00000  scale=0.01331  limit=0.00000
    [Stage_2_deform_coarse] it   50/1000  loss=0.004156   chamfer=0.00199  edge=0.00047  normal=0.07006  laplacian=0.00395  offset=0.00015  sym=0.00008  mid=0.00000  scale=0.01110  limit=0.00140
    [Stage_2_deform_coarse] it  100/1000  loss=0.003549   chamfer=0.00163  edge=0.00051  normal=0.06697  laplacian=0.00388  offset=0.00012  sym=0.00005  mid=0.00000  scale=0.00929  limit=0.00117
    [Stage_2_deform_coarse] it  150/1000  loss=0.003311   chamfer=0.00152  edge=0.00053  normal=0.06686  laplacian=0.00390  offset=0.00011  sym=0.00004  mid=0.00000  scale=0.00783  limit=0.00104
    [Stage_2_deform_coarse] it  200/1000  loss=0.003153   chamfer=0.00145  edge=0.00054  normal=0.06753  laplacian=0.00394  offset=0.00011  sym=0.00004  mid=0.00000  scale=0.00663  limit=0.00096
    [Stage_2_deform_coarse] it  250/1000  loss=0.003034   chamfer=0.00139  edge=0.00055  normal=0.06786  laplacian=0.00398  offset=0.00010  sym=0.00004  mid=0.00000  scale=0.00562  limit=0.00090
    [Stage_2_deform_coarse] it  300/1000  loss=0.002950   chamfer=0.00136  edge=0.00056  normal=0.06853  laplacian=0.00402  offset=0.00010  sym=0.00003  mid=0.00000  scale=0.00477  limit=0.00086
    [Stage_2_deform_coarse] it  350/1000  loss=0.002876   chamfer=0.00133  edge=0.00057  normal=0.06911  laplacian=0.00406  offset=0.00009  sym=0.00003  mid=0.00000  scale=0.00405  limit=0.00085
    [Stage_2_deform_coarse] it  400/1000  loss=0.002819   chamfer=0.00131  edge=0.00057  normal=0.06963  laplacian=0.00409  offset=0.00009  sym=0.00003  mid=0.00000  scale=0.00343  limit=0.00084
    [Stage_2_deform_coarse] it  450/1000  loss=0.002771   chamfer=0.00129  edge=0.00058  normal=0.07008  laplacian=0.00411  offset=0.00009  sym=0.00003  mid=0.00000  scale=0.00291  limit=0.00084
    [Stage_2_deform_coarse] it  500/1000  loss=0.002729   chamfer=0.00128  edge=0.00058  normal=0.07060  laplacian=0.00414  offset=0.00009  sym=0.00003  mid=0.00000  scale=0.00246  limit=0.00084
    [Stage_2_deform_coarse] it  550/1000  loss=0.002683   chamfer=0.00125  edge=0.00059  normal=0.07080  laplacian=0.00416  offset=0.00009  sym=0.00003  mid=0.00000  scale=0.00208  limit=0.00084
    [Stage_2_deform_coarse] it  600/1000  loss=0.002655   chamfer=0.00125  edge=0.00059  normal=0.07100  laplacian=0.00417  offset=0.00008  sym=0.00003  mid=0.00000  scale=0.00175  limit=0.00084
    [Stage_2_deform_coarse] it  650/1000  loss=0.002620   chamfer=0.00123  edge=0.00060  normal=0.07083  laplacian=0.00418  offset=0.00008  sym=0.00003  mid=0.00000  scale=0.00148  limit=0.00084
    [Stage_2_deform_coarse] it  700/1000  loss=0.002597   chamfer=0.00122  edge=0.00060  normal=0.07091  laplacian=0.00419  offset=0.00008  sym=0.00003  mid=0.00000  scale=0.00124  limit=0.00083
    [Stage_2_deform_coarse] it  750/1000  loss=0.002576   chamfer=0.00121  edge=0.00060  normal=0.07182  laplacian=0.00422  offset=0.00008  sym=0.00003  mid=0.00000  scale=0.00104  limit=0.00082
    [Stage_2_deform_coarse] it  800/1000  loss=0.002559   chamfer=0.00121  edge=0.00061  normal=0.07171  laplacian=0.00423  offset=0.00008  sym=0.00003  mid=0.00000  scale=0.00088  limit=0.00081
    [Stage_2_deform_coarse] it  850/1000  loss=0.002541   chamfer=0.00119  edge=0.00061  normal=0.07215  laplacian=0.00424  offset=0.00008  sym=0.00003  mid=0.00000  scale=0.00073  limit=0.00080
    [Stage_2_deform_coarse] it  900/1000  loss=0.002533   chamfer=0.00119  edge=0.00061  normal=0.07230  laplacian=0.00425  offset=0.00008  sym=0.00003  mid=0.00000  scale=0.00061  limit=0.00079
    [Stage_2_deform_coarse] it  950/1000  loss=0.002508   chamfer=0.00117  edge=0.00061  normal=0.07251  laplacian=0.00426  offset=0.00008  sym=0.00003  mid=0.00000  scale=0.00051  limit=0.00078
    [Stage_2_deform_coarse] it  999/1000  loss=0.002500   chamfer=0.00118  edge=0.00061  normal=0.07188  laplacian=0.00425  offset=0.00008  sym=0.00003  mid=0.00000  scale=0.00043  limit=0.00078
    [Stage_3_deform_fine] it    0/1000  loss=0.001059   chamfer=0.00118  edge=0.00061  normal=0.07183  laplacian=0.00425  offset=0.00008  sym=0.00003  mid=0.00000  scale=0.00043  limit=0.00078
    [Stage_3_deform_fine] it   50/1000  loss=0.000993   chamfer=0.00109  edge=0.00065  normal=0.05861  laplacian=0.00428  offset=0.00008  sym=0.00001  mid=0.00000  scale=0.00037  limit=0.00060
    [Stage_3_deform_fine] it  100/1000  loss=0.000984   chamfer=0.00108  edge=0.00066  normal=0.05769  laplacian=0.00430  offset=0.00008  sym=0.00001  mid=0.00000  scale=0.00033  limit=0.00049
    [Stage_3_deform_fine] it  150/1000  loss=0.000977   chamfer=0.00107  edge=0.00067  normal=0.05750  laplacian=0.00433  offset=0.00008  sym=0.00001  mid=0.00000  scale=0.00029  limit=0.00041
    [Stage_3_deform_fine] it  200/1000  loss=0.000972   chamfer=0.00106  edge=0.00067  normal=0.05745  laplacian=0.00435  offset=0.00008  sym=0.00001  mid=0.00000  scale=0.00026  limit=0.00036
    [Stage_3_deform_fine] it  250/1000  loss=0.000970   chamfer=0.00106  edge=0.00067  normal=0.05763  laplacian=0.00436  offset=0.00008  sym=0.00001  mid=0.00000  scale=0.00023  limit=0.00033
    [Stage_3_deform_fine] it  300/1000  loss=0.000967   chamfer=0.00106  edge=0.00068  normal=0.05765  laplacian=0.00438  offset=0.00008  sym=0.00001  mid=0.00000  scale=0.00021  limit=0.00031
    [Stage_3_deform_fine] it  350/1000  loss=0.000964   chamfer=0.00105  edge=0.00068  normal=0.05764  laplacian=0.00439  offset=0.00008  sym=0.00001  mid=0.00000  scale=0.00019  limit=0.00029
    [Stage_3_deform_fine] it  400/1000  loss=0.000963   chamfer=0.00105  edge=0.00068  normal=0.05777  laplacian=0.00440  offset=0.00008  sym=0.00001  mid=0.00000  scale=0.00017  limit=0.00028
    [Stage_3_deform_fine] it  450/1000  loss=0.000961   chamfer=0.00105  edge=0.00068  normal=0.05778  laplacian=0.00441  offset=0.00008  sym=0.00001  mid=0.00000  scale=0.00015  limit=0.00027
    [Stage_3_deform_fine] it  500/1000  loss=0.000958   chamfer=0.00105  edge=0.00069  normal=0.05781  laplacian=0.00441  offset=0.00008  sym=0.00001  mid=0.00000  scale=0.00013  limit=0.00025
    [Stage_3_deform_fine] it  550/1000  loss=0.000956   chamfer=0.00104  edge=0.00069  normal=0.05793  laplacian=0.00442  offset=0.00008  sym=0.00001  mid=0.00000  scale=0.00012  limit=0.00025
    [Stage_3_deform_fine] it  600/1000  loss=0.000952   chamfer=0.00104  edge=0.00069  normal=0.05797  laplacian=0.00443  offset=0.00008  sym=0.00001  mid=0.00000  scale=0.00011  limit=0.00025
    [Stage_3_deform_fine] it  650/1000  loss=0.000954   chamfer=0.00104  edge=0.00069  normal=0.05800  laplacian=0.00443  offset=0.00008  sym=0.00001  mid=0.00000  scale=0.00010  limit=0.00024
    [Stage_3_deform_fine] it  700/1000  loss=0.000951   chamfer=0.00104  edge=0.00069  normal=0.05814  laplacian=0.00444  offset=0.00008  sym=0.00001  mid=0.00000  scale=0.00009  limit=0.00023
    [Stage_3_deform_fine] it  750/1000  loss=0.000951   chamfer=0.00104  edge=0.00069  normal=0.05799  laplacian=0.00444  offset=0.00008  sym=0.00001  mid=0.00000  scale=0.00008  limit=0.00023
    [Stage_3_deform_fine] it  800/1000  loss=0.000947   chamfer=0.00103  edge=0.00069  normal=0.05806  laplacian=0.00445  offset=0.00008  sym=0.00001  mid=0.00000  scale=0.00007  limit=0.00023
    [Stage_3_deform_fine] it  850/1000  loss=0.000948   chamfer=0.00104  edge=0.00069  normal=0.05806  laplacian=0.00445  offset=0.00008  sym=0.00001  mid=0.00000  scale=0.00006  limit=0.00023
    [Stage_3_deform_fine] it  900/1000  loss=0.000948   chamfer=0.00104  edge=0.00069  normal=0.05819  laplacian=0.00445  offset=0.00008  sym=0.00001  mid=0.00000  scale=0.00006  limit=0.00022
    [Stage_3_deform_fine] it  950/1000  loss=0.000947   chamfer=0.00103  edge=0.00070  normal=0.05841  laplacian=0.00446  offset=0.00008  sym=0.00001  mid=0.00000  scale=0.00005  limit=0.00022
    [Stage_3_deform_fine] it  999/1000  loss=0.000945   chamfer=0.00103  edge=0.00070  normal=0.05823  laplacian=0.00446  offset=0.00008  sym=0.00001  mid=0.00000  scale=0.00005  limit=0.00021
  eval 10/50
  eval 20/50
  eval 30/50
  eval 40/50
  eval 50/50
[moonshot] wrote diagnostics/d1_n50_evidence/runs/seed2/d1/metrics.csv

  ---- summary ----
    chamfer_l2                       0.000627
    fscore@0.01                      0.501453
    fscore@0.02                      0.816442
    hausdorff_95                     0.035407
    normal_consistency               0.783501
    edge_logratio_absmean            0.151937
    tri_quality_mean                 0.748671
    deform_mag_mean                  0.004759
    midline_dev_mean                 0.018153
    part_leg_distal_dist_mean        0.014853
    part_leg_dist_mean               0.013355
    part_body_dist_mean              0.012790
=== seed 2 DONE ===
