=== seed 0: N=50, full D1 recipe ===
Tue Aug 18 07:43:05 2026       
+-----------------------------------------------------------------------------------------+
| NVIDIA-SMI 580.178.04             Driver Version: 580.178.04     CUDA Version: 13.0     |
+-----------------------------------------+------------------------+----------------------+
| GPU  Name                 Persistence-M | Bus-Id          Disp.A | Volatile Uncorr. ECC |
| Fan  Temp   Perf          Pwr:Usage/Cap |           Memory-Usage | GPU-Util  Compute M. |
|                                         |                        |               MIG M. |
|=========================================+========================+======================|
|   0  NVIDIA H100                    On  |   00000000:1B:00.0 Off |                    0 |
| N/A   42C    P0             72W /  600W |       0MiB /  95830MiB |      0%      Default |
|                                         |                        |             Disabled |
+-----------------------------------------+------------------------+----------------------+

+-----------------------------------------------------------------------------------------+
| Processes:                                                                              |
|  GPU   GI   CI              PID   Type   Process name                        GPU Memory |
|        ID   ID                                                               Usage      |
|=========================================================================================|
|  No running processes found                                                             |
+-----------------------------------------------------------------------------------------+
=== hierarchical placement, seed=0 (full budget) ===
[hier] 50 meshes
50 target meshes loaded.
[hier] anatomical groups (template vertices): {'body': 5526, 'l1_l': 753, 'l1_r': 756, 'l2_l': 669, 'l2_r': 669, 'l3_l': 931, 'l3_r': 931}
[hier] 7 groups: ['body', 'l1_l', 'l1_r', 'l2_l', 'l2_r', 'l3_l', 'l3_r']
[hier] body stage moves ['body'], leg stage moves 6 leg groups
/home/nao48500/miniforge3/envs/pytorch3d/lib/python3.10/site-packages/pytorch3d/ops/laplacian_matrices.py:51: UserWarning: torch.sparse.SparseTensor(indices, values, shape, *, device=) is deprecated.  Please use torch.sparse_coo_tensor(indices, values, shape, dtype=, device=). (Triggered internally at /opt/conda/conda-bld/pytorch_1716905971132/work/torch/csrc/utils/tensor_new.cpp:621.)
  A = torch.sparse.FloatTensor(idx, ones, (V, V))
    [H0_body]    0/900 loss=0.021458  chamfer=0.02145  edge=0.00000  lap=0.00142  sym=0.00000  limit=0.00000  mid=0.00000
    [H0_body]  100/900 loss=0.010757  chamfer=0.00875  edge=0.03630  lap=0.00162  sym=0.00011  limit=0.00000  mid=0.00006
    [H0_body]  200/900 loss=0.010233  chamfer=0.00814  edge=0.03815  lap=0.00160  sym=0.00011  limit=0.00000  mid=0.00006
    [H0_body]  300/900 loss=0.010073  chamfer=0.00794  edge=0.03900  lap=0.00159  sym=0.00010  limit=0.00000  mid=0.00006
    [H0_body]  400/900 loss=0.009993  chamfer=0.00784  edge=0.03959  lap=0.00159  sym=0.00010  limit=0.00000  mid=0.00006
    [H0_body]  500/900 loss=0.009953  chamfer=0.00779  edge=0.03982  lap=0.00159  sym=0.00010  limit=0.00000  mid=0.00006
    [H0_body]  600/900 loss=0.009929  chamfer=0.00776  edge=0.04001  lap=0.00159  sym=0.00010  limit=0.00000  mid=0.00006
    [H0_body]  700/900 loss=0.009910  chamfer=0.00774  edge=0.04005  lap=0.00159  sym=0.00010  limit=0.00000  mid=0.00006
    [H0_body]  800/900 loss=0.009908  chamfer=0.00773  edge=0.04006  lap=0.00159  sym=0.00010  limit=0.00000  mid=0.00006
    [H0_body]  899/900 loss=0.009908  chamfer=0.00773  edge=0.04006  lap=0.00159  sym=0.00010  limit=0.00000  mid=0.00006
    [H1_legs]    0/1200 loss=0.020942  chamfer=0.01877  edge=0.04006  lap=0.00159  sym=0.00010  limit=0.00000  mid=0.00006
    [H1_legs]  100/1200 loss=0.009896  chamfer=0.00783  edge=0.03843  lap=0.00160  sym=0.00010  limit=0.00001  mid=0.00004  churn=0.036
    [H1_legs]  200/1200 loss=0.009172  chamfer=0.00716  edge=0.03763  lap=0.00161  sym=0.00009  limit=0.00001  mid=0.00004  churn=0.024
    [H1_legs]  300/1200 loss=0.008840  chamfer=0.00688  edge=0.03659  lap=0.00162  sym=0.00008  limit=0.00001  mid=0.00004  churn=0.017
    [H1_legs]  400/1200 loss=0.008616  chamfer=0.00670  edge=0.03571  lap=0.00162  sym=0.00008  limit=0.00003  mid=0.00004  churn=0.014
    [H1_legs]  500/1200 loss=0.008476  chamfer=0.00661  edge=0.03494  lap=0.00162  sym=0.00007  limit=0.00001  mid=0.00004  churn=0.012
    [H1_legs]  600/1200 loss=0.008441  chamfer=0.00659  edge=0.03463  lap=0.00162  sym=0.00007  limit=0.00000  mid=0.00004  churn=0.010
    [H1_legs]  700/1200 loss=0.008382  chamfer=0.00654  edge=0.03465  lap=0.00162  sym=0.00007  limit=0.00000  mid=0.00004  churn=0.010
    [H1_legs]  800/1200 loss=0.008368  chamfer=0.00653  edge=0.03446  lap=0.00163  sym=0.00007  limit=0.00000  mid=0.00004  churn=0.008
    [H1_legs]  900/1200 loss=0.008350  chamfer=0.00650  edge=0.03472  lap=0.00163  sym=0.00007  limit=0.00002  mid=0.00004  churn=0.008
    [H1_legs] 1000/1200 loss=0.008325  chamfer=0.00649  edge=0.03442  lap=0.00163  sym=0.00007  limit=0.00002  mid=0.00004  churn=0.007
    [H1_legs] 1100/1200 loss=0.008326  chamfer=0.00649  edge=0.03443  lap=0.00163  sym=0.00007  limit=0.00002  mid=0.00004  churn=0.005
    [H1_legs] 1199/1200 loss=0.008288  chamfer=0.00645  edge=0.03446  lap=0.00163  sym=0.00007  limit=0.00002  mid=0.00004  churn=0.005
    [H1_legs] partition churn: first 0.062 last 0.005 mean 0.015   (falling churn => the data term is settling)
    [H2_joint]    0/900 loss=0.008281  chamfer=0.00644  edge=0.03446  lap=0.00163  sym=0.00007  limit=0.00002  mid=0.00004
    [H2_joint]  100/900 loss=0.008089  chamfer=0.00638  edge=0.03297  lap=0.00162  sym=0.00007  limit=0.00000  mid=0.00001  churn=0.011
    [H2_joint]  200/900 loss=0.007981  chamfer=0.00630  edge=0.03247  lap=0.00161  sym=0.00007  limit=0.00001  mid=0.00001  churn=0.010
    [H2_joint]  300/900 loss=0.007972  chamfer=0.00632  edge=0.03206  lap=0.00161  sym=0.00007  limit=0.00000  mid=0.00001  churn=0.009
    [H2_joint]  400/900 loss=0.007967  chamfer=0.00630  edge=0.03230  lap=0.00161  sym=0.00007  limit=0.00000  mid=0.00001  churn=0.009
    [H2_joint]  500/900 loss=0.007952  chamfer=0.00630  edge=0.03205  lap=0.00161  sym=0.00007  limit=0.00000  mid=0.00001  churn=0.008
    [H2_joint]  600/900 loss=0.007942  chamfer=0.00629  edge=0.03192  lap=0.00161  sym=0.00007  limit=0.00000  mid=0.00001  churn=0.007
    [H2_joint]  700/900 loss=0.007923  chamfer=0.00626  edge=0.03218  lap=0.00161  sym=0.00007  limit=0.00000  mid=0.00001  churn=0.007
    [H2_joint]  800/900 loss=0.007911  chamfer=0.00625  edge=0.03205  lap=0.00161  sym=0.00007  limit=0.00000  mid=0.00001  churn=0.006
    [H2_joint]  899/900 loss=0.007917  chamfer=0.00626  edge=0.03200  lap=0.00161  sym=0.00007  limit=0.00000  mid=0.00001  churn=0.005
    [H2_joint] partition churn: first 0.012 last 0.005 mean 0.008   (falling churn => the data term is settling)
    [H3_deform]    0/600 loss=0.007924  chamfer=0.00627  edge=0.03200  lap=0.00161  sym=0.00007  mid=0.00001  off=0.00000
    [H3_deform]  100/600 loss=0.006734  chamfer=0.00520  edge=0.02423  lap=0.00167  sym=0.00009  mid=0.00000  off=0.00001  churn=0.016
    [H3_deform]  200/600 loss=0.006670  chamfer=0.00506  edge=0.02499  lap=0.00168  sym=0.00009  mid=0.00000  off=0.00001  churn=0.011
    [H3_deform]  300/600 loss=0.006630  chamfer=0.00501  edge=0.02516  lap=0.00168  sym=0.00009  mid=0.00000  off=0.00001  churn=0.010
    [H3_deform]  400/600 loss=0.006608  chamfer=0.00497  edge=0.02526  lap=0.00168  sym=0.00009  mid=0.00000  off=0.00001  churn=0.008
    [H3_deform]  500/600 loss=0.006616  chamfer=0.00498  edge=0.02525  lap=0.00168  sym=0.00009  mid=0.00000  off=0.00001  churn=0.007
    [H3_deform]  599/600 loss=0.006556  chamfer=0.00493  edge=0.02519  lap=0.00168  sym=0.00009  mid=0.00000  off=0.00001  churn=0.007
    [H3_deform] partition churn: first 0.016 last 0.007 mean 0.010   (falling churn => the data term is settling)
[hier] done
=== moonshot D1_low handoff, seed=0 (full budget) ===
[moonshot] 50 meshes from /rwthfs/rz/cluster/home/nao48500/SMILify/diagnostics/d1_n50_evidence/mesh_set
50 target meshes loaded.
[moonshot] initialised pose/shape from diagnostics/d1_n50_evidence/runs/seed0/hier/H2_joint.npz
[moonshot] running 2 stages
    [Stage_2_deform_coarse] it    0/1000  loss=0.009568   chamfer=0.00814  edge=0.00024  normal=0.06310  laplacian=0.00161  offset=0.00000  sym=0.00007  mid=0.00001  scale=0.01663  limit=0.00000
    [Stage_2_deform_coarse] it   50/1000  loss=0.004387   chamfer=0.00206  edge=0.00047  normal=0.07056  laplacian=0.00398  offset=0.00016  sym=0.00008  mid=0.00000  scale=0.01378  limit=0.00152
    [Stage_2_deform_coarse] it  100/1000  loss=0.003739   chamfer=0.00167  edge=0.00051  normal=0.06746  laplacian=0.00392  offset=0.00013  sym=0.00005  mid=0.00000  scale=0.01144  limit=0.00127
    [Stage_2_deform_coarse] it  150/1000  loss=0.003474   chamfer=0.00155  edge=0.00053  normal=0.06775  laplacian=0.00395  offset=0.00012  sym=0.00004  mid=0.00000  scale=0.00957  limit=0.00112
    [Stage_2_deform_coarse] it  200/1000  loss=0.003301   chamfer=0.00149  edge=0.00054  normal=0.06821  laplacian=0.00399  offset=0.00011  sym=0.00004  mid=0.00000  scale=0.00803  limit=0.00103
    [Stage_2_deform_coarse] it  250/1000  loss=0.003176   chamfer=0.00144  edge=0.00056  normal=0.06870  laplacian=0.00403  offset=0.00011  sym=0.00004  mid=0.00000  scale=0.00676  limit=0.00099
    [Stage_2_deform_coarse] it  300/1000  loss=0.003076   chamfer=0.00141  edge=0.00057  normal=0.06942  laplacian=0.00407  offset=0.00010  sym=0.00004  mid=0.00000  scale=0.00571  limit=0.00096
    [Stage_2_deform_coarse] it  350/1000  loss=0.002989   chamfer=0.00137  edge=0.00057  normal=0.06982  laplacian=0.00411  offset=0.00010  sym=0.00004  mid=0.00000  scale=0.00482  limit=0.00094
    [Stage_2_deform_coarse] it  400/1000  loss=0.002905   chamfer=0.00134  edge=0.00058  normal=0.06999  laplacian=0.00413  offset=0.00009  sym=0.00003  mid=0.00000  scale=0.00407  limit=0.00093
    [Stage_2_deform_coarse] it  450/1000  loss=0.002854   chamfer=0.00132  edge=0.00059  normal=0.07063  laplacian=0.00417  offset=0.00009  sym=0.00003  mid=0.00000  scale=0.00344  limit=0.00091
    [Stage_2_deform_coarse] it  500/1000  loss=0.002795   chamfer=0.00129  edge=0.00059  normal=0.07111  laplacian=0.00419  offset=0.00009  sym=0.00003  mid=0.00000  scale=0.00290  limit=0.00090
    [Stage_2_deform_coarse] it  550/1000  loss=0.002760   chamfer=0.00129  edge=0.00060  normal=0.07154  laplacian=0.00422  offset=0.00009  sym=0.00003  mid=0.00000  scale=0.00245  limit=0.00087
    [Stage_2_deform_coarse] it  600/1000  loss=0.002716   chamfer=0.00127  edge=0.00061  normal=0.07176  laplacian=0.00423  offset=0.00009  sym=0.00003  mid=0.00000  scale=0.00207  limit=0.00085
    [Stage_2_deform_coarse] it  650/1000  loss=0.002678   chamfer=0.00125  edge=0.00061  normal=0.07227  laplacian=0.00425  offset=0.00009  sym=0.00003  mid=0.00000  scale=0.00174  limit=0.00083
    [Stage_2_deform_coarse] it  700/1000  loss=0.002660   chamfer=0.00125  edge=0.00061  normal=0.07240  laplacian=0.00427  offset=0.00008  sym=0.00003  mid=0.00000  scale=0.00147  limit=0.00080
    [Stage_2_deform_coarse] it  750/1000  loss=0.002634   chamfer=0.00124  edge=0.00062  normal=0.07225  laplacian=0.00428  offset=0.00008  sym=0.00003  mid=0.00000  scale=0.00123  limit=0.00077
    [Stage_2_deform_coarse] it  800/1000  loss=0.002606   chamfer=0.00122  edge=0.00062  normal=0.07216  laplacian=0.00428  offset=0.00008  sym=0.00003  mid=0.00000  scale=0.00104  limit=0.00075
    [Stage_2_deform_coarse] it  850/1000  loss=0.002590   chamfer=0.00122  edge=0.00062  normal=0.07243  laplacian=0.00429  offset=0.00008  sym=0.00003  mid=0.00000  scale=0.00087  limit=0.00072
    [Stage_2_deform_coarse] it  900/1000  loss=0.002571   chamfer=0.00121  edge=0.00062  normal=0.07247  laplacian=0.00430  offset=0.00008  sym=0.00003  mid=0.00000  scale=0.00073  limit=0.00069
    [Stage_2_deform_coarse] it  950/1000  loss=0.002557   chamfer=0.00120  edge=0.00063  normal=0.07225  laplacian=0.00431  offset=0.00008  sym=0.00003  mid=0.00000  scale=0.00061  limit=0.00066
    [Stage_2_deform_coarse] it  999/1000  loss=0.002543   chamfer=0.00120  edge=0.00063  normal=0.07238  laplacian=0.00432  offset=0.00008  sym=0.00003  mid=0.00000  scale=0.00051  limit=0.00064
    [Stage_3_deform_fine] it    0/1000  loss=0.001079   chamfer=0.00120  edge=0.00063  normal=0.07250  laplacian=0.00432  offset=0.00008  sym=0.00003  mid=0.00000  scale=0.00051  limit=0.00064
    [Stage_3_deform_fine] it   50/1000  loss=0.001012   chamfer=0.00111  edge=0.00067  normal=0.05901  laplacian=0.00435  offset=0.00009  sym=0.00001  mid=0.00000  scale=0.00044  limit=0.00046
    [Stage_3_deform_fine] it  100/1000  loss=0.001003   chamfer=0.00110  edge=0.00068  normal=0.05813  laplacian=0.00437  offset=0.00009  sym=0.00001  mid=0.00000  scale=0.00039  limit=0.00035
    [Stage_3_deform_fine] it  150/1000  loss=0.000996   chamfer=0.00109  edge=0.00068  normal=0.05792  laplacian=0.00440  offset=0.00009  sym=0.00001  mid=0.00000  scale=0.00035  limit=0.00029
    [Stage_3_deform_fine] it  200/1000  loss=0.000994   chamfer=0.00108  edge=0.00069  normal=0.05804  laplacian=0.00442  offset=0.00009  sym=0.00001  mid=0.00000  scale=0.00031  limit=0.00024
    [Stage_3_deform_fine] it  250/1000  loss=0.000990   chamfer=0.00108  edge=0.00069  normal=0.05812  laplacian=0.00444  offset=0.00009  sym=0.00001  mid=0.00000  scale=0.00028  limit=0.00021
    [Stage_3_deform_fine] it  300/1000  loss=0.000987   chamfer=0.00108  edge=0.00070  normal=0.05815  laplacian=0.00445  offset=0.00009  sym=0.00001  mid=0.00000  scale=0.00025  limit=0.00017
    [Stage_3_deform_fine] it  350/1000  loss=0.000981   chamfer=0.00107  edge=0.00070  normal=0.05809  laplacian=0.00446  offset=0.00008  sym=0.00001  mid=0.00000  scale=0.00022  limit=0.00015
    [Stage_3_deform_fine] it  400/1000  loss=0.000981   chamfer=0.00107  edge=0.00070  normal=0.05827  laplacian=0.00447  offset=0.00008  sym=0.00001  mid=0.00000  scale=0.00020  limit=0.00013
    [Stage_3_deform_fine] it  450/1000  loss=0.000980   chamfer=0.00107  edge=0.00070  normal=0.05821  laplacian=0.00448  offset=0.00008  sym=0.00001  mid=0.00000  scale=0.00018  limit=0.00012
    [Stage_3_deform_fine] it  500/1000  loss=0.000976   chamfer=0.00106  edge=0.00070  normal=0.05832  laplacian=0.00449  offset=0.00008  sym=0.00001  mid=0.00000  scale=0.00016  limit=0.00012
    [Stage_3_deform_fine] it  550/1000  loss=0.000977   chamfer=0.00107  edge=0.00071  normal=0.05834  laplacian=0.00450  offset=0.00008  sym=0.00001  mid=0.00000  scale=0.00015  limit=0.00011
    [Stage_3_deform_fine] it  600/1000  loss=0.000972   chamfer=0.00106  edge=0.00071  normal=0.05837  laplacian=0.00450  offset=0.00008  sym=0.00001  mid=0.00000  scale=0.00013  limit=0.00010
    [Stage_3_deform_fine] it  650/1000  loss=0.000971   chamfer=0.00106  edge=0.00071  normal=0.05861  laplacian=0.00451  offset=0.00008  sym=0.00001  mid=0.00000  scale=0.00012  limit=0.00010
    [Stage_3_deform_fine] it  700/1000  loss=0.000968   chamfer=0.00106  edge=0.00071  normal=0.05872  laplacian=0.00452  offset=0.00008  sym=0.00001  mid=0.00000  scale=0.00011  limit=0.00010
    [Stage_3_deform_fine] it  750/1000  loss=0.000969   chamfer=0.00106  edge=0.00071  normal=0.05862  laplacian=0.00452  offset=0.00008  sym=0.00001  mid=0.00000  scale=0.00010  limit=0.00009
    [Stage_3_deform_fine] it  800/1000  loss=0.000968   chamfer=0.00106  edge=0.00071  normal=0.05863  laplacian=0.00453  offset=0.00008  sym=0.00001  mid=0.00000  scale=0.00009  limit=0.00008
    [Stage_3_deform_fine] it  850/1000  loss=0.000968   chamfer=0.00106  edge=0.00071  normal=0.05868  laplacian=0.00453  offset=0.00008  sym=0.00001  mid=0.00000  scale=0.00008  limit=0.00008
    [Stage_3_deform_fine] it  900/1000  loss=0.000964   chamfer=0.00105  edge=0.00071  normal=0.05867  laplacian=0.00454  offset=0.00008  sym=0.00001  mid=0.00000  scale=0.00007  limit=0.00008
    [Stage_3_deform_fine] it  950/1000  loss=0.000965   chamfer=0.00106  edge=0.00072  normal=0.05865  laplacian=0.00454  offset=0.00008  sym=0.00001  mid=0.00000  scale=0.00006  limit=0.00007
    [Stage_3_deform_fine] it  999/1000  loss=0.000961   chamfer=0.00105  edge=0.00072  normal=0.05860  laplacian=0.00454  offset=0.00008  sym=0.00001  mid=0.00000  scale=0.00006  limit=0.00007
  eval 10/50
  eval 20/50
  eval 30/50
  eval 40/50
  eval 50/50
[moonshot] wrote diagnostics/d1_n50_evidence/runs/seed0/d1/metrics.csv

  ---- summary ----
    chamfer_l2                       0.000644
    fscore@0.01                      0.498351
    fscore@0.02                      0.813532
    hausdorff_95                     0.036318
    normal_consistency               0.780436
    edge_logratio_absmean            0.152834
    tri_quality_mean                 0.746253
    deform_mag_mean                  0.004816
    midline_dev_mean                 0.019029
    part_leg_distal_dist_mean        0.015101
    part_leg_dist_mean               0.013264
    part_body_dist_mean              0.012997
=== seed 0 DONE ===
