Tue Aug 18 07:07:04 2026       
+-----------------------------------------------------------------------------------------+
| NVIDIA-SMI 580.178.04             Driver Version: 580.178.04     CUDA Version: 13.0     |
+-----------------------------------------+------------------------+----------------------+
| GPU  Name                 Persistence-M | Bus-Id          Disp.A | Volatile Uncorr. ECC |
| Fan  Temp   Perf          Pwr:Usage/Cap |           Memory-Usage | GPU-Util  Compute M. |
|                                         |                        |               MIG M. |
|=========================================+========================+======================|
|   0  NVIDIA H100                    On  |   00000000:AD:00.0 Off |                    0 |
| N/A   46C    P0             72W /  600W |       0MiB /  95830MiB |      0%      Default |
|                                         |                        |             Disabled |
+-----------------------------------------+------------------------+----------------------+

+-----------------------------------------------------------------------------------------+
| Processes:                                                                              |
|  GPU   GI   CI              PID   Type   Process name                        GPU Memory |
|        ID   ID                                                               Usage      |
|=========================================================================================|
|  No running processes found                                                             |
+-----------------------------------------------------------------------------------------+
=== smoke hier N=50 (tiny its, timed, watch peak memory) ===
[hier] 50 meshes
50 target meshes loaded.
[hier] anatomical groups (template vertices): {'body': 5526, 'l1_l': 753, 'l1_r': 756, 'l2_l': 669, 'l2_r': 669, 'l3_l': 931, 'l3_r': 931}
[hier] 7 groups: ['body', 'l1_l', 'l1_r', 'l2_l', 'l2_r', 'l3_l', 'l3_r']
[hier] body stage moves ['body'], leg stage moves 6 leg groups
/home/nao48500/miniforge3/envs/pytorch3d/lib/python3.10/site-packages/pytorch3d/ops/laplacian_matrices.py:51: UserWarning: torch.sparse.SparseTensor(indices, values, shape, *, device=) is deprecated.  Please use torch.sparse_coo_tensor(indices, values, shape, dtype=, device=). (Triggered internally at /opt/conda/conda-bld/pytorch_1716905971132/work/torch/csrc/utils/tensor_new.cpp:621.)
  A = torch.sparse.FloatTensor(idx, ones, (V, V))
    [H0_body]    0/20 loss=0.021458  chamfer=0.02145  edge=0.00000  lap=0.00142  sym=0.00000  limit=0.00000  mid=0.00000
    [H0_body]   19/20 loss=0.014626  chamfer=0.01289  edge=0.03124  lap=0.00170  sym=0.00016  limit=0.00000  mid=0.00004
    [H1_legs]    0/20 loss=0.044954  chamfer=0.04322  edge=0.03122  lap=0.00170  sym=0.00016  limit=0.00000  mid=0.00004
    [H1_legs]   19/20 loss=0.024955  chamfer=0.02181  edge=0.05730  lap=0.00177  sym=0.00033  limit=0.00000  mid=0.00005
    [H2_joint]    0/20 loss=0.024714  chamfer=0.02157  edge=0.05728  lap=0.00177  sym=0.00033  limit=0.00000  mid=0.00005
    [H2_joint]   19/20 loss=0.019588  chamfer=0.01693  edge=0.04802  lap=0.00173  sym=0.00033  limit=0.00000  mid=0.00004
    [H3_deform]    0/10 loss=0.019423  chamfer=0.01676  edge=0.04801  lap=0.00173  sym=0.00033  mid=0.00004  off=0.00000
    [H3_deform]    9/10 loss=0.017526  chamfer=0.01563  edge=0.03216  lap=0.00173  sym=0.00034  mid=0.00004  off=0.00000
[hier] done

real	0m59.799s
user	2m2.333s
sys	1m1.205s
=== peak GPU mem during hier smoke ===
2849 MiB
=== smoke moonshot D1_low N=50 (check it starts, 60s) ===
[moonshot] 50 meshes from /rwthfs/rz/cluster/home/nao48500/SMILify/diagnostics/d1_n50_evidence/mesh_set
50 target meshes loaded.
[moonshot] initialised pose/shape from /tmp/d1_n50_smoke_out/hier/H2_joint.npz
[moonshot] running 2 stages
    [Stage_2_deform_coarse] it    0/1000  loss=0.017298   chamfer=0.01649  edge=0.00022  normal=0.07273  laplacian=0.00173  offset=0.00000  sym=0.00033  mid=0.00004  limit=0.00000
    [Stage_2_deform_coarse] it   50/1000  loss=0.005323   chamfer=0.00306  edge=0.00053  normal=0.08280  laplacian=0.00476  offset=0.00024  sym=0.00036  mid=0.00000  limit=0.00007
    [Stage_2_deform_coarse] it  100/1000  loss=0.004084   chamfer=0.00212  edge=0.00060  normal=0.07653  laplacian=0.00460  offset=0.00019  sym=0.00016  mid=0.00000  limit=0.00008
    [Stage_2_deform_coarse] it  150/1000  loss=0.003668   chamfer=0.00186  edge=0.00061  normal=0.07461  laplacian=0.00451  offset=0.00017  sym=0.00011  mid=0.00000  limit=0.00014
    [Stage_2_deform_coarse] it  200/1000  loss=0.003461   chamfer=0.00173  edge=0.00062  normal=0.07462  laplacian=0.00449  offset=0.00015  sym=0.00008  mid=0.00000  limit=0.00019
    [Stage_2_deform_coarse] it  250/1000  loss=0.003312   chamfer=0.00164  edge=0.00063  normal=0.07368  laplacian=0.00448  offset=0.00014  sym=0.00007  mid=0.00000  limit=0.00024
    [Stage_2_deform_coarse] it  300/1000  loss=0.003214   chamfer=0.00158  edge=0.00064  normal=0.07380  laplacian=0.00449  offset=0.00013  sym=0.00006  mid=0.00000  limit=0.00027
    [Stage_2_deform_coarse] it  350/1000  loss=0.003149   chamfer=0.00154  edge=0.00064  normal=0.07454  laplacian=0.00451  offset=0.00013  sym=0.00006  mid=0.00000  limit=0.00029
    [Stage_2_deform_coarse] it  400/1000  loss=0.003092   chamfer=0.00150  edge=0.00065  normal=0.07455  laplacian=0.00452  offset=0.00012  sym=0.00005  mid=0.00000  limit=0.00031
SMOKE DONE
