[hier] 10 meshes
10 target meshes loaded.
[hier] anatomical groups (template vertices): {'body': 5526, 'l1_l': 753, 'l1_r': 756, 'l2_l': 669, 'l2_r': 669, 'l3_l': 931, 'l3_r': 931}
[hier] 7 groups: ['body', 'l1_l', 'l1_r', 'l2_l', 'l2_r', 'l3_l', 'l3_r']
[hier] body stage moves ['body'], leg stage moves 6 leg groups
/home/nao48500/miniforge3/envs/pytorch3d/lib/python3.10/site-packages/pytorch3d/ops/laplacian_matrices.py:51: UserWarning: torch.sparse.SparseTensor(indices, values, shape, *, device=) is deprecated.  Please use torch.sparse_coo_tensor(indices, values, shape, dtype=, device=). (Triggered internally at /opt/conda/conda-bld/pytorch_1716905971132/work/torch/csrc/utils/tensor_new.cpp:621.)
  A = torch.sparse.FloatTensor(idx, ones, (V, V))
    [H0_body]    0/900 loss=0.019459  chamfer=0.01945  edge=0.00000  lap=0.00142  sym=0.00000  limit=0.00000  mid=0.00000
    [H0_body]  100/900 loss=0.008482  chamfer=0.00645  edge=0.03468  lap=0.00160  sym=0.00015  limit=0.00000  mid=0.00011
    [H0_body]  200/900 loss=0.007963  chamfer=0.00585  edge=0.03607  lap=0.00158  sym=0.00014  limit=0.00000  mid=0.00011
    [H0_body]  300/900 loss=0.007882  chamfer=0.00575  edge=0.03640  lap=0.00157  sym=0.00014  limit=0.00000  mid=0.00012
    [H0_body]  400/900 loss=0.007830  chamfer=0.00568  edge=0.03691  lap=0.00157  sym=0.00014  limit=0.00000  mid=0.00012
    [H0_body]  500/900 loss=0.007803  chamfer=0.00564  edge=0.03712  lap=0.00157  sym=0.00014  limit=0.00000  mid=0.00011
    [H0_body]  600/900 loss=0.007827  chamfer=0.00567  edge=0.03713  lap=0.00157  sym=0.00014  limit=0.00000  mid=0.00011
    [H0_body]  700/900 loss=0.007774  chamfer=0.00561  edge=0.03716  lap=0.00157  sym=0.00014  limit=0.00000  mid=0.00011
    [H0_body]  800/900 loss=0.007772  chamfer=0.00561  edge=0.03715  lap=0.00157  sym=0.00014  limit=0.00000  mid=0.00011
    [H0_body]  899/900 loss=0.007774  chamfer=0.00562  edge=0.03714  lap=0.00157  sym=0.00014  limit=0.00000  mid=0.00011
    [H1_legs]    0/1200 loss=0.021421  chamfer=0.01926  edge=0.03714  lap=0.00157  sym=0.00014  limit=0.00000  mid=0.00011
    [H1_legs]  100/1200 loss=0.007573  chamfer=0.00575  edge=0.03200  lap=0.00157  sym=0.00012  limit=0.00001  mid=0.00007  churn=0.041
    [H1_legs]  200/1200 loss=0.006888  chamfer=0.00521  edge=0.02985  lap=0.00158  sym=0.00010  limit=0.00001  mid=0.00006  churn=0.023
    [H1_legs]  300/1200 loss=0.006701  chamfer=0.00510  edge=0.02864  lap=0.00158  sym=0.00009  limit=0.00001  mid=0.00006  churn=0.015
    [H1_legs]  400/1200 loss=0.006497  chamfer=0.00493  edge=0.02807  lap=0.00158  sym=0.00010  limit=0.00001  mid=0.00006  churn=0.011
    [H1_legs]  500/1200 loss=0.006358  chamfer=0.00479  edge=0.02794  lap=0.00158  sym=0.00010  limit=0.00001  mid=0.00005  churn=0.010
    [H1_legs]  600/1200 loss=0.006411  chamfer=0.00488  edge=0.02738  lap=0.00159  sym=0.00010  limit=0.00000  mid=0.00005  churn=0.008
    [H1_legs]  700/1200 loss=0.006255  chamfer=0.00472  edge=0.02738  lap=0.00159  sym=0.00009  limit=0.00000  mid=0.00005  churn=0.008
    [H1_legs]  800/1200 loss=0.006224  chamfer=0.00467  edge=0.02780  lap=0.00159  sym=0.00009  limit=0.00000  mid=0.00005  churn=0.008
    [H1_legs]  900/1200 loss=0.006164  chamfer=0.00462  edge=0.02768  lap=0.00159  sym=0.00010  limit=0.00000  mid=0.00005  churn=0.006
    [H1_legs] 1000/1200 loss=0.006185  chamfer=0.00463  edge=0.02783  lap=0.00159  sym=0.00009  limit=0.00000  mid=0.00005  churn=0.007
    [H1_legs] 1100/1200 loss=0.006208  chamfer=0.00465  edge=0.02787  lap=0.00159  sym=0.00009  limit=0.00000  mid=0.00005  churn=0.006
    [H1_legs] 1199/1200 loss=0.006220  chamfer=0.00466  edge=0.02791  lap=0.00159  sym=0.00009  limit=0.00000  mid=0.00005  churn=0.004
    [H1_legs] partition churn: first 0.070 last 0.004 mean 0.015   (falling churn => the data term is settling)
    [H2_joint]    0/900 loss=0.006176  chamfer=0.00462  edge=0.02791  lap=0.00159  sym=0.00009  limit=0.00000  mid=0.00005
    [H2_joint]  100/900 loss=0.006065  chamfer=0.00466  edge=0.02667  lap=0.00158  sym=0.00009  limit=0.00000  mid=0.00001  churn=0.011
    [H2_joint]  200/900 loss=0.005898  chamfer=0.00450  edge=0.02654  lap=0.00159  sym=0.00009  limit=0.00000  mid=0.00001  churn=0.009
    [H2_joint]  300/900 loss=0.005874  chamfer=0.00449  edge=0.02630  lap=0.00158  sym=0.00009  limit=0.00000  mid=0.00001  churn=0.008
    [H2_joint]  400/900 loss=0.005795  chamfer=0.00442  edge=0.02625  lap=0.00158  sym=0.00009  limit=0.00000  mid=0.00001  churn=0.008
    [H2_joint]  500/900 loss=0.005819  chamfer=0.00446  edge=0.02592  lap=0.00159  sym=0.00009  limit=0.00000  mid=0.00001  churn=0.007
    [H2_joint]  600/900 loss=0.005772  chamfer=0.00440  edge=0.02609  lap=0.00159  sym=0.00009  limit=0.00000  mid=0.00000  churn=0.007
    [H2_joint]  700/900 loss=0.005855  chamfer=0.00448  edge=0.02634  lap=0.00159  sym=0.00009  limit=0.00000  mid=0.00000  churn=0.007
    [H2_joint]  800/900 loss=0.005885  chamfer=0.00451  edge=0.02631  lap=0.00158  sym=0.00008  limit=0.00000  mid=0.00000  churn=0.007
    [H2_joint]  899/900 loss=0.005829  chamfer=0.00444  edge=0.02672  lap=0.00159  sym=0.00008  limit=0.00000  mid=0.00000  churn=0.006
    [H2_joint] partition churn: first 0.016 last 0.006 mean 0.009   (falling churn => the data term is settling)
    [H3_deform]    0/600 loss=0.005794  chamfer=0.00440  edge=0.02672  lap=0.00159  sym=0.00008  mid=0.00000  off=0.00000
    [H3_deform]  100/600 loss=0.004645  chamfer=0.00346  edge=0.01771  lap=0.00170  sym=0.00010  mid=0.00000  off=0.00001  churn=0.017
    [H3_deform]  200/600 loss=0.004553  chamfer=0.00331  edge=0.01838  lap=0.00172  sym=0.00009  mid=0.00000  off=0.00001  churn=0.011
    [H3_deform]  300/600 loss=0.004574  chamfer=0.00334  edge=0.01811  lap=0.00172  sym=0.00009  mid=0.00000  off=0.00001  churn=0.009
    [H3_deform]  400/600 loss=0.004530  chamfer=0.00326  edge=0.01859  lap=0.00172  sym=0.00009  mid=0.00000  off=0.00001  churn=0.007
    [H3_deform]  500/600 loss=0.004560  chamfer=0.00330  edge=0.01852  lap=0.00172  sym=0.00009  mid=0.00000  off=0.00001  churn=0.007
    [H3_deform]  599/600 loss=0.004510  chamfer=0.00325  edge=0.01853  lap=0.00172  sym=0.00009  mid=0.00000  off=0.00001  churn=0.007
    [H3_deform] partition churn: first 0.017 last 0.007 mean 0.010   (falling churn => the data term is settling)
[hier] done
