=== nvidia-smi ===
Mon Aug 17 21:06:28 2026       
+-----------------------------------------------------------------------------------------+
| NVIDIA-SMI 580.178.04             Driver Version: 580.178.04     CUDA Version: 13.0     |
+-----------------------------------------+------------------------+----------------------+
| GPU  Name                 Persistence-M | Bus-Id          Disp.A | Volatile Uncorr. ECC |
| Fan  Temp   Perf          Pwr:Usage/Cap |           Memory-Usage | GPU-Util  Compute M. |
|                                         |                        |               MIG M. |
|=========================================+========================+======================|
|   0  NVIDIA H100                    On  |   00000000:1B:00.0 Off |                    0 |
| N/A   42C    P0             69W /  600W |       0MiB /  95830MiB |      0%      Default |
|                                         |                        |             Disabled |
+-----------------------------------------+------------------------+----------------------+

+-----------------------------------------------------------------------------------------+
| Processes:                                                                              |
|  GPU   GI   CI              PID   Type   Process name                        GPU Memory |
|        ID   ID                                                               Usage      |
|=========================================================================================|
|  No running processes found                                                             |
+-----------------------------------------------------------------------------------------+
=== shared hierarchical placement (H0..H3, full budget) ===
[hier] 10 meshes
10 target meshes loaded.
[hier] anatomical groups (template vertices): {'body': 5526, 'l1_l': 753, 'l1_r': 756, 'l2_l': 669, 'l2_r': 669, 'l3_l': 931, 'l3_r': 931}
[hier] 7 groups: ['body', 'l1_l', 'l1_r', 'l2_l', 'l2_r', 'l3_l', 'l3_r']
[hier] body stage moves ['body'], leg stage moves 6 leg groups
/home/nao48500/miniforge3/envs/pytorch3d/lib/python3.10/site-packages/pytorch3d/ops/laplacian_matrices.py:51: UserWarning: torch.sparse.SparseTensor(indices, values, shape, *, device=) is deprecated.  Please use torch.sparse_coo_tensor(indices, values, shape, dtype=, device=). (Triggered internally at /opt/conda/conda-bld/pytorch_1716905971132/work/torch/csrc/utils/tensor_new.cpp:621.)
  A = torch.sparse.FloatTensor(idx, ones, (V, V))
    [H0_body]    0/900 loss=0.019459  chamfer=0.01945  edge=0.00000  lap=0.00142  sym=0.00000  limit=0.00000  mid=0.00000
    [H0_body]  100/900 loss=0.008482  chamfer=0.00645  edge=0.03468  lap=0.00160  sym=0.00015  limit=0.00000  mid=0.00011
    [H0_body]  200/900 loss=0.007963  chamfer=0.00585  edge=0.03607  lap=0.00158  sym=0.00014  limit=0.00000  mid=0.00011
    [H0_body]  300/900 loss=0.007882  chamfer=0.00575  edge=0.03640  lap=0.00157  sym=0.00014  limit=0.00000  mid=0.00012
    [H0_body]  400/900 loss=0.007830  chamfer=0.00568  edge=0.03691  lap=0.00157  sym=0.00014  limit=0.00000  mid=0.00012
    [H0_body]  500/900 loss=0.007803  chamfer=0.00564  edge=0.03712  lap=0.00157  sym=0.00014  limit=0.00000  mid=0.00011
    [H0_body]  600/900 loss=0.007827  chamfer=0.00567  edge=0.03713  lap=0.00157  sym=0.00014  limit=0.00000  mid=0.00011
    [H0_body]  700/900 loss=0.007774  chamfer=0.00561  edge=0.03716  lap=0.00157  sym=0.00014  limit=0.00000  mid=0.00011
    [H0_body]  800/900 loss=0.007772  chamfer=0.00561  edge=0.03715  lap=0.00157  sym=0.00014  limit=0.00000  mid=0.00011
    [H0_body]  899/900 loss=0.007774  chamfer=0.00562  edge=0.03714  lap=0.00157  sym=0.00014  limit=0.00000  mid=0.00011
    [H1_legs]    0/1200 loss=0.021421  chamfer=0.01926  edge=0.03714  lap=0.00157  sym=0.00014  limit=0.00000  mid=0.00011
    [H1_legs]  100/1200 loss=0.007573  chamfer=0.00575  edge=0.03200  lap=0.00157  sym=0.00012  limit=0.00001  mid=0.00007  churn=0.041
    [H1_legs]  200/1200 loss=0.006888  chamfer=0.00521  edge=0.02985  lap=0.00158  sym=0.00010  limit=0.00001  mid=0.00006  churn=0.023
    [H1_legs]  300/1200 loss=0.006701  chamfer=0.00510  edge=0.02864  lap=0.00158  sym=0.00009  limit=0.00001  mid=0.00006  churn=0.015
    [H1_legs]  400/1200 loss=0.006497  chamfer=0.00493  edge=0.02807  lap=0.00158  sym=0.00010  limit=0.00001  mid=0.00006  churn=0.011
    [H1_legs]  500/1200 loss=0.006358  chamfer=0.00479  edge=0.02794  lap=0.00158  sym=0.00010  limit=0.00001  mid=0.00005  churn=0.010
    [H1_legs]  600/1200 loss=0.006411  chamfer=0.00488  edge=0.02738  lap=0.00159  sym=0.00010  limit=0.00000  mid=0.00005  churn=0.008
    [H1_legs]  700/1200 loss=0.006255  chamfer=0.00472  edge=0.02738  lap=0.00159  sym=0.00009  limit=0.00000  mid=0.00005  churn=0.008
    [H1_legs]  800/1200 loss=0.006224  chamfer=0.00467  edge=0.02780  lap=0.00159  sym=0.00009  limit=0.00000  mid=0.00005  churn=0.008
    [H1_legs]  900/1200 loss=0.006164  chamfer=0.00462  edge=0.02768  lap=0.00159  sym=0.00010  limit=0.00000  mid=0.00005  churn=0.006
    [H1_legs] 1000/1200 loss=0.006185  chamfer=0.00463  edge=0.02783  lap=0.00159  sym=0.00009  limit=0.00000  mid=0.00005  churn=0.007
    [H1_legs] 1100/1200 loss=0.006208  chamfer=0.00465  edge=0.02787  lap=0.00159  sym=0.00009  limit=0.00000  mid=0.00005  churn=0.006
    [H1_legs] 1199/1200 loss=0.006220  chamfer=0.00466  edge=0.02791  lap=0.00159  sym=0.00009  limit=0.00000  mid=0.00005  churn=0.004
    [H1_legs] partition churn: first 0.070 last 0.004 mean 0.015   (falling churn => the data term is settling)
    [H2_joint]    0/900 loss=0.006176  chamfer=0.00462  edge=0.02791  lap=0.00159  sym=0.00009  limit=0.00000  mid=0.00005
    [H2_joint]  100/900 loss=0.006065  chamfer=0.00466  edge=0.02667  lap=0.00158  sym=0.00009  limit=0.00000  mid=0.00001  churn=0.011
    [H2_joint]  200/900 loss=0.005898  chamfer=0.00450  edge=0.02654  lap=0.00159  sym=0.00009  limit=0.00000  mid=0.00001  churn=0.009
    [H2_joint]  300/900 loss=0.005874  chamfer=0.00449  edge=0.02630  lap=0.00158  sym=0.00009  limit=0.00000  mid=0.00001  churn=0.008
    [H2_joint]  400/900 loss=0.005795  chamfer=0.00442  edge=0.02625  lap=0.00158  sym=0.00009  limit=0.00000  mid=0.00001  churn=0.008
    [H2_joint]  500/900 loss=0.005819  chamfer=0.00446  edge=0.02592  lap=0.00159  sym=0.00009  limit=0.00000  mid=0.00001  churn=0.007
    [H2_joint]  600/900 loss=0.005772  chamfer=0.00440  edge=0.02609  lap=0.00159  sym=0.00009  limit=0.00000  mid=0.00000  churn=0.007
    [H2_joint]  700/900 loss=0.005855  chamfer=0.00448  edge=0.02634  lap=0.00159  sym=0.00009  limit=0.00000  mid=0.00000  churn=0.007
    [H2_joint]  800/900 loss=0.005885  chamfer=0.00451  edge=0.02631  lap=0.00158  sym=0.00008  limit=0.00000  mid=0.00000  churn=0.007
    [H2_joint]  899/900 loss=0.005829  chamfer=0.00444  edge=0.02672  lap=0.00159  sym=0.00008  limit=0.00000  mid=0.00000  churn=0.006
    [H2_joint] partition churn: first 0.016 last 0.006 mean 0.009   (falling churn => the data term is settling)
    [H3_deform]    0/600 loss=0.005794  chamfer=0.00440  edge=0.02672  lap=0.00159  sym=0.00008  mid=0.00000  off=0.00000
    [H3_deform]  100/600 loss=0.004645  chamfer=0.00346  edge=0.01771  lap=0.00170  sym=0.00010  mid=0.00000  off=0.00001  churn=0.017
    [H3_deform]  200/600 loss=0.004553  chamfer=0.00331  edge=0.01838  lap=0.00172  sym=0.00009  mid=0.00000  off=0.00001  churn=0.011
    [H3_deform]  300/600 loss=0.004574  chamfer=0.00334  edge=0.01811  lap=0.00172  sym=0.00009  mid=0.00000  off=0.00001  churn=0.009
    [H3_deform]  400/600 loss=0.004530  chamfer=0.00326  edge=0.01859  lap=0.00172  sym=0.00009  mid=0.00000  off=0.00001  churn=0.007
    [H3_deform]  500/600 loss=0.004560  chamfer=0.00330  edge=0.01852  lap=0.00172  sym=0.00009  mid=0.00000  off=0.00001  churn=0.007
    [H3_deform]  599/600 loss=0.004510  chamfer=0.00325  edge=0.01853  lap=0.00172  sym=0.00009  mid=0.00000  off=0.00001  churn=0.007
    [H3_deform] partition churn: first 0.017 last 0.007 mean 0.010   (falling churn => the data term is settling)
[hier] done
=== Arm A (control, edge_mode: shrink, D1_low.yaml unchanged) ===
[moonshot] 10 meshes from /rwthfs/rz/cluster/home/nao48500/SMILify/diagnostics/d1_evidence/mesh_set
10 target meshes loaded.
[moonshot] initialised pose/shape from diagnostics/rest_edge_evidence/runs/hier/H2_joint.npz
[moonshot] running 2 stages
    [Stage_2_deform_coarse] it    0/1000  loss=0.006288   chamfer=0.00572  edge=0.00023  normal=0.06445  laplacian=0.00159  offset=0.00000  sym=0.00008  mid=0.00000  limit=0.00000
    [Stage_2_deform_coarse] it   50/1000  loss=0.002480   chamfer=0.00126  edge=0.00038  normal=0.06633  laplacian=0.00334  offset=0.00010  sym=0.00007  mid=0.00000  limit=0.00121
    [Stage_2_deform_coarse] it  100/1000  loss=0.002146   chamfer=0.00107  edge=0.00040  normal=0.06393  laplacian=0.00328  offset=0.00007  sym=0.00006  mid=0.00000  limit=0.00097
    [Stage_2_deform_coarse] it  150/1000  loss=0.002026   chamfer=0.00097  edge=0.00041  normal=0.06499  laplacian=0.00334  offset=0.00007  sym=0.00005  mid=0.00000  limit=0.00085
    [Stage_2_deform_coarse] it  200/1000  loss=0.001972   chamfer=0.00093  edge=0.00041  normal=0.06550  laplacian=0.00338  offset=0.00007  sym=0.00004  mid=0.00000  limit=0.00074
    [Stage_2_deform_coarse] it  250/1000  loss=0.001925   chamfer=0.00089  edge=0.00042  normal=0.06551  laplacian=0.00340  offset=0.00006  sym=0.00004  mid=0.00000  limit=0.00069
    [Stage_2_deform_coarse] it  300/1000  loss=0.001933   chamfer=0.00090  edge=0.00043  normal=0.06665  laplacian=0.00346  offset=0.00006  sym=0.00004  mid=0.00000  limit=0.00068
    [Stage_2_deform_coarse] it  350/1000  loss=0.001899   chamfer=0.00087  edge=0.00043  normal=0.06702  laplacian=0.00348  offset=0.00006  sym=0.00004  mid=0.00000  limit=0.00069
    [Stage_2_deform_coarse] it  400/1000  loss=0.001881   chamfer=0.00085  edge=0.00043  normal=0.06661  laplacian=0.00351  offset=0.00006  sym=0.00003  mid=0.00000  limit=0.00073
    [Stage_2_deform_coarse] it  450/1000  loss=0.001856   chamfer=0.00084  edge=0.00044  normal=0.06666  laplacian=0.00353  offset=0.00006  sym=0.00003  mid=0.00000  limit=0.00072
    [Stage_2_deform_coarse] it  500/1000  loss=0.001840   chamfer=0.00082  edge=0.00044  normal=0.06729  laplacian=0.00353  offset=0.00005  sym=0.00003  mid=0.00000  limit=0.00074
    [Stage_2_deform_coarse] it  550/1000  loss=0.001853   chamfer=0.00083  edge=0.00044  normal=0.06818  laplacian=0.00357  offset=0.00005  sym=0.00003  mid=0.00000  limit=0.00077
    [Stage_2_deform_coarse] it  600/1000  loss=0.001826   chamfer=0.00080  edge=0.00045  normal=0.06873  laplacian=0.00359  offset=0.00005  sym=0.00003  mid=0.00000  limit=0.00080
    [Stage_2_deform_coarse] it  650/1000  loss=0.001827   chamfer=0.00080  edge=0.00045  normal=0.06875  laplacian=0.00359  offset=0.00005  sym=0.00003  mid=0.00000  limit=0.00084
    [Stage_2_deform_coarse] it  700/1000  loss=0.001808   chamfer=0.00079  edge=0.00045  normal=0.06836  laplacian=0.00358  offset=0.00005  sym=0.00003  mid=0.00000  limit=0.00086
    [Stage_2_deform_coarse] it  750/1000  loss=0.001796   chamfer=0.00078  edge=0.00045  normal=0.06820  laplacian=0.00358  offset=0.00005  sym=0.00003  mid=0.00000  limit=0.00088
    [Stage_2_deform_coarse] it  800/1000  loss=0.001782   chamfer=0.00077  edge=0.00045  normal=0.06826  laplacian=0.00359  offset=0.00005  sym=0.00003  mid=0.00000  limit=0.00090
    [Stage_2_deform_coarse] it  850/1000  loss=0.001775   chamfer=0.00076  edge=0.00046  normal=0.06830  laplacian=0.00360  offset=0.00005  sym=0.00003  mid=0.00000  limit=0.00092
    [Stage_2_deform_coarse] it  900/1000  loss=0.001776   chamfer=0.00077  edge=0.00046  normal=0.06849  laplacian=0.00359  offset=0.00005  sym=0.00003  mid=0.00000  limit=0.00092
    [Stage_2_deform_coarse] it  950/1000  loss=0.001765   chamfer=0.00075  edge=0.00046  normal=0.06939  laplacian=0.00361  offset=0.00005  sym=0.00002  mid=0.00000  limit=0.00093
    [Stage_2_deform_coarse] it  999/1000  loss=0.001783   chamfer=0.00077  edge=0.00046  normal=0.06928  laplacian=0.00362  offset=0.00005  sym=0.00003  mid=0.00000  limit=0.00095
    [Stage_3_deform_fine] it    0/1000  loss=0.000731   chamfer=0.00076  edge=0.00046  normal=0.06936  laplacian=0.00362  offset=0.00005  sym=0.00003  mid=0.00000  limit=0.00095
    [Stage_3_deform_fine] it   50/1000  loss=0.000667   chamfer=0.00070  edge=0.00048  normal=0.05528  laplacian=0.00354  offset=0.00005  sym=0.00001  mid=0.00000  limit=0.00084
    [Stage_3_deform_fine] it  100/1000  loss=0.000656   chamfer=0.00069  edge=0.00048  normal=0.05406  laplacian=0.00355  offset=0.00005  sym=0.00001  mid=0.00000  limit=0.00076
    [Stage_3_deform_fine] it  150/1000  loss=0.000658   chamfer=0.00069  edge=0.00048  normal=0.05378  laplacian=0.00356  offset=0.00005  sym=0.00001  mid=0.00000  limit=0.00070
    [Stage_3_deform_fine] it  200/1000  loss=0.000653   chamfer=0.00068  edge=0.00049  normal=0.05379  laplacian=0.00358  offset=0.00005  sym=0.00001  mid=0.00000  limit=0.00066
    [Stage_3_deform_fine] it  250/1000  loss=0.000657   chamfer=0.00069  edge=0.00049  normal=0.05395  laplacian=0.00359  offset=0.00005  sym=0.00001  mid=0.00000  limit=0.00062
    [Stage_3_deform_fine] it  300/1000  loss=0.000656   chamfer=0.00069  edge=0.00049  normal=0.05371  laplacian=0.00360  offset=0.00005  sym=0.00001  mid=0.00000  limit=0.00059
    [Stage_3_deform_fine] it  350/1000  loss=0.000654   chamfer=0.00069  edge=0.00049  normal=0.05380  laplacian=0.00361  offset=0.00005  sym=0.00001  mid=0.00000  limit=0.00055
    [Stage_3_deform_fine] it  400/1000  loss=0.000649   chamfer=0.00067  edge=0.00049  normal=0.05412  laplacian=0.00362  offset=0.00005  sym=0.00001  mid=0.00000  limit=0.00052
    [Stage_3_deform_fine] it  450/1000  loss=0.000650   chamfer=0.00067  edge=0.00049  normal=0.05415  laplacian=0.00362  offset=0.00005  sym=0.00001  mid=0.00000  limit=0.00049
    [Stage_3_deform_fine] it  500/1000  loss=0.000644   chamfer=0.00067  edge=0.00049  normal=0.05406  laplacian=0.00363  offset=0.00005  sym=0.00001  mid=0.00000  limit=0.00046
    [Stage_3_deform_fine] it  550/1000  loss=0.000648   chamfer=0.00067  edge=0.00050  normal=0.05421  laplacian=0.00363  offset=0.00005  sym=0.00001  mid=0.00000  limit=0.00043
    [Stage_3_deform_fine] it  600/1000  loss=0.000653   chamfer=0.00068  edge=0.00050  normal=0.05424  laplacian=0.00363  offset=0.00005  sym=0.00001  mid=0.00000  limit=0.00040
    [Stage_3_deform_fine] it  650/1000  loss=0.000645   chamfer=0.00067  edge=0.00050  normal=0.05436  laplacian=0.00364  offset=0.00005  sym=0.00001  mid=0.00000  limit=0.00036
    [Stage_3_deform_fine] it  700/1000  loss=0.000646   chamfer=0.00067  edge=0.00050  normal=0.05448  laplacian=0.00364  offset=0.00005  sym=0.00001  mid=0.00000  limit=0.00033
    [Stage_3_deform_fine] it  750/1000  loss=0.000654   chamfer=0.00068  edge=0.00050  normal=0.05488  laplacian=0.00365  offset=0.00005  sym=0.00001  mid=0.00000  limit=0.00030
    [Stage_3_deform_fine] it  800/1000  loss=0.000641   chamfer=0.00066  edge=0.00050  normal=0.05462  laplacian=0.00365  offset=0.00005  sym=0.00001  mid=0.00000  limit=0.00028
    [Stage_3_deform_fine] it  850/1000  loss=0.000643   chamfer=0.00067  edge=0.00050  normal=0.05466  laplacian=0.00365  offset=0.00005  sym=0.00001  mid=0.00000  limit=0.00025
    [Stage_3_deform_fine] it  900/1000  loss=0.000640   chamfer=0.00066  edge=0.00050  normal=0.05449  laplacian=0.00365  offset=0.00005  sym=0.00000  mid=0.00000  limit=0.00024
    [Stage_3_deform_fine] it  950/1000  loss=0.000638   chamfer=0.00066  edge=0.00050  normal=0.05435  laplacian=0.00365  offset=0.00005  sym=0.00000  mid=0.00000  limit=0.00023
    [Stage_3_deform_fine] it  999/1000  loss=0.000644   chamfer=0.00067  edge=0.00050  normal=0.05446  laplacian=0.00366  offset=0.00005  sym=0.00000  mid=0.00000  limit=0.00022
  eval 10/10
[moonshot] wrote diagnostics/rest_edge_evidence/runs/arm_a_shrink/metrics.csv

  ---- summary ----
    chamfer_l2                       0.000376
    fscore@0.01                      0.625110
    fscore@0.02                      0.896651
    hausdorff_95                     0.026778
    normal_consistency               0.813069
    edge_logratio_absmean            0.146966
    tri_quality_mean                 0.755792
    deform_mag_mean                  0.003978
    midline_dev_mean                 0.015699
    part_leg_distal_dist_mean        0.013727
    part_leg_dist_mean               0.011495
    part_body_dist_mean              0.009592
=== Arm B (test, edge_mode: rest, D1_low_rest.yaml) ===
[moonshot] 10 meshes from /rwthfs/rz/cluster/home/nao48500/SMILify/diagnostics/d1_evidence/mesh_set
10 target meshes loaded.
[moonshot] initialised pose/shape from diagnostics/rest_edge_evidence/runs/hier/H2_joint.npz
[moonshot] running 2 stages
    [Stage_2_deform_coarse] it    0/1000  loss=0.006108   chamfer=0.00572  edge=0.00000  normal=0.06445  laplacian=0.00159  offset=0.00000  sym=0.00008  mid=0.00000  limit=0.00000
    [Stage_2_deform_coarse] it   50/1000  loss=0.006365   chamfer=0.00363  edge=0.00214  normal=0.15826  laplacian=0.00203  offset=0.00002  sym=0.00023  mid=0.00001  limit=0.00128
    [Stage_2_deform_coarse] it  100/1000  loss=0.004876   chamfer=0.00297  edge=0.00135  normal=0.11713  laplacian=0.00202  offset=0.00002  sym=0.00022  mid=0.00001  limit=0.00226
    [Stage_2_deform_coarse] it  150/1000  loss=0.004676   chamfer=0.00260  edge=0.00166  normal=0.10258  laplacian=0.00208  offset=0.00002  sym=0.00020  mid=0.00001  limit=0.00282
    [Stage_2_deform_coarse] it  200/1000  loss=0.004408   chamfer=0.00232  edge=0.00171  normal=0.09497  laplacian=0.00216  offset=0.00002  sym=0.00018  mid=0.00001  limit=0.00357
    [Stage_2_deform_coarse] it  250/1000  loss=0.004148   chamfer=0.00214  edge=0.00165  normal=0.09109  laplacian=0.00223  offset=0.00002  sym=0.00016  mid=0.00001  limit=0.00400
    [Stage_2_deform_coarse] it  300/1000  loss=0.003963   chamfer=0.00205  edge=0.00156  normal=0.08822  laplacian=0.00229  offset=0.00002  sym=0.00015  mid=0.00001  limit=0.00432
    [Stage_2_deform_coarse] it  350/1000  loss=0.004726   chamfer=0.00198  edge=0.00262  normal=0.08651  laplacian=0.00234  offset=0.00002  sym=0.00014  mid=0.00001  limit=0.00448
    [Stage_2_deform_coarse] it  400/1000  loss=0.003984   chamfer=0.00191  edge=0.00177  normal=0.08613  laplacian=0.00239  offset=0.00002  sym=0.00014  mid=0.00001  limit=0.00454
    [Stage_2_deform_coarse] it  450/1000  loss=0.003634   chamfer=0.00185  edge=0.00142  normal=0.08561  laplacian=0.00243  offset=0.00002  sym=0.00013  mid=0.00001  limit=0.00470
    [Stage_2_deform_coarse] it  500/1000  loss=0.003816   chamfer=0.00181  edge=0.00170  normal=0.08632  laplacian=0.00247  offset=0.00002  sym=0.00012  mid=0.00001  limit=0.00470
    [Stage_2_deform_coarse] it  550/1000  loss=0.003573   chamfer=0.00174  edge=0.00148  normal=0.08770  laplacian=0.00251  offset=0.00002  sym=0.00012  mid=0.00001  limit=0.00470
    [Stage_2_deform_coarse] it  600/1000  loss=0.004264   chamfer=0.00173  edge=0.00235  normal=0.08876  laplacian=0.00255  offset=0.00002  sym=0.00011  mid=0.00001  limit=0.00469
    [Stage_2_deform_coarse] it  650/1000  loss=0.005747   chamfer=0.00171  edge=0.00421  normal=0.09162  laplacian=0.00258  offset=0.00002  sym=0.00011  mid=0.00001  limit=0.00458
    [Stage_2_deform_coarse] it  700/1000  loss=0.009832   chamfer=0.00171  edge=0.00926  normal=0.09807  laplacian=0.00263  offset=0.00002  sym=0.00012  mid=0.00001  limit=0.00456
    [Stage_2_deform_coarse] it  750/1000  loss=0.010153   chamfer=0.00175  edge=0.00953  normal=0.10759  laplacian=0.00268  offset=0.00002  sym=0.00014  mid=0.00001  limit=0.00465
    [Stage_2_deform_coarse] it  800/1000  loss=0.007552   chamfer=0.00176  edge=0.00626  normal=0.10994  laplacian=0.00271  offset=0.00002  sym=0.00012  mid=0.00001  limit=0.00482
    [Stage_2_deform_coarse] it  850/1000  loss=0.006969   chamfer=0.00176  edge=0.00552  normal=0.10984  laplacian=0.00276  offset=0.00002  sym=0.00013  mid=0.00001  limit=0.00498
    [Stage_2_deform_coarse] it  900/1000  loss=0.008094   chamfer=0.00176  edge=0.00688  normal=0.11314  laplacian=0.00280  offset=0.00002  sym=0.00015  mid=0.00001  limit=0.00551
    [Stage_2_deform_coarse] it  950/1000  loss=0.009583   chamfer=0.00176  edge=0.00869  normal=0.11912  laplacian=0.00282  offset=0.00002  sym=0.00014  mid=0.00001  limit=0.00599
    [Stage_2_deform_coarse] it  999/1000  loss=0.016354   chamfer=0.00185  edge=0.01691  normal=0.13630  laplacian=0.00286  offset=0.00002  sym=0.00017  mid=0.00001  limit=0.00642
    [Stage_3_deform_fine] it    0/1000  loss=0.004955   chamfer=0.00182  edge=0.01788  normal=0.13733  laplacian=0.00287  offset=0.00002  sym=0.00017  mid=0.00001  limit=0.00643
    [Stage_3_deform_fine] it   50/1000  loss=0.001312   chamfer=0.00167  edge=0.00065  normal=0.11511  laplacian=0.00288  offset=0.00003  sym=0.00005  mid=0.00000  limit=0.00514
    [Stage_3_deform_fine] it  100/1000  loss=0.001159   chamfer=0.00157  edge=0.00031  normal=0.10220  laplacian=0.00291  offset=0.00003  sym=0.00003  mid=0.00000  limit=0.00441
    [Stage_3_deform_fine] it  150/1000  loss=0.001126   chamfer=0.00156  edge=0.00026  normal=0.09631  laplacian=0.00295  offset=0.00003  sym=0.00003  mid=0.00000  limit=0.00373
    [Stage_3_deform_fine] it  200/1000  loss=0.001101   chamfer=0.00148  edge=0.00040  normal=0.09242  laplacian=0.00299  offset=0.00003  sym=0.00002  mid=0.00000  limit=0.00316
    [Stage_3_deform_fine] it  250/1000  loss=0.001069   chamfer=0.00148  edge=0.00029  normal=0.08988  laplacian=0.00302  offset=0.00003  sym=0.00002  mid=0.00000  limit=0.00272
    [Stage_3_deform_fine] it  300/1000  loss=0.001039   chamfer=0.00144  edge=0.00027  normal=0.08790  laplacian=0.00305  offset=0.00003  sym=0.00002  mid=0.00000  limit=0.00243
    [Stage_3_deform_fine] it  350/1000  loss=0.001022   chamfer=0.00141  edge=0.00032  normal=0.08588  laplacian=0.00308  offset=0.00003  sym=0.00002  mid=0.00000  limit=0.00215
    [Stage_3_deform_fine] it  400/1000  loss=0.001007   chamfer=0.00140  edge=0.00029  normal=0.08439  laplacian=0.00310  offset=0.00003  sym=0.00002  mid=0.00000  limit=0.00196
    [Stage_3_deform_fine] it  450/1000  loss=0.000974   chamfer=0.00137  edge=0.00021  normal=0.08317  laplacian=0.00313  offset=0.00003  sym=0.00001  mid=0.00000  limit=0.00180
    [Stage_3_deform_fine] it  500/1000  loss=0.000971   chamfer=0.00136  edge=0.00023  normal=0.08232  laplacian=0.00316  offset=0.00003  sym=0.00001  mid=0.00000  limit=0.00172
    [Stage_3_deform_fine] it  550/1000  loss=0.000983   chamfer=0.00135  edge=0.00033  normal=0.08194  laplacian=0.00319  offset=0.00003  sym=0.00001  mid=0.00000  limit=0.00162
    [Stage_3_deform_fine] it  600/1000  loss=0.000955   chamfer=0.00133  edge=0.00024  normal=0.08151  laplacian=0.00321  offset=0.00003  sym=0.00001  mid=0.00000  limit=0.00154
    [Stage_3_deform_fine] it  650/1000  loss=0.000929   chamfer=0.00131  edge=0.00020  normal=0.08083  laplacian=0.00323  offset=0.00003  sym=0.00001  mid=0.00000  limit=0.00148
    [Stage_3_deform_fine] it  700/1000  loss=0.000931   chamfer=0.00129  edge=0.00025  normal=0.08083  laplacian=0.00325  offset=0.00003  sym=0.00001  mid=0.00000  limit=0.00144
    [Stage_3_deform_fine] it  750/1000  loss=0.000926   chamfer=0.00128  edge=0.00026  normal=0.08047  laplacian=0.00327  offset=0.00003  sym=0.00001  mid=0.00000  limit=0.00141
    [Stage_3_deform_fine] it  800/1000  loss=0.000916   chamfer=0.00129  edge=0.00020  normal=0.07993  laplacian=0.00329  offset=0.00003  sym=0.00001  mid=0.00000  limit=0.00138
    [Stage_3_deform_fine] it  850/1000  loss=0.000915   chamfer=0.00128  edge=0.00023  normal=0.07998  laplacian=0.00331  offset=0.00003  sym=0.00001  mid=0.00000  limit=0.00137
    [Stage_3_deform_fine] it  900/1000  loss=0.000896   chamfer=0.00125  edge=0.00020  normal=0.07958  laplacian=0.00333  offset=0.00003  sym=0.00001  mid=0.00000  limit=0.00134
    [Stage_3_deform_fine] it  950/1000  loss=0.000896   chamfer=0.00124  edge=0.00024  normal=0.07930  laplacian=0.00334  offset=0.00003  sym=0.00001  mid=0.00000  limit=0.00131
    [Stage_3_deform_fine] it  999/1000  loss=0.000908   chamfer=0.00126  edge=0.00025  normal=0.07913  laplacian=0.00336  offset=0.00002  sym=0.00001  mid=0.00000  limit=0.00128
  eval 10/10
[moonshot] wrote diagnostics/rest_edge_evidence/runs/arm_b_rest/metrics.csv

  ---- summary ----
    chamfer_l2                       0.000940
    fscore@0.01                      0.431321
    fscore@0.02                      0.740166
    hausdorff_95                     0.047120
    normal_consistency               0.761496
    edge_logratio_absmean            0.008237
    tri_quality_mean                 0.767542
    deform_mag_mean                  0.003291
    midline_dev_mean                 0.015625
    part_leg_distal_dist_mean        0.018919
    part_leg_dist_mean               0.015247
    part_body_dist_mean              0.014621
ALL DONE
