=== task 1: corpus=synth_clean label=pose25 (split_distal) ===
Tue Aug 18 17:01:22 2026       
+-----------------------------------------------------------------------------------------+
| NVIDIA-SMI 580.178.04             Driver Version: 580.178.04     CUDA Version: 13.0     |
+-----------------------------------------+------------------------+----------------------+
| GPU  Name                 Persistence-M | Bus-Id          Disp.A | Volatile Uncorr. ECC |
| Fan  Temp   Perf          Pwr:Usage/Cap |           Memory-Usage | GPU-Util  Compute M. |
|                                         |                        |               MIG M. |
|=========================================+========================+======================|
|   0  NVIDIA H100                    On  |   00000000:9D:00.0 Off |                    0 |
| N/A   42C    P0             72W /  600W |       0MiB /  95830MiB |      0%      Default |
|                                         |                        |             Disabled |
+-----------------------------------------+------------------------+----------------------+

+-----------------------------------------------------------------------------------------+
| Processes:                                                                              |
|  GPU   GI   CI              PID   Type   Process name                        GPU Memory |
|        ID   ID                                                               Usage      |
|=========================================================================================|
|  No running processes found                                                             |
+-----------------------------------------------------------------------------------------+
=== hierarchical placement (full budget, --split_distal) ===
[hier] 12 meshes
12 target meshes loaded.
[hier] anatomical groups (template vertices): {'body': 5526, 'l1d_l': 128, 'l1d_r': 128, 'l1p_l': 625, 'l1p_r': 628, 'l2d_l': 109, 'l2d_r': 109, 'l2p_l': 560, 'l2p_r': 560, 'l3d_l': 174, 'l3d_r': 174, 'l3p_l': 757, 'l3p_r': 757}
[hier] 13 groups: ['body', 'l1d_l', 'l1d_r', 'l1p_l', 'l1p_r', 'l2d_l', 'l2d_r', 'l2p_l', 'l2p_r', 'l3d_l', 'l3d_r', 'l3p_l', 'l3p_r']
[hier] body stage moves ['body'], leg stage moves 12 leg groups
/home/nao48500/miniforge3/envs/pytorch3d/lib/python3.10/site-packages/pytorch3d/ops/laplacian_matrices.py:51: UserWarning: torch.sparse.SparseTensor(indices, values, shape, *, device=) is deprecated.  Please use torch.sparse_coo_tensor(indices, values, shape, dtype=, device=). (Triggered internally at /opt/conda/conda-bld/pytorch_1716905971132/work/torch/csrc/utils/tensor_new.cpp:621.)
  A = torch.sparse.FloatTensor(idx, ones, (V, V))
    [H0_body]    0/900 loss=0.010913  chamfer=0.01091  edge=0.00000  lap=0.00142  sym=0.00000  limit=0.00000  mid=0.00000
    [H0_body]  100/900 loss=0.004954  chamfer=0.00375  edge=0.01768  lap=0.00160  sym=0.00022  limit=0.00000  mid=0.00010
    [H0_body]  200/900 loss=0.004841  chamfer=0.00361  edge=0.01823  lap=0.00160  sym=0.00023  limit=0.00000  mid=0.00010
    [H0_body]  300/900 loss=0.004817  chamfer=0.00359  edge=0.01826  lap=0.00160  sym=0.00022  limit=0.00000  mid=0.00010
    [H0_body]  400/900 loss=0.004798  chamfer=0.00356  edge=0.01839  lap=0.00160  sym=0.00023  limit=0.00000  mid=0.00010
    [H0_body]  500/900 loss=0.004789  chamfer=0.00356  edge=0.01831  lap=0.00160  sym=0.00022  limit=0.00000  mid=0.00010
    [H0_body]  600/900 loss=0.004780  chamfer=0.00355  edge=0.01831  lap=0.00160  sym=0.00022  limit=0.00000  mid=0.00010
    [H0_body]  700/900 loss=0.004776  chamfer=0.00355  edge=0.01828  lap=0.00160  sym=0.00022  limit=0.00000  mid=0.00010
    [H0_body]  800/900 loss=0.004761  chamfer=0.00353  edge=0.01828  lap=0.00160  sym=0.00022  limit=0.00000  mid=0.00010
    [H0_body]  899/900 loss=0.004782  chamfer=0.00355  edge=0.01828  lap=0.00160  sym=0.00022  limit=0.00000  mid=0.00010
    [H1_legs]    0/1200 loss=0.015602  chamfer=0.01437  edge=0.01828  lap=0.00160  sym=0.00022  limit=0.00000  mid=0.00010
    [H1_legs]  100/1200 loss=0.002805  chamfer=0.00219  edge=0.00982  lap=0.00153  sym=0.00004  limit=0.00000  mid=0.00005  churn=0.033
    [H1_legs]  200/1200 loss=0.002360  chamfer=0.00185  edge=0.00805  lap=0.00153  sym=0.00003  limit=0.00000  mid=0.00004  churn=0.016
    [H1_legs]  300/1200 loss=0.002139  chamfer=0.00167  edge=0.00724  lap=0.00153  sym=0.00002  limit=0.00000  mid=0.00004  churn=0.009
    [H1_legs]  400/1200 loss=0.002085  chamfer=0.00164  edge=0.00688  lap=0.00153  sym=0.00002  limit=0.00000  mid=0.00004  churn=0.008
    [H1_legs]  500/1200 loss=0.002035  chamfer=0.00160  edge=0.00673  lap=0.00153  sym=0.00002  limit=0.00000  mid=0.00004  churn=0.007
    [H1_legs]  600/1200 loss=0.002009  chamfer=0.00158  edge=0.00649  lap=0.00153  sym=0.00002  limit=0.00000  mid=0.00004  churn=0.006
    [H1_legs]  700/1200 loss=0.001970  chamfer=0.00156  edge=0.00611  lap=0.00153  sym=0.00002  limit=0.00000  mid=0.00004  churn=0.005
    [H1_legs]  800/1200 loss=0.001944  chamfer=0.00154  edge=0.00597  lap=0.00153  sym=0.00002  limit=0.00000  mid=0.00004  churn=0.004
    [H1_legs]  900/1200 loss=0.001951  chamfer=0.00156  edge=0.00580  lap=0.00153  sym=0.00002  limit=0.00000  mid=0.00004  churn=0.005
    [H1_legs] 1000/1200 loss=0.001939  chamfer=0.00155  edge=0.00577  lap=0.00153  sym=0.00002  limit=0.00000  mid=0.00004  churn=0.005
    [H1_legs] 1100/1200 loss=0.001931  chamfer=0.00154  edge=0.00574  lap=0.00153  sym=0.00002  limit=0.00000  mid=0.00004  churn=0.003
    [H1_legs] 1199/1200 loss=0.001957  chamfer=0.00157  edge=0.00575  lap=0.00153  sym=0.00002  limit=0.00000  mid=0.00004  churn=0.003
    [H1_legs] partition churn: first 0.059 last 0.003 mean 0.011   (falling churn => the data term is settling)
    [H2_joint]    0/900 loss=0.001955  chamfer=0.00157  edge=0.00575  lap=0.00153  sym=0.00002  limit=0.00000  mid=0.00004
    [H2_joint]  100/900 loss=0.001801  chamfer=0.00153  edge=0.00497  lap=0.00151  sym=0.00002  limit=0.00000  mid=0.00000  churn=0.009
    [H2_joint]  200/900 loss=0.001795  chamfer=0.00154  edge=0.00478  lap=0.00151  sym=0.00002  limit=0.00000  mid=0.00000  churn=0.007
    [H2_joint]  300/900 loss=0.001755  chamfer=0.00150  edge=0.00466  lap=0.00151  sym=0.00002  limit=0.00000  mid=0.00000  churn=0.006
    [H2_joint]  400/900 loss=0.001818  chamfer=0.00157  edge=0.00464  lap=0.00151  sym=0.00002  limit=0.00000  mid=0.00000  churn=0.005
    [H2_joint]  500/900 loss=0.001774  chamfer=0.00152  edge=0.00460  lap=0.00151  sym=0.00002  limit=0.00000  mid=0.00000  churn=0.005
    [H2_joint]  600/900 loss=0.001784  chamfer=0.00154  edge=0.00451  lap=0.00151  sym=0.00002  limit=0.00000  mid=0.00000  churn=0.004
    [H2_joint]  700/900 loss=0.001765  chamfer=0.00152  edge=0.00453  lap=0.00151  sym=0.00002  limit=0.00000  mid=0.00000  churn=0.004
    [H2_joint]  800/900 loss=0.001774  chamfer=0.00153  edge=0.00455  lap=0.00151  sym=0.00002  limit=0.00000  mid=0.00000  churn=0.004
    [H2_joint]  899/900 loss=0.001790  chamfer=0.00154  edge=0.00454  lap=0.00151  sym=0.00002  limit=0.00000  mid=0.00000  churn=0.004
    [H2_joint] partition churn: first 0.010 last 0.004 mean 0.005   (falling churn => the data term is settling)
    [H3_deform]    0/600 loss=0.001777  chamfer=0.00153  edge=0.00454  lap=0.00151  sym=0.00002  mid=0.00000  off=0.00000
    [H3_deform]  100/600 loss=0.001566  chamfer=0.00133  edge=0.00280  lap=0.00160  sym=0.00003  mid=0.00000  off=0.00000  churn=0.013
    [H3_deform]  200/600 loss=0.001480  chamfer=0.00123  edge=0.00297  lap=0.00161  sym=0.00003  mid=0.00000  off=0.00000  churn=0.009
    [H3_deform]  300/600 loss=0.001459  chamfer=0.00120  edge=0.00309  lap=0.00162  sym=0.00003  mid=0.00000  off=0.00000  churn=0.008
    [H3_deform]  400/600 loss=0.001473  chamfer=0.00121  edge=0.00308  lap=0.00162  sym=0.00003  mid=0.00000  off=0.00000  churn=0.008
    [H3_deform]  500/600 loss=0.001459  chamfer=0.00119  edge=0.00316  lap=0.00162  sym=0.00003  mid=0.00000  off=0.00000  churn=0.006
    [H3_deform]  599/600 loss=0.001434  chamfer=0.00117  edge=0.00314  lap=0.00161  sym=0.00003  mid=0.00000  off=0.00000  churn=0.006
    [H3_deform] partition churn: first 0.013 last 0.006 mean 0.009   (falling churn => the data term is settling)
[hier] done
=== moonshot handoff, yaml=D1_low.yaml (full budget) ===
[moonshot] 12 meshes from /rwthfs/rz/cluster/home/nao48500/SMILify/diagnostics/moonshot/synth_clean
12 target meshes loaded.
[moonshot] initialised pose/shape from diagnostics/registration_interventions/runs/hier_SYN_clean_pose25_splitdistal_w5/H2_joint.npz
[moonshot] running 2 stages
    [Stage_2_deform_coarse] it    0/1000  loss=0.003938   chamfer=0.00345  edge=0.00021  normal=0.05815  laplacian=0.00151  offset=0.00000  sym=0.00002  mid=0.00000  limit=0.00000
    [Stage_2_deform_coarse] it   50/1000  loss=0.001981   chamfer=0.00101  edge=0.00027  normal=0.06490  laplacian=0.00289  offset=0.00008  sym=0.00003  mid=0.00000  limit=0.00042
    [Stage_2_deform_coarse] it  100/1000  loss=0.001714   chamfer=0.00081  edge=0.00028  normal=0.06303  laplacian=0.00282  offset=0.00006  sym=0.00002  mid=0.00000  limit=0.00039
    [Stage_2_deform_coarse] it  150/1000  loss=0.001594   chamfer=0.00071  edge=0.00029  normal=0.06352  laplacian=0.00286  offset=0.00006  sym=0.00002  mid=0.00000  limit=0.00029
    [Stage_2_deform_coarse] it  200/1000  loss=0.001545   chamfer=0.00067  edge=0.00029  normal=0.06519  laplacian=0.00288  offset=0.00006  sym=0.00001  mid=0.00000  limit=0.00021
    [Stage_2_deform_coarse] it  250/1000  loss=0.001526   chamfer=0.00065  edge=0.00030  normal=0.06597  laplacian=0.00292  offset=0.00005  sym=0.00001  mid=0.00000  limit=0.00016
    [Stage_2_deform_coarse] it  300/1000  loss=0.001499   chamfer=0.00062  edge=0.00030  normal=0.06701  laplacian=0.00297  offset=0.00005  sym=0.00001  mid=0.00000  limit=0.00012
    [Stage_2_deform_coarse] it  350/1000  loss=0.001491   chamfer=0.00061  edge=0.00030  normal=0.06733  laplacian=0.00299  offset=0.00005  sym=0.00001  mid=0.00000  limit=0.00009
    [Stage_2_deform_coarse] it  400/1000  loss=0.001478   chamfer=0.00060  edge=0.00030  normal=0.06837  laplacian=0.00301  offset=0.00005  sym=0.00001  mid=0.00000  limit=0.00007
    [Stage_2_deform_coarse] it  450/1000  loss=0.001456   chamfer=0.00058  edge=0.00031  normal=0.06830  laplacian=0.00302  offset=0.00005  sym=0.00001  mid=0.00000  limit=0.00006
    [Stage_2_deform_coarse] it  500/1000  loss=0.001452   chamfer=0.00057  edge=0.00031  normal=0.06902  laplacian=0.00304  offset=0.00005  sym=0.00001  mid=0.00000  limit=0.00006
    [Stage_2_deform_coarse] it  550/1000  loss=0.001462   chamfer=0.00057  edge=0.00031  normal=0.07028  laplacian=0.00307  offset=0.00005  sym=0.00001  mid=0.00000  limit=0.00005
    [Stage_2_deform_coarse] it  600/1000  loss=0.001449   chamfer=0.00055  edge=0.00031  normal=0.07076  laplacian=0.00309  offset=0.00005  sym=0.00001  mid=0.00000  limit=0.00004
    [Stage_2_deform_coarse] it  650/1000  loss=0.001453   chamfer=0.00055  edge=0.00031  normal=0.07115  laplacian=0.00312  offset=0.00005  sym=0.00001  mid=0.00000  limit=0.00004
    [Stage_2_deform_coarse] it  700/1000  loss=0.001436   chamfer=0.00055  edge=0.00031  normal=0.07043  laplacian=0.00309  offset=0.00005  sym=0.00001  mid=0.00000  limit=0.00003
    [Stage_2_deform_coarse] it  750/1000  loss=0.001422   chamfer=0.00055  edge=0.00031  normal=0.06874  laplacian=0.00308  offset=0.00005  sym=0.00001  mid=0.00000  limit=0.00003
    [Stage_2_deform_coarse] it  800/1000  loss=0.001429   chamfer=0.00055  edge=0.00031  normal=0.06955  laplacian=0.00310  offset=0.00005  sym=0.00001  mid=0.00000  limit=0.00003
    [Stage_2_deform_coarse] it  850/1000  loss=0.001427   chamfer=0.00054  edge=0.00031  normal=0.06976  laplacian=0.00309  offset=0.00005  sym=0.00001  mid=0.00000  limit=0.00004
    [Stage_2_deform_coarse] it  900/1000  loss=0.001419   chamfer=0.00054  edge=0.00031  normal=0.06937  laplacian=0.00308  offset=0.00005  sym=0.00001  mid=0.00000  limit=0.00004
    [Stage_2_deform_coarse] it  950/1000  loss=0.001421   chamfer=0.00055  edge=0.00031  normal=0.06925  laplacian=0.00308  offset=0.00005  sym=0.00001  mid=0.00000  limit=0.00004
    [Stage_2_deform_coarse] it  999/1000  loss=0.001407   chamfer=0.00053  edge=0.00031  normal=0.06880  laplacian=0.00309  offset=0.00005  sym=0.00001  mid=0.00000  limit=0.00003
    [Stage_3_deform_fine] it    0/1000  loss=0.000579   chamfer=0.00054  edge=0.00031  normal=0.06878  laplacian=0.00309  offset=0.00005  sym=0.00001  mid=0.00000  limit=0.00004
    [Stage_3_deform_fine] it   50/1000  loss=0.000520   chamfer=0.00050  edge=0.00032  normal=0.05406  laplacian=0.00299  offset=0.00005  sym=0.00000  mid=0.00000  limit=0.00002
    [Stage_3_deform_fine] it  100/1000  loss=0.000520   chamfer=0.00050  edge=0.00033  normal=0.05328  laplacian=0.00301  offset=0.00005  sym=0.00000  mid=0.00000  limit=0.00000
    [Stage_3_deform_fine] it  150/1000  loss=0.000517   chamfer=0.00049  edge=0.00033  normal=0.05339  laplacian=0.00302  offset=0.00005  sym=0.00000  mid=0.00000  limit=0.00000
    [Stage_3_deform_fine] it  200/1000  loss=0.000519   chamfer=0.00049  edge=0.00033  normal=0.05338  laplacian=0.00304  offset=0.00005  sym=0.00000  mid=0.00000  limit=0.00000
    [Stage_3_deform_fine] it  250/1000  loss=0.000518   chamfer=0.00049  edge=0.00033  normal=0.05369  laplacian=0.00305  offset=0.00005  sym=0.00000  mid=0.00000  limit=0.00000
    [Stage_3_deform_fine] it  300/1000  loss=0.000519   chamfer=0.00049  edge=0.00033  normal=0.05391  laplacian=0.00307  offset=0.00005  sym=0.00000  mid=0.00000  limit=0.00001
    [Stage_3_deform_fine] it  350/1000  loss=0.000518   chamfer=0.00049  edge=0.00033  normal=0.05399  laplacian=0.00307  offset=0.00005  sym=0.00000  mid=0.00000  limit=0.00000
    [Stage_3_deform_fine] it  400/1000  loss=0.000521   chamfer=0.00049  edge=0.00033  normal=0.05413  laplacian=0.00308  offset=0.00005  sym=0.00000  mid=0.00000  limit=0.00000
    [Stage_3_deform_fine] it  450/1000  loss=0.000518   chamfer=0.00049  edge=0.00033  normal=0.05433  laplacian=0.00309  offset=0.00005  sym=0.00000  mid=0.00000  limit=0.00000
    [Stage_3_deform_fine] it  500/1000  loss=0.000515   chamfer=0.00048  edge=0.00033  normal=0.05404  laplacian=0.00309  offset=0.00005  sym=0.00000  mid=0.00000  limit=0.00000
    [Stage_3_deform_fine] it  550/1000  loss=0.000517   chamfer=0.00049  edge=0.00033  normal=0.05414  laplacian=0.00310  offset=0.00005  sym=0.00000  mid=0.00000  limit=0.00000
    [Stage_3_deform_fine] it  600/1000  loss=0.000513   chamfer=0.00048  edge=0.00033  normal=0.05394  laplacian=0.00310  offset=0.00005  sym=0.00000  mid=0.00000  limit=0.00000
    [Stage_3_deform_fine] it  650/1000  loss=0.000514   chamfer=0.00048  edge=0.00033  normal=0.05412  laplacian=0.00310  offset=0.00005  sym=0.00000  mid=0.00000  limit=0.00000
    [Stage_3_deform_fine] it  700/1000  loss=0.000516   chamfer=0.00048  edge=0.00033  normal=0.05431  laplacian=0.00311  offset=0.00005  sym=0.00000  mid=0.00000  limit=0.00000
    [Stage_3_deform_fine] it  750/1000  loss=0.000514   chamfer=0.00048  edge=0.00034  normal=0.05417  laplacian=0.00312  offset=0.00005  sym=0.00000  mid=0.00000  limit=0.00000
    [Stage_3_deform_fine] it  800/1000  loss=0.000515   chamfer=0.00048  edge=0.00034  normal=0.05437  laplacian=0.00312  offset=0.00005  sym=0.00000  mid=0.00000  limit=0.00000
    [Stage_3_deform_fine] it  850/1000  loss=0.000517   chamfer=0.00048  edge=0.00034  normal=0.05459  laplacian=0.00312  offset=0.00005  sym=0.00000  mid=0.00000  limit=0.00000
    [Stage_3_deform_fine] it  900/1000  loss=0.000512   chamfer=0.00047  edge=0.00034  normal=0.05448  laplacian=0.00313  offset=0.00005  sym=0.00000  mid=0.00000  limit=0.00000
    [Stage_3_deform_fine] it  950/1000  loss=0.000517   chamfer=0.00048  edge=0.00034  normal=0.05460  laplacian=0.00313  offset=0.00005  sym=0.00000  mid=0.00000  limit=0.00000
    [Stage_3_deform_fine] it  999/1000  loss=0.000515   chamfer=0.00048  edge=0.00034  normal=0.05466  laplacian=0.00313  offset=0.00005  sym=0.00000  mid=0.00000  limit=0.00000
  eval 10/12
[moonshot] wrote diagnostics/moonshot/runs/SYN_clean_pose25_splitdistal_w5/metrics.csv

  ---- summary ----
    chamfer_l2                       0.000277
    fscore@0.01                      0.699736
    fscore@0.02                      0.936695
    hausdorff_95                     0.023039
    normal_consistency               0.817178
    edge_logratio_absmean            0.165870
    tri_quality_mean                 0.737389
    deform_mag_mean                  0.003866
    midline_dev_mean                 0.017804
    part_leg_distal_dist_mean        0.007356
    part_leg_dist_mean               0.007755
    part_body_dist_mean              0.008639
=== task 1 DONE ===
