=== task 2: corpus=synth_clean_pose0 label=pose0 quota=0.20 ===
Tue Aug 18 22:50:19 2026       
+-----------------------------------------------------------------------------------------+
| NVIDIA-SMI 580.178.04             Driver Version: 580.178.04     CUDA Version: 13.0     |
+-----------------------------------------+------------------------+----------------------+
| GPU  Name                 Persistence-M | Bus-Id          Disp.A | Volatile Uncorr. ECC |
| Fan  Temp   Perf          Pwr:Usage/Cap |           Memory-Usage | GPU-Util  Compute M. |
|                                         |                        |               MIG M. |
|=========================================+========================+======================|
|   0  NVIDIA H100                    On  |   00000000:9D:00.0 Off |                    0 |
| N/A   42C    P0             75W /  600W |       0MiB /  95830MiB |      0%      Default |
|                                         |                        |             Disabled |
+-----------------------------------------+------------------------+----------------------+

+-----------------------------------------------------------------------------------------+
| Processes:                                                                              |
|  GPU   GI   CI              PID   Type   Process name                        GPU Memory |
|        ID   ID                                                               Usage      |
|=========================================================================================|
|  No running processes found                                                             |
+-----------------------------------------------------------------------------------------+
=== hierarchical placement (full budget, --distal_quota 0.20) ===
[hier] 12 meshes
12 target meshes loaded.
[hier] anatomical groups (template vertices): {'body': 5526, 'l1_l': 753, 'l1_r': 756, 'l2_l': 669, 'l2_r': 669, 'l3_l': 931, 'l3_r': 931}
[hier] Intervention C: stratified target sampling, distal_quota=0.2 (1632/20466 template faces marked distal) -- H1/H2/H3 only
[hier] 7 groups: ['body', 'l1_l', 'l1_r', 'l2_l', 'l2_r', 'l3_l', 'l3_r']
[hier] body stage moves ['body'], leg stage moves 6 leg groups
/home/nao48500/miniforge3/envs/pytorch3d/lib/python3.10/site-packages/pytorch3d/ops/laplacian_matrices.py:51: UserWarning: torch.sparse.SparseTensor(indices, values, shape, *, device=) is deprecated.  Please use torch.sparse_coo_tensor(indices, values, shape, dtype=, device=). (Triggered internally at /opt/conda/conda-bld/pytorch_1716905971132/work/torch/csrc/utils/tensor_new.cpp:621.)
  A = torch.sparse.FloatTensor(idx, ones, (V, V))
    [H0_body]    0/900 loss=0.002953  chamfer=0.00295  edge=0.00000  lap=0.00142  sym=0.00000  limit=0.00000  mid=0.00000
    [H0_body]  100/900 loss=0.001657  chamfer=0.00139  edge=0.00503  lap=0.00149  sym=0.00002  limit=0.00000  mid=0.00000
    [H0_body]  200/900 loss=0.001648  chamfer=0.00137  edge=0.00519  lap=0.00149  sym=0.00002  limit=0.00000  mid=0.00000
    [H0_body]  300/900 loss=0.001641  chamfer=0.00136  edge=0.00524  lap=0.00149  sym=0.00002  limit=0.00000  mid=0.00000
    [H0_body]  400/900 loss=0.001640  chamfer=0.00136  edge=0.00523  lap=0.00149  sym=0.00002  limit=0.00000  mid=0.00000
    [H0_body]  500/900 loss=0.001637  chamfer=0.00136  edge=0.00525  lap=0.00149  sym=0.00002  limit=0.00000  mid=0.00000
    [H0_body]  600/900 loss=0.001641  chamfer=0.00136  edge=0.00526  lap=0.00149  sym=0.00002  limit=0.00000  mid=0.00000
    [H0_body]  700/900 loss=0.001633  chamfer=0.00135  edge=0.00524  lap=0.00149  sym=0.00002  limit=0.00000  mid=0.00000
    [H0_body]  800/900 loss=0.001634  chamfer=0.00135  edge=0.00525  lap=0.00149  sym=0.00002  limit=0.00000  mid=0.00000
    [H0_body]  899/900 loss=0.001631  chamfer=0.00135  edge=0.00524  lap=0.00149  sym=0.00002  limit=0.00000  mid=0.00000
    [H1_legs]    0/1200 loss=0.001298  chamfer=0.00102  edge=0.00524  lap=0.00149  sym=0.00002  limit=0.00000  mid=0.00000
    [H1_legs]  100/1200 loss=0.001027  chamfer=0.00088  edge=0.00270  lap=0.00148  sym=0.00000  limit=0.00000  mid=0.00000  churn=0.003
    [H1_legs]  200/1200 loss=0.001003  chamfer=0.00087  edge=0.00248  lap=0.00148  sym=0.00000  limit=0.00000  mid=0.00000  churn=0.001
    [H1_legs]  300/1200 loss=0.000998  chamfer=0.00087  edge=0.00240  lap=0.00148  sym=0.00000  limit=0.00000  mid=0.00000  churn=0.002
    [H1_legs]  400/1200 loss=0.000987  chamfer=0.00086  edge=0.00236  lap=0.00148  sym=0.00000  limit=0.00000  mid=0.00000  churn=0.002
    [H1_legs]  500/1200 loss=0.000987  chamfer=0.00086  edge=0.00236  lap=0.00148  sym=0.00000  limit=0.00000  mid=0.00000  churn=0.002
    [H1_legs]  600/1200 loss=0.000983  chamfer=0.00085  edge=0.00239  lap=0.00148  sym=0.00000  limit=0.00000  mid=0.00000  churn=0.002
    [H1_legs]  700/1200 loss=0.000983  chamfer=0.00085  edge=0.00238  lap=0.00148  sym=0.00000  limit=0.00000  mid=0.00000  churn=0.002
    [H1_legs]  800/1200 loss=0.000979  chamfer=0.00085  edge=0.00238  lap=0.00148  sym=0.00000  limit=0.00000  mid=0.00000  churn=0.002
    [H1_legs]  900/1200 loss=0.000982  chamfer=0.00085  edge=0.00238  lap=0.00148  sym=0.00000  limit=0.00000  mid=0.00000  churn=0.002
    [H1_legs] 1000/1200 loss=0.000979  chamfer=0.00085  edge=0.00237  lap=0.00148  sym=0.00000  limit=0.00000  mid=0.00000  churn=0.002
    [H1_legs] 1100/1200 loss=0.000970  chamfer=0.00084  edge=0.00237  lap=0.00148  sym=0.00000  limit=0.00000  mid=0.00000  churn=0.001
    [H1_legs] 1199/1200 loss=0.000972  chamfer=0.00084  edge=0.00236  lap=0.00148  sym=0.00000  limit=0.00000  mid=0.00000  churn=0.001
    [H1_legs] partition churn: first 0.007 last 0.001 mean 0.002   (falling churn => the data term is settling)
    [H2_joint]    0/900 loss=0.000976  chamfer=0.00085  edge=0.00236  lap=0.00148  sym=0.00000  limit=0.00000  mid=0.00000
    [H2_joint]  100/900 loss=0.000962  chamfer=0.00085  edge=0.00211  lap=0.00147  sym=0.00000  limit=0.00000  mid=0.00000  churn=0.002
    [H2_joint]  200/900 loss=0.000965  chamfer=0.00085  edge=0.00210  lap=0.00147  sym=0.00000  limit=0.00000  mid=0.00000  churn=0.002
    [H2_joint]  300/900 loss=0.000961  chamfer=0.00085  edge=0.00208  lap=0.00147  sym=0.00000  limit=0.00000  mid=0.00000  churn=0.002
    [H2_joint]  400/900 loss=0.000957  chamfer=0.00084  edge=0.00211  lap=0.00147  sym=0.00000  limit=0.00000  mid=0.00000  churn=0.002
    [H2_joint]  500/900 loss=0.000968  chamfer=0.00085  edge=0.00211  lap=0.00147  sym=0.00000  limit=0.00000  mid=0.00000  churn=0.002
    [H2_joint]  600/900 loss=0.000964  chamfer=0.00085  edge=0.00215  lap=0.00147  sym=0.00000  limit=0.00000  mid=0.00000  churn=0.002
    [H2_joint]  700/900 loss=0.000959  chamfer=0.00084  edge=0.00214  lap=0.00147  sym=0.00000  limit=0.00000  mid=0.00000  churn=0.001
    [H2_joint]  800/900 loss=0.000968  chamfer=0.00085  edge=0.00213  lap=0.00147  sym=0.00000  limit=0.00000  mid=0.00000  churn=0.001
    [H2_joint]  899/900 loss=0.000957  chamfer=0.00084  edge=0.00212  lap=0.00147  sym=0.00000  limit=0.00000  mid=0.00000  churn=0.001
    [H2_joint] partition churn: first 0.002 last 0.001 mean 0.002   (falling churn => the data term is settling)
    [H3_deform]    0/600 loss=0.000968  chamfer=0.00085  edge=0.00212  lap=0.00147  sym=0.00000  mid=0.00000  off=0.00000
    [H3_deform]  100/600 loss=0.000869  chamfer=0.00074  edge=0.00172  lap=0.00155  sym=0.00001  mid=0.00000  off=0.00000  churn=0.004
    [H3_deform]  200/600 loss=0.000869  chamfer=0.00073  edge=0.00175  lap=0.00156  sym=0.00001  mid=0.00000  off=0.00000  churn=0.003
    [H3_deform]  300/600 loss=0.000866  chamfer=0.00073  edge=0.00175  lap=0.00156  sym=0.00001  mid=0.00000  off=0.00000  churn=0.003
    [H3_deform]  400/600 loss=0.000870  chamfer=0.00073  edge=0.00178  lap=0.00156  sym=0.00001  mid=0.00000  off=0.00000  churn=0.002
    [H3_deform]  500/600 loss=0.000873  chamfer=0.00073  edge=0.00179  lap=0.00156  sym=0.00001  mid=0.00000  off=0.00000  churn=0.002
    [H3_deform]  599/600 loss=0.000855  chamfer=0.00071  edge=0.00179  lap=0.00156  sym=0.00001  mid=0.00000  off=0.00000  churn=0.002
    [H3_deform] partition churn: first 0.004 last 0.002 mean 0.003   (falling churn => the data term is settling)
[hier] done
=== moonshot handoff, yaml=D1_low.yaml (full budget) ===
[moonshot] 12 meshes from /rwthfs/rz/cluster/home/nao48500/SMILify/diagnostics/moonshot/synth_clean_pose0
12 target meshes loaded.
[moonshot] initialised pose/shape from diagnostics/registration_interventions/runs/hier_SYN_clean_pose0_stratq20_w5/H2_joint.npz
[moonshot] running 2 stages
    [Stage_2_deform_coarse] it    0/1000  loss=0.002217   chamfer=0.00177  edge=0.00021  normal=0.05306  laplacian=0.00147  offset=0.00000  sym=0.00000  mid=0.00000  limit=0.00000
    [Stage_2_deform_coarse] it   50/1000  loss=0.001309   chamfer=0.00059  edge=0.00025  normal=0.05911  laplacian=0.00246  offset=0.00004  sym=0.00000  mid=0.00000  limit=0.00000
    [Stage_2_deform_coarse] it  100/1000  loss=0.001190   chamfer=0.00051  edge=0.00026  normal=0.05800  laplacian=0.00246  offset=0.00003  sym=0.00000  mid=0.00000  limit=0.00000
    [Stage_2_deform_coarse] it  150/1000  loss=0.001161   chamfer=0.00048  edge=0.00026  normal=0.06016  laplacian=0.00256  offset=0.00003  sym=0.00000  mid=0.00000  limit=0.00000
    [Stage_2_deform_coarse] it  200/1000  loss=0.001133   chamfer=0.00045  edge=0.00027  normal=0.06162  laplacian=0.00261  offset=0.00003  sym=0.00000  mid=0.00000  limit=0.00000
    [Stage_2_deform_coarse] it  250/1000  loss=0.001124   chamfer=0.00044  edge=0.00027  normal=0.06330  laplacian=0.00267  offset=0.00002  sym=0.00000  mid=0.00000  limit=0.00000
    [Stage_2_deform_coarse] it  300/1000  loss=0.001117   chamfer=0.00042  edge=0.00027  normal=0.06524  laplacian=0.00273  offset=0.00002  sym=0.00000  mid=0.00000  limit=0.00000
    [Stage_2_deform_coarse] it  350/1000  loss=0.001110   chamfer=0.00041  edge=0.00028  normal=0.06580  laplacian=0.00276  offset=0.00002  sym=0.00000  mid=0.00000  limit=0.00000
    [Stage_2_deform_coarse] it  400/1000  loss=0.001110   chamfer=0.00040  edge=0.00028  normal=0.06667  laplacian=0.00281  offset=0.00002  sym=0.00000  mid=0.00000  limit=0.00000
    [Stage_2_deform_coarse] it  450/1000  loss=0.001095   chamfer=0.00040  edge=0.00028  normal=0.06565  laplacian=0.00280  offset=0.00002  sym=0.00000  mid=0.00000  limit=0.00000
    [Stage_2_deform_coarse] it  500/1000  loss=0.001096   chamfer=0.00039  edge=0.00028  normal=0.06716  laplacian=0.00285  offset=0.00002  sym=0.00000  mid=0.00000  limit=0.00000
    [Stage_2_deform_coarse] it  550/1000  loss=0.001087   chamfer=0.00038  edge=0.00028  normal=0.06694  laplacian=0.00285  offset=0.00002  sym=0.00000  mid=0.00000  limit=0.00000
    [Stage_2_deform_coarse] it  600/1000  loss=0.001084   chamfer=0.00038  edge=0.00029  normal=0.06664  laplacian=0.00286  offset=0.00002  sym=0.00000  mid=0.00000  limit=0.00000
    [Stage_2_deform_coarse] it  650/1000  loss=0.001089   chamfer=0.00037  edge=0.00029  normal=0.06832  laplacian=0.00288  offset=0.00002  sym=0.00000  mid=0.00000  limit=0.00000
    [Stage_2_deform_coarse] it  700/1000  loss=0.001072   chamfer=0.00037  edge=0.00029  normal=0.06634  laplacian=0.00286  offset=0.00002  sym=0.00000  mid=0.00000  limit=0.00000
    [Stage_2_deform_coarse] it  750/1000  loss=0.001081   chamfer=0.00037  edge=0.00029  normal=0.06710  laplacian=0.00289  offset=0.00002  sym=0.00000  mid=0.00000  limit=0.00000
    [Stage_2_deform_coarse] it  800/1000  loss=0.001080   chamfer=0.00036  edge=0.00029  normal=0.06830  laplacian=0.00291  offset=0.00002  sym=0.00000  mid=0.00000  limit=0.00000
    [Stage_2_deform_coarse] it  850/1000  loss=0.001068   chamfer=0.00036  edge=0.00029  normal=0.06704  laplacian=0.00289  offset=0.00002  sym=0.00000  mid=0.00000  limit=0.00000
    [Stage_2_deform_coarse] it  900/1000  loss=0.001073   chamfer=0.00036  edge=0.00029  normal=0.06757  laplacian=0.00292  offset=0.00002  sym=0.00000  mid=0.00000  limit=0.00000
    [Stage_2_deform_coarse] it  950/1000  loss=0.001080   chamfer=0.00036  edge=0.00029  normal=0.06803  laplacian=0.00294  offset=0.00002  sym=0.00000  mid=0.00000  limit=0.00000
    [Stage_2_deform_coarse] it  999/1000  loss=0.001074   chamfer=0.00036  edge=0.00029  normal=0.06845  laplacian=0.00294  offset=0.00002  sym=0.00000  mid=0.00000  limit=0.00000
    [Stage_3_deform_fine] it    0/1000  loss=0.000421   chamfer=0.00035  edge=0.00029  normal=0.06832  laplacian=0.00294  offset=0.00002  sym=0.00000  mid=0.00000  limit=0.00000
    [Stage_3_deform_fine] it   50/1000  loss=0.000366   chamfer=0.00034  edge=0.00029  normal=0.05179  laplacian=0.00274  offset=0.00002  sym=0.00000  mid=0.00000  limit=0.00000
    [Stage_3_deform_fine] it  100/1000  loss=0.000367   chamfer=0.00035  edge=0.00030  normal=0.05070  laplacian=0.00274  offset=0.00001  sym=0.00000  mid=0.00000  limit=0.00000
    [Stage_3_deform_fine] it  150/1000  loss=0.000362   chamfer=0.00034  edge=0.00030  normal=0.05057  laplacian=0.00276  offset=0.00001  sym=0.00000  mid=0.00000  limit=0.00000
    [Stage_3_deform_fine] it  200/1000  loss=0.000363   chamfer=0.00034  edge=0.00030  normal=0.05057  laplacian=0.00278  offset=0.00002  sym=0.00000  mid=0.00000  limit=0.00000
    [Stage_3_deform_fine] it  250/1000  loss=0.000363   chamfer=0.00034  edge=0.00030  normal=0.05070  laplacian=0.00279  offset=0.00001  sym=0.00000  mid=0.00000  limit=0.00000
    [Stage_3_deform_fine] it  300/1000  loss=0.000362   chamfer=0.00033  edge=0.00030  normal=0.05078  laplacian=0.00280  offset=0.00002  sym=0.00000  mid=0.00000  limit=0.00000
    [Stage_3_deform_fine] it  350/1000  loss=0.000360   chamfer=0.00033  edge=0.00030  normal=0.05101  laplacian=0.00281  offset=0.00002  sym=0.00000  mid=0.00000  limit=0.00000
    [Stage_3_deform_fine] it  400/1000  loss=0.000362   chamfer=0.00033  edge=0.00030  normal=0.05113  laplacian=0.00282  offset=0.00001  sym=0.00000  mid=0.00000  limit=0.00000
    [Stage_3_deform_fine] it  450/1000  loss=0.000361   chamfer=0.00033  edge=0.00030  normal=0.05108  laplacian=0.00283  offset=0.00002  sym=0.00000  mid=0.00000  limit=0.00000
    [Stage_3_deform_fine] it  500/1000  loss=0.000360   chamfer=0.00033  edge=0.00030  normal=0.05099  laplacian=0.00283  offset=0.00001  sym=0.00000  mid=0.00000  limit=0.00000
    [Stage_3_deform_fine] it  550/1000  loss=0.000361   chamfer=0.00033  edge=0.00030  normal=0.05105  laplacian=0.00283  offset=0.00001  sym=0.00000  mid=0.00000  limit=0.00000
    [Stage_3_deform_fine] it  600/1000  loss=0.000360   chamfer=0.00033  edge=0.00030  normal=0.05126  laplacian=0.00284  offset=0.00001  sym=0.00000  mid=0.00000  limit=0.00000
    [Stage_3_deform_fine] it  650/1000  loss=0.000359   chamfer=0.00032  edge=0.00030  normal=0.05141  laplacian=0.00284  offset=0.00001  sym=0.00000  mid=0.00000  limit=0.00000
    [Stage_3_deform_fine] it  700/1000  loss=0.000361   chamfer=0.00033  edge=0.00030  normal=0.05145  laplacian=0.00285  offset=0.00001  sym=0.00000  mid=0.00000  limit=0.00000
    [Stage_3_deform_fine] it  750/1000  loss=0.000359   chamfer=0.00032  edge=0.00030  normal=0.05156  laplacian=0.00285  offset=0.00001  sym=0.00000  mid=0.00000  limit=0.00000
    [Stage_3_deform_fine] it  800/1000  loss=0.000359   chamfer=0.00032  edge=0.00030  normal=0.05162  laplacian=0.00286  offset=0.00001  sym=0.00000  mid=0.00000  limit=0.00000
    [Stage_3_deform_fine] it  850/1000  loss=0.000358   chamfer=0.00032  edge=0.00031  normal=0.05148  laplacian=0.00286  offset=0.00001  sym=0.00000  mid=0.00000  limit=0.00000
    [Stage_3_deform_fine] it  900/1000  loss=0.000359   chamfer=0.00033  edge=0.00031  normal=0.05165  laplacian=0.00286  offset=0.00001  sym=0.00000  mid=0.00000  limit=0.00000
    [Stage_3_deform_fine] it  950/1000  loss=0.000358   chamfer=0.00032  edge=0.00031  normal=0.05194  laplacian=0.00287  offset=0.00001  sym=0.00000  mid=0.00000  limit=0.00000
    [Stage_3_deform_fine] it  999/1000  loss=0.000358   chamfer=0.00032  edge=0.00031  normal=0.05170  laplacian=0.00287  offset=0.00001  sym=0.00000  mid=0.00000  limit=0.00000
  eval 10/12
[moonshot] wrote diagnostics/moonshot/runs/SYN_clean_pose0_stratq20_w5/metrics.csv

  ---- summary ----
    chamfer_l2                       0.000130
    fscore@0.01                      0.842728
    fscore@0.02                      0.982396
    hausdorff_95                     0.016554
    normal_consistency               0.883046
    edge_logratio_absmean            0.143700
    tri_quality_mean                 0.747504
    deform_mag_mean                  0.002802
    midline_dev_mean                 0.002171
    part_leg_distal_dist_mean        0.005261
    part_leg_dist_mean               0.006103
    part_body_dist_mean              0.006382
=== task 2 DONE ===
