=== task 3: corpus=synth_clean label=pose25 quota=0.05 ===
Tue Aug 18 22:52:27 2026       
+-----------------------------------------------------------------------------------------+
| NVIDIA-SMI 580.178.04             Driver Version: 580.178.04     CUDA Version: 13.0     |
+-----------------------------------------+------------------------+----------------------+
| GPU  Name                 Persistence-M | Bus-Id          Disp.A | Volatile Uncorr. ECC |
| Fan  Temp   Perf          Pwr:Usage/Cap |           Memory-Usage | GPU-Util  Compute M. |
|                                         |                        |               MIG M. |
|=========================================+========================+======================|
|   0  NVIDIA H100                    On  |   00000000:9D:00.0 Off |                    0 |
| N/A   42C    P0             75W /  600W |       0MiB /  95830MiB |      0%      Default |
|                                         |                        |             Disabled |
+-----------------------------------------+------------------------+----------------------+

+-----------------------------------------------------------------------------------------+
| Processes:                                                                              |
|  GPU   GI   CI              PID   Type   Process name                        GPU Memory |
|        ID   ID                                                               Usage      |
|=========================================================================================|
|  No running processes found                                                             |
+-----------------------------------------------------------------------------------------+
=== hierarchical placement (full budget, --distal_quota 0.05) ===
[hier] 12 meshes
12 target meshes loaded.
[hier] anatomical groups (template vertices): {'body': 5526, 'l1_l': 753, 'l1_r': 756, 'l2_l': 669, 'l2_r': 669, 'l3_l': 931, 'l3_r': 931}
[hier] Intervention C: stratified target sampling, distal_quota=0.05 (1632/20466 template faces marked distal) -- H1/H2/H3 only
[hier] 7 groups: ['body', 'l1_l', 'l1_r', 'l2_l', 'l2_r', 'l3_l', 'l3_r']
[hier] body stage moves ['body'], leg stage moves 6 leg groups
/home/nao48500/miniforge3/envs/pytorch3d/lib/python3.10/site-packages/pytorch3d/ops/laplacian_matrices.py:51: UserWarning: torch.sparse.SparseTensor(indices, values, shape, *, device=) is deprecated.  Please use torch.sparse_coo_tensor(indices, values, shape, dtype=, device=). (Triggered internally at /opt/conda/conda-bld/pytorch_1716905971132/work/torch/csrc/utils/tensor_new.cpp:621.)
  A = torch.sparse.FloatTensor(idx, ones, (V, V))
    [H0_body]    0/900 loss=0.010913  chamfer=0.01091  edge=0.00000  lap=0.00142  sym=0.00000  limit=0.00000  mid=0.00000
    [H0_body]  100/900 loss=0.004943  chamfer=0.00377  edge=0.01766  lap=0.00160  sym=0.00021  limit=0.00000  mid=0.00009
    [H0_body]  200/900 loss=0.004799  chamfer=0.00359  edge=0.01840  lap=0.00160  sym=0.00021  limit=0.00000  mid=0.00009
    [H0_body]  300/900 loss=0.004759  chamfer=0.00355  edge=0.01840  lap=0.00160  sym=0.00021  limit=0.00000  mid=0.00009
    [H0_body]  400/900 loss=0.004744  chamfer=0.00353  edge=0.01853  lap=0.00160  sym=0.00021  limit=0.00000  mid=0.00009
    [H0_body]  500/900 loss=0.004738  chamfer=0.00353  edge=0.01851  lap=0.00160  sym=0.00021  limit=0.00000  mid=0.00009
    [H0_body]  600/900 loss=0.004728  chamfer=0.00352  edge=0.01853  lap=0.00160  sym=0.00021  limit=0.00000  mid=0.00009
    [H0_body]  700/900 loss=0.004721  chamfer=0.00351  edge=0.01852  lap=0.00160  sym=0.00021  limit=0.00000  mid=0.00009
    [H0_body]  800/900 loss=0.004712  chamfer=0.00350  edge=0.01850  lap=0.00160  sym=0.00021  limit=0.00000  mid=0.00009
    [H0_body]  899/900 loss=0.004737  chamfer=0.00353  edge=0.01850  lap=0.00160  sym=0.00021  limit=0.00000  mid=0.00009
    [H1_legs]    0/1200 loss=0.010937  chamfer=0.00973  edge=0.01850  lap=0.00160  sym=0.00021  limit=0.00000  mid=0.00009
    [H1_legs]  100/1200 loss=0.002770  chamfer=0.00210  edge=0.01118  lap=0.00155  sym=0.00004  limit=0.00000  mid=0.00004  churn=0.029
    [H1_legs]  200/1200 loss=0.002459  chamfer=0.00189  edge=0.00932  lap=0.00154  sym=0.00003  limit=0.00000  mid=0.00004  churn=0.012
    [H1_legs]  300/1200 loss=0.002324  chamfer=0.00180  edge=0.00850  lap=0.00154  sym=0.00002  limit=0.00000  mid=0.00004  churn=0.007
    [H1_legs]  400/1200 loss=0.002275  chamfer=0.00178  edge=0.00794  lap=0.00154  sym=0.00002  limit=0.00000  mid=0.00004  churn=0.007
    [H1_legs]  500/1200 loss=0.002249  chamfer=0.00176  edge=0.00781  lap=0.00154  sym=0.00002  limit=0.00000  mid=0.00004  churn=0.006
    [H1_legs]  600/1200 loss=0.002191  chamfer=0.00171  edge=0.00763  lap=0.00154  sym=0.00002  limit=0.00000  mid=0.00004  churn=0.005
    [H1_legs]  700/1200 loss=0.002184  chamfer=0.00171  edge=0.00752  lap=0.00154  sym=0.00002  limit=0.00000  mid=0.00004  churn=0.005
    [H1_legs]  800/1200 loss=0.002169  chamfer=0.00169  edge=0.00753  lap=0.00154  sym=0.00002  limit=0.00000  mid=0.00004  churn=0.004
    [H1_legs]  900/1200 loss=0.002217  chamfer=0.00175  edge=0.00745  lap=0.00154  sym=0.00002  limit=0.00000  mid=0.00004  churn=0.004
    [H1_legs] 1000/1200 loss=0.002188  chamfer=0.00172  edge=0.00749  lap=0.00154  sym=0.00002  limit=0.00000  mid=0.00004  churn=0.004
    [H1_legs] 1100/1200 loss=0.002177  chamfer=0.00171  edge=0.00745  lap=0.00154  sym=0.00002  limit=0.00000  mid=0.00004  churn=0.003
    [H1_legs] 1199/1200 loss=0.002147  chamfer=0.00168  edge=0.00743  lap=0.00154  sym=0.00002  limit=0.00000  mid=0.00004  churn=0.003
    [H1_legs] partition churn: first 0.046 last 0.003 mean 0.009   (falling churn => the data term is settling)
    [H2_joint]    0/900 loss=0.002155  chamfer=0.00169  edge=0.00743  lap=0.00154  sym=0.00002  limit=0.00000  mid=0.00004
    [H2_joint]  100/900 loss=0.002044  chamfer=0.00169  edge=0.00656  lap=0.00153  sym=0.00002  limit=0.00000  mid=0.00000  churn=0.006
    [H2_joint]  200/900 loss=0.002015  chamfer=0.00167  edge=0.00646  lap=0.00153  sym=0.00002  limit=0.00000  mid=0.00000  churn=0.006
    [H2_joint]  300/900 loss=0.001991  chamfer=0.00164  edge=0.00648  lap=0.00153  sym=0.00002  limit=0.00000  mid=0.00000  churn=0.005
    [H2_joint]  400/900 loss=0.002040  chamfer=0.00169  edge=0.00651  lap=0.00153  sym=0.00002  limit=0.00000  mid=0.00000  churn=0.005
    [H2_joint]  500/900 loss=0.002017  chamfer=0.00167  edge=0.00640  lap=0.00153  sym=0.00002  limit=0.00000  mid=0.00000  churn=0.005
    [H2_joint]  600/900 loss=0.002003  chamfer=0.00166  edge=0.00635  lap=0.00153  sym=0.00002  limit=0.00000  mid=0.00000  churn=0.004
    [H2_joint]  700/900 loss=0.002042  chamfer=0.00170  edge=0.00643  lap=0.00153  sym=0.00002  limit=0.00000  mid=0.00000  churn=0.004
    [H2_joint]  800/900 loss=0.002029  chamfer=0.00169  edge=0.00643  lap=0.00153  sym=0.00002  limit=0.00000  mid=0.00000  churn=0.004
    [H2_joint]  899/900 loss=0.002020  chamfer=0.00168  edge=0.00639  lap=0.00153  sym=0.00002  limit=0.00000  mid=0.00000  churn=0.004
    [H2_joint] partition churn: first 0.009 last 0.004 mean 0.005   (falling churn => the data term is settling)
    [H3_deform]    0/600 loss=0.002027  chamfer=0.00169  edge=0.00639  lap=0.00153  sym=0.00002  mid=0.00000  off=0.00000
    [H3_deform]  100/600 loss=0.001691  chamfer=0.00137  edge=0.00398  lap=0.00165  sym=0.00002  mid=0.00000  off=0.00000  churn=0.012
    [H3_deform]  200/600 loss=0.001663  chamfer=0.00133  edge=0.00418  lap=0.00166  sym=0.00002  mid=0.00000  off=0.00000  churn=0.009
    [H3_deform]  300/600 loss=0.001679  chamfer=0.00134  edge=0.00421  lap=0.00167  sym=0.00002  mid=0.00000  off=0.00000  churn=0.007
    [H3_deform]  400/600 loss=0.001667  chamfer=0.00132  edge=0.00433  lap=0.00167  sym=0.00002  mid=0.00000  off=0.00000  churn=0.006
    [H3_deform]  500/600 loss=0.001677  chamfer=0.00133  edge=0.00433  lap=0.00167  sym=0.00002  mid=0.00000  off=0.00000  churn=0.005
    [H3_deform]  599/600 loss=0.001651  chamfer=0.00130  edge=0.00433  lap=0.00167  sym=0.00002  mid=0.00000  off=0.00000  churn=0.005
    [H3_deform] partition churn: first 0.012 last 0.005 mean 0.008   (falling churn => the data term is settling)
[hier] done
=== moonshot handoff, yaml=D1_low.yaml (full budget) ===
[moonshot] 12 meshes from /rwthfs/rz/cluster/home/nao48500/SMILify/diagnostics/moonshot/synth_clean
12 target meshes loaded.
[moonshot] initialised pose/shape from diagnostics/registration_interventions/runs/hier_SYN_clean_pose25_stratq05_w5/H2_joint.npz
[moonshot] running 2 stages
    [Stage_2_deform_coarse] it    0/1000  loss=0.003486   chamfer=0.00299  edge=0.00021  normal=0.05878  laplacian=0.00153  offset=0.00000  sym=0.00002  mid=0.00000  limit=0.00000
    [Stage_2_deform_coarse] it   50/1000  loss=0.001795   chamfer=0.00088  edge=0.00027  normal=0.06373  laplacian=0.00281  offset=0.00007  sym=0.00002  mid=0.00000  limit=0.00042
    [Stage_2_deform_coarse] it  100/1000  loss=0.001611   chamfer=0.00076  edge=0.00028  normal=0.06165  laplacian=0.00275  offset=0.00006  sym=0.00002  mid=0.00000  limit=0.00032
    [Stage_2_deform_coarse] it  150/1000  loss=0.001516   chamfer=0.00067  edge=0.00028  normal=0.06321  laplacian=0.00280  offset=0.00005  sym=0.00002  mid=0.00000  limit=0.00027
    [Stage_2_deform_coarse] it  200/1000  loss=0.001468   chamfer=0.00063  edge=0.00029  normal=0.06450  laplacian=0.00286  offset=0.00005  sym=0.00001  mid=0.00000  limit=0.00023
    [Stage_2_deform_coarse] it  250/1000  loss=0.001448   chamfer=0.00061  edge=0.00029  normal=0.06548  laplacian=0.00289  offset=0.00005  sym=0.00001  mid=0.00000  limit=0.00020
    [Stage_2_deform_coarse] it  300/1000  loss=0.001435   chamfer=0.00059  edge=0.00029  normal=0.06692  laplacian=0.00294  offset=0.00005  sym=0.00001  mid=0.00000  limit=0.00019
    [Stage_2_deform_coarse] it  350/1000  loss=0.001433   chamfer=0.00059  edge=0.00030  normal=0.06695  laplacian=0.00296  offset=0.00005  sym=0.00001  mid=0.00000  limit=0.00018
    [Stage_2_deform_coarse] it  400/1000  loss=0.001419   chamfer=0.00057  edge=0.00030  normal=0.06885  laplacian=0.00300  offset=0.00005  sym=0.00001  mid=0.00000  limit=0.00017
    [Stage_2_deform_coarse] it  450/1000  loss=0.001413   chamfer=0.00056  edge=0.00030  normal=0.06826  laplacian=0.00301  offset=0.00005  sym=0.00001  mid=0.00000  limit=0.00016
    [Stage_2_deform_coarse] it  500/1000  loss=0.001411   chamfer=0.00057  edge=0.00030  normal=0.06791  laplacian=0.00300  offset=0.00005  sym=0.00001  mid=0.00000  limit=0.00015
    [Stage_2_deform_coarse] it  550/1000  loss=0.001407   chamfer=0.00055  edge=0.00030  normal=0.06939  laplacian=0.00304  offset=0.00005  sym=0.00001  mid=0.00000  limit=0.00015
    [Stage_2_deform_coarse] it  600/1000  loss=0.001398   chamfer=0.00054  edge=0.00030  normal=0.06983  laplacian=0.00304  offset=0.00004  sym=0.00001  mid=0.00000  limit=0.00015
    [Stage_2_deform_coarse] it  650/1000  loss=0.001397   chamfer=0.00054  edge=0.00030  normal=0.06918  laplacian=0.00305  offset=0.00004  sym=0.00001  mid=0.00000  limit=0.00015
    [Stage_2_deform_coarse] it  700/1000  loss=0.001376   chamfer=0.00053  edge=0.00030  normal=0.06910  laplacian=0.00304  offset=0.00004  sym=0.00001  mid=0.00000  limit=0.00015
    [Stage_2_deform_coarse] it  750/1000  loss=0.001384   chamfer=0.00053  edge=0.00030  normal=0.06920  laplacian=0.00305  offset=0.00004  sym=0.00001  mid=0.00000  limit=0.00015
    [Stage_2_deform_coarse] it  800/1000  loss=0.001389   chamfer=0.00053  edge=0.00031  normal=0.06970  laplacian=0.00307  offset=0.00004  sym=0.00001  mid=0.00000  limit=0.00014
    [Stage_2_deform_coarse] it  850/1000  loss=0.001376   chamfer=0.00053  edge=0.00030  normal=0.06940  laplacian=0.00305  offset=0.00004  sym=0.00001  mid=0.00000  limit=0.00014
    [Stage_2_deform_coarse] it  900/1000  loss=0.001374   chamfer=0.00053  edge=0.00031  normal=0.06876  laplacian=0.00305  offset=0.00004  sym=0.00001  mid=0.00000  limit=0.00015
    [Stage_2_deform_coarse] it  950/1000  loss=0.001369   chamfer=0.00052  edge=0.00031  normal=0.06934  laplacian=0.00304  offset=0.00004  sym=0.00001  mid=0.00000  limit=0.00015
    [Stage_2_deform_coarse] it  999/1000  loss=0.001360   chamfer=0.00051  edge=0.00031  normal=0.06901  laplacian=0.00306  offset=0.00004  sym=0.00001  mid=0.00000  limit=0.00015
    [Stage_3_deform_fine] it    0/1000  loss=0.000558   chamfer=0.00052  edge=0.00031  normal=0.06904  laplacian=0.00306  offset=0.00004  sym=0.00001  mid=0.00000  limit=0.00015
    [Stage_3_deform_fine] it   50/1000  loss=0.000500   chamfer=0.00048  edge=0.00031  normal=0.05397  laplacian=0.00296  offset=0.00004  sym=0.00000  mid=0.00000  limit=0.00013
    [Stage_3_deform_fine] it  100/1000  loss=0.000496   chamfer=0.00047  edge=0.00032  normal=0.05304  laplacian=0.00297  offset=0.00004  sym=0.00000  mid=0.00000  limit=0.00011
    [Stage_3_deform_fine] it  150/1000  loss=0.000499   chamfer=0.00048  edge=0.00032  normal=0.05303  laplacian=0.00299  offset=0.00004  sym=0.00000  mid=0.00000  limit=0.00011
    [Stage_3_deform_fine] it  200/1000  loss=0.000501   chamfer=0.00048  edge=0.00032  normal=0.05321  laplacian=0.00300  offset=0.00004  sym=0.00000  mid=0.00000  limit=0.00010
    [Stage_3_deform_fine] it  250/1000  loss=0.000499   chamfer=0.00048  edge=0.00032  normal=0.05314  laplacian=0.00302  offset=0.00004  sym=0.00000  mid=0.00000  limit=0.00009
    [Stage_3_deform_fine] it  300/1000  loss=0.000500   chamfer=0.00048  edge=0.00032  normal=0.05322  laplacian=0.00303  offset=0.00004  sym=0.00000  mid=0.00000  limit=0.00008
    [Stage_3_deform_fine] it  350/1000  loss=0.000496   chamfer=0.00047  edge=0.00032  normal=0.05331  laplacian=0.00304  offset=0.00004  sym=0.00000  mid=0.00000  limit=0.00008
    [Stage_3_deform_fine] it  400/1000  loss=0.000492   chamfer=0.00046  edge=0.00032  normal=0.05319  laplacian=0.00304  offset=0.00004  sym=0.00000  mid=0.00000  limit=0.00007
    [Stage_3_deform_fine] it  450/1000  loss=0.000495   chamfer=0.00047  edge=0.00032  normal=0.05341  laplacian=0.00305  offset=0.00004  sym=0.00000  mid=0.00000  limit=0.00006
    [Stage_3_deform_fine] it  500/1000  loss=0.000493   chamfer=0.00047  edge=0.00032  normal=0.05339  laplacian=0.00305  offset=0.00004  sym=0.00000  mid=0.00000  limit=0.00005
    [Stage_3_deform_fine] it  550/1000  loss=0.000492   chamfer=0.00046  edge=0.00032  normal=0.05374  laplacian=0.00306  offset=0.00004  sym=0.00000  mid=0.00000  limit=0.00005
    [Stage_3_deform_fine] it  600/1000  loss=0.000497   chamfer=0.00047  edge=0.00033  normal=0.05365  laplacian=0.00307  offset=0.00004  sym=0.00000  mid=0.00000  limit=0.00004
    [Stage_3_deform_fine] it  650/1000  loss=0.000495   chamfer=0.00047  edge=0.00033  normal=0.05395  laplacian=0.00307  offset=0.00004  sym=0.00000  mid=0.00000  limit=0.00003
    [Stage_3_deform_fine] it  700/1000  loss=0.000496   chamfer=0.00047  edge=0.00033  normal=0.05388  laplacian=0.00307  offset=0.00004  sym=0.00000  mid=0.00000  limit=0.00003
    [Stage_3_deform_fine] it  750/1000  loss=0.000493   chamfer=0.00046  edge=0.00033  normal=0.05401  laplacian=0.00309  offset=0.00004  sym=0.00000  mid=0.00000  limit=0.00002
    [Stage_3_deform_fine] it  800/1000  loss=0.000494   chamfer=0.00046  edge=0.00033  normal=0.05471  laplacian=0.00309  offset=0.00004  sym=0.00000  mid=0.00000  limit=0.00001
    [Stage_3_deform_fine] it  850/1000  loss=0.000496   chamfer=0.00046  edge=0.00033  normal=0.05475  laplacian=0.00310  offset=0.00004  sym=0.00000  mid=0.00000  limit=0.00000
    [Stage_3_deform_fine] it  900/1000  loss=0.000492   chamfer=0.00046  edge=0.00033  normal=0.05435  laplacian=0.00310  offset=0.00004  sym=0.00000  mid=0.00000  limit=0.00000
    [Stage_3_deform_fine] it  950/1000  loss=0.000491   chamfer=0.00046  edge=0.00033  normal=0.05406  laplacian=0.00309  offset=0.00004  sym=0.00000  mid=0.00000  limit=0.00000
    [Stage_3_deform_fine] it  999/1000  loss=0.000489   chamfer=0.00045  edge=0.00033  normal=0.05409  laplacian=0.00309  offset=0.00004  sym=0.00000  mid=0.00000  limit=0.00000
  eval 10/12
[moonshot] wrote diagnostics/moonshot/runs/SYN_clean_pose25_stratq05_w5/metrics.csv

  ---- summary ----
    chamfer_l2                       0.000258
    fscore@0.01                      0.702830
    fscore@0.02                      0.939645
    hausdorff_95                     0.023029
    normal_consistency               0.818430
    edge_logratio_absmean            0.163598
    tri_quality_mean                 0.737898
    deform_mag_mean                  0.003797
    midline_dev_mean                 0.018150
    part_leg_distal_dist_mean        0.008077
    part_leg_dist_mean               0.007475
    part_body_dist_mean              0.008465
=== task 3 DONE ===
