=== task 0: corpus=synth_clean (GT joint_rot init) ===
Tue Aug 18 13:42:56 2026       
+-----------------------------------------------------------------------------------------+
| NVIDIA-SMI 580.178.04             Driver Version: 580.178.04     CUDA Version: 13.0     |
+-----------------------------------------+------------------------+----------------------+
| GPU  Name                 Persistence-M | Bus-Id          Disp.A | Volatile Uncorr. ECC |
| Fan  Temp   Perf          Pwr:Usage/Cap |           Memory-Usage | GPU-Util  Compute M. |
|                                         |                        |               MIG M. |
|=========================================+========================+======================|
|   0  NVIDIA H100                    On  |   00000000:9D:00.0 Off |                    0 |
| N/A   42C    P0             70W /  600W |       0MiB /  95830MiB |      0%      Default |
|                                         |                        |             Disabled |
+-----------------------------------------+------------------------+----------------------+

+-----------------------------------------------------------------------------------------+
| Processes:                                                                              |
|  GPU   GI   CI              PID   Type   Process name                        GPU Memory |
|        ID   ID                                                               Usage      |
|=========================================================================================|
|  No running processes found                                                             |
+-----------------------------------------------------------------------------------------+
=== hierarchical placement (full budget, GT-init) ===
[hier] 12 meshes
12 target meshes loaded.
[hier] anatomical groups (template vertices): {'body': 5526, 'l1_l': 753, 'l1_r': 756, 'l2_l': 669, 'l2_r': 669, 'l3_l': 931, 'l3_r': 931}
[hier] DIAGNOSTIC: joint_rot initialised from ground truth (/rwthfs/rz/cluster/home/nao48500/SMILify/diagnostics/moonshot/synth_clean/ground_truth.npz)
[hier] 7 groups: ['body', 'l1_l', 'l1_r', 'l2_l', 'l2_r', 'l3_l', 'l3_r']
[hier] body stage moves ['body'], leg stage moves 6 leg groups
/home/nao48500/miniforge3/envs/pytorch3d/lib/python3.10/site-packages/pytorch3d/ops/laplacian_matrices.py:51: UserWarning: torch.sparse.SparseTensor(indices, values, shape, *, device=) is deprecated.  Please use torch.sparse_coo_tensor(indices, values, shape, dtype=, device=). (Triggered internally at /opt/conda/conda-bld/pytorch_1716905971132/work/torch/csrc/utils/tensor_new.cpp:621.)
  A = torch.sparse.FloatTensor(idx, ones, (V, V))
    [H0_body]    0/900 loss=0.018072  chamfer=0.00447  edge=0.00000  lap=0.00151  sym=0.00000  limit=0.00821  mid=0.00568
    [H0_body]  100/900 loss=0.004675  chamfer=0.00205  edge=0.00980  lap=0.00159  sym=0.00004  limit=0.00727  mid=0.00006
    [H0_body]  200/900 loss=0.004560  chamfer=0.00198  edge=0.00981  lap=0.00160  sym=0.00003  limit=0.00727  mid=0.00004
    [H0_body]  300/900 loss=0.004536  chamfer=0.00197  edge=0.00976  lap=0.00160  sym=0.00003  limit=0.00727  mid=0.00004
    [H0_body]  400/900 loss=0.004522  chamfer=0.00195  edge=0.00977  lap=0.00160  sym=0.00003  limit=0.00727  mid=0.00004
    [H0_body]  500/900 loss=0.004505  chamfer=0.00194  edge=0.00974  lap=0.00160  sym=0.00003  limit=0.00727  mid=0.00004
    [H0_body]  600/900 loss=0.004505  chamfer=0.00194  edge=0.00967  lap=0.00160  sym=0.00003  limit=0.00727  mid=0.00003
    [H0_body]  700/900 loss=0.004504  chamfer=0.00194  edge=0.00964  lap=0.00160  sym=0.00003  limit=0.00727  mid=0.00003
    [H0_body]  800/900 loss=0.004498  chamfer=0.00194  edge=0.00964  lap=0.00160  sym=0.00003  limit=0.00727  mid=0.00003
    [H0_body]  899/900 loss=0.004493  chamfer=0.00193  edge=0.00963  lap=0.00160  sym=0.00003  limit=0.00727  mid=0.00003
    [H1_legs]    0/1200 loss=0.004008  chamfer=0.00145  edge=0.00963  lap=0.00160  sym=0.00003  limit=0.00727  mid=0.00003
    [H1_legs]  100/1200 loss=0.001653  chamfer=0.00130  edge=0.00608  lap=0.00157  sym=0.00001  limit=0.00000  mid=0.00002  churn=0.012
    [H1_legs]  200/1200 loss=0.001654  chamfer=0.00132  edge=0.00579  lap=0.00157  sym=0.00001  limit=0.00000  mid=0.00002  churn=0.008
    [H1_legs]  300/1200 loss=0.001647  chamfer=0.00131  edge=0.00578  lap=0.00157  sym=0.00001  limit=0.00000  mid=0.00002  churn=0.006
    [H1_legs]  400/1200 loss=0.001628  chamfer=0.00129  edge=0.00587  lap=0.00157  sym=0.00001  limit=0.00000  mid=0.00002  churn=0.006
    [H1_legs]  500/1200 loss=0.001637  chamfer=0.00130  edge=0.00578  lap=0.00157  sym=0.00001  limit=0.00000  mid=0.00002  churn=0.005
    [H1_legs]  600/1200 loss=0.001620  chamfer=0.00128  edge=0.00579  lap=0.00157  sym=0.00001  limit=0.00000  mid=0.00002  churn=0.004
    [H1_legs]  700/1200 loss=0.001606  chamfer=0.00127  edge=0.00574  lap=0.00157  sym=0.00001  limit=0.00000  mid=0.00002  churn=0.004
    [H1_legs]  800/1200 loss=0.001612  chamfer=0.00128  edge=0.00580  lap=0.00157  sym=0.00001  limit=0.00000  mid=0.00002  churn=0.004
    [H1_legs]  900/1200 loss=0.001614  chamfer=0.00128  edge=0.00576  lap=0.00157  sym=0.00001  limit=0.00000  mid=0.00002  churn=0.004
    [H1_legs] 1000/1200 loss=0.001626  chamfer=0.00129  edge=0.00578  lap=0.00157  sym=0.00001  limit=0.00000  mid=0.00002  churn=0.004
    [H1_legs] 1100/1200 loss=0.001609  chamfer=0.00127  edge=0.00579  lap=0.00157  sym=0.00001  limit=0.00000  mid=0.00002  churn=0.004
    [H1_legs] 1199/1200 loss=0.001611  chamfer=0.00127  edge=0.00579  lap=0.00157  sym=0.00001  limit=0.00000  mid=0.00002  churn=0.003
    [H1_legs] partition churn: first 0.031 last 0.003 mean 0.006   (falling churn => the data term is settling)
    [H2_joint]    0/900 loss=0.001620  chamfer=0.00128  edge=0.00579  lap=0.00157  sym=0.00001  limit=0.00000  mid=0.00002
    [H2_joint]  100/900 loss=0.001585  chamfer=0.00129  edge=0.00520  lap=0.00156  sym=0.00001  limit=0.00000  mid=0.00001  churn=0.006
    [H2_joint]  200/900 loss=0.001597  chamfer=0.00131  edge=0.00518  lap=0.00156  sym=0.00001  limit=0.00000  mid=0.00001  churn=0.005
    [H2_joint]  300/900 loss=0.001574  chamfer=0.00129  edge=0.00512  lap=0.00156  sym=0.00001  limit=0.00000  mid=0.00001  churn=0.005
    [H2_joint]  400/900 loss=0.001590  chamfer=0.00130  edge=0.00514  lap=0.00156  sym=0.00001  limit=0.00000  mid=0.00001  churn=0.005
    [H2_joint]  500/900 loss=0.001571  chamfer=0.00129  edge=0.00514  lap=0.00156  sym=0.00001  limit=0.00000  mid=0.00001  churn=0.005
    [H2_joint]  600/900 loss=0.001581  chamfer=0.00130  edge=0.00507  lap=0.00156  sym=0.00001  limit=0.00000  mid=0.00001  churn=0.004
    [H2_joint]  700/900 loss=0.001581  chamfer=0.00130  edge=0.00509  lap=0.00156  sym=0.00001  limit=0.00000  mid=0.00001  churn=0.003
    [H2_joint]  800/900 loss=0.001574  chamfer=0.00129  edge=0.00510  lap=0.00156  sym=0.00001  limit=0.00000  mid=0.00001  churn=0.004
    [H2_joint]  899/900 loss=0.001569  chamfer=0.00129  edge=0.00508  lap=0.00156  sym=0.00001  limit=0.00000  mid=0.00001  churn=0.003
    [H2_joint] partition churn: first 0.007 last 0.003 mean 0.005   (falling churn => the data term is settling)
    [H3_deform]    0/600 loss=0.001583  chamfer=0.00130  edge=0.00508  lap=0.00156  sym=0.00001  mid=0.00001  off=0.00000
    [H3_deform]  100/600 loss=0.001318  chamfer=0.00106  edge=0.00308  lap=0.00170  sym=0.00002  mid=0.00000  off=0.00000  churn=0.012
    [H3_deform]  200/600 loss=0.001315  chamfer=0.00105  edge=0.00313  lap=0.00171  sym=0.00002  mid=0.00000  off=0.00000  churn=0.008
    [H3_deform]  300/600 loss=0.001301  chamfer=0.00103  edge=0.00318  lap=0.00171  sym=0.00002  mid=0.00000  off=0.00000  churn=0.005
    [H3_deform]  400/600 loss=0.001311  chamfer=0.00104  edge=0.00315  lap=0.00171  sym=0.00002  mid=0.00000  off=0.00000  churn=0.006
    [H3_deform]  500/600 loss=0.001308  chamfer=0.00104  edge=0.00321  lap=0.00172  sym=0.00002  mid=0.00000  off=0.00000  churn=0.005
    [H3_deform]  599/600 loss=0.001287  chamfer=0.00102  edge=0.00321  lap=0.00171  sym=0.00002  mid=0.00000  off=0.00000  churn=0.005
    [H3_deform] partition churn: first 0.012 last 0.005 mean 0.007   (falling churn => the data term is settling)
[hier] done
=== moonshot handoff, yaml=D1_low.yaml (full budget) ===
[moonshot] 12 meshes from /rwthfs/rz/cluster/home/nao48500/SMILify/diagnostics/moonshot/synth_clean
12 target meshes loaded.
[moonshot] initialised pose/shape from diagnostics/registration_failure/runs/hier_SYN_clean_pose25_gtinit_w5/H2_joint.npz
[moonshot] running 2 stages
    [Stage_2_deform_coarse] it    0/1000  loss=0.003105   chamfer=0.00261  edge=0.00021  normal=0.05846  laplacian=0.00156  offset=0.00000  sym=0.00001  mid=0.00001  limit=0.00000
    [Stage_2_deform_coarse] it   50/1000  loss=0.001603   chamfer=0.00073  edge=0.00026  normal=0.06257  laplacian=0.00276  offset=0.00006  sym=0.00002  mid=0.00000  limit=0.00018
    [Stage_2_deform_coarse] it  100/1000  loss=0.001445   chamfer=0.00063  edge=0.00027  normal=0.06159  laplacian=0.00270  offset=0.00005  sym=0.00001  mid=0.00000  limit=0.00011
    [Stage_2_deform_coarse] it  150/1000  loss=0.001384   chamfer=0.00058  edge=0.00027  normal=0.06290  laplacian=0.00275  offset=0.00005  sym=0.00001  mid=0.00000  limit=0.00003
    [Stage_2_deform_coarse] it  200/1000  loss=0.001339   chamfer=0.00055  edge=0.00027  normal=0.06352  laplacian=0.00278  offset=0.00004  sym=0.00001  mid=0.00000  limit=0.00001
    [Stage_2_deform_coarse] it  250/1000  loss=0.001329   chamfer=0.00053  edge=0.00028  normal=0.06535  laplacian=0.00283  offset=0.00004  sym=0.00001  mid=0.00000  limit=0.00000
    [Stage_2_deform_coarse] it  300/1000  loss=0.001323   chamfer=0.00052  edge=0.00028  normal=0.06630  laplacian=0.00287  offset=0.00004  sym=0.00001  mid=0.00000  limit=0.00000
    [Stage_2_deform_coarse] it  350/1000  loss=0.001321   chamfer=0.00051  edge=0.00028  normal=0.06817  laplacian=0.00292  offset=0.00004  sym=0.00001  mid=0.00000  limit=0.00000
    [Stage_2_deform_coarse] it  400/1000  loss=0.001300   chamfer=0.00049  edge=0.00028  normal=0.06843  laplacian=0.00292  offset=0.00004  sym=0.00001  mid=0.00000  limit=0.00000
    [Stage_2_deform_coarse] it  450/1000  loss=0.001290   chamfer=0.00049  edge=0.00028  normal=0.06817  laplacian=0.00293  offset=0.00004  sym=0.00001  mid=0.00000  limit=0.00000
    [Stage_2_deform_coarse] it  500/1000  loss=0.001279   chamfer=0.00048  edge=0.00028  normal=0.06750  laplacian=0.00292  offset=0.00004  sym=0.00001  mid=0.00000  limit=0.00000
    [Stage_2_deform_coarse] it  550/1000  loss=0.001275   chamfer=0.00048  edge=0.00028  normal=0.06721  laplacian=0.00292  offset=0.00004  sym=0.00001  mid=0.00000  limit=0.00000
    [Stage_2_deform_coarse] it  600/1000  loss=0.001269   chamfer=0.00047  edge=0.00029  normal=0.06792  laplacian=0.00295  offset=0.00004  sym=0.00001  mid=0.00000  limit=0.00000
    [Stage_2_deform_coarse] it  650/1000  loss=0.001267   chamfer=0.00047  edge=0.00029  normal=0.06854  laplacian=0.00295  offset=0.00004  sym=0.00001  mid=0.00000  limit=0.00000
    [Stage_2_deform_coarse] it  700/1000  loss=0.001265   chamfer=0.00047  edge=0.00029  normal=0.06844  laplacian=0.00295  offset=0.00004  sym=0.00001  mid=0.00000  limit=0.00000
    [Stage_2_deform_coarse] it  750/1000  loss=0.001269   chamfer=0.00047  edge=0.00029  normal=0.06889  laplacian=0.00298  offset=0.00004  sym=0.00001  mid=0.00000  limit=0.00000
    [Stage_2_deform_coarse] it  800/1000  loss=0.001260   chamfer=0.00046  edge=0.00029  normal=0.06833  laplacian=0.00297  offset=0.00004  sym=0.00001  mid=0.00000  limit=0.00000
    [Stage_2_deform_coarse] it  850/1000  loss=0.001264   chamfer=0.00046  edge=0.00029  normal=0.06940  laplacian=0.00299  offset=0.00004  sym=0.00001  mid=0.00000  limit=0.00000
    [Stage_2_deform_coarse] it  900/1000  loss=0.001271   chamfer=0.00046  edge=0.00029  normal=0.06976  laplacian=0.00300  offset=0.00004  sym=0.00001  mid=0.00000  limit=0.00000
    [Stage_2_deform_coarse] it  950/1000  loss=0.001262   chamfer=0.00045  edge=0.00029  normal=0.06998  laplacian=0.00301  offset=0.00004  sym=0.00001  mid=0.00000  limit=0.00000
    [Stage_2_deform_coarse] it  999/1000  loss=0.001267   chamfer=0.00045  edge=0.00029  normal=0.07008  laplacian=0.00303  offset=0.00004  sym=0.00001  mid=0.00000  limit=0.00000
    [Stage_3_deform_fine] it    0/1000  loss=0.000514   chamfer=0.00045  edge=0.00029  normal=0.07017  laplacian=0.00303  offset=0.00004  sym=0.00001  mid=0.00000  limit=0.00000
    [Stage_3_deform_fine] it   50/1000  loss=0.000455   chamfer=0.00043  edge=0.00030  normal=0.05403  laplacian=0.00288  offset=0.00003  sym=0.00000  mid=0.00000  limit=0.00000
    [Stage_3_deform_fine] it  100/1000  loss=0.000450   chamfer=0.00042  edge=0.00030  normal=0.05275  laplacian=0.00287  offset=0.00003  sym=0.00000  mid=0.00000  limit=0.00000
    [Stage_3_deform_fine] it  150/1000  loss=0.000449   chamfer=0.00042  edge=0.00030  normal=0.05290  laplacian=0.00289  offset=0.00003  sym=0.00000  mid=0.00000  limit=0.00000
    [Stage_3_deform_fine] it  200/1000  loss=0.000448   chamfer=0.00042  edge=0.00030  normal=0.05288  laplacian=0.00291  offset=0.00003  sym=0.00000  mid=0.00000  limit=0.00000
    [Stage_3_deform_fine] it  250/1000  loss=0.000447   chamfer=0.00042  edge=0.00030  normal=0.05316  laplacian=0.00292  offset=0.00003  sym=0.00000  mid=0.00000  limit=0.00000
    [Stage_3_deform_fine] it  300/1000  loss=0.000446   chamfer=0.00041  edge=0.00030  normal=0.05303  laplacian=0.00293  offset=0.00003  sym=0.00000  mid=0.00000  limit=0.00000
    [Stage_3_deform_fine] it  350/1000  loss=0.000446   chamfer=0.00041  edge=0.00030  normal=0.05308  laplacian=0.00294  offset=0.00003  sym=0.00000  mid=0.00000  limit=0.00000
    [Stage_3_deform_fine] it  400/1000  loss=0.000449   chamfer=0.00042  edge=0.00030  normal=0.05331  laplacian=0.00295  offset=0.00003  sym=0.00000  mid=0.00000  limit=0.00000
    [Stage_3_deform_fine] it  450/1000  loss=0.000445   chamfer=0.00041  edge=0.00030  normal=0.05313  laplacian=0.00295  offset=0.00003  sym=0.00000  mid=0.00000  limit=0.00000
    [Stage_3_deform_fine] it  500/1000  loss=0.000445   chamfer=0.00041  edge=0.00030  normal=0.05315  laplacian=0.00296  offset=0.00003  sym=0.00000  mid=0.00000  limit=0.00000
    [Stage_3_deform_fine] it  550/1000  loss=0.000444   chamfer=0.00041  edge=0.00030  normal=0.05326  laplacian=0.00296  offset=0.00003  sym=0.00000  mid=0.00000  limit=0.00000
    [Stage_3_deform_fine] it  600/1000  loss=0.000443   chamfer=0.00041  edge=0.00031  normal=0.05341  laplacian=0.00296  offset=0.00003  sym=0.00000  mid=0.00000  limit=0.00000
    [Stage_3_deform_fine] it  650/1000  loss=0.000444   chamfer=0.00041  edge=0.00031  normal=0.05346  laplacian=0.00297  offset=0.00003  sym=0.00000  mid=0.00000  limit=0.00000
    [Stage_3_deform_fine] it  700/1000  loss=0.000445   chamfer=0.00041  edge=0.00031  normal=0.05355  laplacian=0.00298  offset=0.00003  sym=0.00000  mid=0.00000  limit=0.00000
    [Stage_3_deform_fine] it  750/1000  loss=0.000445   chamfer=0.00041  edge=0.00031  normal=0.05362  laplacian=0.00298  offset=0.00003  sym=0.00000  mid=0.00000  limit=0.00000
    [Stage_3_deform_fine] it  800/1000  loss=0.000443   chamfer=0.00041  edge=0.00031  normal=0.05367  laplacian=0.00299  offset=0.00003  sym=0.00000  mid=0.00000  limit=0.00000
    [Stage_3_deform_fine] it  850/1000  loss=0.000445   chamfer=0.00041  edge=0.00031  normal=0.05359  laplacian=0.00299  offset=0.00003  sym=0.00000  mid=0.00000  limit=0.00000
    [Stage_3_deform_fine] it  900/1000  loss=0.000444   chamfer=0.00041  edge=0.00031  normal=0.05370  laplacian=0.00300  offset=0.00003  sym=0.00000  mid=0.00000  limit=0.00000
    [Stage_3_deform_fine] it  950/1000  loss=0.000444   chamfer=0.00041  edge=0.00031  normal=0.05371  laplacian=0.00300  offset=0.00003  sym=0.00000  mid=0.00000  limit=0.00000
    [Stage_3_deform_fine] it  999/1000  loss=0.000440   chamfer=0.00040  edge=0.00031  normal=0.05350  laplacian=0.00300  offset=0.00003  sym=0.00000  mid=0.00000  limit=0.00000
  eval 10/12
[moonshot] wrote diagnostics/moonshot/runs/SYN_clean_pose25_gtinit_w5/metrics.csv

  ---- summary ----
    chamfer_l2                       0.000212
    fscore@0.01                      0.733018
    fscore@0.02                      0.954580
    hausdorff_95                     0.020961
    normal_consistency               0.836971
    edge_logratio_absmean            0.161130
    tri_quality_mean                 0.741368
    deform_mag_mean                  0.003634
    midline_dev_mean                 0.017995
    part_leg_distal_dist_mean        0.006438
    part_leg_dist_mean               0.006553
    part_body_dist_mean              0.008547
=== task 0 DONE ===
