=== task 0: corpus=synth_clean_pose05 ===
Tue Aug 18 13:37:48 2026       
+-----------------------------------------------------------------------------------------+
| NVIDIA-SMI 580.178.04             Driver Version: 580.178.04     CUDA Version: 13.0     |
+-----------------------------------------+------------------------+----------------------+
| GPU  Name                 Persistence-M | Bus-Id          Disp.A | Volatile Uncorr. ECC |
| Fan  Temp   Perf          Pwr:Usage/Cap |           Memory-Usage | GPU-Util  Compute M. |
|                                         |                        |               MIG M. |
|=========================================+========================+======================|
|   0  NVIDIA H100                    On  |   00000000:1B:00.0 Off |                    0 |
| N/A   41C    P0             69W /  600W |       0MiB /  95830MiB |      0%      Default |
|                                         |                        |             Disabled |
+-----------------------------------------+------------------------+----------------------+

+-----------------------------------------------------------------------------------------+
| Processes:                                                                              |
|  GPU   GI   CI              PID   Type   Process name                        GPU Memory |
|        ID   ID                                                               Usage      |
|=========================================================================================|
|  No running processes found                                                             |
+-----------------------------------------------------------------------------------------+
=== hierarchical placement (full budget) ===
[hier] 12 meshes
12 target meshes loaded.
[hier] anatomical groups (template vertices): {'body': 5526, 'l1_l': 753, 'l1_r': 756, 'l2_l': 669, 'l2_r': 669, 'l3_l': 931, 'l3_r': 931}
[hier] 7 groups: ['body', 'l1_l', 'l1_r', 'l2_l', 'l2_r', 'l3_l', 'l3_r']
[hier] body stage moves ['body'], leg stage moves 6 leg groups
/home/nao48500/miniforge3/envs/pytorch3d/lib/python3.10/site-packages/pytorch3d/ops/laplacian_matrices.py:51: UserWarning: torch.sparse.SparseTensor(indices, values, shape, *, device=) is deprecated.  Please use torch.sparse_coo_tensor(indices, values, shape, dtype=, device=). (Triggered internally at /opt/conda/conda-bld/pytorch_1716905971132/work/torch/csrc/utils/tensor_new.cpp:621.)
  A = torch.sparse.FloatTensor(idx, ones, (V, V))
    [H0_body]    0/900 loss=0.003505  chamfer=0.00350  edge=0.00000  lap=0.00142  sym=0.00000  limit=0.00000  mid=0.00000
    [H0_body]  100/900 loss=0.001718  chamfer=0.00140  edge=0.00547  lap=0.00150  sym=0.00003  limit=0.00000  mid=0.00001
    [H0_body]  200/900 loss=0.001710  chamfer=0.00138  edge=0.00565  lap=0.00150  sym=0.00003  limit=0.00000  mid=0.00001
    [H0_body]  300/900 loss=0.001705  chamfer=0.00138  edge=0.00571  lap=0.00150  sym=0.00003  limit=0.00000  mid=0.00001
    [H0_body]  400/900 loss=0.001707  chamfer=0.00138  edge=0.00573  lap=0.00150  sym=0.00003  limit=0.00000  mid=0.00001
    [H0_body]  500/900 loss=0.001704  chamfer=0.00137  edge=0.00573  lap=0.00150  sym=0.00003  limit=0.00000  mid=0.00001
    [H0_body]  600/900 loss=0.001701  chamfer=0.00137  edge=0.00572  lap=0.00150  sym=0.00003  limit=0.00000  mid=0.00001
    [H0_body]  700/900 loss=0.001697  chamfer=0.00137  edge=0.00572  lap=0.00150  sym=0.00003  limit=0.00000  mid=0.00001
    [H0_body]  800/900 loss=0.001700  chamfer=0.00137  edge=0.00572  lap=0.00150  sym=0.00003  limit=0.00000  mid=0.00001
    [H0_body]  899/900 loss=0.001696  chamfer=0.00137  edge=0.00572  lap=0.00150  sym=0.00003  limit=0.00000  mid=0.00001
    [H1_legs]    0/1200 loss=0.001469  chamfer=0.00114  edge=0.00572  lap=0.00150  sym=0.00003  limit=0.00000  mid=0.00001
    [H1_legs]  100/1200 loss=0.001042  chamfer=0.00089  edge=0.00273  lap=0.00148  sym=0.00001  limit=0.00000  mid=0.00000  churn=0.004
    [H1_legs]  200/1200 loss=0.001023  chamfer=0.00089  edge=0.00243  lap=0.00148  sym=0.00001  limit=0.00000  mid=0.00000  churn=0.002
    [H1_legs]  300/1200 loss=0.001012  chamfer=0.00088  edge=0.00238  lap=0.00148  sym=0.00000  limit=0.00000  mid=0.00000  churn=0.002
    [H1_legs]  400/1200 loss=0.001009  chamfer=0.00088  edge=0.00230  lap=0.00148  sym=0.00000  limit=0.00000  mid=0.00000  churn=0.002
    [H1_legs]  500/1200 loss=0.001005  chamfer=0.00087  edge=0.00237  lap=0.00148  sym=0.00000  limit=0.00000  mid=0.00000  churn=0.002
    [H1_legs]  600/1200 loss=0.001008  chamfer=0.00088  edge=0.00236  lap=0.00148  sym=0.00000  limit=0.00000  mid=0.00000  churn=0.002
    [H1_legs]  700/1200 loss=0.000994  chamfer=0.00086  edge=0.00235  lap=0.00148  sym=0.00000  limit=0.00000  mid=0.00000  churn=0.002
    [H1_legs]  800/1200 loss=0.001007  chamfer=0.00088  edge=0.00231  lap=0.00148  sym=0.00000  limit=0.00000  mid=0.00000  churn=0.002
    [H1_legs]  900/1200 loss=0.001004  chamfer=0.00087  edge=0.00235  lap=0.00148  sym=0.00000  limit=0.00000  mid=0.00000  churn=0.002
    [H1_legs] 1000/1200 loss=0.001003  chamfer=0.00087  edge=0.00235  lap=0.00148  sym=0.00000  limit=0.00000  mid=0.00000  churn=0.002
    [H1_legs] 1100/1200 loss=0.000992  chamfer=0.00086  edge=0.00237  lap=0.00148  sym=0.00000  limit=0.00000  mid=0.00000  churn=0.002
    [H1_legs] 1199/1200 loss=0.001004  chamfer=0.00087  edge=0.00234  lap=0.00148  sym=0.00000  limit=0.00000  mid=0.00000  churn=0.001
    [H1_legs] partition churn: first 0.010 last 0.001 mean 0.002   (falling churn => the data term is settling)
    [H2_joint]    0/900 loss=0.001003  chamfer=0.00087  edge=0.00234  lap=0.00148  sym=0.00000  limit=0.00000  mid=0.00000
    [H2_joint]  100/900 loss=0.000984  chamfer=0.00087  edge=0.00209  lap=0.00148  sym=0.00000  limit=0.00000  mid=0.00000  churn=0.002
    [H2_joint]  200/900 loss=0.000990  chamfer=0.00088  edge=0.00207  lap=0.00148  sym=0.00000  limit=0.00000  mid=0.00000  churn=0.002
    [H2_joint]  300/900 loss=0.000991  chamfer=0.00088  edge=0.00209  lap=0.00148  sym=0.00000  limit=0.00000  mid=0.00000  churn=0.002
    [H2_joint]  400/900 loss=0.000987  chamfer=0.00087  edge=0.00209  lap=0.00148  sym=0.00000  limit=0.00000  mid=0.00000  churn=0.002
    [H2_joint]  500/900 loss=0.000985  chamfer=0.00087  edge=0.00207  lap=0.00148  sym=0.00000  limit=0.00000  mid=0.00000  churn=0.002
    [H2_joint]  600/900 loss=0.000996  chamfer=0.00088  edge=0.00211  lap=0.00148  sym=0.00001  limit=0.00000  mid=0.00000  churn=0.002
    [H2_joint]  700/900 loss=0.000983  chamfer=0.00087  edge=0.00209  lap=0.00148  sym=0.00001  limit=0.00000  mid=0.00000  churn=0.002
    [H2_joint]  800/900 loss=0.000985  chamfer=0.00087  edge=0.00210  lap=0.00148  sym=0.00001  limit=0.00000  mid=0.00000  churn=0.002
    [H2_joint]  899/900 loss=0.000985  chamfer=0.00087  edge=0.00209  lap=0.00148  sym=0.00001  limit=0.00000  mid=0.00000  churn=0.001
    [H2_joint] partition churn: first 0.002 last 0.001 mean 0.002   (falling churn => the data term is settling)
    [H3_deform]    0/600 loss=0.000995  chamfer=0.00088  edge=0.00209  lap=0.00148  sym=0.00001  mid=0.00000  off=0.00000
    [H3_deform]  100/600 loss=0.000886  chamfer=0.00075  edge=0.00163  lap=0.00158  sym=0.00001  mid=0.00000  off=0.00000  churn=0.005
    [H3_deform]  200/600 loss=0.000881  chamfer=0.00074  edge=0.00169  lap=0.00160  sym=0.00001  mid=0.00000  off=0.00000  churn=0.003
    [H3_deform]  300/600 loss=0.000876  chamfer=0.00073  edge=0.00168  lap=0.00160  sym=0.00001  mid=0.00000  off=0.00000  churn=0.002
    [H3_deform]  400/600 loss=0.000884  chamfer=0.00074  edge=0.00167  lap=0.00160  sym=0.00001  mid=0.00000  off=0.00000  churn=0.002
    [H3_deform]  500/600 loss=0.000871  chamfer=0.00073  edge=0.00170  lap=0.00160  sym=0.00001  mid=0.00000  off=0.00000  churn=0.002
    [H3_deform]  599/600 loss=0.000850  chamfer=0.00071  edge=0.00167  lap=0.00160  sym=0.00001  mid=0.00000  off=0.00000  churn=0.002
    [H3_deform] partition churn: first 0.005 last 0.002 mean 0.003   (falling churn => the data term is settling)
[hier] done
=== moonshot handoff, yaml=D1_low.yaml (full budget) ===
[moonshot] 12 meshes from /rwthfs/rz/cluster/home/nao48500/SMILify/diagnostics/moonshot/synth_clean_pose05
12 target meshes loaded.
[moonshot] initialised pose/shape from diagnostics/registration_failure/runs/hier_SYN_clean_pose05_w5/H2_joint.npz
[moonshot] running 2 stages
    [Stage_2_deform_coarse] it    0/1000  loss=0.002179   chamfer=0.00173  edge=0.00021  normal=0.05363  laplacian=0.00148  offset=0.00000  sym=0.00001  mid=0.00000  limit=0.00000
    [Stage_2_deform_coarse] it   50/1000  loss=0.001272   chamfer=0.00056  edge=0.00024  normal=0.05906  laplacian=0.00247  offset=0.00004  sym=0.00000  mid=0.00000  limit=0.00000
    [Stage_2_deform_coarse] it  100/1000  loss=0.001168   chamfer=0.00049  edge=0.00025  normal=0.05888  laplacian=0.00248  offset=0.00003  sym=0.00000  mid=0.00000  limit=0.00000
    [Stage_2_deform_coarse] it  150/1000  loss=0.001137   chamfer=0.00046  edge=0.00025  normal=0.06074  laplacian=0.00255  offset=0.00003  sym=0.00000  mid=0.00000  limit=0.00000
    [Stage_2_deform_coarse] it  200/1000  loss=0.001124   chamfer=0.00044  edge=0.00026  normal=0.06286  laplacian=0.00262  offset=0.00003  sym=0.00000  mid=0.00000  limit=0.00000
    [Stage_2_deform_coarse] it  250/1000  loss=0.001113   chamfer=0.00043  edge=0.00026  normal=0.06388  laplacian=0.00268  offset=0.00003  sym=0.00000  mid=0.00000  limit=0.00000
    [Stage_2_deform_coarse] it  300/1000  loss=0.001108   chamfer=0.00041  edge=0.00027  normal=0.06622  laplacian=0.00275  offset=0.00003  sym=0.00000  mid=0.00000  limit=0.00000
    [Stage_2_deform_coarse] it  350/1000  loss=0.001112   chamfer=0.00040  edge=0.00027  normal=0.06782  laplacian=0.00281  offset=0.00003  sym=0.00000  mid=0.00000  limit=0.00000
    [Stage_2_deform_coarse] it  400/1000  loss=0.001108   chamfer=0.00039  edge=0.00027  normal=0.06825  laplacian=0.00283  offset=0.00002  sym=0.00000  mid=0.00000  limit=0.00000
    [Stage_2_deform_coarse] it  450/1000  loss=0.001107   chamfer=0.00039  edge=0.00027  normal=0.06904  laplacian=0.00286  offset=0.00002  sym=0.00000  mid=0.00000  limit=0.00000
    [Stage_2_deform_coarse] it  500/1000  loss=0.001094   chamfer=0.00037  edge=0.00027  normal=0.06911  laplacian=0.00286  offset=0.00002  sym=0.00000  mid=0.00000  limit=0.00000
    [Stage_2_deform_coarse] it  550/1000  loss=0.001094   chamfer=0.00037  edge=0.00028  normal=0.06902  laplacian=0.00288  offset=0.00002  sym=0.00000  mid=0.00000  limit=0.00000
    [Stage_2_deform_coarse] it  600/1000  loss=0.001086   chamfer=0.00037  edge=0.00028  normal=0.06881  laplacian=0.00287  offset=0.00002  sym=0.00000  mid=0.00000  limit=0.00000
    [Stage_2_deform_coarse] it  650/1000  loss=0.001080   chamfer=0.00036  edge=0.00028  normal=0.06846  laplacian=0.00288  offset=0.00002  sym=0.00000  mid=0.00000  limit=0.00000
    [Stage_2_deform_coarse] it  700/1000  loss=0.001074   chamfer=0.00036  edge=0.00028  normal=0.06810  laplacian=0.00287  offset=0.00002  sym=0.00000  mid=0.00000  limit=0.00000
    [Stage_2_deform_coarse] it  750/1000  loss=0.001068   chamfer=0.00036  edge=0.00028  normal=0.06849  laplacian=0.00289  offset=0.00002  sym=0.00000  mid=0.00000  limit=0.00000
    [Stage_2_deform_coarse] it  800/1000  loss=0.001062   chamfer=0.00035  edge=0.00028  normal=0.06835  laplacian=0.00289  offset=0.00002  sym=0.00000  mid=0.00000  limit=0.00000
    [Stage_2_deform_coarse] it  850/1000  loss=0.001064   chamfer=0.00035  edge=0.00028  normal=0.06838  laplacian=0.00290  offset=0.00002  sym=0.00000  mid=0.00000  limit=0.00000
    [Stage_2_deform_coarse] it  900/1000  loss=0.001069   chamfer=0.00035  edge=0.00028  normal=0.06936  laplacian=0.00293  offset=0.00002  sym=0.00000  mid=0.00000  limit=0.00000
    [Stage_2_deform_coarse] it  950/1000  loss=0.001081   chamfer=0.00035  edge=0.00028  normal=0.07120  laplacian=0.00296  offset=0.00002  sym=0.00000  mid=0.00000  limit=0.00000
    [Stage_2_deform_coarse] it  999/1000  loss=0.001061   chamfer=0.00034  edge=0.00028  normal=0.06933  laplacian=0.00293  offset=0.00002  sym=0.00000  mid=0.00000  limit=0.00000
    [Stage_3_deform_fine] it    0/1000  loss=0.000419   chamfer=0.00034  edge=0.00028  normal=0.06913  laplacian=0.00292  offset=0.00002  sym=0.00000  mid=0.00000  limit=0.00000
    [Stage_3_deform_fine] it   50/1000  loss=0.000361   chamfer=0.00033  edge=0.00028  normal=0.05212  laplacian=0.00274  offset=0.00002  sym=0.00000  mid=0.00000  limit=0.00000
    [Stage_3_deform_fine] it  100/1000  loss=0.000357   chamfer=0.00032  edge=0.00028  normal=0.05094  laplacian=0.00274  offset=0.00002  sym=0.00000  mid=0.00000  limit=0.00000
    [Stage_3_deform_fine] it  150/1000  loss=0.000357   chamfer=0.00032  edge=0.00029  normal=0.05083  laplacian=0.00275  offset=0.00002  sym=0.00000  mid=0.00000  limit=0.00000
    [Stage_3_deform_fine] it  200/1000  loss=0.000357   chamfer=0.00032  edge=0.00029  normal=0.05088  laplacian=0.00277  offset=0.00002  sym=0.00000  mid=0.00000  limit=0.00000
    [Stage_3_deform_fine] it  250/1000  loss=0.000358   chamfer=0.00032  edge=0.00029  normal=0.05099  laplacian=0.00278  offset=0.00002  sym=0.00000  mid=0.00000  limit=0.00000
    [Stage_3_deform_fine] it  300/1000  loss=0.000356   chamfer=0.00032  edge=0.00029  normal=0.05115  laplacian=0.00279  offset=0.00002  sym=0.00000  mid=0.00000  limit=0.00000
    [Stage_3_deform_fine] it  350/1000  loss=0.000356   chamfer=0.00032  edge=0.00029  normal=0.05135  laplacian=0.00280  offset=0.00002  sym=0.00000  mid=0.00000  limit=0.00000
    [Stage_3_deform_fine] it  400/1000  loss=0.000357   chamfer=0.00032  edge=0.00029  normal=0.05131  laplacian=0.00281  offset=0.00002  sym=0.00000  mid=0.00000  limit=0.00000
    [Stage_3_deform_fine] it  450/1000  loss=0.000356   chamfer=0.00032  edge=0.00029  normal=0.05159  laplacian=0.00282  offset=0.00002  sym=0.00000  mid=0.00000  limit=0.00000
    [Stage_3_deform_fine] it  500/1000  loss=0.000354   chamfer=0.00031  edge=0.00029  normal=0.05154  laplacian=0.00282  offset=0.00002  sym=0.00000  mid=0.00000  limit=0.00000
    [Stage_3_deform_fine] it  550/1000  loss=0.000358   chamfer=0.00032  edge=0.00029  normal=0.05180  laplacian=0.00283  offset=0.00002  sym=0.00000  mid=0.00000  limit=0.00000
    [Stage_3_deform_fine] it  600/1000  loss=0.000357   chamfer=0.00032  edge=0.00029  normal=0.05188  laplacian=0.00284  offset=0.00002  sym=0.00000  mid=0.00000  limit=0.00000
    [Stage_3_deform_fine] it  650/1000  loss=0.000356   chamfer=0.00031  edge=0.00029  normal=0.05199  laplacian=0.00284  offset=0.00002  sym=0.00000  mid=0.00000  limit=0.00000
    [Stage_3_deform_fine] it  700/1000  loss=0.000354   chamfer=0.00031  edge=0.00029  normal=0.05170  laplacian=0.00284  offset=0.00002  sym=0.00000  mid=0.00000  limit=0.00000
    [Stage_3_deform_fine] it  750/1000  loss=0.000357   chamfer=0.00032  edge=0.00029  normal=0.05200  laplacian=0.00285  offset=0.00002  sym=0.00000  mid=0.00000  limit=0.00000
    [Stage_3_deform_fine] it  800/1000  loss=0.000356   chamfer=0.00031  edge=0.00029  normal=0.05224  laplacian=0.00285  offset=0.00002  sym=0.00000  mid=0.00000  limit=0.00000
    [Stage_3_deform_fine] it  850/1000  loss=0.000355   chamfer=0.00031  edge=0.00029  normal=0.05226  laplacian=0.00285  offset=0.00002  sym=0.00000  mid=0.00000  limit=0.00000
    [Stage_3_deform_fine] it  900/1000  loss=0.000355   chamfer=0.00031  edge=0.00029  normal=0.05182  laplacian=0.00286  offset=0.00002  sym=0.00000  mid=0.00000  limit=0.00000
    [Stage_3_deform_fine] it  950/1000  loss=0.000354   chamfer=0.00031  edge=0.00029  normal=0.05194  laplacian=0.00286  offset=0.00002  sym=0.00000  mid=0.00000  limit=0.00000
    [Stage_3_deform_fine] it  999/1000  loss=0.000355   chamfer=0.00031  edge=0.00029  normal=0.05232  laplacian=0.00286  offset=0.00002  sym=0.00000  mid=0.00000  limit=0.00000
  eval 10/12
[moonshot] wrote diagnostics/moonshot/runs/SYN_clean_pose05_w5/metrics.csv

  ---- summary ----
    chamfer_l2                       0.000129
    fscore@0.01                      0.842418
    fscore@0.02                      0.983180
    hausdorff_95                     0.016255
    normal_consistency               0.880476
    edge_logratio_absmean            0.148980
    tri_quality_mean                 0.743742
    deform_mag_mean                  0.002921
    midline_dev_mean                 0.004596
    part_leg_distal_dist_mean        0.005174
    part_leg_dist_mean               0.006012
    part_body_dist_mean              0.006493
=== task 0 DONE ===
