=== task 3: corpus=synth_clean_pose20 ===
Tue Aug 18 13:39:23 2026       
+-----------------------------------------------------------------------------------------+
| NVIDIA-SMI 580.178.04             Driver Version: 580.178.04     CUDA Version: 13.0     |
+-----------------------------------------+------------------------+----------------------+
| GPU  Name                 Persistence-M | Bus-Id          Disp.A | Volatile Uncorr. ECC |
| Fan  Temp   Perf          Pwr:Usage/Cap |           Memory-Usage | GPU-Util  Compute M. |
|                                         |                        |               MIG M. |
|=========================================+========================+======================|
|   0  NVIDIA H100                    On  |   00000000:2C:00.0 Off |                    0 |
| N/A   47C    P0             76W /  600W |       0MiB /  95830MiB |      0%      Default |
|                                         |                        |             Disabled |
+-----------------------------------------+------------------------+----------------------+

+-----------------------------------------------------------------------------------------+
| Processes:                                                                              |
|  GPU   GI   CI              PID   Type   Process name                        GPU Memory |
|        ID   ID                                                               Usage      |
|=========================================================================================|
|  No running processes found                                                             |
+-----------------------------------------------------------------------------------------+
=== hierarchical placement (full budget) ===
[hier] 12 meshes
12 target meshes loaded.
[hier] anatomical groups (template vertices): {'body': 5526, 'l1_l': 753, 'l1_r': 756, 'l2_l': 669, 'l2_r': 669, 'l3_l': 931, 'l3_r': 931}
[hier] 7 groups: ['body', 'l1_l', 'l1_r', 'l2_l', 'l2_r', 'l3_l', 'l3_r']
[hier] body stage moves ['body'], leg stage moves 6 leg groups
/home/nao48500/miniforge3/envs/pytorch3d/lib/python3.10/site-packages/pytorch3d/ops/laplacian_matrices.py:51: UserWarning: torch.sparse.SparseTensor(indices, values, shape, *, device=) is deprecated.  Please use torch.sparse_coo_tensor(indices, values, shape, dtype=, device=). (Triggered internally at /opt/conda/conda-bld/pytorch_1716905971132/work/torch/csrc/utils/tensor_new.cpp:621.)
  A = torch.sparse.FloatTensor(idx, ones, (V, V))
    [H0_body]    0/900 loss=0.009006  chamfer=0.00900  edge=0.00000  lap=0.00142  sym=0.00000  limit=0.00000  mid=0.00000
    [H0_body]  100/900 loss=0.003525  chamfer=0.00264  edge=0.01391  lap=0.00158  sym=0.00017  limit=0.00000  mid=0.00005
    [H0_body]  200/900 loss=0.003451  chamfer=0.00254  edge=0.01432  lap=0.00158  sym=0.00017  limit=0.00000  mid=0.00005
    [H0_body]  300/900 loss=0.003432  chamfer=0.00251  edge=0.01445  lap=0.00158  sym=0.00017  limit=0.00000  mid=0.00005
    [H0_body]  400/900 loss=0.003428  chamfer=0.00251  edge=0.01444  lap=0.00158  sym=0.00017  limit=0.00000  mid=0.00005
    [H0_body]  500/900 loss=0.003408  chamfer=0.00249  edge=0.01443  lap=0.00158  sym=0.00017  limit=0.00000  mid=0.00005
    [H0_body]  600/900 loss=0.003409  chamfer=0.00249  edge=0.01450  lap=0.00158  sym=0.00017  limit=0.00000  mid=0.00005
    [H0_body]  700/900 loss=0.003403  chamfer=0.00249  edge=0.01449  lap=0.00158  sym=0.00017  limit=0.00000  mid=0.00005
    [H0_body]  800/900 loss=0.003421  chamfer=0.00250  edge=0.01449  lap=0.00158  sym=0.00017  limit=0.00000  mid=0.00005
    [H0_body]  899/900 loss=0.003407  chamfer=0.00249  edge=0.01447  lap=0.00158  sym=0.00017  limit=0.00000  mid=0.00005
    [H1_legs]    0/1200 loss=0.005867  chamfer=0.00495  edge=0.01447  lap=0.00158  sym=0.00017  limit=0.00000  mid=0.00005
    [H1_legs]  100/1200 loss=0.001908  chamfer=0.00147  edge=0.00753  lap=0.00152  sym=0.00002  limit=0.00000  mid=0.00002  churn=0.018
    [H1_legs]  200/1200 loss=0.001757  chamfer=0.00139  edge=0.00616  lap=0.00152  sym=0.00002  limit=0.00000  mid=0.00002  churn=0.007
    [H1_legs]  300/1200 loss=0.001680  chamfer=0.00134  edge=0.00561  lap=0.00152  sym=0.00002  limit=0.00000  mid=0.00002  churn=0.006
    [H1_legs]  400/1200 loss=0.001693  chamfer=0.00137  edge=0.00533  lap=0.00153  sym=0.00002  limit=0.00000  mid=0.00002  churn=0.005
    [H1_legs]  500/1200 loss=0.001632  chamfer=0.00132  edge=0.00509  lap=0.00153  sym=0.00002  limit=0.00000  mid=0.00002  churn=0.005
    [H1_legs]  600/1200 loss=0.001652  chamfer=0.00135  edge=0.00491  lap=0.00153  sym=0.00002  limit=0.00000  mid=0.00002  churn=0.004
    [H1_legs]  700/1200 loss=0.001650  chamfer=0.00135  edge=0.00489  lap=0.00153  sym=0.00002  limit=0.00000  mid=0.00002  churn=0.004
    [H1_legs]  800/1200 loss=0.001628  chamfer=0.00132  edge=0.00496  lap=0.00153  sym=0.00002  limit=0.00000  mid=0.00002  churn=0.003
    [H1_legs]  900/1200 loss=0.001616  chamfer=0.00132  edge=0.00484  lap=0.00153  sym=0.00002  limit=0.00000  mid=0.00002  churn=0.003
    [H1_legs] 1000/1200 loss=0.001616  chamfer=0.00132  edge=0.00485  lap=0.00153  sym=0.00002  limit=0.00000  mid=0.00002  churn=0.004
    [H1_legs] 1100/1200 loss=0.001610  chamfer=0.00131  edge=0.00484  lap=0.00153  sym=0.00002  limit=0.00000  mid=0.00002  churn=0.003
    [H1_legs] 1199/1200 loss=0.001601  chamfer=0.00130  edge=0.00486  lap=0.00153  sym=0.00002  limit=0.00000  mid=0.00002  churn=0.002
    [H1_legs] partition churn: first 0.039 last 0.002 mean 0.007   (falling churn => the data term is settling)
    [H2_joint]    0/900 loss=0.001625  chamfer=0.00132  edge=0.00486  lap=0.00153  sym=0.00002  limit=0.00000  mid=0.00002
    [H2_joint]  100/900 loss=0.001572  chamfer=0.00135  edge=0.00405  lap=0.00151  sym=0.00001  limit=0.00000  mid=0.00000  churn=0.006
    [H2_joint]  200/900 loss=0.001554  chamfer=0.00133  edge=0.00400  lap=0.00151  sym=0.00001  limit=0.00000  mid=0.00000  churn=0.004
    [H2_joint]  300/900 loss=0.001562  chamfer=0.00134  edge=0.00402  lap=0.00151  sym=0.00001  limit=0.00000  mid=0.00000  churn=0.004
    [H2_joint]  400/900 loss=0.001549  chamfer=0.00133  edge=0.00407  lap=0.00151  sym=0.00001  limit=0.00000  mid=0.00000  churn=0.004
    [H2_joint]  500/900 loss=0.001562  chamfer=0.00134  edge=0.00405  lap=0.00151  sym=0.00001  limit=0.00000  mid=0.00000  churn=0.003
    [H2_joint]  600/900 loss=0.001548  chamfer=0.00133  edge=0.00396  lap=0.00151  sym=0.00001  limit=0.00000  mid=0.00000  churn=0.004
    [H2_joint]  700/900 loss=0.001562  chamfer=0.00134  edge=0.00400  lap=0.00151  sym=0.00001  limit=0.00000  mid=0.00000  churn=0.003
    [H2_joint]  800/900 loss=0.001534  chamfer=0.00131  edge=0.00405  lap=0.00151  sym=0.00001  limit=0.00000  mid=0.00000  churn=0.002
    [H2_joint]  899/900 loss=0.001548  chamfer=0.00133  edge=0.00401  lap=0.00151  sym=0.00001  limit=0.00000  mid=0.00000  churn=0.002
    [H2_joint] partition churn: first 0.007 last 0.002 mean 0.004   (falling churn => the data term is settling)
    [H3_deform]    0/600 loss=0.001550  chamfer=0.00133  edge=0.00401  lap=0.00151  sym=0.00001  mid=0.00000  off=0.00000
    [H3_deform]  100/600 loss=0.001311  chamfer=0.00108  edge=0.00260  lap=0.00167  sym=0.00002  mid=0.00000  off=0.00000  churn=0.010
    [H3_deform]  200/600 loss=0.001267  chamfer=0.00102  edge=0.00281  lap=0.00169  sym=0.00002  mid=0.00000  off=0.00000  churn=0.005
    [H3_deform]  300/600 loss=0.001265  chamfer=0.00102  edge=0.00284  lap=0.00169  sym=0.00002  mid=0.00000  off=0.00000  churn=0.004
    [H3_deform]  400/600 loss=0.001264  chamfer=0.00102  edge=0.00286  lap=0.00170  sym=0.00002  mid=0.00000  off=0.00000  churn=0.004
    [H3_deform]  500/600 loss=0.001274  chamfer=0.00103  edge=0.00282  lap=0.00170  sym=0.00002  mid=0.00000  off=0.00000  churn=0.004
    [H3_deform]  599/600 loss=0.001251  chamfer=0.00100  edge=0.00286  lap=0.00170  sym=0.00002  mid=0.00000  off=0.00000  churn=0.004
    [H3_deform] partition churn: first 0.010 last 0.004 mean 0.005   (falling churn => the data term is settling)
[hier] done
=== moonshot handoff, yaml=D1_low.yaml (full budget) ===
[moonshot] 12 meshes from /rwthfs/rz/cluster/home/nao48500/SMILify/diagnostics/moonshot/synth_clean_pose20
12 target meshes loaded.
[moonshot] initialised pose/shape from diagnostics/registration_failure/runs/hier_SYN_clean_pose20_w5/H2_joint.npz
[moonshot] running 2 stages
    [Stage_2_deform_coarse] it    0/1000  loss=0.002767   chamfer=0.00229  edge=0.00021  normal=0.05636  laplacian=0.00151  offset=0.00000  sym=0.00001  mid=0.00000  limit=0.00000
    [Stage_2_deform_coarse] it   50/1000  loss=0.001516   chamfer=0.00071  edge=0.00024  normal=0.06195  laplacian=0.00267  offset=0.00005  sym=0.00002  mid=0.00000  limit=0.00021
    [Stage_2_deform_coarse] it  100/1000  loss=0.001391   chamfer=0.00061  edge=0.00025  normal=0.06160  laplacian=0.00267  offset=0.00005  sym=0.00002  mid=0.00000  limit=0.00014
    [Stage_2_deform_coarse] it  150/1000  loss=0.001349   chamfer=0.00057  edge=0.00026  normal=0.06376  laplacian=0.00274  offset=0.00004  sym=0.00001  mid=0.00000  limit=0.00008
    [Stage_2_deform_coarse] it  200/1000  loss=0.001316   chamfer=0.00053  edge=0.00026  normal=0.06516  laplacian=0.00280  offset=0.00004  sym=0.00001  mid=0.00000  limit=0.00005
    [Stage_2_deform_coarse] it  250/1000  loss=0.001311   chamfer=0.00052  edge=0.00027  normal=0.06752  laplacian=0.00287  offset=0.00004  sym=0.00001  mid=0.00000  limit=0.00005
    [Stage_2_deform_coarse] it  300/1000  loss=0.001311   chamfer=0.00051  edge=0.00027  normal=0.06949  laplacian=0.00294  offset=0.00004  sym=0.00001  mid=0.00000  limit=0.00003
    [Stage_2_deform_coarse] it  350/1000  loss=0.001305   chamfer=0.00050  edge=0.00027  normal=0.07025  laplacian=0.00297  offset=0.00004  sym=0.00001  mid=0.00000  limit=0.00002
    [Stage_2_deform_coarse] it  400/1000  loss=0.001290   chamfer=0.00048  edge=0.00028  normal=0.07011  laplacian=0.00297  offset=0.00004  sym=0.00001  mid=0.00000  limit=0.00002
    [Stage_2_deform_coarse] it  450/1000  loss=0.001289   chamfer=0.00048  edge=0.00028  normal=0.07084  laplacian=0.00299  offset=0.00004  sym=0.00001  mid=0.00000  limit=0.00001
    [Stage_2_deform_coarse] it  500/1000  loss=0.001280   chamfer=0.00047  edge=0.00028  normal=0.07086  laplacian=0.00300  offset=0.00004  sym=0.00001  mid=0.00000  limit=0.00001
    [Stage_2_deform_coarse] it  550/1000  loss=0.001294   chamfer=0.00048  edge=0.00028  normal=0.07157  laplacian=0.00303  offset=0.00004  sym=0.00001  mid=0.00000  limit=0.00001
    [Stage_2_deform_coarse] it  600/1000  loss=0.001262   chamfer=0.00046  edge=0.00028  normal=0.06984  laplacian=0.00300  offset=0.00004  sym=0.00001  mid=0.00000  limit=0.00000
    [Stage_2_deform_coarse] it  650/1000  loss=0.001260   chamfer=0.00046  edge=0.00028  normal=0.07038  laplacian=0.00303  offset=0.00004  sym=0.00001  mid=0.00000  limit=0.00000
    [Stage_2_deform_coarse] it  700/1000  loss=0.001261   chamfer=0.00046  edge=0.00028  normal=0.07062  laplacian=0.00303  offset=0.00004  sym=0.00001  mid=0.00000  limit=0.00000
    [Stage_2_deform_coarse] it  750/1000  loss=0.001276   chamfer=0.00045  edge=0.00029  normal=0.07268  laplacian=0.00308  offset=0.00004  sym=0.00001  mid=0.00000  limit=0.00000
    [Stage_2_deform_coarse] it  800/1000  loss=0.001256   chamfer=0.00044  edge=0.00029  normal=0.07169  laplacian=0.00307  offset=0.00004  sym=0.00001  mid=0.00000  limit=0.00000
    [Stage_2_deform_coarse] it  850/1000  loss=0.001266   chamfer=0.00045  edge=0.00029  normal=0.07253  laplacian=0.00308  offset=0.00004  sym=0.00001  mid=0.00000  limit=0.00000
    [Stage_2_deform_coarse] it  900/1000  loss=0.001259   chamfer=0.00044  edge=0.00029  normal=0.07249  laplacian=0.00307  offset=0.00004  sym=0.00001  mid=0.00000  limit=0.00000
    [Stage_2_deform_coarse] it  950/1000  loss=0.001258   chamfer=0.00044  edge=0.00029  normal=0.07208  laplacian=0.00307  offset=0.00004  sym=0.00001  mid=0.00000  limit=0.00000
    [Stage_2_deform_coarse] it  999/1000  loss=0.001253   chamfer=0.00043  edge=0.00029  normal=0.07305  laplacian=0.00308  offset=0.00004  sym=0.00001  mid=0.00000  limit=0.00000
    [Stage_3_deform_fine] it    0/1000  loss=0.000506   chamfer=0.00043  edge=0.00029  normal=0.07291  laplacian=0.00308  offset=0.00004  sym=0.00001  mid=0.00000  limit=0.00000
    [Stage_3_deform_fine] it   50/1000  loss=0.000443   chamfer=0.00041  edge=0.00029  normal=0.05431  laplacian=0.00291  offset=0.00003  sym=0.00000  mid=0.00000  limit=0.00000
    [Stage_3_deform_fine] it  100/1000  loss=0.000435   chamfer=0.00040  edge=0.00029  normal=0.05297  laplacian=0.00291  offset=0.00003  sym=0.00000  mid=0.00000  limit=0.00000
    [Stage_3_deform_fine] it  150/1000  loss=0.000435   chamfer=0.00040  edge=0.00029  normal=0.05282  laplacian=0.00293  offset=0.00003  sym=0.00000  mid=0.00000  limit=0.00000
    [Stage_3_deform_fine] it  200/1000  loss=0.000438   chamfer=0.00040  edge=0.00030  normal=0.05294  laplacian=0.00295  offset=0.00003  sym=0.00000  mid=0.00000  limit=0.00000
    [Stage_3_deform_fine] it  250/1000  loss=0.000436   chamfer=0.00040  edge=0.00030  normal=0.05309  laplacian=0.00296  offset=0.00003  sym=0.00000  mid=0.00000  limit=0.00000
    [Stage_3_deform_fine] it  300/1000  loss=0.000438   chamfer=0.00040  edge=0.00030  normal=0.05311  laplacian=0.00297  offset=0.00003  sym=0.00000  mid=0.00000  limit=0.00000
    [Stage_3_deform_fine] it  350/1000  loss=0.000435   chamfer=0.00040  edge=0.00030  normal=0.05309  laplacian=0.00298  offset=0.00003  sym=0.00000  mid=0.00000  limit=0.00000
    [Stage_3_deform_fine] it  400/1000  loss=0.000438   chamfer=0.00040  edge=0.00030  normal=0.05332  laplacian=0.00299  offset=0.00003  sym=0.00000  mid=0.00000  limit=0.00000
    [Stage_3_deform_fine] it  450/1000  loss=0.000438   chamfer=0.00040  edge=0.00030  normal=0.05320  laplacian=0.00299  offset=0.00003  sym=0.00000  mid=0.00000  limit=0.00000
    [Stage_3_deform_fine] it  500/1000  loss=0.000432   chamfer=0.00039  edge=0.00030  normal=0.05327  laplacian=0.00300  offset=0.00003  sym=0.00000  mid=0.00000  limit=0.00000
    [Stage_3_deform_fine] it  550/1000  loss=0.000437   chamfer=0.00040  edge=0.00030  normal=0.05320  laplacian=0.00300  offset=0.00003  sym=0.00000  mid=0.00000  limit=0.00000
    [Stage_3_deform_fine] it  600/1000  loss=0.000435   chamfer=0.00040  edge=0.00030  normal=0.05315  laplacian=0.00301  offset=0.00003  sym=0.00000  mid=0.00000  limit=0.00000
    [Stage_3_deform_fine] it  650/1000  loss=0.000431   chamfer=0.00039  edge=0.00030  normal=0.05349  laplacian=0.00302  offset=0.00003  sym=0.00000  mid=0.00000  limit=0.00000
    [Stage_3_deform_fine] it  700/1000  loss=0.000433   chamfer=0.00039  edge=0.00030  normal=0.05365  laplacian=0.00302  offset=0.00003  sym=0.00000  mid=0.00000  limit=0.00000
    [Stage_3_deform_fine] it  750/1000  loss=0.000431   chamfer=0.00039  edge=0.00030  normal=0.05370  laplacian=0.00303  offset=0.00003  sym=0.00000  mid=0.00000  limit=0.00000
    [Stage_3_deform_fine] it  800/1000  loss=0.000432   chamfer=0.00039  edge=0.00030  normal=0.05401  laplacian=0.00303  offset=0.00003  sym=0.00000  mid=0.00000  limit=0.00000
    [Stage_3_deform_fine] it  850/1000  loss=0.000432   chamfer=0.00039  edge=0.00030  normal=0.05396  laplacian=0.00303  offset=0.00003  sym=0.00000  mid=0.00000  limit=0.00000
    [Stage_3_deform_fine] it  900/1000  loss=0.000430   chamfer=0.00039  edge=0.00030  normal=0.05387  laplacian=0.00303  offset=0.00003  sym=0.00000  mid=0.00000  limit=0.00000
    [Stage_3_deform_fine] it  950/1000  loss=0.000432   chamfer=0.00039  edge=0.00030  normal=0.05381  laplacian=0.00304  offset=0.00003  sym=0.00000  mid=0.00000  limit=0.00000
    [Stage_3_deform_fine] it  999/1000  loss=0.000430   chamfer=0.00039  edge=0.00030  normal=0.05392  laplacian=0.00304  offset=0.00003  sym=0.00000  mid=0.00000  limit=0.00000
  eval 10/12
[moonshot] wrote diagnostics/moonshot/runs/SYN_clean_pose20_w5/metrics.csv

  ---- summary ----
    chamfer_l2                       0.000205
    fscore@0.01                      0.764098
    fscore@0.02                      0.959744
    hausdorff_95                     0.019128
    normal_consistency               0.841582
    edge_logratio_absmean            0.161311
    tri_quality_mean                 0.735397
    deform_mag_mean                  0.003573
    midline_dev_mean                 0.010859
    part_leg_distal_dist_mean        0.007131
    part_leg_dist_mean               0.007272
    part_body_dist_mean              0.008267
=== task 3 DONE ===
